2025-03-22 17:26:40,341 - Example.py - baiDuSerach - 67- INFO: 用例id：test001:接口名称：baiDuSerach;传递token：None;传递参数：python1;用例备注：测试示例断言成功
2025-03-22 17:26:40,461 - testExample.py - test_baiDuSerach_sheetOne - 86- INFO: test001:断言响应状态码;期望结果：200;实际结果：200
2025-03-22 17:26:40,548 - testExample.py - test_baiDuSerach_sheetOne - 91- INFO: test001:断言响应体字段值;期望结果:0;实际结果：0
2025-03-22 17:26:40,557 - testExample.py - test_baiDuSerach_sheetOne - 96- INFO: test001:断言响应时间;期望结果:200;实际结果：116
2025-03-22 17:26:40,570 - Example.py - baiDuSerach - 67- INFO: 用例id：test002:接口名称：baiDuSerach;传递token：None;传递参数：python2;用例备注：
2025-03-22 17:26:40,689 - testExample.py - test_baiDuSerach_sheetOne - 86- INFO: test002:断言响应状态码;期望结果：200;实际结果：200
2025-03-22 17:26:40,697 - testExample.py - test_baiDuSerach_sheetOne - 91- INFO: test002:断言响应体字段值;期望结果:1;实际结果：0
2025-03-22 17:26:40,704 - testExample.py - test_baiDuSerach_sheetOne - 96- INFO: test002:断言响应时间;期望结果:200;实际结果：115
2025-03-22 17:26:40,732 - Example.py - baiDuSerach - 67- INFO: 用例id：test003:接口名称：baiDuSerach;传递token：None;传递参数：python3;用例备注：测试示例断言失败
2025-03-22 17:26:40,861 - testExample.py - test_baiDuSerach_sheetOne - 86- INFO: test003:断言响应状态码;期望结果：200;实际结果：200
2025-03-22 17:26:40,868 - testExample.py - test_baiDuSerach_sheetOne - 91- INFO: test003:断言响应体字段值;期望结果:2;实际结果：0
2025-03-22 17:26:40,875 - testExample.py - test_baiDuSerach_sheetOne - 96- INFO: test003:断言响应时间;期望结果:200;实际结果：125
2025-03-22 17:26:40,902 - Example.py - baiDuSerach - 67- INFO: 用例id：test004:接口名称：baiDuSerach;传递token：None;传递参数：python4;用例备注：测试示例断言失败
2025-03-22 17:26:42,032 - testExample.py - test_baiDuSerach_sheetOne - 86- INFO: test004:断言响应状态码;期望结果：200;实际结果：200
2025-03-22 17:26:42,040 - testExample.py - test_baiDuSerach_sheetOne - 91- INFO: test004:断言响应体字段值;期望结果:3;实际结果：0
2025-03-22 17:26:42,048 - testExample.py - test_baiDuSerach_sheetOne - 96- INFO: test004:断言响应时间;期望结果:200;实际结果：126
2025-03-22 17:26:42,075 - Example.py - baiDuSerach - 67- INFO: 用例id：test005:接口名称：baiDuSerach;传递token：None;传递参数：python5;用例备注：测试示例断言失败
2025-03-22 17:26:42,199 - testExample.py - test_baiDuSerach_sheetOne - 86- INFO: test005:断言响应状态码;期望结果：200;实际结果：200
2025-03-22 17:26:42,207 - testExample.py - test_baiDuSerach_sheetOne - 91- INFO: test005:断言响应体字段值;期望结果:4;实际结果：0
2025-03-22 17:26:42,215 - testExample.py - test_baiDuSerach_sheetOne - 96- INFO: test005:断言响应时间;期望结果:200;实际结果：120
2025-03-22 17:26:42,241 - Example.py - baiDuSerach - 67- INFO: 用例id：test006:接口名称：baiDuSerach;传递token：None;传递参数：python6;用例备注：测试示例断言失败
2025-03-22 17:26:42,366 - testExample.py - test_baiDuSerach_sheetOne - 86- INFO: test006:断言响应状态码;期望结果：200;实际结果：200
2025-03-22 17:26:42,374 - testExample.py - test_baiDuSerach_sheetOne - 91- INFO: test006:断言响应体字段值;期望结果:5;实际结果：0
2025-03-22 17:26:42,382 - testExample.py - test_baiDuSerach_sheetOne - 96- INFO: test006:断言响应时间;期望结果:200;实际结果：121
2025-03-22 17:26:42,408 - Example.py - baiDuSerach - 67- INFO: 用例id：test007:接口名称：baiDuSerach;传递token：None;传递参数：python7;用例备注：测试示例断言失败
2025-03-22 17:26:42,533 - testExample.py - test_baiDuSerach_sheetOne - 86- INFO: test007:断言响应状态码;期望结果：200;实际结果：200
2025-03-22 17:26:42,541 - testExample.py - test_baiDuSerach_sheetOne - 91- INFO: test007:断言响应体字段值;期望结果:6;实际结果：0
2025-03-22 17:26:42,549 - testExample.py - test_baiDuSerach_sheetOne - 96- INFO: test007:断言响应时间;期望结果:200;实际结果：121
2025-03-22 17:26:42,575 - Example.py - baiDuSerach - 67- INFO: 用例id：test008:接口名称：baiDuSerach;传递token：None;传递参数：python8;用例备注：测试示例断言失败
2025-03-22 17:26:42,701 - testExample.py - test_baiDuSerach_sheetOne - 86- INFO: test008:断言响应状态码;期望结果：200;实际结果：200
2025-03-22 17:26:42,709 - testExample.py - test_baiDuSerach_sheetOne - 91- INFO: test008:断言响应体字段值;期望结果:7;实际结果：0
2025-03-22 17:26:42,717 - testExample.py - test_baiDuSerach_sheetOne - 96- INFO: test008:断言响应时间;期望结果:200;实际结果：122
2025-03-22 17:26:42,781 - Example.py - baiDuSerach - 67- INFO: 用例id：test009:接口名称：baiDuSerach;传递token：None;传递参数：python9;用例备注：测试示例断言失败
2025-03-22 17:26:42,904 - testExample.py - test_baiDuSerach_sheetOne - 86- INFO: test009:断言响应状态码;期望结果：200;实际结果：200
2025-03-22 17:26:42,911 - testExample.py - test_baiDuSerach_sheetOne - 91- INFO: test009:断言响应体字段值;期望结果:8;实际结果：0
2025-03-22 17:26:42,920 - testExample.py - test_baiDuSerach_sheetOne - 96- INFO: test009:断言响应时间;期望结果:200;实际结果：118
2025-03-22 17:26:42,947 - Example.py - baiDuSerach - 67- INFO: 用例id：test010:接口名称：baiDuSerach;传递token：None;传递参数：python10;用例备注：测试示例断言失败
2025-03-22 17:26:43,070 - testExample.py - test_baiDuSerach_sheetOne - 86- INFO: test010:断言响应状态码;期望结果：200;实际结果：200
2025-03-22 17:26:43,077 - testExample.py - test_baiDuSerach_sheetOne - 91- INFO: test010:断言响应体字段值;期望结果:9;实际结果：0
2025-03-22 17:26:43,085 - testExample.py - test_baiDuSerach_sheetOne - 96- INFO: test010:断言响应时间;期望结果:200;实际结果：118
2025-03-22 17:26:43,115 - Example.py - baiDuSerach - 67- INFO: 用例id：test011:接口名称：baiDuSerach;传递token：None;传递参数：python11;用例备注：测试示例断言失败
2025-03-22 17:26:43,237 - testExample.py - test_baiDuSerach_sheetOne - 86- INFO: test011:断言响应状态码;期望结果：200;实际结果：200
2025-03-22 17:26:43,245 - testExample.py - test_baiDuSerach_sheetOne - 91- INFO: test011:断言响应体字段值;期望结果:10;实际结果：0
2025-03-22 17:26:43,252 - testExample.py - test_baiDuSerach_sheetOne - 96- INFO: test011:断言响应时间;期望结果:200;实际结果：119
2025-03-22 17:26:43,282 - Example.py - baiDuSerach - 67- INFO: 用例id：test012:接口名称：baiDuSerach;传递token：None;传递参数：python12;用例备注：测试示例断言失败
2025-03-22 17:26:43,401 - testExample.py - test_baiDuSerach_sheetOne - 86- INFO: test012:断言响应状态码;期望结果：200;实际结果：200
2025-03-22 17:26:43,408 - testExample.py - test_baiDuSerach_sheetOne - 91- INFO: test012:断言响应体字段值;期望结果:11;实际结果：0
2025-03-22 17:26:43,416 - testExample.py - test_baiDuSerach_sheetOne - 96- INFO: test012:断言响应时间;期望结果:200;实际结果：114
2025-03-22 17:26:43,444 - Example.py - baiDuSerach - 67- INFO: 用例id：test013:接口名称：baiDuSerach;传递token：None;传递参数：python13;用例备注：测试示例断言失败
2025-03-22 17:26:43,572 - testExample.py - test_baiDuSerach_sheetOne - 86- INFO: test013:断言响应状态码;期望结果：200;实际结果：200
2025-03-22 17:26:43,579 - testExample.py - test_baiDuSerach_sheetOne - 91- INFO: test013:断言响应体字段值;期望结果:12;实际结果：0
2025-03-22 17:26:43,587 - testExample.py - test_baiDuSerach_sheetOne - 96- INFO: test013:断言响应时间;期望结果:200;实际结果：124
2025-03-22 17:26:43,615 - Example.py - baiDuSerach - 67- INFO: 用例id：test014:接口名称：baiDuSerach;传递token：None;传递参数：python14;用例备注：测试示例断言失败
2025-03-22 17:26:43,746 - testExample.py - test_baiDuSerach_sheetOne - 86- INFO: test014:断言响应状态码;期望结果：200;实际结果：200
2025-03-22 17:26:43,754 - testExample.py - test_baiDuSerach_sheetOne - 91- INFO: test014:断言响应体字段值;期望结果:13;实际结果：0
2025-03-22 17:26:43,761 - testExample.py - test_baiDuSerach_sheetOne - 96- INFO: test014:断言响应时间;期望结果:200;实际结果：127
2025-03-22 17:26:43,789 - Example.py - baiDuSerach - 67- INFO: 用例id：test015:接口名称：baiDuSerach;传递token：None;传递参数：python15;用例备注：测试示例断言失败
2025-03-22 17:26:43,913 - testExample.py - test_baiDuSerach_sheetOne - 86- INFO: test015:断言响应状态码;期望结果：200;实际结果：200
2025-03-22 17:26:43,921 - testExample.py - test_baiDuSerach_sheetOne - 91- INFO: test015:断言响应体字段值;期望结果:14;实际结果：0
2025-03-22 17:26:43,930 - testExample.py - test_baiDuSerach_sheetOne - 96- INFO: test015:断言响应时间;期望结果:200;实际结果：121
2025-03-22 17:26:43,957 - Example.py - baiDuSerach - 67- INFO: 用例id：test016:接口名称：baiDuSerach;传递token：None;传递参数：python16;用例备注：测试示例断言失败
2025-03-22 17:26:44,079 - testExample.py - test_baiDuSerach_sheetOne - 86- INFO: test016:断言响应状态码;期望结果：200;实际结果：200
2025-03-22 17:26:44,086 - testExample.py - test_baiDuSerach_sheetOne - 91- INFO: test016:断言响应体字段值;期望结果:15;实际结果：0
2025-03-22 17:26:44,095 - testExample.py - test_baiDuSerach_sheetOne - 96- INFO: test016:断言响应时间;期望结果:200;实际结果：118
2025-03-22 17:26:44,121 - Example.py - baiDuSerach - 67- INFO: 用例id：test017:接口名称：baiDuSerach;传递token：None;传递参数：python17;用例备注：测试示例断言失败
2025-03-22 17:26:44,243 - testExample.py - test_baiDuSerach_sheetOne - 86- INFO: test017:断言响应状态码;期望结果：200;实际结果：200
2025-03-22 17:26:44,250 - testExample.py - test_baiDuSerach_sheetOne - 91- INFO: test017:断言响应体字段值;期望结果:16;实际结果：0
2025-03-22 17:26:44,257 - testExample.py - test_baiDuSerach_sheetOne - 96- INFO: test017:断言响应时间;期望结果:200;实际结果：117
2025-03-22 17:26:44,286 - Example.py - baiDuSerach - 67- INFO: 用例id：test018:接口名称：baiDuSerach;传递token：None;传递参数：python18;用例备注：测试示例断言失败
2025-03-22 17:26:44,408 - testExample.py - test_baiDuSerach_sheetOne - 86- INFO: test018:断言响应状态码;期望结果：200;实际结果：200
2025-03-22 17:26:44,416 - testExample.py - test_baiDuSerach_sheetOne - 91- INFO: test018:断言响应体字段值;期望结果:17;实际结果：0
2025-03-22 17:26:44,424 - testExample.py - test_baiDuSerach_sheetOne - 96- INFO: test018:断言响应时间;期望结果:200;实际结果：119
2025-03-22 17:26:44,452 - Example.py - baiDuSerach - 67- INFO: 用例id：test019:接口名称：baiDuSerach;传递token：None;传递参数：python19;用例备注：测试示例断言失败
2025-03-22 17:26:44,574 - testExample.py - test_baiDuSerach_sheetOne - 86- INFO: test019:断言响应状态码;期望结果：200;实际结果：200
2025-03-22 17:26:44,582 - testExample.py - test_baiDuSerach_sheetOne - 91- INFO: test019:断言响应体字段值;期望结果:18;实际结果：0
2025-03-22 17:26:44,590 - testExample.py - test_baiDuSerach_sheetOne - 96- INFO: test019:断言响应时间;期望结果:200;实际结果：117
2025-03-22 17:26:44,617 - Example.py - baiDuSerach - 67- INFO: 用例id：test020:接口名称：baiDuSerach;传递token：None;传递参数：python20;用例备注：测试示例断言失败
2025-03-22 17:26:44,746 - testExample.py - test_baiDuSerach_sheetOne - 86- INFO: test020:断言响应状态码;期望结果：200;实际结果：200
2025-03-22 17:26:44,754 - testExample.py - test_baiDuSerach_sheetOne - 91- INFO: test020:断言响应体字段值;期望结果:19;实际结果：0
2025-03-22 17:26:44,761 - testExample.py - test_baiDuSerach_sheetOne - 96- INFO: test020:断言响应时间;期望结果:200;实际结果：125
2025-03-22 17:26:44,827 - Example.py - baiDuSerach - 67- INFO: 用例id：test021:接口名称：baiDuSerach;传递token：None;传递参数：python21;用例备注：测试示例断言失败
2025-03-22 17:26:44,955 - testExample.py - test_baiDuSerach_sheetOne - 86- INFO: test021:断言响应状态码;期望结果：200;实际结果：200
2025-03-22 17:26:44,963 - testExample.py - test_baiDuSerach_sheetOne - 91- INFO: test021:断言响应体字段值;期望结果:20;实际结果：0
2025-03-22 17:26:44,971 - testExample.py - test_baiDuSerach_sheetOne - 96- INFO: test021:断言响应时间;期望结果:200;实际结果：125
2025-03-22 17:26:44,999 - Example.py - baiDuSerach - 67- INFO: 用例id：test022:接口名称：baiDuSerach;传递token：None;传递参数：python22;用例备注：测试示例断言失败
2025-03-22 17:26:45,125 - testExample.py - test_baiDuSerach_sheetOne - 86- INFO: test022:断言响应状态码;期望结果：200;实际结果：200
2025-03-22 17:26:45,132 - testExample.py - test_baiDuSerach_sheetOne - 91- INFO: test022:断言响应体字段值;期望结果:21;实际结果：0
2025-03-22 17:26:45,139 - testExample.py - test_baiDuSerach_sheetOne - 96- INFO: test022:断言响应时间;期望结果:200;实际结果：122
2025-03-22 17:26:45,168 - Example.py - baiDuSerach - 67- INFO: 用例id：test023:接口名称：baiDuSerach;传递token：None;传递参数：python23;用例备注：测试示例断言失败
2025-03-22 17:26:45,287 - testExample.py - test_baiDuSerach_sheetOne - 86- INFO: test023:断言响应状态码;期望结果：200;实际结果：200
2025-03-22 17:26:45,295 - testExample.py - test_baiDuSerach_sheetOne - 91- INFO: test023:断言响应体字段值;期望结果:22;实际结果：0
2025-03-22 17:26:45,302 - testExample.py - test_baiDuSerach_sheetOne - 96- INFO: test023:断言响应时间;期望结果:200;实际结果：116
2025-03-22 17:26:45,332 - Example.py - baiDuSerach - 67- INFO: 用例id：test024:接口名称：baiDuSerach;传递token：None;传递参数：python24;用例备注：测试示例断言失败
2025-03-22 17:26:45,456 - testExample.py - test_baiDuSerach_sheetOne - 86- INFO: test024:断言响应状态码;期望结果：200;实际结果：200
2025-03-22 17:26:45,465 - testExample.py - test_baiDuSerach_sheetOne - 91- INFO: test024:断言响应体字段值;期望结果:23;实际结果：0
2025-03-22 17:26:45,474 - testExample.py - test_baiDuSerach_sheetOne - 96- INFO: test024:断言响应时间;期望结果:200;实际结果：119
2025-03-22 17:26:45,505 - Example.py - baiDuSerach - 67- INFO: 用例id：test025:接口名称：baiDuSerach;传递token：None;传递参数：python25;用例备注：测试示例断言失败
2025-03-22 17:26:45,629 - testExample.py - test_baiDuSerach_sheetOne - 86- INFO: test025:断言响应状态码;期望结果：200;实际结果：200
2025-03-22 17:26:45,637 - testExample.py - test_baiDuSerach_sheetOne - 91- INFO: test025:断言响应体字段值;期望结果:24;实际结果：0
2025-03-22 17:26:45,645 - testExample.py - test_baiDuSerach_sheetOne - 96- INFO: test025:断言响应时间;期望结果:200;实际结果：122
2025-03-22 17:26:45,672 - Example.py - baiDuSerach - 67- INFO: 用例id：test026:接口名称：baiDuSerach;传递token：None;传递参数：python26;用例备注：测试示例断言失败
2025-03-22 17:26:45,795 - testExample.py - test_baiDuSerach_sheetOne - 86- INFO: test026:断言响应状态码;期望结果：200;实际结果：200
2025-03-22 17:26:45,803 - testExample.py - test_baiDuSerach_sheetOne - 91- INFO: test026:断言响应体字段值;期望结果:25;实际结果：0
2025-03-22 17:26:45,811 - testExample.py - test_baiDuSerach_sheetOne - 96- INFO: test026:断言响应时间;期望结果:200;实际结果：119
2025-03-22 17:26:45,838 - Example.py - baiDuSerach - 67- INFO: 用例id：test027:接口名称：baiDuSerach;传递token：None;传递参数：python27;用例备注：测试示例断言失败
2025-03-22 17:26:45,959 - testExample.py - test_baiDuSerach_sheetOne - 86- INFO: test027:断言响应状态码;期望结果：200;实际结果：200
2025-03-22 17:26:45,967 - testExample.py - test_baiDuSerach_sheetOne - 91- INFO: test027:断言响应体字段值;期望结果:26;实际结果：0
2025-03-22 17:26:45,975 - testExample.py - test_baiDuSerach_sheetOne - 96- INFO: test027:断言响应时间;期望结果:200;实际结果：117
2025-03-22 17:26:46,002 - Example.py - baiDuSerach - 67- INFO: 用例id：test028:接口名称：baiDuSerach;传递token：None;传递参数：python28;用例备注：测试示例断言失败
2025-03-22 17:26:46,121 - testExample.py - test_baiDuSerach_sheetOne - 86- INFO: test028:断言响应状态码;期望结果：200;实际结果：200
2025-03-22 17:26:46,130 - testExample.py - test_baiDuSerach_sheetOne - 91- INFO: test028:断言响应体字段值;期望结果:27;实际结果：0
2025-03-22 17:26:46,136 - testExample.py - test_baiDuSerach_sheetOne - 96- INFO: test028:断言响应时间;期望结果:200;实际结果：116
2025-03-22 17:26:46,164 - Example.py - baiDuSerach - 67- INFO: 用例id：test029:接口名称：baiDuSerach;传递token：None;传递参数：python29;用例备注：测试示例断言失败
2025-03-22 17:26:46,288 - testExample.py - test_baiDuSerach_sheetOne - 86- INFO: test029:断言响应状态码;期望结果：200;实际结果：200
2025-03-22 17:26:46,296 - testExample.py - test_baiDuSerach_sheetOne - 91- INFO: test029:断言响应体字段值;期望结果:28;实际结果：0
2025-03-22 17:26:46,303 - testExample.py - test_baiDuSerach_sheetOne - 96- INFO: test029:断言响应时间;期望结果:200;实际结果：120
2025-03-22 17:26:46,331 - Example.py - baiDuSerach - 67- INFO: 用例id：test030:接口名称：baiDuSerach;传递token：None;传递参数：python30;用例备注：测试示例断言失败
2025-03-22 17:26:46,452 - testExample.py - test_baiDuSerach_sheetOne - 86- INFO: test030:断言响应状态码;期望结果：200;实际结果：200
2025-03-22 17:26:46,460 - testExample.py - test_baiDuSerach_sheetOne - 91- INFO: test030:断言响应体字段值;期望结果:29;实际结果：0
2025-03-22 17:26:46,467 - testExample.py - test_baiDuSerach_sheetOne - 96- INFO: test030:断言响应时间;期望结果:200;实际结果：117
2025-03-22 17:26:46,496 - Example.py - baiDuSerach - 67- INFO: 用例id：test031:接口名称：baiDuSerach;传递token：None;传递参数：python31;用例备注：测试示例断言失败
2025-03-22 17:26:46,623 - testExample.py - test_baiDuSerach_sheetOne - 86- INFO: test031:断言响应状态码;期望结果：200;实际结果：200
2025-03-22 17:26:46,630 - testExample.py - test_baiDuSerach_sheetOne - 91- INFO: test031:断言响应体字段值;期望结果:30;实际结果：0
2025-03-22 17:26:46,638 - testExample.py - test_baiDuSerach_sheetOne - 96- INFO: test031:断言响应时间;期望结果:200;实际结果：123
2025-03-22 17:26:46,666 - Example.py - baiDuSerach - 67- INFO: 用例id：test032:接口名称：baiDuSerach;传递token：None;传递参数：python32;用例备注：测试示例断言失败
2025-03-22 17:26:46,790 - testExample.py - test_baiDuSerach_sheetOne - 86- INFO: test032:断言响应状态码;期望结果：200;实际结果：200
2025-03-22 17:26:46,797 - testExample.py - test_baiDuSerach_sheetOne - 91- INFO: test032:断言响应体字段值;期望结果:31;实际结果：0
2025-03-22 17:26:46,805 - testExample.py - test_baiDuSerach_sheetOne - 96- INFO: test032:断言响应时间;期望结果:200;实际结果：121
2025-03-22 17:26:46,871 - Example.py - baiDuSerach - 67- INFO: 用例id：test033:接口名称：baiDuSerach;传递token：None;传递参数：python33;用例备注：测试示例断言失败
2025-03-22 17:26:46,996 - testExample.py - test_baiDuSerach_sheetOne - 86- INFO: test033:断言响应状态码;期望结果：200;实际结果：200
2025-03-22 17:26:47,003 - testExample.py - test_baiDuSerach_sheetOne - 91- INFO: test033:断言响应体字段值;期望结果:32;实际结果：0
2025-03-22 17:26:47,012 - testExample.py - test_baiDuSerach_sheetOne - 96- INFO: test033:断言响应时间;期望结果:200;实际结果：121
2025-03-22 17:26:47,039 - Example.py - baiDuSerach - 67- INFO: 用例id：test034:接口名称：baiDuSerach;传递token：None;传递参数：python34;用例备注：测试示例断言失败
2025-03-22 17:26:47,167 - testExample.py - test_baiDuSerach_sheetOne - 86- INFO: test034:断言响应状态码;期望结果：200;实际结果：200
2025-03-22 17:26:47,175 - testExample.py - test_baiDuSerach_sheetOne - 91- INFO: test034:断言响应体字段值;期望结果:33;实际结果：0
2025-03-22 17:26:47,183 - testExample.py - test_baiDuSerach_sheetOne - 96- INFO: test034:断言响应时间;期望结果:200;实际结果：123
2025-03-22 17:26:47,210 - Example.py - baiDuSerach - 67- INFO: 用例id：test035:接口名称：baiDuSerach;传递token：None;传递参数：python35;用例备注：测试示例断言失败
2025-03-22 17:26:47,348 - testExample.py - test_baiDuSerach_sheetOne - 86- INFO: test035:断言响应状态码;期望结果：200;实际结果：200
2025-03-22 17:26:47,355 - testExample.py - test_baiDuSerach_sheetOne - 91- INFO: test035:断言响应体字段值;期望结果:34;实际结果：0
2025-03-22 17:26:47,363 - testExample.py - test_baiDuSerach_sheetOne - 96- INFO: test035:断言响应时间;期望结果:200;实际结果：133
2025-03-22 17:26:47,390 - Example.py - baiDuSerach - 67- INFO: 用例id：test036:接口名称：baiDuSerach;传递token：None;传递参数：python36;用例备注：测试示例断言失败
2025-03-22 17:26:47,514 - testExample.py - test_baiDuSerach_sheetOne - 86- INFO: test036:断言响应状态码;期望结果：200;实际结果：200
2025-03-22 17:26:47,522 - testExample.py - test_baiDuSerach_sheetOne - 91- INFO: test036:断言响应体字段值;期望结果:35;实际结果：0
2025-03-22 17:26:47,530 - testExample.py - test_baiDuSerach_sheetOne - 96- INFO: test036:断言响应时间;期望结果:200;实际结果：121
2025-03-22 17:26:47,558 - Example.py - baiDuSerach - 67- INFO: 用例id：test037:接口名称：baiDuSerach;传递token：None;传递参数：python37;用例备注：测试示例断言失败
2025-03-22 17:26:47,674 - testExample.py - test_baiDuSerach_sheetOne - 86- INFO: test037:断言响应状态码;期望结果：200;实际结果：200
2025-03-22 17:26:47,682 - testExample.py - test_baiDuSerach_sheetOne - 91- INFO: test037:断言响应体字段值;期望结果:36;实际结果：0
2025-03-22 17:26:47,689 - testExample.py - test_baiDuSerach_sheetOne - 96- INFO: test037:断言响应时间;期望结果:200;实际结果：113
2025-03-22 17:26:47,717 - Example.py - baiDuSerach - 67- INFO: 用例id：test038:接口名称：baiDuSerach;传递token：None;传递参数：python38;用例备注：测试示例断言失败
2025-03-22 17:26:47,847 - testExample.py - test_baiDuSerach_sheetOne - 86- INFO: test038:断言响应状态码;期望结果：200;实际结果：200
2025-03-22 17:26:47,854 - testExample.py - test_baiDuSerach_sheetOne - 91- INFO: test038:断言响应体字段值;期望结果:37;实际结果：0
2025-03-22 17:26:47,862 - testExample.py - test_baiDuSerach_sheetOne - 96- INFO: test038:断言响应时间;期望结果:200;实际结果：126
2025-03-22 17:26:47,891 - Example.py - baiDuSerach - 67- INFO: 用例id：test039:接口名称：baiDuSerach;传递token：None;传递参数：python39;用例备注：测试示例断言失败
2025-03-22 17:26:48,020 - testExample.py - test_baiDuSerach_sheetOne - 86- INFO: test039:断言响应状态码;期望结果：200;实际结果：200
2025-03-22 17:26:48,027 - testExample.py - test_baiDuSerach_sheetOne - 91- INFO: test039:断言响应体字段值;期望结果:38;实际结果：0
2025-03-22 17:26:48,034 - testExample.py - test_baiDuSerach_sheetOne - 96- INFO: test039:断言响应时间;期望结果:200;实际结果：126
2025-03-22 17:26:48,062 - Example.py - baiDuSerach - 67- INFO: 用例id：test040:接口名称：baiDuSerach;传递token：None;传递参数：python40;用例备注：测试示例断言失败
2025-03-22 17:26:48,187 - testExample.py - test_baiDuSerach_sheetOne - 86- INFO: test040:断言响应状态码;期望结果：200;实际结果：200
2025-03-22 17:26:48,195 - testExample.py - test_baiDuSerach_sheetOne - 91- INFO: test040:断言响应体字段值;期望结果:39;实际结果：0
2025-03-22 17:26:48,202 - testExample.py - test_baiDuSerach_sheetOne - 96- INFO: test040:断言响应时间;期望结果:200;实际结果：121
2025-03-22 17:26:48,233 - Example.py - baiDuSerach - 67- INFO: 用例id：test041:接口名称：baiDuSerach;传递token：None;传递参数：python41;用例备注：测试示例断言失败
2025-03-22 17:26:48,358 - testExample.py - test_baiDuSerach_sheetOne - 86- INFO: test041:断言响应状态码;期望结果：200;实际结果：200
2025-03-22 17:26:48,365 - testExample.py - test_baiDuSerach_sheetOne - 91- INFO: test041:断言响应体字段值;期望结果:40;实际结果：0
2025-03-22 17:26:48,373 - testExample.py - test_baiDuSerach_sheetOne - 96- INFO: test041:断言响应时间;期望结果:200;实际结果：122
2025-03-22 17:26:48,401 - Example.py - baiDuSerach - 67- INFO: 用例id：test042:接口名称：baiDuSerach;传递token：None;传递参数：python42;用例备注：测试示例断言失败
2025-03-22 17:26:48,537 - testExample.py - test_baiDuSerach_sheetOne - 86- INFO: test042:断言响应状态码;期望结果：200;实际结果：200
2025-03-22 17:26:48,544 - testExample.py - test_baiDuSerach_sheetOne - 91- INFO: test042:断言响应体字段值;期望结果:41;实际结果：0
2025-03-22 17:26:48,552 - testExample.py - test_baiDuSerach_sheetOne - 96- INFO: test042:断言响应时间;期望结果:200;实际结果：131
2025-03-22 17:26:48,579 - Example.py - baiDuSerach - 67- INFO: 用例id：test043:接口名称：baiDuSerach;传递token：None;传递参数：python43;用例备注：测试示例断言失败
2025-03-22 17:26:48,707 - testExample.py - test_baiDuSerach_sheetOne - 86- INFO: test043:断言响应状态码;期望结果：200;实际结果：200
2025-03-22 17:26:48,716 - testExample.py - test_baiDuSerach_sheetOne - 91- INFO: test043:断言响应体字段值;期望结果:42;实际结果：0
2025-03-22 17:26:48,723 - testExample.py - test_baiDuSerach_sheetOne - 96- INFO: test043:断言响应时间;期望结果:200;实际结果：124
2025-03-22 17:26:48,751 - Example.py - baiDuSerach - 67- INFO: 用例id：test044:接口名称：baiDuSerach;传递token：None;传递参数：python44;用例备注：测试示例断言失败
2025-03-22 17:26:48,872 - testExample.py - test_baiDuSerach_sheetOne - 86- INFO: test044:断言响应状态码;期望结果：200;实际结果：200
2025-03-22 17:26:48,880 - testExample.py - test_baiDuSerach_sheetOne - 91- INFO: test044:断言响应体字段值;期望结果:43;实际结果：0
2025-03-22 17:26:48,887 - testExample.py - test_baiDuSerach_sheetOne - 96- INFO: test044:断言响应时间;期望结果:200;实际结果：118
2025-03-22 17:26:48,956 - Example.py - baiDuSerach - 67- INFO: 用例id：test045:接口名称：baiDuSerach;传递token：None;传递参数：python45;用例备注：测试示例断言失败
2025-03-22 17:26:49,082 - testExample.py - test_baiDuSerach_sheetOne - 86- INFO: test045:断言响应状态码;期望结果：200;实际结果：200
2025-03-22 17:26:49,089 - testExample.py - test_baiDuSerach_sheetOne - 91- INFO: test045:断言响应体字段值;期望结果:44;实际结果：0
2025-03-22 17:26:49,098 - testExample.py - test_baiDuSerach_sheetOne - 96- INFO: test045:断言响应时间;期望结果:200;实际结果：122
2025-03-22 17:26:49,126 - Example.py - baiDuSerach - 67- INFO: 用例id：test046:接口名称：baiDuSerach;传递token：None;传递参数：python46;用例备注：测试示例断言失败
2025-03-22 17:26:49,251 - testExample.py - test_baiDuSerach_sheetOne - 86- INFO: test046:断言响应状态码;期望结果：200;实际结果：200
2025-03-22 17:26:49,259 - testExample.py - test_baiDuSerach_sheetOne - 91- INFO: test046:断言响应体字段值;期望结果:45;实际结果：0
2025-03-22 17:26:49,267 - testExample.py - test_baiDuSerach_sheetOne - 96- INFO: test046:断言响应时间;期望结果:200;实际结果：122
2025-03-22 17:26:49,295 - Example.py - baiDuSerach - 67- INFO: 用例id：test047:接口名称：baiDuSerach;传递token：None;传递参数：python47;用例备注：测试示例断言失败
2025-03-22 17:26:49,423 - testExample.py - test_baiDuSerach_sheetOne - 86- INFO: test047:断言响应状态码;期望结果：200;实际结果：200
2025-03-22 17:26:49,430 - testExample.py - test_baiDuSerach_sheetOne - 91- INFO: test047:断言响应体字段值;期望结果:46;实际结果：0
2025-03-22 17:26:49,438 - testExample.py - test_baiDuSerach_sheetOne - 96- INFO: test047:断言响应时间;期望结果:200;实际结果：125
2025-03-22 17:26:49,466 - Example.py - baiDuSerach - 67- INFO: 用例id：test048:接口名称：baiDuSerach;传递token：None;传递参数：python48;用例备注：测试示例断言失败
2025-03-22 17:26:49,591 - testExample.py - test_baiDuSerach_sheetOne - 86- INFO: test048:断言响应状态码;期望结果：200;实际结果：200
2025-03-22 17:26:49,598 - testExample.py - test_baiDuSerach_sheetOne - 91- INFO: test048:断言响应体字段值;期望结果:47;实际结果：0
2025-03-22 17:26:49,605 - testExample.py - test_baiDuSerach_sheetOne - 96- INFO: test048:断言响应时间;期望结果:200;实际结果：121
2025-03-22 17:26:49,634 - Example.py - baiDuSerach - 67- INFO: 用例id：test049:接口名称：baiDuSerach;传递token：None;传递参数：python49;用例备注：测试示例断言失败
2025-03-22 17:26:49,756 - testExample.py - test_baiDuSerach_sheetOne - 86- INFO: test049:断言响应状态码;期望结果：200;实际结果：200
2025-03-22 17:26:49,765 - testExample.py - test_baiDuSerach_sheetOne - 91- INFO: test049:断言响应体字段值;期望结果:48;实际结果：0
2025-03-22 17:26:49,772 - testExample.py - test_baiDuSerach_sheetOne - 96- INFO: test049:断言响应时间;期望结果:200;实际结果：119
2025-03-22 17:26:49,811 - Example.py - baiDuSerach - 67- INFO: 用例id：test050:接口名称：baiDuSerach;传递token：None;传递参数：python50;用例备注：测试示例断言失败
2025-03-22 17:26:49,948 - testExample.py - test_baiDuSerach_sheetOne - 86- INFO: test050:断言响应状态码;期望结果：200;实际结果：200
2025-03-22 17:26:49,956 - testExample.py - test_baiDuSerach_sheetOne - 91- INFO: test050:断言响应体字段值;期望结果:49;实际结果：0
2025-03-22 17:26:49,965 - testExample.py - test_baiDuSerach_sheetOne - 96- INFO: test050:断言响应时间;期望结果:200;实际结果：131
2025-03-22 17:26:49,994 - Example.py - baiDuSerach - 67- INFO: 用例id：test051:接口名称：baiDuSerach;传递token：None;传递参数：python51;用例备注：测试示例断言失败
2025-03-22 17:26:50,121 - testExample.py - test_baiDuSerach_sheetOne - 86- INFO: test051:断言响应状态码;期望结果：200;实际结果：200
2025-03-22 17:26:50,129 - testExample.py - test_baiDuSerach_sheetOne - 91- INFO: test051:断言响应体字段值;期望结果:50;实际结果：0
2025-03-22 17:26:50,136 - testExample.py - test_baiDuSerach_sheetOne - 96- INFO: test051:断言响应时间;期望结果:200;实际结果：123
2025-03-22 17:26:50,164 - Example.py - baiDuSerach - 67- INFO: 用例id：test052:接口名称：baiDuSerach;传递token：None;传递参数：python52;用例备注：测试示例断言失败
2025-03-22 17:26:50,288 - testExample.py - test_baiDuSerach_sheetOne - 86- INFO: test052:断言响应状态码;期望结果：200;实际结果：200
2025-03-22 17:26:50,296 - testExample.py - test_baiDuSerach_sheetOne - 91- INFO: test052:断言响应体字段值;期望结果:51;实际结果：0
2025-03-22 17:26:50,303 - testExample.py - test_baiDuSerach_sheetOne - 96- INFO: test052:断言响应时间;期望结果:200;实际结果：120
2025-03-22 17:26:50,331 - Example.py - baiDuSerach - 67- INFO: 用例id：test053:接口名称：baiDuSerach;传递token：None;传递参数：python53;用例备注：测试示例断言失败
2025-03-22 17:26:50,458 - testExample.py - test_baiDuSerach_sheetOne - 86- INFO: test053:断言响应状态码;期望结果：200;实际结果：200
2025-03-22 17:26:50,466 - testExample.py - test_baiDuSerach_sheetOne - 91- INFO: test053:断言响应体字段值;期望结果:52;实际结果：0
2025-03-22 17:26:50,474 - testExample.py - test_baiDuSerach_sheetOne - 96- INFO: test053:断言响应时间;期望结果:200;实际结果：123
2025-03-22 17:26:50,503 - Example.py - baiDuSerach - 67- INFO: 用例id：test054:接口名称：baiDuSerach;传递token：None;传递参数：python54;用例备注：测试示例断言失败
2025-03-22 17:26:50,625 - testExample.py - test_baiDuSerach_sheetOne - 86- INFO: test054:断言响应状态码;期望结果：200;实际结果：200
2025-03-22 17:26:50,633 - testExample.py - test_baiDuSerach_sheetOne - 91- INFO: test054:断言响应体字段值;期望结果:53;实际结果：0
2025-03-22 17:26:50,640 - testExample.py - test_baiDuSerach_sheetOne - 96- INFO: test054:断言响应时间;期望结果:200;实际结果：119
2025-03-22 17:26:50,668 - Example.py - baiDuSerach - 67- INFO: 用例id：test055:接口名称：baiDuSerach;传递token：None;传递参数：python55;用例备注：测试示例断言失败
2025-03-22 17:26:50,789 - testExample.py - test_baiDuSerach_sheetOne - 86- INFO: test055:断言响应状态码;期望结果：200;实际结果：200
2025-03-22 17:26:50,797 - testExample.py - test_baiDuSerach_sheetOne - 91- INFO: test055:断言响应体字段值;期望结果:54;实际结果：0
2025-03-22 17:26:50,804 - testExample.py - test_baiDuSerach_sheetOne - 96- INFO: test055:断言响应时间;期望结果:200;实际结果：118
2025-03-22 17:26:50,833 - Example.py - baiDuSerach - 67- INFO: 用例id：test056:接口名称：baiDuSerach;传递token：None;传递参数：python56;用例备注：测试示例断言失败
2025-03-22 17:26:50,964 - testExample.py - test_baiDuSerach_sheetOne - 86- INFO: test056:断言响应状态码;期望结果：200;实际结果：200
2025-03-22 17:26:50,972 - testExample.py - test_baiDuSerach_sheetOne - 91- INFO: test056:断言响应体字段值;期望结果:55;实际结果：0
2025-03-22 17:26:50,979 - testExample.py - test_baiDuSerach_sheetOne - 96- INFO: test056:断言响应时间;期望结果:200;实际结果：127
2025-03-22 17:26:51,047 - Example.py - baiDuSerach - 67- INFO: 用例id：test057:接口名称：baiDuSerach;传递token：None;传递参数：python57;用例备注：测试示例断言失败
2025-03-22 17:26:51,166 - testExample.py - test_baiDuSerach_sheetOne - 86- INFO: test057:断言响应状态码;期望结果：200;实际结果：200
2025-03-22 17:26:51,174 - testExample.py - test_baiDuSerach_sheetOne - 91- INFO: test057:断言响应体字段值;期望结果:56;实际结果：0
2025-03-22 17:26:51,181 - testExample.py - test_baiDuSerach_sheetOne - 96- INFO: test057:断言响应时间;期望结果:200;实际结果：116
2025-03-22 17:26:51,210 - Example.py - baiDuSerach - 67- INFO: 用例id：test058:接口名称：baiDuSerach;传递token：None;传递参数：python58;用例备注：测试示例断言失败
2025-03-22 17:26:51,332 - testExample.py - test_baiDuSerach_sheetOne - 86- INFO: test058:断言响应状态码;期望结果：200;实际结果：200
2025-03-22 17:26:51,340 - testExample.py - test_baiDuSerach_sheetOne - 91- INFO: test058:断言响应体字段值;期望结果:57;实际结果：0
2025-03-22 17:26:51,348 - testExample.py - test_baiDuSerach_sheetOne - 96- INFO: test058:断言响应时间;期望结果:200;实际结果：118
2025-03-22 17:26:51,376 - Example.py - baiDuSerach - 67- INFO: 用例id：test059:接口名称：baiDuSerach;传递token：None;传递参数：python59;用例备注：测试示例断言失败
2025-03-22 17:26:51,496 - testExample.py - test_baiDuSerach_sheetOne - 86- INFO: test059:断言响应状态码;期望结果：200;实际结果：200
2025-03-22 17:26:51,503 - testExample.py - test_baiDuSerach_sheetOne - 91- INFO: test059:断言响应体字段值;期望结果:58;实际结果：0
2025-03-22 17:26:51,511 - testExample.py - test_baiDuSerach_sheetOne - 96- INFO: test059:断言响应时间;期望结果:200;实际结果：117
2025-03-22 17:26:51,539 - Example.py - baiDuSerach - 67- INFO: 用例id：test060:接口名称：baiDuSerach;传递token：None;传递参数：python60;用例备注：测试示例断言失败
2025-03-22 17:26:51,662 - testExample.py - test_baiDuSerach_sheetOne - 86- INFO: test060:断言响应状态码;期望结果：200;实际结果：200
2025-03-22 17:26:51,669 - testExample.py - test_baiDuSerach_sheetOne - 91- INFO: test060:断言响应体字段值;期望结果:59;实际结果：0
2025-03-22 17:26:51,677 - testExample.py - test_baiDuSerach_sheetOne - 96- INFO: test060:断言响应时间;期望结果:200;实际结果：119
2025-03-22 17:26:51,704 - Example.py - baiDuSerach - 67- INFO: 用例id：test061:接口名称：baiDuSerach;传递token：None;传递参数：python61;用例备注：测试示例断言失败
2025-03-22 17:26:51,828 - testExample.py - test_baiDuSerach_sheetOne - 86- INFO: test061:断言响应状态码;期望结果：200;实际结果：200
2025-03-22 17:26:51,836 - testExample.py - test_baiDuSerach_sheetOne - 91- INFO: test061:断言响应体字段值;期望结果:60;实际结果：0
2025-03-22 17:26:51,844 - testExample.py - test_baiDuSerach_sheetOne - 96- INFO: test061:断言响应时间;期望结果:200;实际结果：120
2025-03-22 17:26:51,871 - Example.py - baiDuSerach - 67- INFO: 用例id：test062:接口名称：baiDuSerach;传递token：None;传递参数：python62;用例备注：测试示例断言失败
2025-03-22 17:26:51,994 - testExample.py - test_baiDuSerach_sheetOne - 86- INFO: test062:断言响应状态码;期望结果：200;实际结果：200
2025-03-22 17:26:52,002 - testExample.py - test_baiDuSerach_sheetOne - 91- INFO: test062:断言响应体字段值;期望结果:61;实际结果：0
2025-03-22 17:26:52,010 - testExample.py - test_baiDuSerach_sheetOne - 96- INFO: test062:断言响应时间;期望结果:200;实际结果：120
2025-03-22 17:26:52,037 - Example.py - baiDuSerach - 67- INFO: 用例id：test063:接口名称：baiDuSerach;传递token：None;传递参数：python63;用例备注：测试示例断言失败
2025-03-22 17:26:52,160 - testExample.py - test_baiDuSerach_sheetOne - 86- INFO: test063:断言响应状态码;期望结果：200;实际结果：200
2025-03-22 17:26:52,167 - testExample.py - test_baiDuSerach_sheetOne - 91- INFO: test063:断言响应体字段值;期望结果:62;实际结果：0
2025-03-22 17:26:52,175 - testExample.py - test_baiDuSerach_sheetOne - 96- INFO: test063:断言响应时间;期望结果:200;实际结果：119
2025-03-22 17:26:52,203 - Example.py - baiDuSerach - 67- INFO: 用例id：test064:接口名称：baiDuSerach;传递token：None;传递参数：python64;用例备注：测试示例断言失败
2025-03-22 17:26:52,325 - testExample.py - test_baiDuSerach_sheetOne - 86- INFO: test064:断言响应状态码;期望结果：200;实际结果：200
2025-03-22 17:26:52,332 - testExample.py - test_baiDuSerach_sheetOne - 91- INFO: test064:断言响应体字段值;期望结果:63;实际结果：0
2025-03-22 17:26:52,340 - testExample.py - test_baiDuSerach_sheetOne - 96- INFO: test064:断言响应时间;期望结果:200;实际结果：119
2025-03-22 17:26:52,367 - Example.py - baiDuSerach - 67- INFO: 用例id：test065:接口名称：baiDuSerach;传递token：None;传递参数：python65;用例备注：测试示例断言失败
2025-03-22 17:26:52,495 - testExample.py - test_baiDuSerach_sheetOne - 86- INFO: test065:断言响应状态码;期望结果：200;实际结果：200
2025-03-22 17:26:52,504 - testExample.py - test_baiDuSerach_sheetOne - 91- INFO: test065:断言响应体字段值;期望结果:64;实际结果：0
2025-03-22 17:26:52,512 - testExample.py - test_baiDuSerach_sheetOne - 96- INFO: test065:断言响应时间;期望结果:200;实际结果：123
2025-03-22 17:26:52,543 - Example.py - baiDuSerach - 67- INFO: 用例id：test066:接口名称：baiDuSerach;传递token：None;传递参数：python66;用例备注：测试示例断言失败
2025-03-22 17:26:52,670 - testExample.py - test_baiDuSerach_sheetOne - 86- INFO: test066:断言响应状态码;期望结果：200;实际结果：200
2025-03-22 17:26:52,678 - testExample.py - test_baiDuSerach_sheetOne - 91- INFO: test066:断言响应体字段值;期望结果:65;实际结果：0
2025-03-22 17:26:52,685 - testExample.py - test_baiDuSerach_sheetOne - 96- INFO: test066:断言响应时间;期望结果:200;实际结果：123
2025-03-22 17:26:52,712 - Example.py - baiDuSerach - 67- INFO: 用例id：test067:接口名称：baiDuSerach;传递token：None;传递参数：python67;用例备注：测试示例断言失败
2025-03-22 17:26:52,831 - testExample.py - test_baiDuSerach_sheetOne - 86- INFO: test067:断言响应状态码;期望结果：200;实际结果：200
2025-03-22 17:26:52,838 - testExample.py - test_baiDuSerach_sheetOne - 91- INFO: test067:断言响应体字段值;期望结果:66;实际结果：0
2025-03-22 17:26:52,846 - testExample.py - test_baiDuSerach_sheetOne - 96- INFO: test067:断言响应时间;期望结果:200;实际结果：115
2025-03-22 17:26:52,876 - Example.py - baiDuSerach - 67- INFO: 用例id：test068:接口名称：baiDuSerach;传递token：None;传递参数：python68;用例备注：测试示例断言失败
2025-03-22 17:26:53,002 - testExample.py - test_baiDuSerach_sheetOne - 86- INFO: test068:断言响应状态码;期望结果：200;实际结果：200
2025-03-22 17:26:53,010 - testExample.py - test_baiDuSerach_sheetOne - 91- INFO: test068:断言响应体字段值;期望结果:67;实际结果：0
2025-03-22 17:26:53,017 - testExample.py - test_baiDuSerach_sheetOne - 96- INFO: test068:断言响应时间;期望结果:200;实际结果：122
2025-03-22 17:26:53,049 - Example.py - baiDuSerach - 67- INFO: 用例id：test069:接口名称：baiDuSerach;传递token：None;传递参数：python69;用例备注：测试示例断言失败
2025-03-22 17:26:53,178 - testExample.py - test_baiDuSerach_sheetOne - 86- INFO: test069:断言响应状态码;期望结果：200;实际结果：200
2025-03-22 17:26:53,186 - testExample.py - test_baiDuSerach_sheetOne - 91- INFO: test069:断言响应体字段值;期望结果:68;实际结果：0
2025-03-22 17:26:53,193 - testExample.py - test_baiDuSerach_sheetOne - 96- INFO: test069:断言响应时间;期望结果:200;实际结果：126
2025-03-22 17:26:53,259 - Example.py - baiDuSerach - 67- INFO: 用例id：test070:接口名称：baiDuSerach;传递token：None;传递参数：python70;用例备注：测试示例断言失败
2025-03-22 17:26:53,383 - testExample.py - test_baiDuSerach_sheetOne - 86- INFO: test070:断言响应状态码;期望结果：200;实际结果：200
2025-03-22 17:26:53,390 - testExample.py - test_baiDuSerach_sheetOne - 91- INFO: test070:断言响应体字段值;期望结果:69;实际结果：0
2025-03-22 17:26:53,398 - testExample.py - test_baiDuSerach_sheetOne - 96- INFO: test070:断言响应时间;期望结果:200;实际结果：120
2025-03-22 17:26:53,426 - Example.py - baiDuSerachToken - 49- INFO: 用例id：1:接口名称：baiDuSerach;传递token：[[130]];传递参数：python12;用例备注：测试示例断言成功
2025-03-22 17:26:53,552 - testExample.py - test_baiDuSerach_sheetTwo - 122- INFO: 1:断言响应状态码;期望结果：200;实际结果：200
2025-03-22 17:26:53,560 - testExample.py - test_baiDuSerach_sheetTwo - 127- INFO: 1:断言响应体字段值;期望结果:0;实际结果：0
2025-03-22 17:26:53,567 - testExample.py - test_baiDuSerach_sheetTwo - 132- INFO: 1:断言响应时间;期望结果:200;实际结果：122
2025-03-22 17:26:53,578 - Example.py - baiDuSerachToken - 49- INFO: 用例id：2:接口名称：baiDuSerach;传递token：[[130]];传递参数：python22;用例备注：测试示例断言失败
2025-03-22 17:26:53,700 - testExample.py - test_baiDuSerach_sheetTwo - 122- INFO: 2:断言响应状态码;期望结果：200;实际结果：200
2025-03-22 17:26:53,708 - testExample.py - test_baiDuSerach_sheetTwo - 127- INFO: 2:断言响应体字段值;期望结果:1;实际结果：0
2025-03-22 17:26:53,716 - testExample.py - test_baiDuSerach_sheetTwo - 132- INFO: 2:断言响应时间;期望结果:200;实际结果：118
2025-03-22 17:26:53,743 - Example.py - baiDuSerachToken - 49- INFO: 用例id：3:接口名称：baiDuSerach;传递token：[[130]];传递参数：python32;用例备注：
2025-03-22 17:26:53,870 - testExample.py - test_baiDuSerach_sheetTwo - 122- INFO: 3:断言响应状态码;期望结果：200;实际结果：200
2025-03-22 17:26:53,877 - testExample.py - test_baiDuSerach_sheetTwo - 127- INFO: 3:断言响应体字段值;期望结果:2;实际结果：0
2025-03-22 17:26:53,886 - testExample.py - test_baiDuSerach_sheetTwo - 132- INFO: 3:断言响应时间;期望结果:201;实际结果：123
2025-03-22 17:26:53,913 - Example.py - baiDuSerachToken - 49- INFO: 用例id：4:接口名称：baiDuSerach;传递token：[[130]];传递参数：python33;用例备注：测试示例断言失败
2025-03-22 17:26:54,042 - testExample.py - test_baiDuSerach_sheetTwo - 122- INFO: 4:断言响应状态码;期望结果：200;实际结果：200
2025-03-22 17:26:54,050 - testExample.py - test_baiDuSerach_sheetTwo - 127- INFO: 4:断言响应体字段值;期望结果:3;实际结果：0
2025-03-22 17:26:54,058 - testExample.py - test_baiDuSerach_sheetTwo - 132- INFO: 4:断言响应时间;期望结果:202;实际结果：126
2025-03-22 17:26:54,085 - Example.py - baiDuSerachToken - 49- INFO: 用例id：5:接口名称：baiDuSerach;传递token：[[130]];传递参数：python34;用例备注：测试示例断言失败
2025-03-22 17:26:54,209 - testExample.py - test_baiDuSerach_sheetTwo - 122- INFO: 5:断言响应状态码;期望结果：200;实际结果：200
2025-03-22 17:26:54,217 - testExample.py - test_baiDuSerach_sheetTwo - 127- INFO: 5:断言响应体字段值;期望结果:4;实际结果：0
2025-03-22 17:26:54,224 - testExample.py - test_baiDuSerach_sheetTwo - 132- INFO: 5:断言响应时间;期望结果:203;实际结果：120
2025-03-22 17:26:54,251 - Example.py - baiDuSerachToken - 49- INFO: 用例id：6:接口名称：baiDuSerach;传递token：[[130]];传递参数：python35;用例备注：测试示例断言失败
2025-03-22 17:26:54,378 - testExample.py - test_baiDuSerach_sheetTwo - 122- INFO: 6:断言响应状态码;期望结果：200;实际结果：200
2025-03-22 17:26:54,386 - testExample.py - test_baiDuSerach_sheetTwo - 127- INFO: 6:断言响应体字段值;期望结果:5;实际结果：0
2025-03-22 17:26:54,393 - testExample.py - test_baiDuSerach_sheetTwo - 132- INFO: 6:断言响应时间;期望结果:204;实际结果：123
2025-03-22 17:26:54,420 - Example.py - baiDuSerachToken - 49- INFO: 用例id：7:接口名称：baiDuSerach;传递token：[[130]];传递参数：python36;用例备注：测试示例断言失败
2025-03-22 17:26:54,542 - testExample.py - test_baiDuSerach_sheetTwo - 122- INFO: 7:断言响应状态码;期望结果：200;实际结果：200
2025-03-22 17:26:54,550 - testExample.py - test_baiDuSerach_sheetTwo - 127- INFO: 7:断言响应体字段值;期望结果:6;实际结果：0
2025-03-22 17:26:54,557 - testExample.py - test_baiDuSerach_sheetTwo - 132- INFO: 7:断言响应时间;期望结果:205;实际结果：119
2025-03-22 17:26:54,586 - Example.py - baiDuSerachToken - 49- INFO: 用例id：8:接口名称：baiDuSerach;传递token：[[130]];传递参数：python37;用例备注：测试示例断言失败
2025-03-22 17:26:54,707 - testExample.py - test_baiDuSerach_sheetTwo - 122- INFO: 8:断言响应状态码;期望结果：200;实际结果：200
2025-03-22 17:26:54,715 - testExample.py - test_baiDuSerach_sheetTwo - 127- INFO: 8:断言响应体字段值;期望结果:7;实际结果：0
2025-03-22 17:26:54,723 - testExample.py - test_baiDuSerach_sheetTwo - 132- INFO: 8:断言响应时间;期望结果:206;实际结果：118
2025-03-22 17:26:54,750 - Example.py - baiDuSerachToken - 49- INFO: 用例id：9:接口名称：baiDuSerach;传递token：[[130]];传递参数：python38;用例备注：测试示例断言失败
2025-03-22 17:26:54,873 - testExample.py - test_baiDuSerach_sheetTwo - 122- INFO: 9:断言响应状态码;期望结果：200;实际结果：200
2025-03-22 17:26:54,880 - testExample.py - test_baiDuSerach_sheetTwo - 127- INFO: 9:断言响应体字段值;期望结果:8;实际结果：0
2025-03-22 17:26:54,889 - testExample.py - test_baiDuSerach_sheetTwo - 132- INFO: 9:断言响应时间;期望结果:207;实际结果：120
2025-03-22 17:26:54,917 - Example.py - baiDuSerachToken - 49- INFO: 用例id：10:接口名称：baiDuSerach;传递token：[[130]];传递参数：python39;用例备注：测试示例断言失败
2025-03-22 17:26:55,039 - testExample.py - test_baiDuSerach_sheetTwo - 122- INFO: 10:断言响应状态码;期望结果：200;实际结果：200
2025-03-22 17:26:55,047 - testExample.py - test_baiDuSerach_sheetTwo - 127- INFO: 10:断言响应体字段值;期望结果:9;实际结果：0
2025-03-22 17:26:55,055 - testExample.py - test_baiDuSerach_sheetTwo - 132- INFO: 10:断言响应时间;期望结果:208;实际结果：118
2025-03-22 17:26:55,081 - Example.py - baiDuSerachToken - 49- INFO: 用例id：11:接口名称：baiDuSerach;传递token：[[130]];传递参数：python40;用例备注：测试示例断言失败
2025-03-22 17:26:55,206 - testExample.py - test_baiDuSerach_sheetTwo - 122- INFO: 11:断言响应状态码;期望结果：200;实际结果：200
2025-03-22 17:26:55,214 - testExample.py - test_baiDuSerach_sheetTwo - 127- INFO: 11:断言响应体字段值;期望结果:10;实际结果：0
2025-03-22 17:26:55,221 - testExample.py - test_baiDuSerach_sheetTwo - 132- INFO: 11:断言响应时间;期望结果:209;实际结果：120
2025-03-22 17:26:55,249 - Example.py - baiDuSerachToken - 49- INFO: 用例id：12:接口名称：baiDuSerach;传递token：[[130]];传递参数：python41;用例备注：测试示例断言失败
2025-03-22 17:26:55,377 - testExample.py - test_baiDuSerach_sheetTwo - 122- INFO: 12:断言响应状态码;期望结果：200;实际结果：200
2025-03-22 17:26:55,384 - testExample.py - test_baiDuSerach_sheetTwo - 127- INFO: 12:断言响应体字段值;期望结果:11;实际结果：0
2025-03-22 17:26:55,393 - testExample.py - test_baiDuSerach_sheetTwo - 132- INFO: 12:断言响应时间;期望结果:210;实际结果：125
2025-03-22 17:26:55,467 - Example.py - baiDuSerachToken - 49- INFO: 用例id：13:接口名称：baiDuSerach;传递token：[[130]];传递参数：python42;用例备注：测试示例断言失败
2025-03-22 17:26:55,594 - testExample.py - test_baiDuSerach_sheetTwo - 122- INFO: 13:断言响应状态码;期望结果：200;实际结果：200
2025-03-22 17:26:55,602 - testExample.py - test_baiDuSerach_sheetTwo - 127- INFO: 13:断言响应体字段值;期望结果:12;实际结果：0
2025-03-22 17:26:55,610 - testExample.py - test_baiDuSerach_sheetTwo - 132- INFO: 13:断言响应时间;期望结果:211;实际结果：123
2025-03-22 17:26:55,637 - Example.py - baiDuSerachToken - 49- INFO: 用例id：14:接口名称：baiDuSerach;传递token：[[130]];传递参数：python43;用例备注：测试示例断言失败
2025-03-22 17:26:55,766 - testExample.py - test_baiDuSerach_sheetTwo - 122- INFO: 14:断言响应状态码;期望结果：200;实际结果：200
2025-03-22 17:26:55,773 - testExample.py - test_baiDuSerach_sheetTwo - 127- INFO: 14:断言响应体字段值;期望结果:13;实际结果：0
2025-03-22 17:26:55,780 - testExample.py - test_baiDuSerach_sheetTwo - 132- INFO: 14:断言响应时间;期望结果:212;实际结果：125
2025-03-22 17:26:55,808 - Example.py - baiDuSerachToken - 49- INFO: 用例id：15:接口名称：baiDuSerach;传递token：[[130]];传递参数：python44;用例备注：测试示例断言失败
2025-03-22 17:26:55,931 - testExample.py - test_baiDuSerach_sheetTwo - 122- INFO: 15:断言响应状态码;期望结果：200;实际结果：200
2025-03-22 17:26:55,939 - testExample.py - test_baiDuSerach_sheetTwo - 127- INFO: 15:断言响应体字段值;期望结果:14;实际结果：0
2025-03-22 17:26:55,946 - testExample.py - test_baiDuSerach_sheetTwo - 132- INFO: 15:断言响应时间;期望结果:213;实际结果：119
2025-03-22 17:26:55,973 - Example.py - baiDuSerachToken - 49- INFO: 用例id：16:接口名称：baiDuSerach;传递token：[[130]];传递参数：python45;用例备注：测试示例断言失败
2025-03-22 17:26:56,096 - testExample.py - test_baiDuSerach_sheetTwo - 122- INFO: 16:断言响应状态码;期望结果：200;实际结果：200
2025-03-22 17:26:56,103 - testExample.py - test_baiDuSerach_sheetTwo - 127- INFO: 16:断言响应体字段值;期望结果:15;实际结果：0
2025-03-22 17:26:56,110 - testExample.py - test_baiDuSerach_sheetTwo - 132- INFO: 16:断言响应时间;期望结果:214;实际结果：118
2025-03-22 17:26:56,138 - Example.py - baiDuSerachToken - 49- INFO: 用例id：17:接口名称：baiDuSerach;传递token：[[130]];传递参数：python46;用例备注：测试示例断言失败
2025-03-22 17:26:56,260 - testExample.py - test_baiDuSerach_sheetTwo - 122- INFO: 17:断言响应状态码;期望结果：200;实际结果：200
2025-03-22 17:26:56,268 - testExample.py - test_baiDuSerach_sheetTwo - 127- INFO: 17:断言响应体字段值;期望结果:16;实际结果：0
2025-03-22 17:26:56,275 - testExample.py - test_baiDuSerach_sheetTwo - 132- INFO: 17:断言响应时间;期望结果:215;实际结果：118
2025-03-22 17:26:56,303 - Example.py - baiDuSerachToken - 49- INFO: 用例id：18:接口名称：baiDuSerach;传递token：[[130]];传递参数：python47;用例备注：测试示例断言失败
2025-03-22 17:26:56,432 - testExample.py - test_baiDuSerach_sheetTwo - 122- INFO: 18:断言响应状态码;期望结果：200;实际结果：200
2025-03-22 17:26:56,440 - testExample.py - test_baiDuSerach_sheetTwo - 127- INFO: 18:断言响应体字段值;期望结果:17;实际结果：0
2025-03-22 17:26:56,447 - testExample.py - test_baiDuSerach_sheetTwo - 132- INFO: 18:断言响应时间;期望结果:216;实际结果：125
2025-03-22 17:26:56,474 - Example.py - baiDuSerachToken - 49- INFO: 用例id：19:接口名称：baiDuSerach;传递token：[[130]];传递参数：python48;用例备注：测试示例断言失败
2025-03-22 17:26:56,605 - testExample.py - test_baiDuSerach_sheetTwo - 122- INFO: 19:断言响应状态码;期望结果：200;实际结果：200
2025-03-22 17:26:56,613 - testExample.py - test_baiDuSerach_sheetTwo - 127- INFO: 19:断言响应体字段值;期望结果:18;实际结果：0
2025-03-22 17:26:56,621 - testExample.py - test_baiDuSerach_sheetTwo - 132- INFO: 19:断言响应时间;期望结果:217;实际结果：127
2025-03-22 17:26:56,648 - Example.py - baiDuSerachToken - 49- INFO: 用例id：20:接口名称：baiDuSerach;传递token：[[130]];传递参数：python49;用例备注：测试示例断言失败
2025-03-22 17:26:56,771 - testExample.py - test_baiDuSerach_sheetTwo - 122- INFO: 20:断言响应状态码;期望结果：200;实际结果：200
2025-03-22 17:26:56,780 - testExample.py - test_baiDuSerach_sheetTwo - 127- INFO: 20:断言响应体字段值;期望结果:19;实际结果：0
2025-03-22 17:26:56,789 - testExample.py - test_baiDuSerach_sheetTwo - 132- INFO: 20:断言响应时间;期望结果:218;实际结果：119
2025-03-22 17:26:56,820 - Example.py - baiDuSerachToken - 49- INFO: 用例id：21:接口名称：baiDuSerach;传递token：[[130]];传递参数：python50;用例备注：测试示例断言失败
2025-03-22 17:26:56,948 - testExample.py - test_baiDuSerach_sheetTwo - 122- INFO: 21:断言响应状态码;期望结果：200;实际结果：200
2025-03-22 17:26:56,955 - testExample.py - test_baiDuSerach_sheetTwo - 127- INFO: 21:断言响应体字段值;期望结果:20;实际结果：0
2025-03-22 17:26:56,962 - testExample.py - test_baiDuSerach_sheetTwo - 132- INFO: 21:断言响应时间;期望结果:219;实际结果：123
2025-03-22 17:26:56,990 - Example.py - baiDuSerachToken - 49- INFO: 用例id：22:接口名称：baiDuSerach;传递token：[[130]];传递参数：python51;用例备注：测试示例断言失败
2025-03-22 17:26:57,120 - testExample.py - test_baiDuSerach_sheetTwo - 122- INFO: 22:断言响应状态码;期望结果：200;实际结果：200
2025-03-22 17:26:57,128 - testExample.py - test_baiDuSerach_sheetTwo - 127- INFO: 22:断言响应体字段值;期望结果:21;实际结果：0
2025-03-22 17:26:57,136 - testExample.py - test_baiDuSerach_sheetTwo - 132- INFO: 22:断言响应时间;期望结果:220;实际结果：127
2025-03-22 17:26:57,163 - Example.py - baiDuSerachToken - 49- INFO: 用例id：23:接口名称：baiDuSerach;传递token：[[130]];传递参数：python52;用例备注：测试示例断言失败
2025-03-22 17:26:57,295 - testExample.py - test_baiDuSerach_sheetTwo - 122- INFO: 23:断言响应状态码;期望结果：200;实际结果：200
2025-03-22 17:26:57,302 - testExample.py - test_baiDuSerach_sheetTwo - 127- INFO: 23:断言响应体字段值;期望结果:22;实际结果：0
2025-03-22 17:26:57,310 - testExample.py - test_baiDuSerach_sheetTwo - 132- INFO: 23:断言响应时间;期望结果:221;实际结果：128
2025-03-22 17:26:57,338 - Example.py - baiDuSerachToken - 49- INFO: 用例id：24:接口名称：baiDuSerach;传递token：[[130]];传递参数：python53;用例备注：测试示例断言失败
2025-03-22 17:26:57,464 - testExample.py - test_baiDuSerach_sheetTwo - 122- INFO: 24:断言响应状态码;期望结果：200;实际结果：200
2025-03-22 17:26:57,472 - testExample.py - test_baiDuSerach_sheetTwo - 127- INFO: 24:断言响应体字段值;期望结果:23;实际结果：0
2025-03-22 17:26:57,480 - testExample.py - test_baiDuSerach_sheetTwo - 132- INFO: 24:断言响应时间;期望结果:222;实际结果：122
2025-03-22 17:26:57,552 - Example.py - baiDuSerachToken - 49- INFO: 用例id：25:接口名称：baiDuSerach;传递token：[[130]];传递参数：python54;用例备注：测试示例断言失败
2025-03-22 17:26:57,674 - testExample.py - test_baiDuSerach_sheetTwo - 122- INFO: 25:断言响应状态码;期望结果：200;实际结果：200
2025-03-22 17:26:57,681 - testExample.py - test_baiDuSerach_sheetTwo - 127- INFO: 25:断言响应体字段值;期望结果:24;实际结果：0
2025-03-22 17:26:57,688 - testExample.py - test_baiDuSerach_sheetTwo - 132- INFO: 25:断言响应时间;期望结果:223;实际结果：118
2025-03-22 17:26:57,716 - Example.py - baiDuSerachToken - 49- INFO: 用例id：26:接口名称：baiDuSerach;传递token：[[130]];传递参数：python55;用例备注：测试示例断言失败
2025-03-22 17:26:57,843 - testExample.py - test_baiDuSerach_sheetTwo - 122- INFO: 26:断言响应状态码;期望结果：200;实际结果：200
2025-03-22 17:26:57,851 - testExample.py - test_baiDuSerach_sheetTwo - 127- INFO: 26:断言响应体字段值;期望结果:25;实际结果：0
2025-03-22 17:26:57,858 - testExample.py - test_baiDuSerach_sheetTwo - 132- INFO: 26:断言响应时间;期望结果:224;实际结果：123
2025-03-22 17:26:57,886 - Example.py - baiDuSerachToken - 49- INFO: 用例id：27:接口名称：baiDuSerach;传递token：[[130]];传递参数：python56;用例备注：测试示例断言失败
2025-03-22 17:26:58,007 - testExample.py - test_baiDuSerach_sheetTwo - 122- INFO: 27:断言响应状态码;期望结果：200;实际结果：200
2025-03-22 17:26:58,015 - testExample.py - test_baiDuSerach_sheetTwo - 127- INFO: 27:断言响应体字段值;期望结果:26;实际结果：0
2025-03-22 17:26:58,023 - testExample.py - test_baiDuSerach_sheetTwo - 132- INFO: 27:断言响应时间;期望结果:225;实际结果：118
2025-03-22 17:26:58,052 - Example.py - baiDuSerachToken - 49- INFO: 用例id：28:接口名称：baiDuSerach;传递token：[[130]];传递参数：python57;用例备注：测试示例断言失败
2025-03-22 17:26:58,181 - testExample.py - test_baiDuSerach_sheetTwo - 122- INFO: 28:断言响应状态码;期望结果：200;实际结果：200
2025-03-22 17:26:58,188 - testExample.py - test_baiDuSerach_sheetTwo - 127- INFO: 28:断言响应体字段值;期望结果:27;实际结果：0
2025-03-22 17:26:58,195 - testExample.py - test_baiDuSerach_sheetTwo - 132- INFO: 28:断言响应时间;期望结果:226;实际结果：125
2025-03-22 17:26:58,223 - Example.py - baiDuSerachToken - 49- INFO: 用例id：29:接口名称：baiDuSerach;传递token：[[130]];传递参数：python58;用例备注：测试示例断言失败
2025-03-22 17:26:58,351 - testExample.py - test_baiDuSerach_sheetTwo - 122- INFO: 29:断言响应状态码;期望结果：200;实际结果：200
2025-03-22 17:26:58,358 - testExample.py - test_baiDuSerach_sheetTwo - 127- INFO: 29:断言响应体字段值;期望结果:28;实际结果：0
2025-03-22 17:26:58,366 - testExample.py - test_baiDuSerach_sheetTwo - 132- INFO: 29:断言响应时间;期望结果:227;实际结果：123
2025-03-22 17:26:58,393 - Example.py - baiDuSerachToken - 49- INFO: 用例id：30:接口名称：baiDuSerach;传递token：[[130]];传递参数：python59;用例备注：测试示例断言失败
2025-03-22 17:26:58,511 - testExample.py - test_baiDuSerach_sheetTwo - 122- INFO: 30:断言响应状态码;期望结果：200;实际结果：200
2025-03-22 17:26:58,518 - testExample.py - test_baiDuSerach_sheetTwo - 127- INFO: 30:断言响应体字段值;期望结果:29;实际结果：0
2025-03-22 17:26:58,527 - testExample.py - test_baiDuSerach_sheetTwo - 132- INFO: 30:断言响应时间;期望结果:228;实际结果：115
2025-03-22 17:26:58,555 - Example.py - baiDuSerachToken - 49- INFO: 用例id：test001:接口名称：baiDuSerach;传递token：[[130]];传递参数：python1;用例备注：测试示例断言成功
2025-03-22 17:26:58,680 - testExample.py - test_baiDuSerach_csv - 158- INFO: test001:断言响应状态码;期望结果：200;实际结果：200
2025-03-22 17:26:58,688 - testExample.py - test_baiDuSerach_csv - 163- INFO: test001:断言响应体字段值;期望结果:0;实际结果：0
2025-03-22 17:26:58,696 - testExample.py - test_baiDuSerach_csv - 168- INFO: test001:断言响应时间;期望结果:200;实际结果：123
2025-03-22 17:26:58,707 - Example.py - baiDuSerachToken - 49- INFO: 用例id：test002:接口名称：baiDuSerach;传递token：[[130]];传递参数：python2;用例备注：
2025-03-22 17:26:58,838 - testExample.py - test_baiDuSerach_csv - 158- INFO: test002:断言响应状态码;期望结果：200;实际结果：200
2025-03-22 17:26:58,845 - testExample.py - test_baiDuSerach_csv - 163- INFO: test002:断言响应体字段值;期望结果:1;实际结果：0
2025-03-22 17:26:58,853 - testExample.py - test_baiDuSerach_csv - 168- INFO: test002:断言响应时间;期望结果:200;实际结果：128
2025-03-22 17:26:58,880 - Example.py - baiDuSerachToken - 49- INFO: 用例id：test003:接口名称：baiDuSerach;传递token：[[130]];传递参数：python3;用例备注：测试示例断言失败
2025-03-22 17:26:59,002 - testExample.py - test_baiDuSerach_csv - 158- INFO: test003:断言响应状态码;期望结果：200;实际结果：200
2025-03-22 17:26:59,010 - testExample.py - test_baiDuSerach_csv - 163- INFO: test003:断言响应体字段值;期望结果:2;实际结果：0
2025-03-22 17:26:59,017 - testExample.py - test_baiDuSerach_csv - 168- INFO: test003:断言响应时间;期望结果:200;实际结果：118
2025-03-22 17:26:59,048 - Example.py - baiDuSerachToken - 49- INFO: 用例id：test004:接口名称：baiDuSerach;传递token：[[130]];传递参数：python4;用例备注：测试示例断言失败
2025-03-22 17:26:59,168 - testExample.py - test_baiDuSerach_csv - 158- INFO: test004:断言响应状态码;期望结果：200;实际结果：200
2025-03-22 17:26:59,176 - testExample.py - test_baiDuSerach_csv - 163- INFO: test004:断言响应体字段值;期望结果:3;实际结果：0
2025-03-22 17:26:59,184 - testExample.py - test_baiDuSerach_csv - 168- INFO: test004:断言响应时间;期望结果:200;实际结果：118
2025-03-22 17:26:59,210 - Example.py - baiDuSerachToken - 49- INFO: 用例id：test005:接口名称：baiDuSerach;传递token：[[130]];传递参数：python5;用例备注：测试示例断言失败
2025-03-22 17:26:59,343 - testExample.py - test_baiDuSerach_csv - 158- INFO: test005:断言响应状态码;期望结果：200;实际结果：200
2025-03-22 17:26:59,351 - testExample.py - test_baiDuSerach_csv - 163- INFO: test005:断言响应体字段值;期望结果:4;实际结果：0
2025-03-22 17:26:59,358 - testExample.py - test_baiDuSerach_csv - 168- INFO: test005:断言响应时间;期望结果:200;实际结果：129
2025-03-22 17:26:59,385 - Example.py - baiDuSerachToken - 49- INFO: 用例id：test006:接口名称：baiDuSerach;传递token：[[130]];传递参数：python6;用例备注：测试示例断言失败
2025-03-22 17:26:59,516 - testExample.py - test_baiDuSerach_csv - 158- INFO: test006:断言响应状态码;期望结果：200;实际结果：200
2025-03-22 17:26:59,524 - testExample.py - test_baiDuSerach_csv - 163- INFO: test006:断言响应体字段值;期望结果:5;实际结果：0
2025-03-22 17:26:59,531 - testExample.py - test_baiDuSerach_csv - 168- INFO: test006:断言响应时间;期望结果:200;实际结果：127
2025-03-22 17:26:59,558 - Example.py - baiDuSerachToken - 49- INFO: 用例id：test007:接口名称：baiDuSerach;传递token：[[130]];传递参数：python7;用例备注：测试示例断言失败
2025-03-22 17:26:59,679 - testExample.py - test_baiDuSerach_csv - 158- INFO: test007:断言响应状态码;期望结果：200;实际结果：200
2025-03-22 17:26:59,687 - testExample.py - test_baiDuSerach_csv - 163- INFO: test007:断言响应体字段值;期望结果:6;实际结果：0
2025-03-22 17:26:59,694 - testExample.py - test_baiDuSerach_csv - 168- INFO: test007:断言响应时间;期望结果:200;实际结果：117
2025-03-22 17:26:59,764 - Example.py - baiDuSerachToken - 49- INFO: 用例id：test008:接口名称：baiDuSerach;传递token：[[130]];传递参数：python8;用例备注：测试示例断言失败
2025-03-22 17:26:59,885 - testExample.py - test_baiDuSerach_csv - 158- INFO: test008:断言响应状态码;期望结果：200;实际结果：200
2025-03-22 17:26:59,892 - testExample.py - test_baiDuSerach_csv - 163- INFO: test008:断言响应体字段值;期望结果:7;实际结果：0
2025-03-22 17:26:59,899 - testExample.py - test_baiDuSerach_csv - 168- INFO: test008:断言响应时间;期望结果:200;实际结果：117
2025-03-22 17:26:59,927 - Example.py - baiDuSerachToken - 49- INFO: 用例id：test009:接口名称：baiDuSerach;传递token：[[130]];传递参数：python9;用例备注：测试示例断言失败
2025-03-22 17:27:00,048 - testExample.py - test_baiDuSerach_csv - 158- INFO: test009:断言响应状态码;期望结果：200;实际结果：200
2025-03-22 17:27:00,056 - testExample.py - test_baiDuSerach_csv - 163- INFO: test009:断言响应体字段值;期望结果:8;实际结果：0
2025-03-22 17:27:00,064 - testExample.py - test_baiDuSerach_csv - 168- INFO: test009:断言响应时间;期望结果:200;实际结果：118
2025-03-22 17:27:00,091 - Example.py - baiDuSerachToken - 49- INFO: 用例id：test010:接口名称：baiDuSerach;传递token：[[130]];传递参数：python10;用例备注：测试示例断言失败
2025-03-22 17:27:00,214 - testExample.py - test_baiDuSerach_csv - 158- INFO: test010:断言响应状态码;期望结果：200;实际结果：200
2025-03-22 17:27:00,222 - testExample.py - test_baiDuSerach_csv - 163- INFO: test010:断言响应体字段值;期望结果:9;实际结果：0
2025-03-22 17:27:00,228 - testExample.py - test_baiDuSerach_csv - 168- INFO: test010:断言响应时间;期望结果:200;实际结果：118
2025-03-22 17:27:00,257 - Example.py - baiDuSerachToken - 49- INFO: 用例id：test011:接口名称：baiDuSerach;传递token：[[130]];传递参数：python11;用例备注：测试示例断言失败
2025-03-22 17:27:00,376 - testExample.py - test_baiDuSerach_csv - 158- INFO: test011:断言响应状态码;期望结果：200;实际结果：200
2025-03-22 17:27:00,384 - testExample.py - test_baiDuSerach_csv - 163- INFO: test011:断言响应体字段值;期望结果:10;实际结果：0
2025-03-22 17:27:00,392 - testExample.py - test_baiDuSerach_csv - 168- INFO: test011:断言响应时间;期望结果:200;实际结果：116
2025-03-22 17:27:00,420 - Example.py - baiDuSerachToken - 49- INFO: 用例id：test012:接口名称：baiDuSerach;传递token：[[130]];传递参数：python12;用例备注：测试示例断言失败
2025-03-22 17:27:00,540 - testExample.py - test_baiDuSerach_csv - 158- INFO: test012:断言响应状态码;期望结果：200;实际结果：200
2025-03-22 17:27:00,548 - testExample.py - test_baiDuSerach_csv - 163- INFO: test012:断言响应体字段值;期望结果:11;实际结果：0
2025-03-22 17:27:00,555 - testExample.py - test_baiDuSerach_csv - 168- INFO: test012:断言响应时间;期望结果:200;实际结果：117
2025-03-22 17:27:00,583 - Example.py - baiDuSerachToken - 49- INFO: 用例id：test013:接口名称：baiDuSerach;传递token：[[130]];传递参数：python13;用例备注：测试示例断言失败
2025-03-22 17:27:00,707 - testExample.py - test_baiDuSerach_csv - 158- INFO: test013:断言响应状态码;期望结果：200;实际结果：200
2025-03-22 17:27:00,715 - testExample.py - test_baiDuSerach_csv - 163- INFO: test013:断言响应体字段值;期望结果:12;实际结果：0
2025-03-22 17:27:00,722 - testExample.py - test_baiDuSerach_csv - 168- INFO: test013:断言响应时间;期望结果:200;实际结果：120
2025-03-22 17:27:00,750 - Example.py - baiDuSerachToken - 49- INFO: 用例id：test014:接口名称：baiDuSerach;传递token：[[130]];传递参数：python14;用例备注：测试示例断言失败
2025-03-22 17:27:00,887 - testExample.py - test_baiDuSerach_csv - 158- INFO: test014:断言响应状态码;期望结果：200;实际结果：200
2025-03-22 17:27:00,896 - testExample.py - test_baiDuSerach_csv - 163- INFO: test014:断言响应体字段值;期望结果:13;实际结果：0
2025-03-22 17:27:00,905 - testExample.py - test_baiDuSerach_csv - 168- INFO: test014:断言响应时间;期望结果:200;实际结果：133
2025-03-22 17:27:00,933 - Example.py - baiDuSerachToken - 49- INFO: 用例id：test015:接口名称：baiDuSerach;传递token：[[130]];传递参数：python15;用例备注：测试示例断言失败
2025-03-22 17:27:01,064 - testExample.py - test_baiDuSerach_csv - 158- INFO: test015:断言响应状态码;期望结果：200;实际结果：200
2025-03-22 17:27:01,071 - testExample.py - test_baiDuSerach_csv - 163- INFO: test015:断言响应体字段值;期望结果:14;实际结果：0
2025-03-22 17:27:01,080 - testExample.py - test_baiDuSerach_csv - 168- INFO: test015:断言响应时间;期望结果:200;实际结果：127
2025-03-22 17:27:01,108 - Example.py - baiDuSerachToken - 49- INFO: 用例id：test016:接口名称：baiDuSerach;传递token：[[130]];传递参数：python16;用例备注：测试示例断言失败
2025-03-22 17:27:01,230 - testExample.py - test_baiDuSerach_csv - 158- INFO: test016:断言响应状态码;期望结果：200;实际结果：200
2025-03-22 17:27:01,238 - testExample.py - test_baiDuSerach_csv - 163- INFO: test016:断言响应体字段值;期望结果:15;实际结果：0
2025-03-22 17:27:01,246 - testExample.py - test_baiDuSerach_csv - 168- INFO: test016:断言响应时间;期望结果:200;实际结果：119
2025-03-22 17:27:01,273 - Example.py - baiDuSerachToken - 49- INFO: 用例id：test017:接口名称：baiDuSerach;传递token：[[130]];传递参数：python17;用例备注：测试示例断言失败
2025-03-22 17:27:01,395 - testExample.py - test_baiDuSerach_csv - 158- INFO: test017:断言响应状态码;期望结果：200;实际结果：200
2025-03-22 17:27:01,402 - testExample.py - test_baiDuSerach_csv - 163- INFO: test017:断言响应体字段值;期望结果:16;实际结果：0
2025-03-22 17:27:01,410 - testExample.py - test_baiDuSerach_csv - 168- INFO: test017:断言响应时间;期望结果:200;实际结果：118
2025-03-22 17:27:01,438 - Example.py - baiDuSerachToken - 49- INFO: 用例id：test018:接口名称：baiDuSerach;传递token：[[130]];传递参数：python18;用例备注：测试示例断言失败
2025-03-22 17:27:01,557 - testExample.py - test_baiDuSerach_csv - 158- INFO: test018:断言响应状态码;期望结果：200;实际结果：200
2025-03-22 17:27:01,564 - testExample.py - test_baiDuSerach_csv - 163- INFO: test018:断言响应体字段值;期望结果:17;实际结果：0
2025-03-22 17:27:01,573 - testExample.py - test_baiDuSerach_csv - 168- INFO: test018:断言响应时间;期望结果:200;实际结果：115
2025-03-22 17:27:01,600 - Example.py - baiDuSerachToken - 49- INFO: 用例id：test019:接口名称：baiDuSerach;传递token：[[130]];传递参数：python19;用例备注：测试示例断言失败
2025-03-22 17:27:01,730 - testExample.py - test_baiDuSerach_csv - 158- INFO: test019:断言响应状态码;期望结果：200;实际结果：200
2025-03-22 17:27:01,737 - testExample.py - test_baiDuSerach_csv - 163- INFO: test019:断言响应体字段值;期望结果:18;实际结果：0
2025-03-22 17:27:01,745 - testExample.py - test_baiDuSerach_csv - 168- INFO: test019:断言响应时间;期望结果:200;实际结果：126
2025-03-22 17:27:01,817 - Example.py - baiDuSerachToken - 49- INFO: 用例id：test020:接口名称：baiDuSerach;传递token：[[130]];传递参数：python20;用例备注：测试示例断言失败
2025-03-22 17:27:01,950 - testExample.py - test_baiDuSerach_csv - 158- INFO: test020:断言响应状态码;期望结果：200;实际结果：200
2025-03-22 17:27:01,957 - testExample.py - test_baiDuSerach_csv - 163- INFO: test020:断言响应体字段值;期望结果:19;实际结果：0
2025-03-22 17:27:01,965 - testExample.py - test_baiDuSerach_csv - 168- INFO: test020:断言响应时间;期望结果:200;实际结果：129
2025-03-22 17:27:01,995 - Example.py - baiDuSerachToken - 49- INFO: 用例id：test021:接口名称：baiDuSerach;传递token：[[130]];传递参数：python21;用例备注：测试示例断言失败
2025-03-22 17:27:02,118 - testExample.py - test_baiDuSerach_csv - 158- INFO: test021:断言响应状态码;期望结果：200;实际结果：200
2025-03-22 17:27:02,126 - testExample.py - test_baiDuSerach_csv - 163- INFO: test021:断言响应体字段值;期望结果:20;实际结果：0
2025-03-22 17:27:02,133 - testExample.py - test_baiDuSerach_csv - 168- INFO: test021:断言响应时间;期望结果:200;实际结果：120
2025-03-22 17:27:02,163 - Example.py - baiDuSerachToken - 49- INFO: 用例id：test022:接口名称：baiDuSerach;传递token：[[130]];传递参数：python22;用例备注：测试示例断言失败
2025-03-22 17:27:02,501 - testExample.py - test_baiDuSerach_csv - 158- INFO: test022:断言响应状态码;期望结果：200;实际结果：200
2025-03-22 17:27:02,509 - testExample.py - test_baiDuSerach_csv - 163- INFO: test022:断言响应体字段值;期望结果:21;实际结果：0
2025-03-22 17:27:02,516 - testExample.py - test_baiDuSerach_csv - 168- INFO: test022:断言响应时间;期望结果:200;实际结果：334
2025-03-22 17:27:02,544 - Example.py - baiDuSerachToken - 49- INFO: 用例id：test023:接口名称：baiDuSerach;传递token：[[130]];传递参数：python23;用例备注：测试示例断言失败
2025-03-22 17:27:02,673 - testExample.py - test_baiDuSerach_csv - 158- INFO: test023:断言响应状态码;期望结果：200;实际结果：200
2025-03-22 17:27:02,680 - testExample.py - test_baiDuSerach_csv - 163- INFO: test023:断言响应体字段值;期望结果:22;实际结果：0
2025-03-22 17:27:02,687 - testExample.py - test_baiDuSerach_csv - 168- INFO: test023:断言响应时间;期望结果:200;实际结果：124
2025-03-22 17:27:02,715 - Example.py - baiDuSerachToken - 49- INFO: 用例id：test024:接口名称：baiDuSerach;传递token：[[130]];传递参数：python24;用例备注：测试示例断言失败
2025-03-22 17:27:02,841 - testExample.py - test_baiDuSerach_csv - 158- INFO: test024:断言响应状态码;期望结果：200;实际结果：200
2025-03-22 17:27:02,848 - testExample.py - test_baiDuSerach_csv - 163- INFO: test024:断言响应体字段值;期望结果:23;实际结果：0
2025-03-22 17:27:02,857 - testExample.py - test_baiDuSerach_csv - 168- INFO: test024:断言响应时间;期望结果:200;实际结果：122
2025-03-22 17:27:02,883 - Example.py - baiDuSerachToken - 49- INFO: 用例id：test025:接口名称：baiDuSerach;传递token：[[130]];传递参数：python25;用例备注：测试示例断言失败
2025-03-22 17:27:03,011 - testExample.py - test_baiDuSerach_csv - 158- INFO: test025:断言响应状态码;期望结果：200;实际结果：200
2025-03-22 17:27:03,018 - testExample.py - test_baiDuSerach_csv - 163- INFO: test025:断言响应体字段值;期望结果:24;实际结果：0
2025-03-22 17:27:03,025 - testExample.py - test_baiDuSerach_csv - 168- INFO: test025:断言响应时间;期望结果:200;实际结果：123
2025-03-22 17:27:03,054 - Example.py - baiDuSerachToken - 49- INFO: 用例id：test026:接口名称：baiDuSerach;传递token：[[130]];传递参数：python26;用例备注：测试示例断言失败
2025-03-22 17:27:03,179 - testExample.py - test_baiDuSerach_csv - 158- INFO: test026:断言响应状态码;期望结果：200;实际结果：200
2025-03-22 17:27:03,186 - testExample.py - test_baiDuSerach_csv - 163- INFO: test026:断言响应体字段值;期望结果:25;实际结果：0
2025-03-22 17:27:03,194 - testExample.py - test_baiDuSerach_csv - 168- INFO: test026:断言响应时间;期望结果:200;实际结果：120
2025-03-22 17:27:03,222 - Example.py - baiDuSerachToken - 49- INFO: 用例id：test027:接口名称：baiDuSerach;传递token：[[130]];传递参数：python27;用例备注：测试示例断言失败
2025-03-22 17:27:03,341 - testExample.py - test_baiDuSerach_csv - 158- INFO: test027:断言响应状态码;期望结果：200;实际结果：200
2025-03-22 17:27:03,349 - testExample.py - test_baiDuSerach_csv - 163- INFO: test027:断言响应体字段值;期望结果:26;实际结果：0
2025-03-22 17:27:03,357 - testExample.py - test_baiDuSerach_csv - 168- INFO: test027:断言响应时间;期望结果:200;实际结果：116
2025-03-22 17:27:03,384 - Example.py - baiDuSerachToken - 49- INFO: 用例id：test028:接口名称：baiDuSerach;传递token：[[130]];传递参数：python28;用例备注：测试示例断言失败
2025-03-22 17:27:03,508 - testExample.py - test_baiDuSerach_csv - 158- INFO: test028:断言响应状态码;期望结果：200;实际结果：200
2025-03-22 17:27:03,517 - testExample.py - test_baiDuSerach_csv - 163- INFO: test028:断言响应体字段值;期望结果:27;实际结果：0
2025-03-22 17:27:03,525 - testExample.py - test_baiDuSerach_csv - 168- INFO: test028:断言响应时间;期望结果:200;实际结果：121
2025-03-22 17:27:03,552 - Example.py - baiDuSerachToken - 49- INFO: 用例id：test029:接口名称：baiDuSerach;传递token：[[130]];传递参数：python29;用例备注：测试示例断言失败
2025-03-22 17:27:03,694 - testExample.py - test_baiDuSerach_csv - 158- INFO: test029:断言响应状态码;期望结果：200;实际结果：200
2025-03-22 17:27:03,703 - testExample.py - test_baiDuSerach_csv - 163- INFO: test029:断言响应体字段值;期望结果:28;实际结果：0
2025-03-22 17:27:03,710 - testExample.py - test_baiDuSerach_csv - 168- INFO: test029:断言响应时间;期望结果:200;实际结果：138
2025-03-22 17:27:03,739 - Example.py - baiDuSerachToken - 49- INFO: 用例id：test030:接口名称：baiDuSerach;传递token：[[130]];传递参数：python30;用例备注：测试示例断言失败
2025-03-22 17:27:04,069 - testExample.py - test_baiDuSerach_csv - 158- INFO: test030:断言响应状态码;期望结果：200;实际结果：200
2025-03-22 17:27:04,076 - testExample.py - test_baiDuSerach_csv - 163- INFO: test030:断言响应体字段值;期望结果:29;实际结果：0
2025-03-22 17:27:04,084 - testExample.py - test_baiDuSerach_csv - 168- INFO: test030:断言响应时间;期望结果:200;实际结果：326
2025-03-22 17:27:04,111 - Example.py - baiDuSerachToken - 49- INFO: 用例id：test031:接口名称：baiDuSerach;传递token：[[130]];传递参数：python31;用例备注：测试示例断言失败
2025-03-22 17:27:04,231 - testExample.py - test_baiDuSerach_csv - 158- INFO: test031:断言响应状态码;期望结果：200;实际结果：200
2025-03-22 17:27:04,239 - testExample.py - test_baiDuSerach_csv - 163- INFO: test031:断言响应体字段值;期望结果:30;实际结果：0
2025-03-22 17:27:04,246 - testExample.py - test_baiDuSerach_csv - 168- INFO: test031:断言响应时间;期望结果:200;实际结果：116
2025-03-22 17:27:04,318 - Example.py - baiDuSerachToken - 49- INFO: 用例id：test032:接口名称：baiDuSerach;传递token：[[130]];传递参数：python32;用例备注：测试示例断言失败
2025-03-22 17:27:04,439 - testExample.py - test_baiDuSerach_csv - 158- INFO: test032:断言响应状态码;期望结果：200;实际结果：200
2025-03-22 17:27:04,447 - testExample.py - test_baiDuSerach_csv - 163- INFO: test032:断言响应体字段值;期望结果:31;实际结果：0
2025-03-22 17:27:04,454 - testExample.py - test_baiDuSerach_csv - 168- INFO: test032:断言响应时间;期望结果:200;实际结果：118
2025-03-22 17:27:04,482 - Example.py - baiDuSerachToken - 49- INFO: 用例id：test033:接口名称：baiDuSerach;传递token：[[130]];传递参数：python33;用例备注：测试示例断言失败
2025-03-22 17:27:04,605 - testExample.py - test_baiDuSerach_csv - 158- INFO: test033:断言响应状态码;期望结果：200;实际结果：200
2025-03-22 17:27:04,612 - testExample.py - test_baiDuSerach_csv - 163- INFO: test033:断言响应体字段值;期望结果:32;实际结果：0
2025-03-22 17:27:04,620 - testExample.py - test_baiDuSerach_csv - 168- INFO: test033:断言响应时间;期望结果:200;实际结果：119
2025-03-22 17:27:04,647 - Example.py - baiDuSerachToken - 49- INFO: 用例id：test034:接口名称：baiDuSerach;传递token：[[130]];传递参数：python34;用例备注：测试示例断言失败
2025-03-22 17:27:06,886 - testExample.py - test_baiDuSerach_csv - 158- INFO: test034:断言响应状态码;期望结果：200;实际结果：200
2025-03-22 17:27:06,893 - testExample.py - test_baiDuSerach_csv - 163- INFO: test034:断言响应体字段值;期望结果:33;实际结果：0
2025-03-22 17:27:06,901 - testExample.py - test_baiDuSerach_csv - 168- INFO: test034:断言响应时间;期望结果:200;实际结果：234
2025-03-22 17:27:06,928 - Example.py - baiDuSerachToken - 49- INFO: 用例id：test035:接口名称：baiDuSerach;传递token：[[130]];传递参数：python35;用例备注：测试示例断言失败
2025-03-22 17:27:07,061 - testExample.py - test_baiDuSerach_csv - 158- INFO: test035:断言响应状态码;期望结果：200;实际结果：200
2025-03-22 17:27:07,069 - testExample.py - test_baiDuSerach_csv - 163- INFO: test035:断言响应体字段值;期望结果:34;实际结果：0
2025-03-22 17:27:07,076 - testExample.py - test_baiDuSerach_csv - 168- INFO: test035:断言响应时间;期望结果:200;实际结果：129
2025-03-22 17:27:07,104 - Example.py - baiDuSerachToken - 49- INFO: 用例id：test036:接口名称：baiDuSerach;传递token：[[130]];传递参数：python36;用例备注：测试示例断言失败
2025-03-22 17:27:07,231 - testExample.py - test_baiDuSerach_csv - 158- INFO: test036:断言响应状态码;期望结果：200;实际结果：200
2025-03-22 17:27:07,239 - testExample.py - test_baiDuSerach_csv - 163- INFO: test036:断言响应体字段值;期望结果:35;实际结果：0
2025-03-22 17:27:07,246 - testExample.py - test_baiDuSerach_csv - 168- INFO: test036:断言响应时间;期望结果:200;实际结果：123
2025-03-22 17:27:07,274 - Example.py - baiDuSerachToken - 49- INFO: 用例id：test037:接口名称：baiDuSerach;传递token：[[130]];传递参数：python37;用例备注：测试示例断言失败
2025-03-22 17:27:07,399 - testExample.py - test_baiDuSerach_csv - 158- INFO: test037:断言响应状态码;期望结果：200;实际结果：200
2025-03-22 17:27:07,406 - testExample.py - test_baiDuSerach_csv - 163- INFO: test037:断言响应体字段值;期望结果:36;实际结果：0
2025-03-22 17:27:07,414 - testExample.py - test_baiDuSerach_csv - 168- INFO: test037:断言响应时间;期望结果:200;实际结果：121
2025-03-22 17:27:07,440 - Example.py - baiDuSerachToken - 49- INFO: 用例id：test038:接口名称：baiDuSerach;传递token：[[130]];传递参数：python38;用例备注：测试示例断言失败
2025-03-22 17:27:07,559 - testExample.py - test_baiDuSerach_csv - 158- INFO: test038:断言响应状态码;期望结果：200;实际结果：200
2025-03-22 17:27:07,567 - testExample.py - test_baiDuSerach_csv - 163- INFO: test038:断言响应体字段值;期望结果:37;实际结果：0
2025-03-22 17:27:07,574 - testExample.py - test_baiDuSerach_csv - 168- INFO: test038:断言响应时间;期望结果:200;实际结果：115
2025-03-22 17:27:07,604 - Example.py - baiDuSerachToken - 49- INFO: 用例id：test039:接口名称：baiDuSerach;传递token：[[130]];传递参数：python39;用例备注：测试示例断言失败
2025-03-22 17:27:07,731 - testExample.py - test_baiDuSerach_csv - 158- INFO: test039:断言响应状态码;期望结果：200;实际结果：200
2025-03-22 17:27:07,738 - testExample.py - test_baiDuSerach_csv - 163- INFO: test039:断言响应体字段值;期望结果:38;实际结果：0
2025-03-22 17:27:07,745 - testExample.py - test_baiDuSerach_csv - 168- INFO: test039:断言响应时间;期望结果:200;实际结果：124
2025-03-22 17:27:07,774 - Example.py - baiDuSerachToken - 49- INFO: 用例id：test040:接口名称：baiDuSerach;传递token：[[130]];传递参数：python40;用例备注：测试示例断言失败
2025-03-22 17:27:07,892 - testExample.py - test_baiDuSerach_csv - 158- INFO: test040:断言响应状态码;期望结果：200;实际结果：200
2025-03-22 17:27:07,900 - testExample.py - test_baiDuSerach_csv - 163- INFO: test040:断言响应体字段值;期望结果:39;实际结果：0
2025-03-22 17:27:07,908 - testExample.py - test_baiDuSerach_csv - 168- INFO: test040:断言响应时间;期望结果:200;实际结果：115
2025-03-22 17:27:07,935 - Example.py - baiDuSerachToken - 49- INFO: 用例id：test041:接口名称：baiDuSerach;传递token：[[130]];传递参数：python41;用例备注：测试示例断言失败
2025-03-22 17:27:08,098 - testExample.py - test_baiDuSerach_csv - 158- INFO: test041:断言响应状态码;期望结果：200;实际结果：200
2025-03-22 17:27:08,106 - testExample.py - test_baiDuSerach_csv - 163- INFO: test041:断言响应体字段值;期望结果:40;实际结果：0
2025-03-22 17:27:08,114 - testExample.py - test_baiDuSerach_csv - 168- INFO: test041:断言响应时间;期望结果:200;实际结果：159
2025-03-22 17:27:08,141 - Example.py - baiDuSerachToken - 49- INFO: 用例id：test042:接口名称：baiDuSerach;传递token：[[130]];传递参数：python42;用例备注：测试示例断言失败
2025-03-22 17:27:08,262 - testExample.py - test_baiDuSerach_csv - 158- INFO: test042:断言响应状态码;期望结果：200;实际结果：200
2025-03-22 17:27:08,270 - testExample.py - test_baiDuSerach_csv - 163- INFO: test042:断言响应体字段值;期望结果:41;实际结果：0
2025-03-22 17:27:08,278 - testExample.py - test_baiDuSerach_csv - 168- INFO: test042:断言响应时间;期望结果:200;实际结果：117
2025-03-22 17:27:08,305 - Example.py - baiDuSerachToken - 49- INFO: 用例id：test043:接口名称：baiDuSerach;传递token：[[130]];传递参数：python43;用例备注：测试示例断言失败
2025-03-22 17:27:08,436 - testExample.py - test_baiDuSerach_csv - 158- INFO: test043:断言响应状态码;期望结果：200;实际结果：200
2025-03-22 17:27:08,443 - testExample.py - test_baiDuSerach_csv - 163- INFO: test043:断言响应体字段值;期望结果:42;实际结果：0
2025-03-22 17:27:08,451 - testExample.py - test_baiDuSerach_csv - 168- INFO: test043:断言响应时间;期望结果:200;实际结果：128
2025-03-22 17:27:08,526 - Example.py - baiDuSerachToken - 49- INFO: 用例id：test044:接口名称：baiDuSerach;传递token：[[130]];传递参数：python44;用例备注：测试示例断言失败
2025-03-22 17:27:08,654 - testExample.py - test_baiDuSerach_csv - 158- INFO: test044:断言响应状态码;期望结果：200;实际结果：200
2025-03-22 17:27:08,662 - testExample.py - test_baiDuSerach_csv - 163- INFO: test044:断言响应体字段值;期望结果:43;实际结果：0
2025-03-22 17:27:08,670 - testExample.py - test_baiDuSerach_csv - 168- INFO: test044:断言响应时间;期望结果:200;实际结果：125
2025-03-22 17:27:08,697 - Example.py - baiDuSerachToken - 49- INFO: 用例id：test045:接口名称：baiDuSerach;传递token：[[130]];传递参数：python45;用例备注：测试示例断言失败
2025-03-22 17:27:08,818 - testExample.py - test_baiDuSerach_csv - 158- INFO: test045:断言响应状态码;期望结果：200;实际结果：200
2025-03-22 17:27:08,827 - testExample.py - test_baiDuSerach_csv - 163- INFO: test045:断言响应体字段值;期望结果:44;实际结果：0
2025-03-22 17:27:08,833 - testExample.py - test_baiDuSerach_csv - 168- INFO: test045:断言响应时间;期望结果:200;实际结果：117
2025-03-22 17:27:08,861 - Example.py - baiDuSerachToken - 49- INFO: 用例id：test046:接口名称：baiDuSerach;传递token：[[130]];传递参数：python46;用例备注：测试示例断言失败
2025-03-22 17:27:08,985 - testExample.py - test_baiDuSerach_csv - 158- INFO: test046:断言响应状态码;期望结果：200;实际结果：200
2025-03-22 17:27:08,993 - testExample.py - test_baiDuSerach_csv - 163- INFO: test046:断言响应体字段值;期望结果:45;实际结果：0
2025-03-22 17:27:09,001 - testExample.py - test_baiDuSerach_csv - 168- INFO: test046:断言响应时间;期望结果:200;实际结果：120
2025-03-22 17:27:09,029 - Example.py - baiDuSerachToken - 49- INFO: 用例id：test047:接口名称：baiDuSerach;传递token：[[130]];传递参数：python47;用例备注：测试示例断言失败
2025-03-22 17:27:09,156 - testExample.py - test_baiDuSerach_csv - 158- INFO: test047:断言响应状态码;期望结果：200;实际结果：200
2025-03-22 17:27:09,164 - testExample.py - test_baiDuSerach_csv - 163- INFO: test047:断言响应体字段值;期望结果:46;实际结果：0
2025-03-22 17:27:09,172 - testExample.py - test_baiDuSerach_csv - 168- INFO: test047:断言响应时间;期望结果:200;实际结果：124
2025-03-22 17:27:09,200 - Example.py - baiDuSerachToken - 49- INFO: 用例id：test048:接口名称：baiDuSerach;传递token：[[130]];传递参数：python48;用例备注：测试示例断言失败
2025-03-22 17:27:09,322 - testExample.py - test_baiDuSerach_csv - 158- INFO: test048:断言响应状态码;期望结果：200;实际结果：200
2025-03-22 17:27:09,329 - testExample.py - test_baiDuSerach_csv - 163- INFO: test048:断言响应体字段值;期望结果:47;实际结果：0
2025-03-22 17:27:09,337 - testExample.py - test_baiDuSerach_csv - 168- INFO: test048:断言响应时间;期望结果:200;实际结果：118
2025-03-22 17:27:09,366 - Example.py - baiDuSerachToken - 49- INFO: 用例id：test049:接口名称：baiDuSerach;传递token：[[130]];传递参数：python49;用例备注：测试示例断言失败
2025-03-22 17:27:09,802 - testExample.py - test_baiDuSerach_csv - 158- INFO: test049:断言响应状态码;期望结果：200;实际结果：200
2025-03-22 17:27:09,809 - testExample.py - test_baiDuSerach_csv - 163- INFO: test049:断言响应体字段值;期望结果:48;实际结果：0
2025-03-22 17:27:09,816 - testExample.py - test_baiDuSerach_csv - 168- INFO: test049:断言响应时间;期望结果:200;实际结果：431
2025-03-22 17:27:09,845 - Example.py - baiDuSerachToken - 49- INFO: 用例id：test050:接口名称：baiDuSerach;传递token：[[130]];传递参数：python50;用例备注：测试示例断言失败
2025-03-22 17:27:09,969 - testExample.py - test_baiDuSerach_csv - 158- INFO: test050:断言响应状态码;期望结果：200;实际结果：200
2025-03-22 17:27:09,977 - testExample.py - test_baiDuSerach_csv - 163- INFO: test050:断言响应体字段值;期望结果:49;实际结果：0
2025-03-22 17:27:09,986 - testExample.py - test_baiDuSerach_csv - 168- INFO: test050:断言响应时间;期望结果:200;实际结果：120
2025-03-22 17:27:10,016 - Example.py - baiDuSerachToken - 49- INFO: 用例id：test051:接口名称：baiDuSerach;传递token：[[130]];传递参数：python51;用例备注：测试示例断言失败
2025-03-22 17:27:10,151 - testExample.py - test_baiDuSerach_csv - 158- INFO: test051:断言响应状态码;期望结果：200;实际结果：200
2025-03-22 17:27:10,158 - testExample.py - test_baiDuSerach_csv - 163- INFO: test051:断言响应体字段值;期望结果:50;实际结果：0
2025-03-22 17:27:10,165 - testExample.py - test_baiDuSerach_csv - 168- INFO: test051:断言响应时间;期望结果:200;实际结果：131
2025-03-22 17:27:10,193 - Example.py - baiDuSerachToken - 49- INFO: 用例id：test052:接口名称：baiDuSerach;传递token：[[130]];传递参数：python52;用例备注：测试示例断言失败
2025-03-22 17:27:10,318 - testExample.py - test_baiDuSerach_csv - 158- INFO: test052:断言响应状态码;期望结果：200;实际结果：200
2025-03-22 17:27:10,325 - testExample.py - test_baiDuSerach_csv - 163- INFO: test052:断言响应体字段值;期望结果:51;实际结果：0
2025-03-22 17:27:10,333 - testExample.py - test_baiDuSerach_csv - 168- INFO: test052:断言响应时间;期望结果:200;实际结果：120
2025-03-22 17:27:10,359 - Example.py - baiDuSerachToken - 49- INFO: 用例id：test053:接口名称：baiDuSerach;传递token：[[130]];传递参数：python53;用例备注：测试示例断言失败
2025-03-22 17:27:10,495 - testExample.py - test_baiDuSerach_csv - 158- INFO: test053:断言响应状态码;期望结果：200;实际结果：200
2025-03-22 17:27:10,503 - testExample.py - test_baiDuSerach_csv - 163- INFO: test053:断言响应体字段值;期望结果:52;实际结果：0
2025-03-22 17:27:10,511 - testExample.py - test_baiDuSerach_csv - 168- INFO: test053:断言响应时间;期望结果:200;实际结果：132
2025-03-22 17:27:10,538 - Example.py - baiDuSerachToken - 49- INFO: 用例id：test054:接口名称：baiDuSerach;传递token：[[130]];传递参数：python54;用例备注：测试示例断言失败
2025-03-22 17:27:10,659 - testExample.py - test_baiDuSerach_csv - 158- INFO: test054:断言响应状态码;期望结果：200;实际结果：200
2025-03-22 17:27:10,667 - testExample.py - test_baiDuSerach_csv - 163- INFO: test054:断言响应体字段值;期望结果:53;实际结果：0
2025-03-22 17:27:10,675 - testExample.py - test_baiDuSerach_csv - 168- INFO: test054:断言响应时间;期望结果:200;实际结果：118
2025-03-22 17:27:10,702 - Example.py - baiDuSerachToken - 49- INFO: 用例id：test055:接口名称：baiDuSerach;传递token：[[130]];传递参数：python55;用例备注：测试示例断言失败
2025-03-22 17:27:10,829 - testExample.py - test_baiDuSerach_csv - 158- INFO: test055:断言响应状态码;期望结果：200;实际结果：200
2025-03-22 17:27:10,837 - testExample.py - test_baiDuSerach_csv - 163- INFO: test055:断言响应体字段值;期望结果:54;实际结果：0
2025-03-22 17:27:10,844 - testExample.py - test_baiDuSerach_csv - 168- INFO: test055:断言响应时间;期望结果:200;实际结果：123
2025-03-22 17:27:10,919 - Example.py - baiDuSerachToken - 49- INFO: 用例id：test056:接口名称：baiDuSerach;传递token：[[130]];传递参数：python56;用例备注：测试示例断言失败
2025-03-22 17:27:11,041 - testExample.py - test_baiDuSerach_csv - 158- INFO: test056:断言响应状态码;期望结果：200;实际结果：200
2025-03-22 17:27:11,048 - testExample.py - test_baiDuSerach_csv - 163- INFO: test056:断言响应体字段值;期望结果:55;实际结果：0
2025-03-22 17:27:11,055 - testExample.py - test_baiDuSerach_csv - 168- INFO: test056:断言响应时间;期望结果:200;实际结果：118
2025-03-22 17:27:11,083 - Example.py - baiDuSerachToken - 49- INFO: 用例id：test057:接口名称：baiDuSerach;传递token：[[130]];传递参数：python57;用例备注：测试示例断言失败
2025-03-22 17:27:11,203 - testExample.py - test_baiDuSerach_csv - 158- INFO: test057:断言响应状态码;期望结果：200;实际结果：200
2025-03-22 17:27:11,211 - testExample.py - test_baiDuSerach_csv - 163- INFO: test057:断言响应体字段值;期望结果:56;实际结果：0
2025-03-22 17:27:11,218 - testExample.py - test_baiDuSerach_csv - 168- INFO: test057:断言响应时间;期望结果:200;实际结果：116
2025-03-22 17:27:11,246 - Example.py - baiDuSerachToken - 49- INFO: 用例id：test058:接口名称：baiDuSerach;传递token：[[130]];传递参数：python58;用例备注：测试示例断言失败
2025-03-22 17:27:11,369 - testExample.py - test_baiDuSerach_csv - 158- INFO: test058:断言响应状态码;期望结果：200;实际结果：200
2025-03-22 17:27:11,377 - testExample.py - test_baiDuSerach_csv - 163- INFO: test058:断言响应体字段值;期望结果:57;实际结果：0
2025-03-22 17:27:11,385 - testExample.py - test_baiDuSerach_csv - 168- INFO: test058:断言响应时间;期望结果:200;实际结果：119
2025-03-22 17:27:11,412 - Example.py - baiDuSerachToken - 49- INFO: 用例id：test059:接口名称：baiDuSerach;传递token：[[130]];传递参数：python59;用例备注：测试示例断言失败
2025-03-22 17:27:11,535 - testExample.py - test_baiDuSerach_csv - 158- INFO: test059:断言响应状态码;期望结果：200;实际结果：200
2025-03-22 17:27:11,542 - testExample.py - test_baiDuSerach_csv - 163- INFO: test059:断言响应体字段值;期望结果:58;实际结果：0
2025-03-22 17:27:11,550 - testExample.py - test_baiDuSerach_csv - 168- INFO: test059:断言响应时间;期望结果:200;实际结果：119
2025-03-22 17:27:11,577 - Example.py - baiDuSerachToken - 49- INFO: 用例id：test060:接口名称：baiDuSerach;传递token：[[130]];传递参数：python60;用例备注：测试示例断言失败
2025-03-22 17:27:11,698 - testExample.py - test_baiDuSerach_csv - 158- INFO: test060:断言响应状态码;期望结果：200;实际结果：200
2025-03-22 17:27:11,706 - testExample.py - test_baiDuSerach_csv - 163- INFO: test060:断言响应体字段值;期望结果:59;实际结果：0
2025-03-22 17:27:11,713 - testExample.py - test_baiDuSerach_csv - 168- INFO: test060:断言响应时间;期望结果:200;实际结果：117
2025-03-22 17:27:11,740 - Example.py - baiDuSerachToken - 49- INFO: 用例id：test061:接口名称：baiDuSerach;传递token：[[130]];传递参数：python61;用例备注：测试示例断言失败
2025-03-22 17:27:11,864 - testExample.py - test_baiDuSerach_csv - 158- INFO: test061:断言响应状态码;期望结果：200;实际结果：200
2025-03-22 17:27:11,871 - testExample.py - test_baiDuSerach_csv - 163- INFO: test061:断言响应体字段值;期望结果:60;实际结果：0
2025-03-22 17:27:11,878 - testExample.py - test_baiDuSerach_csv - 168- INFO: test061:断言响应时间;期望结果:200;实际结果：120
2025-03-22 17:27:11,909 - Example.py - baiDuSerachToken - 49- INFO: 用例id：test062:接口名称：baiDuSerach;传递token：[[130]];传递参数：python62;用例备注：测试示例断言失败
2025-03-22 17:27:12,033 - testExample.py - test_baiDuSerach_csv - 158- INFO: test062:断言响应状态码;期望结果：200;实际结果：200
2025-03-22 17:27:12,042 - testExample.py - test_baiDuSerach_csv - 163- INFO: test062:断言响应体字段值;期望结果:61;实际结果：0
2025-03-22 17:27:12,051 - testExample.py - test_baiDuSerach_csv - 168- INFO: test062:断言响应时间;期望结果:200;实际结果：120
2025-03-22 17:27:12,082 - Example.py - baiDuSerachToken - 49- INFO: 用例id：test063:接口名称：baiDuSerach;传递token：[[130]];传递参数：python63;用例备注：测试示例断言失败
2025-03-22 17:27:12,208 - testExample.py - test_baiDuSerach_csv - 158- INFO: test063:断言响应状态码;期望结果：200;实际结果：200
2025-03-22 17:27:12,215 - testExample.py - test_baiDuSerach_csv - 163- INFO: test063:断言响应体字段值;期望结果:62;实际结果：0
2025-03-22 17:27:12,225 - testExample.py - test_baiDuSerach_csv - 168- INFO: test063:断言响应时间;期望结果:200;实际结果：122
2025-03-22 17:27:12,252 - Example.py - baiDuSerachToken - 49- INFO: 用例id：test064:接口名称：baiDuSerach;传递token：[[130]];传递参数：python64;用例备注：测试示例断言失败
2025-03-22 17:27:12,382 - testExample.py - test_baiDuSerach_csv - 158- INFO: test064:断言响应状态码;期望结果：200;实际结果：200
2025-03-22 17:27:12,389 - testExample.py - test_baiDuSerach_csv - 163- INFO: test064:断言响应体字段值;期望结果:63;实际结果：0
2025-03-22 17:27:12,397 - testExample.py - test_baiDuSerach_csv - 168- INFO: test064:断言响应时间;期望结果:200;实际结果：126
2025-03-22 17:27:12,427 - Example.py - baiDuSerachToken - 49- INFO: 用例id：test065:接口名称：baiDuSerach;传递token：[[130]];传递参数：python65;用例备注：测试示例断言失败
2025-03-22 17:27:12,548 - testExample.py - test_baiDuSerach_csv - 158- INFO: test065:断言响应状态码;期望结果：200;实际结果：200
2025-03-22 17:27:12,556 - testExample.py - test_baiDuSerach_csv - 163- INFO: test065:断言响应体字段值;期望结果:64;实际结果：0
2025-03-22 17:27:12,564 - testExample.py - test_baiDuSerach_csv - 168- INFO: test065:断言响应时间;期望结果:200;实际结果：118
2025-03-22 17:27:12,591 - Example.py - baiDuSerachToken - 49- INFO: 用例id：test066:接口名称：baiDuSerach;传递token：[[130]];传递参数：python66;用例备注：测试示例断言失败
2025-03-22 17:27:12,714 - testExample.py - test_baiDuSerach_csv - 158- INFO: test066:断言响应状态码;期望结果：200;实际结果：200
2025-03-22 17:27:12,722 - testExample.py - test_baiDuSerach_csv - 163- INFO: test066:断言响应体字段值;期望结果:65;实际结果：0
2025-03-22 17:27:12,729 - testExample.py - test_baiDuSerach_csv - 168- INFO: test066:断言响应时间;期望结果:200;实际结果：119
2025-03-22 17:27:12,760 - Example.py - baiDuSerachToken - 49- INFO: 用例id：test067:接口名称：baiDuSerach;传递token：[[130]];传递参数：python67;用例备注：测试示例断言失败
2025-03-22 17:27:12,882 - testExample.py - test_baiDuSerach_csv - 158- INFO: test067:断言响应状态码;期望结果：200;实际结果：200
2025-03-22 17:27:12,889 - testExample.py - test_baiDuSerach_csv - 163- INFO: test067:断言响应体字段值;期望结果:66;实际结果：0
2025-03-22 17:27:12,897 - testExample.py - test_baiDuSerach_csv - 168- INFO: test067:断言响应时间;期望结果:200;实际结果：117
2025-03-22 17:27:12,971 - Example.py - baiDuSerachToken - 49- INFO: 用例id：test068:接口名称：baiDuSerach;传递token：[[130]];传递参数：python68;用例备注：测试示例断言失败
2025-03-22 17:27:13,097 - testExample.py - test_baiDuSerach_csv - 158- INFO: test068:断言响应状态码;期望结果：200;实际结果：200
2025-03-22 17:27:13,105 - testExample.py - test_baiDuSerach_csv - 163- INFO: test068:断言响应体字段值;期望结果:67;实际结果：0
2025-03-22 17:27:13,112 - testExample.py - test_baiDuSerach_csv - 168- INFO: test068:断言响应时间;期望结果:200;实际结果：122
2025-03-22 17:27:13,140 - Example.py - baiDuSerachToken - 49- INFO: 用例id：test069:接口名称：baiDuSerach;传递token：[[130]];传递参数：python69;用例备注：测试示例断言失败
2025-03-22 17:27:13,261 - testExample.py - test_baiDuSerach_csv - 158- INFO: test069:断言响应状态码;期望结果：200;实际结果：200
2025-03-22 17:27:13,268 - testExample.py - test_baiDuSerach_csv - 163- INFO: test069:断言响应体字段值;期望结果:68;实际结果：0
2025-03-22 17:27:13,276 - testExample.py - test_baiDuSerach_csv - 168- INFO: test069:断言响应时间;期望结果:200;实际结果：117
2025-03-22 17:27:13,303 - Example.py - baiDuSerachToken - 49- INFO: 用例id：test070:接口名称：baiDuSerach;传递token：[[130]];传递参数：python70;用例备注：测试示例断言失败
2025-03-22 17:27:13,427 - testExample.py - test_baiDuSerach_csv - 158- INFO: test070:断言响应状态码;期望结果：200;实际结果：200
2025-03-22 17:27:13,434 - testExample.py - test_baiDuSerach_csv - 163- INFO: test070:断言响应体字段值;期望结果:69;实际结果：0
2025-03-22 17:27:13,442 - testExample.py - test_baiDuSerach_csv - 168- INFO: test070:断言响应时间;期望结果:200;实际结果：120
