2025-03-22 17:10:43,898 - Example.py - baiDuSerach - 67- INFO: 用例id：test001:接口名称：baiDuSerach;传递token：None;传递参数：python1;用例备注：测试示例断言成功
2025-03-22 17:10:44,021 - testExample.py - test_baiDuSerach_sheetOne - 86- INFO: test001:断言响应状态码;期望结果：200;实际结果：200
2025-03-22 17:10:44,109 - testExample.py - test_baiDuSerach_sheetOne - 91- INFO: test001:断言响应体字段值;期望结果:0;实际结果：0
2025-03-22 17:10:44,115 - testExample.py - test_baiDuSerach_sheetOne - 96- INFO: test001:断言响应时间;期望结果:200;实际结果：119
2025-03-22 17:10:44,127 - Example.py - baiDuSerach - 67- INFO: 用例id：test002:接口名称：baiDuSerach;传递token：None;传递参数：python2;用例备注：
2025-03-22 17:10:44,252 - testExample.py - test_baiDuSerach_sheetOne - 86- INFO: test002:断言响应状态码;期望结果：200;实际结果：200
2025-03-22 17:10:44,260 - testExample.py - test_baiDuSerach_sheetOne - 91- INFO: test002:断言响应体字段值;期望结果:1;实际结果：0
2025-03-22 17:10:44,267 - testExample.py - test_baiDuSerach_sheetOne - 96- INFO: test002:断言响应时间;期望结果:200;实际结果：120
2025-03-22 17:10:44,299 - Example.py - baiDuSerach - 67- INFO: 用例id：test003:接口名称：baiDuSerach;传递token：None;传递参数：python3;用例备注：测试示例断言失败
2025-03-22 17:10:44,422 - testExample.py - test_baiDuSerach_sheetOne - 86- INFO: test003:断言响应状态码;期望结果：200;实际结果：200
2025-03-22 17:10:44,429 - testExample.py - test_baiDuSerach_sheetOne - 91- INFO: test003:断言响应体字段值;期望结果:2;实际结果：0
2025-03-22 17:10:44,437 - testExample.py - test_baiDuSerach_sheetOne - 96- INFO: test003:断言响应时间;期望结果:200;实际结果：119
2025-03-22 17:10:44,467 - Example.py - baiDuSerach - 67- INFO: 用例id：test004:接口名称：baiDuSerach;传递token：None;传递参数：python4;用例备注：测试示例断言失败
2025-03-22 17:10:44,594 - testExample.py - test_baiDuSerach_sheetOne - 86- INFO: test004:断言响应状态码;期望结果：200;实际结果：200
2025-03-22 17:10:44,604 - testExample.py - test_baiDuSerach_sheetOne - 91- INFO: test004:断言响应体字段值;期望结果:3;实际结果：0
2025-03-22 17:10:44,612 - testExample.py - test_baiDuSerach_sheetOne - 96- INFO: test004:断言响应时间;期望结果:200;实际结果：124
2025-03-22 17:10:44,644 - Example.py - baiDuSerach - 67- INFO: 用例id：test005:接口名称：baiDuSerach;传递token：None;传递参数：python5;用例备注：测试示例断言失败
2025-03-22 17:10:44,768 - testExample.py - test_baiDuSerach_sheetOne - 86- INFO: test005:断言响应状态码;期望结果：200;实际结果：200
2025-03-22 17:10:44,776 - testExample.py - test_baiDuSerach_sheetOne - 91- INFO: test005:断言响应体字段值;期望结果:4;实际结果：0
2025-03-22 17:10:44,784 - testExample.py - test_baiDuSerach_sheetOne - 96- INFO: test005:断言响应时间;期望结果:200;实际结果：120
2025-03-22 17:10:44,813 - Example.py - baiDuSerach - 67- INFO: 用例id：test006:接口名称：baiDuSerach;传递token：None;传递参数：python6;用例备注：测试示例断言失败
2025-03-22 17:10:44,937 - testExample.py - test_baiDuSerach_sheetOne - 86- INFO: test006:断言响应状态码;期望结果：200;实际结果：200
2025-03-22 17:10:44,945 - testExample.py - test_baiDuSerach_sheetOne - 91- INFO: test006:断言响应体字段值;期望结果:5;实际结果：0
2025-03-22 17:10:44,953 - testExample.py - test_baiDuSerach_sheetOne - 96- INFO: test006:断言响应时间;期望结果:200;实际结果：121
2025-03-22 17:10:44,982 - Example.py - baiDuSerach - 67- INFO: 用例id：test007:接口名称：baiDuSerach;传递token：None;传递参数：python7;用例备注：测试示例断言失败
2025-03-22 17:10:45,103 - testExample.py - test_baiDuSerach_sheetOne - 86- INFO: test007:断言响应状态码;期望结果：200;实际结果：200
2025-03-22 17:10:45,111 - testExample.py - test_baiDuSerach_sheetOne - 91- INFO: test007:断言响应体字段值;期望结果:6;实际结果：0
2025-03-22 17:10:45,119 - testExample.py - test_baiDuSerach_sheetOne - 96- INFO: test007:断言响应时间;期望结果:200;实际结果：118
2025-03-22 17:10:45,147 - Example.py - baiDuSerach - 67- INFO: 用例id：test008:接口名称：baiDuSerach;传递token：None;传递参数：python8;用例备注：测试示例断言失败
2025-03-22 17:10:45,271 - testExample.py - test_baiDuSerach_sheetOne - 86- INFO: test008:断言响应状态码;期望结果：200;实际结果：200
2025-03-22 17:10:45,279 - testExample.py - test_baiDuSerach_sheetOne - 91- INFO: test008:断言响应体字段值;期望结果:7;实际结果：0
2025-03-22 17:10:45,286 - testExample.py - test_baiDuSerach_sheetOne - 96- INFO: test008:断言响应时间;期望结果:200;实际结果：120
2025-03-22 17:10:45,350 - Example.py - baiDuSerach - 67- INFO: 用例id：test009:接口名称：baiDuSerach;传递token：None;传递参数：python9;用例备注：测试示例断言失败
2025-03-22 17:10:45,512 - testExample.py - test_baiDuSerach_sheetOne - 86- INFO: test009:断言响应状态码;期望结果：200;实际结果：200
2025-03-22 17:10:45,520 - testExample.py - test_baiDuSerach_sheetOne - 91- INFO: test009:断言响应体字段值;期望结果:8;实际结果：0
2025-03-22 17:10:45,528 - testExample.py - test_baiDuSerach_sheetOne - 96- INFO: test009:断言响应时间;期望结果:200;实际结果：159
2025-03-22 17:10:45,557 - Example.py - baiDuSerach - 67- INFO: 用例id：test010:接口名称：baiDuSerach;传递token：None;传递参数：python10;用例备注：测试示例断言失败
2025-03-22 17:10:45,681 - testExample.py - test_baiDuSerach_sheetOne - 86- INFO: test010:断言响应状态码;期望结果：200;实际结果：200
2025-03-22 17:10:45,690 - testExample.py - test_baiDuSerach_sheetOne - 91- INFO: test010:断言响应体字段值;期望结果:9;实际结果：0
2025-03-22 17:10:45,698 - testExample.py - test_baiDuSerach_sheetOne - 96- INFO: test010:断言响应时间;期望结果:200;实际结果：120
2025-03-22 17:10:45,727 - Example.py - baiDuSerach - 67- INFO: 用例id：test011:接口名称：baiDuSerach;传递token：None;传递参数：python11;用例备注：测试示例断言失败
2025-03-22 17:10:45,853 - testExample.py - test_baiDuSerach_sheetOne - 86- INFO: test011:断言响应状态码;期望结果：200;实际结果：200
2025-03-22 17:10:45,861 - testExample.py - test_baiDuSerach_sheetOne - 91- INFO: test011:断言响应体字段值;期望结果:10;实际结果：0
2025-03-22 17:10:45,869 - testExample.py - test_baiDuSerach_sheetOne - 96- INFO: test011:断言响应时间;期望结果:200;实际结果：122
2025-03-22 17:10:45,897 - Example.py - baiDuSerach - 67- INFO: 用例id：test012:接口名称：baiDuSerach;传递token：None;传递参数：python12;用例备注：测试示例断言失败
2025-03-22 17:10:46,031 - testExample.py - test_baiDuSerach_sheetOne - 86- INFO: test012:断言响应状态码;期望结果：200;实际结果：200
2025-03-22 17:10:46,039 - testExample.py - test_baiDuSerach_sheetOne - 91- INFO: test012:断言响应体字段值;期望结果:11;实际结果：0
2025-03-22 17:10:46,048 - testExample.py - test_baiDuSerach_sheetOne - 96- INFO: test012:断言响应时间;期望结果:200;实际结果：129
2025-03-22 17:10:46,078 - Example.py - baiDuSerach - 67- INFO: 用例id：test013:接口名称：baiDuSerach;传递token：None;传递参数：python13;用例备注：测试示例断言失败
2025-03-22 17:10:46,201 - testExample.py - test_baiDuSerach_sheetOne - 86- INFO: test013:断言响应状态码;期望结果：200;实际结果：200
2025-03-22 17:10:46,208 - testExample.py - test_baiDuSerach_sheetOne - 91- INFO: test013:断言响应体字段值;期望结果:12;实际结果：0
2025-03-22 17:10:46,216 - testExample.py - test_baiDuSerach_sheetOne - 96- INFO: test013:断言响应时间;期望结果:200;实际结果：118
2025-03-22 17:10:46,246 - Example.py - baiDuSerach - 67- INFO: 用例id：test014:接口名称：baiDuSerach;传递token：None;传递参数：python14;用例备注：测试示例断言失败
2025-03-22 17:10:46,684 - testExample.py - test_baiDuSerach_sheetOne - 86- INFO: test014:断言响应状态码;期望结果：200;实际结果：200
2025-03-22 17:10:46,693 - testExample.py - test_baiDuSerach_sheetOne - 91- INFO: test014:断言响应体字段值;期望结果:13;实际结果：0
2025-03-22 17:10:46,701 - testExample.py - test_baiDuSerach_sheetOne - 96- INFO: test014:断言响应时间;期望结果:200;实际结果：435
2025-03-22 17:10:46,730 - Example.py - baiDuSerach - 67- INFO: 用例id：test015:接口名称：baiDuSerach;传递token：None;传递参数：python15;用例备注：测试示例断言失败
2025-03-22 17:10:46,877 - testExample.py - test_baiDuSerach_sheetOne - 86- INFO: test015:断言响应状态码;期望结果：200;实际结果：200
2025-03-22 17:10:46,884 - testExample.py - test_baiDuSerach_sheetOne - 91- INFO: test015:断言响应体字段值;期望结果:14;实际结果：0
2025-03-22 17:10:46,892 - testExample.py - test_baiDuSerach_sheetOne - 96- INFO: test015:断言响应时间;期望结果:200;实际结果：142
2025-03-22 17:10:46,923 - Example.py - baiDuSerach - 67- INFO: 用例id：test016:接口名称：baiDuSerach;传递token：None;传递参数：python16;用例备注：测试示例断言失败
2025-03-22 17:10:47,048 - testExample.py - test_baiDuSerach_sheetOne - 86- INFO: test016:断言响应状态码;期望结果：200;实际结果：200
2025-03-22 17:10:47,056 - testExample.py - test_baiDuSerach_sheetOne - 91- INFO: test016:断言响应体字段值;期望结果:15;实际结果：0
2025-03-22 17:10:47,064 - testExample.py - test_baiDuSerach_sheetOne - 96- INFO: test016:断言响应时间;期望结果:200;实际结果：121
2025-03-22 17:10:47,094 - Example.py - baiDuSerach - 67- INFO: 用例id：test017:接口名称：baiDuSerach;传递token：None;传递参数：python17;用例备注：测试示例断言失败
2025-03-22 17:10:48,213 - testExample.py - test_baiDuSerach_sheetOne - 86- INFO: test017:断言响应状态码;期望结果：200;实际结果：200
2025-03-22 17:10:48,220 - testExample.py - test_baiDuSerach_sheetOne - 91- INFO: test017:断言响应体字段值;期望结果:16;实际结果：0
2025-03-22 17:10:48,229 - testExample.py - test_baiDuSerach_sheetOne - 96- INFO: test017:断言响应时间;期望结果:200;实际结果：115
2025-03-22 17:10:48,259 - Example.py - baiDuSerach - 67- INFO: 用例id：test018:接口名称：baiDuSerach;传递token：None;传递参数：python18;用例备注：测试示例断言失败
2025-03-22 17:10:48,394 - testExample.py - test_baiDuSerach_sheetOne - 86- INFO: test018:断言响应状态码;期望结果：200;实际结果：200
2025-03-22 17:10:48,402 - testExample.py - test_baiDuSerach_sheetOne - 91- INFO: test018:断言响应体字段值;期望结果:17;实际结果：0
2025-03-22 17:10:48,413 - testExample.py - test_baiDuSerach_sheetOne - 96- INFO: test018:断言响应时间;期望结果:200;实际结果：131
2025-03-22 17:10:48,445 - Example.py - baiDuSerach - 67- INFO: 用例id：test019:接口名称：baiDuSerach;传递token：None;传递参数：python19;用例备注：测试示例断言失败
2025-03-22 17:10:48,568 - testExample.py - test_baiDuSerach_sheetOne - 86- INFO: test019:断言响应状态码;期望结果：200;实际结果：200
2025-03-22 17:10:48,576 - testExample.py - test_baiDuSerach_sheetOne - 91- INFO: test019:断言响应体字段值;期望结果:18;实际结果：0
2025-03-22 17:10:48,584 - testExample.py - test_baiDuSerach_sheetOne - 96- INFO: test019:断言响应时间;期望结果:200;实际结果：119
2025-03-22 17:10:48,614 - Example.py - baiDuSerach - 67- INFO: 用例id：test020:接口名称：baiDuSerach;传递token：None;传递参数：python20;用例备注：测试示例断言失败
2025-03-22 17:10:48,742 - testExample.py - test_baiDuSerach_sheetOne - 86- INFO: test020:断言响应状态码;期望结果：200;实际结果：200
2025-03-22 17:10:48,751 - testExample.py - test_baiDuSerach_sheetOne - 91- INFO: test020:断言响应体字段值;期望结果:19;实际结果：0
2025-03-22 17:10:48,759 - testExample.py - test_baiDuSerach_sheetOne - 96- INFO: test020:断言响应时间;期望结果:200;实际结果：125
2025-03-22 17:10:48,827 - Example.py - baiDuSerach - 67- INFO: 用例id：test021:接口名称：baiDuSerach;传递token：None;传递参数：python21;用例备注：测试示例断言失败
2025-03-22 17:10:48,949 - testExample.py - test_baiDuSerach_sheetOne - 86- INFO: test021:断言响应状态码;期望结果：200;实际结果：200
2025-03-22 17:10:48,957 - testExample.py - test_baiDuSerach_sheetOne - 91- INFO: test021:断言响应体字段值;期望结果:20;实际结果：0
2025-03-22 17:10:48,965 - testExample.py - test_baiDuSerach_sheetOne - 96- INFO: test021:断言响应时间;期望结果:200;实际结果：118
2025-03-22 17:10:48,994 - Example.py - baiDuSerach - 67- INFO: 用例id：test022:接口名称：baiDuSerach;传递token：None;传递参数：python22;用例备注：测试示例断言失败
2025-03-22 17:10:49,115 - testExample.py - test_baiDuSerach_sheetOne - 86- INFO: test022:断言响应状态码;期望结果：200;实际结果：200
2025-03-22 17:10:49,124 - testExample.py - test_baiDuSerach_sheetOne - 91- INFO: test022:断言响应体字段值;期望结果:21;实际结果：0
2025-03-22 17:10:49,131 - testExample.py - test_baiDuSerach_sheetOne - 96- INFO: test022:断言响应时间;期望结果:200;实际结果：117
2025-03-22 17:10:49,161 - Example.py - baiDuSerach - 67- INFO: 用例id：test023:接口名称：baiDuSerach;传递token：None;传递参数：python23;用例备注：测试示例断言失败
2025-03-22 17:10:49,285 - testExample.py - test_baiDuSerach_sheetOne - 86- INFO: test023:断言响应状态码;期望结果：200;实际结果：200
2025-03-22 17:10:49,293 - testExample.py - test_baiDuSerach_sheetOne - 91- INFO: test023:断言响应体字段值;期望结果:22;实际结果：0
2025-03-22 17:10:49,301 - testExample.py - test_baiDuSerach_sheetOne - 96- INFO: test023:断言响应时间;期望结果:200;实际结果：121
2025-03-22 17:10:49,330 - Example.py - baiDuSerach - 67- INFO: 用例id：test024:接口名称：baiDuSerach;传递token：None;传递参数：python24;用例备注：测试示例断言失败
2025-03-22 17:10:49,456 - testExample.py - test_baiDuSerach_sheetOne - 86- INFO: test024:断言响应状态码;期望结果：200;实际结果：200
2025-03-22 17:10:49,464 - testExample.py - test_baiDuSerach_sheetOne - 91- INFO: test024:断言响应体字段值;期望结果:23;实际结果：0
2025-03-22 17:10:49,473 - testExample.py - test_baiDuSerach_sheetOne - 96- INFO: test024:断言响应时间;期望结果:200;实际结果：122
2025-03-22 17:10:49,502 - Example.py - baiDuSerach - 67- INFO: 用例id：test025:接口名称：baiDuSerach;传递token：None;传递参数：python25;用例备注：测试示例断言失败
2025-03-22 17:10:49,632 - testExample.py - test_baiDuSerach_sheetOne - 86- INFO: test025:断言响应状态码;期望结果：200;实际结果：200
2025-03-22 17:10:49,641 - testExample.py - test_baiDuSerach_sheetOne - 91- INFO: test025:断言响应体字段值;期望结果:24;实际结果：0
2025-03-22 17:10:49,649 - testExample.py - test_baiDuSerach_sheetOne - 96- INFO: test025:断言响应时间;期望结果:200;实际结果：125
2025-03-22 17:10:49,682 - Example.py - baiDuSerach - 67- INFO: 用例id：test026:接口名称：baiDuSerach;传递token：None;传递参数：python26;用例备注：测试示例断言失败
2025-03-22 17:10:49,804 - testExample.py - test_baiDuSerach_sheetOne - 86- INFO: test026:断言响应状态码;期望结果：200;实际结果：200
2025-03-22 17:10:49,812 - testExample.py - test_baiDuSerach_sheetOne - 91- INFO: test026:断言响应体字段值;期望结果:25;实际结果：0
2025-03-22 17:10:49,820 - testExample.py - test_baiDuSerach_sheetOne - 96- INFO: test026:断言响应时间;期望结果:200;实际结果：118
2025-03-22 17:10:49,849 - Example.py - baiDuSerach - 67- INFO: 用例id：test027:接口名称：baiDuSerach;传递token：None;传递参数：python27;用例备注：测试示例断言失败
2025-03-22 17:10:49,976 - testExample.py - test_baiDuSerach_sheetOne - 86- INFO: test027:断言响应状态码;期望结果：200;实际结果：200
2025-03-22 17:10:49,983 - testExample.py - test_baiDuSerach_sheetOne - 91- INFO: test027:断言响应体字段值;期望结果:26;实际结果：0
2025-03-22 17:10:49,992 - testExample.py - test_baiDuSerach_sheetOne - 96- INFO: test027:断言响应时间;期望结果:200;实际结果：122
2025-03-22 17:10:50,021 - Example.py - baiDuSerach - 67- INFO: 用例id：test028:接口名称：baiDuSerach;传递token：None;传递参数：python28;用例备注：测试示例断言失败
2025-03-22 17:10:50,148 - testExample.py - test_baiDuSerach_sheetOne - 86- INFO: test028:断言响应状态码;期望结果：200;实际结果：200
2025-03-22 17:10:50,160 - testExample.py - test_baiDuSerach_sheetOne - 91- INFO: test028:断言响应体字段值;期望结果:27;实际结果：0
2025-03-22 17:10:50,171 - testExample.py - test_baiDuSerach_sheetOne - 96- INFO: test028:断言响应时间;期望结果:200;实际结果：122
2025-03-22 17:10:50,200 - Example.py - baiDuSerach - 67- INFO: 用例id：test029:接口名称：baiDuSerach;传递token：None;传递参数：python29;用例备注：测试示例断言失败
2025-03-22 17:10:50,327 - testExample.py - test_baiDuSerach_sheetOne - 86- INFO: test029:断言响应状态码;期望结果：200;实际结果：200
2025-03-22 17:10:50,334 - testExample.py - test_baiDuSerach_sheetOne - 91- INFO: test029:断言响应体字段值;期望结果:28;实际结果：0
2025-03-22 17:10:50,342 - testExample.py - test_baiDuSerach_sheetOne - 96- INFO: test029:断言响应时间;期望结果:200;实际结果：123
2025-03-22 17:10:50,373 - Example.py - baiDuSerach - 67- INFO: 用例id：test030:接口名称：baiDuSerach;传递token：None;传递参数：python30;用例备注：测试示例断言失败
2025-03-22 17:10:50,501 - testExample.py - test_baiDuSerach_sheetOne - 86- INFO: test030:断言响应状态码;期望结果：200;实际结果：200
2025-03-22 17:10:50,509 - testExample.py - test_baiDuSerach_sheetOne - 91- INFO: test030:断言响应体字段值;期望结果:29;实际结果：0
2025-03-22 17:10:50,517 - testExample.py - test_baiDuSerach_sheetOne - 96- INFO: test030:断言响应时间;期望结果:200;实际结果：125
2025-03-22 17:10:50,549 - Example.py - baiDuSerach - 67- INFO: 用例id：test031:接口名称：baiDuSerach;传递token：None;传递参数：python31;用例备注：测试示例断言失败
2025-03-22 17:10:50,671 - testExample.py - test_baiDuSerach_sheetOne - 86- INFO: test031:断言响应状态码;期望结果：200;实际结果：200
2025-03-22 17:10:50,679 - testExample.py - test_baiDuSerach_sheetOne - 91- INFO: test031:断言响应体字段值;期望结果:30;实际结果：0
2025-03-22 17:10:50,686 - testExample.py - test_baiDuSerach_sheetOne - 96- INFO: test031:断言响应时间;期望结果:200;实际结果：118
2025-03-22 17:10:50,715 - Example.py - baiDuSerach - 67- INFO: 用例id：test032:接口名称：baiDuSerach;传递token：None;传递参数：python32;用例备注：测试示例断言失败
2025-03-22 17:10:50,843 - testExample.py - test_baiDuSerach_sheetOne - 86- INFO: test032:断言响应状态码;期望结果：200;实际结果：200
2025-03-22 17:10:50,851 - testExample.py - test_baiDuSerach_sheetOne - 91- INFO: test032:断言响应体字段值;期望结果:31;实际结果：0
2025-03-22 17:10:50,858 - testExample.py - test_baiDuSerach_sheetOne - 96- INFO: test032:断言响应时间;期望结果:200;实际结果：123
2025-03-22 17:10:50,926 - Example.py - baiDuSerach - 67- INFO: 用例id：test033:接口名称：baiDuSerach;传递token：None;传递参数：python33;用例备注：测试示例断言失败
2025-03-22 17:10:51,053 - testExample.py - test_baiDuSerach_sheetOne - 86- INFO: test033:断言响应状态码;期望结果：200;实际结果：200
2025-03-22 17:10:51,062 - testExample.py - test_baiDuSerach_sheetOne - 91- INFO: test033:断言响应体字段值;期望结果:32;实际结果：0
2025-03-22 17:10:51,069 - testExample.py - test_baiDuSerach_sheetOne - 96- INFO: test033:断言响应时间;期望结果:200;实际结果：123
2025-03-22 17:10:51,098 - Example.py - baiDuSerach - 67- INFO: 用例id：test034:接口名称：baiDuSerach;传递token：None;传递参数：python34;用例备注：测试示例断言失败
2025-03-22 17:10:51,224 - testExample.py - test_baiDuSerach_sheetOne - 86- INFO: test034:断言响应状态码;期望结果：200;实际结果：200
2025-03-22 17:10:51,232 - testExample.py - test_baiDuSerach_sheetOne - 91- INFO: test034:断言响应体字段值;期望结果:33;实际结果：0
2025-03-22 17:10:51,239 - testExample.py - test_baiDuSerach_sheetOne - 96- INFO: test034:断言响应时间;期望结果:200;实际结果：122
2025-03-22 17:10:51,268 - Example.py - baiDuSerach - 67- INFO: 用例id：test035:接口名称：baiDuSerach;传递token：None;传递参数：python35;用例备注：测试示例断言失败
2025-03-22 17:10:51,394 - testExample.py - test_baiDuSerach_sheetOne - 86- INFO: test035:断言响应状态码;期望结果：200;实际结果：200
2025-03-22 17:10:51,402 - testExample.py - test_baiDuSerach_sheetOne - 91- INFO: test035:断言响应体字段值;期望结果:34;实际结果：0
2025-03-22 17:10:51,409 - testExample.py - test_baiDuSerach_sheetOne - 96- INFO: test035:断言响应时间;期望结果:200;实际结果：122
2025-03-22 17:10:51,442 - Example.py - baiDuSerach - 67- INFO: 用例id：test036:接口名称：baiDuSerach;传递token：None;传递参数：python36;用例备注：测试示例断言失败
2025-03-22 17:10:51,563 - testExample.py - test_baiDuSerach_sheetOne - 86- INFO: test036:断言响应状态码;期望结果：200;实际结果：200
2025-03-22 17:10:51,572 - testExample.py - test_baiDuSerach_sheetOne - 91- INFO: test036:断言响应体字段值;期望结果:35;实际结果：0
2025-03-22 17:10:51,581 - testExample.py - test_baiDuSerach_sheetOne - 96- INFO: test036:断言响应时间;期望结果:200;实际结果：117
2025-03-22 17:10:51,614 - Example.py - baiDuSerach - 67- INFO: 用例id：test037:接口名称：baiDuSerach;传递token：None;传递参数：python37;用例备注：测试示例断言失败
2025-03-22 17:10:51,739 - testExample.py - test_baiDuSerach_sheetOne - 86- INFO: test037:断言响应状态码;期望结果：200;实际结果：200
2025-03-22 17:10:51,747 - testExample.py - test_baiDuSerach_sheetOne - 91- INFO: test037:断言响应体字段值;期望结果:36;实际结果：0
2025-03-22 17:10:51,755 - testExample.py - test_baiDuSerach_sheetOne - 96- INFO: test037:断言响应时间;期望结果:200;实际结果：121
2025-03-22 17:10:51,788 - Example.py - baiDuSerach - 67- INFO: 用例id：test038:接口名称：baiDuSerach;传递token：None;传递参数：python38;用例备注：测试示例断言失败
2025-03-22 17:10:51,919 - testExample.py - test_baiDuSerach_sheetOne - 86- INFO: test038:断言响应状态码;期望结果：200;实际结果：200
2025-03-22 17:10:51,928 - testExample.py - test_baiDuSerach_sheetOne - 91- INFO: test038:断言响应体字段值;期望结果:37;实际结果：0
2025-03-22 17:10:51,935 - testExample.py - test_baiDuSerach_sheetOne - 96- INFO: test038:断言响应时间;期望结果:200;实际结果：127
2025-03-22 17:10:51,965 - Example.py - baiDuSerach - 67- INFO: 用例id：test039:接口名称：baiDuSerach;传递token：None;传递参数：python39;用例备注：测试示例断言失败
2025-03-22 17:10:52,091 - testExample.py - test_baiDuSerach_sheetOne - 86- INFO: test039:断言响应状态码;期望结果：200;实际结果：200
2025-03-22 17:10:52,098 - testExample.py - test_baiDuSerach_sheetOne - 91- INFO: test039:断言响应体字段值;期望结果:38;实际结果：0
2025-03-22 17:10:52,106 - testExample.py - test_baiDuSerach_sheetOne - 96- INFO: test039:断言响应时间;期望结果:200;实际结果：121
2025-03-22 17:10:52,134 - Example.py - baiDuSerach - 67- INFO: 用例id：test040:接口名称：baiDuSerach;传递token：None;传递参数：python40;用例备注：测试示例断言失败
2025-03-22 17:10:52,263 - testExample.py - test_baiDuSerach_sheetOne - 86- INFO: test040:断言响应状态码;期望结果：200;实际结果：200
2025-03-22 17:10:52,271 - testExample.py - test_baiDuSerach_sheetOne - 91- INFO: test040:断言响应体字段值;期望结果:39;实际结果：0
2025-03-22 17:10:52,278 - testExample.py - test_baiDuSerach_sheetOne - 96- INFO: test040:断言响应时间;期望结果:200;实际结果：124
2025-03-22 17:10:52,308 - Example.py - baiDuSerach - 67- INFO: 用例id：test041:接口名称：baiDuSerach;传递token：None;传递参数：python41;用例备注：测试示例断言失败
2025-03-22 17:10:52,432 - testExample.py - test_baiDuSerach_sheetOne - 86- INFO: test041:断言响应状态码;期望结果：200;实际结果：200
2025-03-22 17:10:52,439 - testExample.py - test_baiDuSerach_sheetOne - 91- INFO: test041:断言响应体字段值;期望结果:40;实际结果：0
2025-03-22 17:10:52,447 - testExample.py - test_baiDuSerach_sheetOne - 96- INFO: test041:断言响应时间;期望结果:200;实际结果：120
2025-03-22 17:10:52,477 - Example.py - baiDuSerach - 67- INFO: 用例id：test042:接口名称：baiDuSerach;传递token：None;传递参数：python42;用例备注：测试示例断言失败
2025-03-22 17:10:52,599 - testExample.py - test_baiDuSerach_sheetOne - 86- INFO: test042:断言响应状态码;期望结果：200;实际结果：200
2025-03-22 17:10:52,608 - testExample.py - test_baiDuSerach_sheetOne - 91- INFO: test042:断言响应体字段值;期望结果:41;实际结果：0
2025-03-22 17:10:52,616 - testExample.py - test_baiDuSerach_sheetOne - 96- INFO: test042:断言响应时间;期望结果:200;实际结果：118
2025-03-22 17:10:52,646 - Example.py - baiDuSerach - 67- INFO: 用例id：test043:接口名称：baiDuSerach;传递token：None;传递参数：python43;用例备注：测试示例断言失败
2025-03-22 17:10:52,777 - testExample.py - test_baiDuSerach_sheetOne - 86- INFO: test043:断言响应状态码;期望结果：200;实际结果：200
2025-03-22 17:10:52,784 - testExample.py - test_baiDuSerach_sheetOne - 91- INFO: test043:断言响应体字段值;期望结果:42;实际结果：0
2025-03-22 17:10:52,792 - testExample.py - test_baiDuSerach_sheetOne - 96- INFO: test043:断言响应时间;期望结果:200;实际结果：127
2025-03-22 17:10:52,822 - Example.py - baiDuSerach - 67- INFO: 用例id：test044:接口名称：baiDuSerach;传递token：None;传递参数：python44;用例备注：测试示例断言失败
2025-03-22 17:10:52,948 - testExample.py - test_baiDuSerach_sheetOne - 86- INFO: test044:断言响应状态码;期望结果：200;实际结果：200
2025-03-22 17:10:52,955 - testExample.py - test_baiDuSerach_sheetOne - 91- INFO: test044:断言响应体字段值;期望结果:43;实际结果：0
2025-03-22 17:10:52,963 - testExample.py - test_baiDuSerach_sheetOne - 96- INFO: test044:断言响应时间;期望结果:200;实际结果：123
2025-03-22 17:10:53,028 - Example.py - baiDuSerach - 67- INFO: 用例id：test045:接口名称：baiDuSerach;传递token：None;传递参数：python45;用例备注：测试示例断言失败
2025-03-22 17:10:53,155 - testExample.py - test_baiDuSerach_sheetOne - 86- INFO: test045:断言响应状态码;期望结果：200;实际结果：200
2025-03-22 17:10:53,163 - testExample.py - test_baiDuSerach_sheetOne - 91- INFO: test045:断言响应体字段值;期望结果:44;实际结果：0
2025-03-22 17:10:53,170 - testExample.py - test_baiDuSerach_sheetOne - 96- INFO: test045:断言响应时间;期望结果:200;实际结果：124
2025-03-22 17:10:53,200 - Example.py - baiDuSerach - 67- INFO: 用例id：test046:接口名称：baiDuSerach;传递token：None;传递参数：python46;用例备注：测试示例断言失败
2025-03-22 17:10:53,329 - testExample.py - test_baiDuSerach_sheetOne - 86- INFO: test046:断言响应状态码;期望结果：200;实际结果：200
2025-03-22 17:10:53,337 - testExample.py - test_baiDuSerach_sheetOne - 91- INFO: test046:断言响应体字段值;期望结果:45;实际结果：0
2025-03-22 17:10:53,345 - testExample.py - test_baiDuSerach_sheetOne - 96- INFO: test046:断言响应时间;期望结果:200;实际结果：125
2025-03-22 17:10:53,374 - Example.py - baiDuSerach - 67- INFO: 用例id：test047:接口名称：baiDuSerach;传递token：None;传递参数：python47;用例备注：测试示例断言失败
2025-03-22 17:10:53,498 - testExample.py - test_baiDuSerach_sheetOne - 86- INFO: test047:断言响应状态码;期望结果：200;实际结果：200
2025-03-22 17:10:53,506 - testExample.py - test_baiDuSerach_sheetOne - 91- INFO: test047:断言响应体字段值;期望结果:46;实际结果：0
2025-03-22 17:10:53,515 - testExample.py - test_baiDuSerach_sheetOne - 96- INFO: test047:断言响应时间;期望结果:200;实际结果：121
2025-03-22 17:10:53,544 - Example.py - baiDuSerach - 67- INFO: 用例id：test048:接口名称：baiDuSerach;传递token：None;传递参数：python48;用例备注：测试示例断言失败
2025-03-22 17:10:53,666 - testExample.py - test_baiDuSerach_sheetOne - 86- INFO: test048:断言响应状态码;期望结果：200;实际结果：200
2025-03-22 17:10:53,674 - testExample.py - test_baiDuSerach_sheetOne - 91- INFO: test048:断言响应体字段值;期望结果:47;实际结果：0
2025-03-22 17:10:53,682 - testExample.py - test_baiDuSerach_sheetOne - 96- INFO: test048:断言响应时间;期望结果:200;实际结果：119
2025-03-22 17:10:53,711 - Example.py - baiDuSerach - 67- INFO: 用例id：test049:接口名称：baiDuSerach;传递token：None;传递参数：python49;用例备注：测试示例断言失败
2025-03-22 17:10:53,835 - testExample.py - test_baiDuSerach_sheetOne - 86- INFO: test049:断言响应状态码;期望结果：200;实际结果：200
2025-03-22 17:10:53,844 - testExample.py - test_baiDuSerach_sheetOne - 91- INFO: test049:断言响应体字段值;期望结果:48;实际结果：0
2025-03-22 17:10:53,851 - testExample.py - test_baiDuSerach_sheetOne - 96- INFO: test049:断言响应时间;期望结果:200;实际结果：120
2025-03-22 17:10:53,880 - Example.py - baiDuSerach - 67- INFO: 用例id：test050:接口名称：baiDuSerach;传递token：None;传递参数：python50;用例备注：测试示例断言失败
2025-03-22 17:10:54,010 - testExample.py - test_baiDuSerach_sheetOne - 86- INFO: test050:断言响应状态码;期望结果：200;实际结果：200
2025-03-22 17:10:54,017 - testExample.py - test_baiDuSerach_sheetOne - 91- INFO: test050:断言响应体字段值;期望结果:49;实际结果：0
2025-03-22 17:10:54,025 - testExample.py - test_baiDuSerach_sheetOne - 96- INFO: test050:断言响应时间;期望结果:200;实际结果：125
2025-03-22 17:10:54,054 - Example.py - baiDuSerach - 67- INFO: 用例id：test051:接口名称：baiDuSerach;传递token：None;传递参数：python51;用例备注：测试示例断言失败
2025-03-22 17:10:54,175 - testExample.py - test_baiDuSerach_sheetOne - 86- INFO: test051:断言响应状态码;期望结果：200;实际结果：200
2025-03-22 17:10:54,182 - testExample.py - test_baiDuSerach_sheetOne - 91- INFO: test051:断言响应体字段值;期望结果:50;实际结果：0
2025-03-22 17:10:54,190 - testExample.py - test_baiDuSerach_sheetOne - 96- INFO: test051:断言响应时间;期望结果:200;实际结果：117
2025-03-22 17:10:54,221 - Example.py - baiDuSerach - 67- INFO: 用例id：test052:接口名称：baiDuSerach;传递token：None;传递参数：python52;用例备注：测试示例断言失败
2025-03-22 17:10:54,344 - testExample.py - test_baiDuSerach_sheetOne - 86- INFO: test052:断言响应状态码;期望结果：200;实际结果：200
2025-03-22 17:10:54,351 - testExample.py - test_baiDuSerach_sheetOne - 91- INFO: test052:断言响应体字段值;期望结果:51;实际结果：0
2025-03-22 17:10:54,359 - testExample.py - test_baiDuSerach_sheetOne - 96- INFO: test052:断言响应时间;期望结果:200;实际结果：118
2025-03-22 17:10:54,388 - Example.py - baiDuSerach - 67- INFO: 用例id：test053:接口名称：baiDuSerach;传递token：None;传递参数：python53;用例备注：测试示例断言失败
2025-03-22 17:10:54,515 - testExample.py - test_baiDuSerach_sheetOne - 86- INFO: test053:断言响应状态码;期望结果：200;实际结果：200
2025-03-22 17:10:54,523 - testExample.py - test_baiDuSerach_sheetOne - 91- INFO: test053:断言响应体字段值;期望结果:52;实际结果：0
2025-03-22 17:10:54,530 - testExample.py - test_baiDuSerach_sheetOne - 96- INFO: test053:断言响应时间;期望结果:200;实际结果：123
2025-03-22 17:10:54,559 - Example.py - baiDuSerach - 67- INFO: 用例id：test054:接口名称：baiDuSerach;传递token：None;传递参数：python54;用例备注：测试示例断言失败
2025-03-22 17:10:54,680 - testExample.py - test_baiDuSerach_sheetOne - 86- INFO: test054:断言响应状态码;期望结果：200;实际结果：200
2025-03-22 17:10:54,688 - testExample.py - test_baiDuSerach_sheetOne - 91- INFO: test054:断言响应体字段值;期望结果:53;实际结果：0
2025-03-22 17:10:54,696 - testExample.py - test_baiDuSerach_sheetOne - 96- INFO: test054:断言响应时间;期望结果:200;实际结果：118
2025-03-22 17:10:54,725 - Example.py - baiDuSerach - 67- INFO: 用例id：test055:接口名称：baiDuSerach;传递token：None;传递参数：python55;用例备注：测试示例断言失败
2025-03-22 17:10:54,848 - testExample.py - test_baiDuSerach_sheetOne - 86- INFO: test055:断言响应状态码;期望结果：200;实际结果：200
2025-03-22 17:10:54,856 - testExample.py - test_baiDuSerach_sheetOne - 91- INFO: test055:断言响应体字段值;期望结果:54;实际结果：0
2025-03-22 17:10:54,863 - testExample.py - test_baiDuSerach_sheetOne - 96- INFO: test055:断言响应时间;期望结果:200;实际结果：119
2025-03-22 17:10:54,892 - Example.py - baiDuSerach - 67- INFO: 用例id：test056:接口名称：baiDuSerach;传递token：None;传递参数：python56;用例备注：测试示例断言失败
2025-03-22 17:10:55,024 - testExample.py - test_baiDuSerach_sheetOne - 86- INFO: test056:断言响应状态码;期望结果：200;实际结果：200
2025-03-22 17:10:55,032 - testExample.py - test_baiDuSerach_sheetOne - 91- INFO: test056:断言响应体字段值;期望结果:55;实际结果：0
2025-03-22 17:10:55,039 - testExample.py - test_baiDuSerach_sheetOne - 96- INFO: test056:断言响应时间;期望结果:200;实际结果：128
2025-03-22 17:10:55,108 - Example.py - baiDuSerach - 67- INFO: 用例id：test057:接口名称：baiDuSerach;传递token：None;传递参数：python57;用例备注：测试示例断言失败
2025-03-22 17:10:55,231 - testExample.py - test_baiDuSerach_sheetOne - 86- INFO: test057:断言响应状态码;期望结果：200;实际结果：200
2025-03-22 17:10:55,239 - testExample.py - test_baiDuSerach_sheetOne - 91- INFO: test057:断言响应体字段值;期望结果:56;实际结果：0
2025-03-22 17:10:55,247 - testExample.py - test_baiDuSerach_sheetOne - 96- INFO: test057:断言响应时间;期望结果:200;实际结果：121
2025-03-22 17:10:55,278 - Example.py - baiDuSerach - 67- INFO: 用例id：test058:接口名称：baiDuSerach;传递token：None;传递参数：python58;用例备注：测试示例断言失败
2025-03-22 17:10:55,411 - testExample.py - test_baiDuSerach_sheetOne - 86- INFO: test058:断言响应状态码;期望结果：200;实际结果：200
2025-03-22 17:10:55,419 - testExample.py - test_baiDuSerach_sheetOne - 91- INFO: test058:断言响应体字段值;期望结果:57;实际结果：0
2025-03-22 17:10:55,427 - testExample.py - test_baiDuSerach_sheetOne - 96- INFO: test058:断言响应时间;期望结果:200;实际结果：130
2025-03-22 17:10:55,458 - Example.py - baiDuSerach - 67- INFO: 用例id：test059:接口名称：baiDuSerach;传递token：None;传递参数：python59;用例备注：测试示例断言失败
2025-03-22 17:10:55,582 - testExample.py - test_baiDuSerach_sheetOne - 86- INFO: test059:断言响应状态码;期望结果：200;实际结果：200
2025-03-22 17:10:55,590 - testExample.py - test_baiDuSerach_sheetOne - 91- INFO: test059:断言响应体字段值;期望结果:58;实际结果：0
2025-03-22 17:10:55,597 - testExample.py - test_baiDuSerach_sheetOne - 96- INFO: test059:断言响应时间;期望结果:200;实际结果：121
2025-03-22 17:10:55,627 - Example.py - baiDuSerach - 67- INFO: 用例id：test060:接口名称：baiDuSerach;传递token：None;传递参数：python60;用例备注：测试示例断言失败
2025-03-22 17:10:55,752 - testExample.py - test_baiDuSerach_sheetOne - 86- INFO: test060:断言响应状态码;期望结果：200;实际结果：200
2025-03-22 17:10:55,760 - testExample.py - test_baiDuSerach_sheetOne - 91- INFO: test060:断言响应体字段值;期望结果:59;实际结果：0
2025-03-22 17:10:55,767 - testExample.py - test_baiDuSerach_sheetOne - 96- INFO: test060:断言响应时间;期望结果:200;实际结果：122
2025-03-22 17:10:55,796 - Example.py - baiDuSerach - 67- INFO: 用例id：test061:接口名称：baiDuSerach;传递token：None;传递参数：python61;用例备注：测试示例断言失败
2025-03-22 17:10:55,915 - testExample.py - test_baiDuSerach_sheetOne - 86- INFO: test061:断言响应状态码;期望结果：200;实际结果：200
2025-03-22 17:10:55,924 - testExample.py - test_baiDuSerach_sheetOne - 91- INFO: test061:断言响应体字段值;期望结果:60;实际结果：0
2025-03-22 17:10:55,931 - testExample.py - test_baiDuSerach_sheetOne - 96- INFO: test061:断言响应时间;期望结果:200;实际结果：115
2025-03-22 17:10:55,964 - Example.py - baiDuSerach - 67- INFO: 用例id：test062:接口名称：baiDuSerach;传递token：None;传递参数：python62;用例备注：测试示例断言失败
2025-03-22 17:10:56,085 - testExample.py - test_baiDuSerach_sheetOne - 86- INFO: test062:断言响应状态码;期望结果：200;实际结果：200
2025-03-22 17:10:56,093 - testExample.py - test_baiDuSerach_sheetOne - 91- INFO: test062:断言响应体字段值;期望结果:61;实际结果：0
2025-03-22 17:10:56,101 - testExample.py - test_baiDuSerach_sheetOne - 96- INFO: test062:断言响应时间;期望结果:200;实际结果：117
2025-03-22 17:10:56,131 - Example.py - baiDuSerach - 67- INFO: 用例id：test063:接口名称：baiDuSerach;传递token：None;传递参数：python63;用例备注：测试示例断言失败
2025-03-22 17:10:56,256 - testExample.py - test_baiDuSerach_sheetOne - 86- INFO: test063:断言响应状态码;期望结果：200;实际结果：200
2025-03-22 17:10:56,264 - testExample.py - test_baiDuSerach_sheetOne - 91- INFO: test063:断言响应体字段值;期望结果:62;实际结果：0
2025-03-22 17:10:56,271 - testExample.py - test_baiDuSerach_sheetOne - 96- INFO: test063:断言响应时间;期望结果:200;实际结果：122
2025-03-22 17:10:56,300 - Example.py - baiDuSerach - 67- INFO: 用例id：test064:接口名称：baiDuSerach;传递token：None;传递参数：python64;用例备注：测试示例断言失败
2025-03-22 17:10:58,550 - testExample.py - test_baiDuSerach_sheetOne - 86- INFO: test064:断言响应状态码;期望结果：200;实际结果：200
2025-03-22 17:10:58,558 - testExample.py - test_baiDuSerach_sheetOne - 91- INFO: test064:断言响应体字段值;期望结果:63;实际结果：0
2025-03-22 17:10:58,566 - testExample.py - test_baiDuSerach_sheetOne - 96- INFO: test064:断言响应时间;期望结果:200;实际结果：246
2025-03-22 17:10:58,596 - Example.py - baiDuSerach - 67- INFO: 用例id：test065:接口名称：baiDuSerach;传递token：None;传递参数：python65;用例备注：测试示例断言失败
2025-03-22 17:10:58,718 - testExample.py - test_baiDuSerach_sheetOne - 86- INFO: test065:断言响应状态码;期望结果：200;实际结果：200
2025-03-22 17:10:58,725 - testExample.py - test_baiDuSerach_sheetOne - 91- INFO: test065:断言响应体字段值;期望结果:64;实际结果：0
2025-03-22 17:10:58,734 - testExample.py - test_baiDuSerach_sheetOne - 96- INFO: test065:断言响应时间;期望结果:200;实际结果：118
2025-03-22 17:10:58,764 - Example.py - baiDuSerach - 67- INFO: 用例id：test066:接口名称：baiDuSerach;传递token：None;传递参数：python66;用例备注：测试示例断言失败
2025-03-22 17:10:58,892 - testExample.py - test_baiDuSerach_sheetOne - 86- INFO: test066:断言响应状态码;期望结果：200;实际结果：200
2025-03-22 17:10:58,900 - testExample.py - test_baiDuSerach_sheetOne - 91- INFO: test066:断言响应体字段值;期望结果:65;实际结果：0
2025-03-22 17:10:58,907 - testExample.py - test_baiDuSerach_sheetOne - 96- INFO: test066:断言响应时间;期望结果:200;实际结果：125
2025-03-22 17:10:58,937 - Example.py - baiDuSerach - 67- INFO: 用例id：test067:接口名称：baiDuSerach;传递token：None;传递参数：python67;用例备注：测试示例断言失败
2025-03-22 17:10:59,064 - testExample.py - test_baiDuSerach_sheetOne - 86- INFO: test067:断言响应状态码;期望结果：200;实际结果：200
2025-03-22 17:10:59,072 - testExample.py - test_baiDuSerach_sheetOne - 91- INFO: test067:断言响应体字段值;期望结果:66;实际结果：0
2025-03-22 17:10:59,079 - testExample.py - test_baiDuSerach_sheetOne - 96- INFO: test067:断言响应时间;期望结果:200;实际结果：123
2025-03-22 17:10:59,109 - Example.py - baiDuSerach - 67- INFO: 用例id：test068:接口名称：baiDuSerach;传递token：None;传递参数：python68;用例备注：测试示例断言失败
2025-03-22 17:10:59,232 - testExample.py - test_baiDuSerach_sheetOne - 86- INFO: test068:断言响应状态码;期望结果：200;实际结果：200
2025-03-22 17:10:59,241 - testExample.py - test_baiDuSerach_sheetOne - 91- INFO: test068:断言响应体字段值;期望结果:67;实际结果：0
2025-03-22 17:10:59,248 - testExample.py - test_baiDuSerach_sheetOne - 96- INFO: test068:断言响应时间;期望结果:200;实际结果：119
2025-03-22 17:10:59,320 - Example.py - baiDuSerach - 67- INFO: 用例id：test069:接口名称：baiDuSerach;传递token：None;传递参数：python69;用例备注：测试示例断言失败
2025-03-22 17:10:59,449 - testExample.py - test_baiDuSerach_sheetOne - 86- INFO: test069:断言响应状态码;期望结果：200;实际结果：200
2025-03-22 17:10:59,457 - testExample.py - test_baiDuSerach_sheetOne - 91- INFO: test069:断言响应体字段值;期望结果:68;实际结果：0
2025-03-22 17:10:59,465 - testExample.py - test_baiDuSerach_sheetOne - 96- INFO: test069:断言响应时间;期望结果:200;实际结果：125
2025-03-22 17:10:59,495 - Example.py - baiDuSerach - 67- INFO: 用例id：test070:接口名称：baiDuSerach;传递token：None;传递参数：python70;用例备注：测试示例断言失败
2025-03-22 17:10:59,613 - testExample.py - test_baiDuSerach_sheetOne - 86- INFO: test070:断言响应状态码;期望结果：200;实际结果：200
2025-03-22 17:10:59,622 - testExample.py - test_baiDuSerach_sheetOne - 91- INFO: test070:断言响应体字段值;期望结果:69;实际结果：0
2025-03-22 17:10:59,631 - testExample.py - test_baiDuSerach_sheetOne - 96- INFO: test070:断言响应时间;期望结果:200;实际结果：113
