2025-03-22 09:42:41,740 - Example.py - baiDuSerach - 67- INFO: 用例id：test001:接口名称：baiDuSerach;传递token：None;传递参数：python1;用例备注：测试示例断言成功
2025-03-22 09:42:41,864 - testExample.py - test_baiDuSerach_sheetOne - 59- INFO: test001:断言响应状态码;期望结果：200;实际结果：200
2025-03-22 09:42:41,952 - testExample.py - test_baiDuSerach_sheetOne - 64- INFO: test001:断言响应体字段值;期望结果:0;实际结果：0
2025-03-22 09:42:41,959 - testExample.py - test_baiDuSerach_sheetOne - 69- INFO: test001:断言响应时间;期望结果:200;实际结果：120
2025-03-22 09:42:41,971 - Example.py - baiDuSerach - 67- INFO: 用例id：test002:接口名称：baiDuSerach;传递token：None;传递参数：python2;用例备注：
2025-03-22 09:42:42,101 - testExample.py - test_baiDuSerach_sheetOne - 59- INFO: test002:断言响应状态码;期望结果：200;实际结果：200
2025-03-22 09:42:42,110 - testExample.py - test_baiDuSerach_sheetOne - 64- INFO: test002:断言响应体字段值;期望结果:1;实际结果：0
2025-03-22 09:42:42,117 - testExample.py - test_baiDuSerach_sheetOne - 69- INFO: test002:断言响应时间;期望结果:200;实际结果：126
2025-03-22 09:42:42,150 - Example.py - baiDuSerach - 67- INFO: 用例id：test003:接口名称：baiDuSerach;传递token：None;传递参数：python3;用例备注：测试示例断言失败
2025-03-22 09:42:42,275 - testExample.py - test_baiDuSerach_sheetOne - 59- INFO: test003:断言响应状态码;期望结果：200;实际结果：200
2025-03-22 09:42:42,283 - testExample.py - test_baiDuSerach_sheetOne - 64- INFO: test003:断言响应体字段值;期望结果:2;实际结果：0
2025-03-22 09:42:42,291 - testExample.py - test_baiDuSerach_sheetOne - 69- INFO: test003:断言响应时间;期望结果:200;实际结果：121
2025-03-22 09:42:42,319 - Example.py - baiDuSerach - 67- INFO: 用例id：test004:接口名称：baiDuSerach;传递token：None;传递参数：python4;用例备注：测试示例断言失败
2025-03-22 09:42:42,448 - testExample.py - test_baiDuSerach_sheetOne - 59- INFO: test004:断言响应状态码;期望结果：200;实际结果：200
2025-03-22 09:42:42,456 - testExample.py - test_baiDuSerach_sheetOne - 64- INFO: test004:断言响应体字段值;期望结果:3;实际结果：0
2025-03-22 09:42:42,463 - testExample.py - test_baiDuSerach_sheetOne - 69- INFO: test004:断言响应时间;期望结果:200;实际结果：125
2025-03-22 09:42:42,492 - Example.py - baiDuSerach - 67- INFO: 用例id：test005:接口名称：baiDuSerach;传递token：None;传递参数：python5;用例备注：测试示例断言失败
2025-03-22 09:42:42,615 - testExample.py - test_baiDuSerach_sheetOne - 59- INFO: test005:断言响应状态码;期望结果：200;实际结果：200
2025-03-22 09:42:42,624 - testExample.py - test_baiDuSerach_sheetOne - 64- INFO: test005:断言响应体字段值;期望结果:4;实际结果：0
2025-03-22 09:42:42,632 - testExample.py - test_baiDuSerach_sheetOne - 69- INFO: test005:断言响应时间;期望结果:200;实际结果：118
2025-03-22 09:42:42,663 - Example.py - baiDuSerach - 67- INFO: 用例id：test006:接口名称：baiDuSerach;传递token：None;传递参数：python6;用例备注：测试示例断言失败
2025-03-22 09:42:42,789 - testExample.py - test_baiDuSerach_sheetOne - 59- INFO: test006:断言响应状态码;期望结果：200;实际结果：200
2025-03-22 09:42:42,797 - testExample.py - test_baiDuSerach_sheetOne - 64- INFO: test006:断言响应体字段值;期望结果:5;实际结果：0
2025-03-22 09:42:42,804 - testExample.py - test_baiDuSerach_sheetOne - 69- INFO: test006:断言响应时间;期望结果:200;实际结果：122
2025-03-22 09:42:42,832 - Example.py - baiDuSerach - 67- INFO: 用例id：test007:接口名称：baiDuSerach;传递token：None;传递参数：python7;用例备注：测试示例断言失败
2025-03-22 09:42:42,953 - testExample.py - test_baiDuSerach_sheetOne - 59- INFO: test007:断言响应状态码;期望结果：200;实际结果：200
2025-03-22 09:42:42,961 - testExample.py - test_baiDuSerach_sheetOne - 64- INFO: test007:断言响应体字段值;期望结果:6;实际结果：0
2025-03-22 09:42:42,968 - testExample.py - test_baiDuSerach_sheetOne - 69- INFO: test007:断言响应时间;期望结果:200;实际结果：117
2025-03-22 09:42:42,996 - Example.py - baiDuSerach - 67- INFO: 用例id：test008:接口名称：baiDuSerach;传递token：None;传递参数：python8;用例备注：测试示例断言失败
2025-03-22 09:42:43,114 - testExample.py - test_baiDuSerach_sheetOne - 59- INFO: test008:断言响应状态码;期望结果：200;实际结果：200
2025-03-22 09:42:43,122 - testExample.py - test_baiDuSerach_sheetOne - 64- INFO: test008:断言响应体字段值;期望结果:7;实际结果：0
2025-03-22 09:42:43,130 - testExample.py - test_baiDuSerach_sheetOne - 69- INFO: test008:断言响应时间;期望结果:200;实际结果：115
2025-03-22 09:42:43,159 - Example.py - baiDuSerach - 67- INFO: 用例id：test009:接口名称：baiDuSerach;传递token：None;传递参数：python9;用例备注：测试示例断言失败
2025-03-22 09:42:43,282 - testExample.py - test_baiDuSerach_sheetOne - 59- INFO: test009:断言响应状态码;期望结果：200;实际结果：200
2025-03-22 09:42:43,290 - testExample.py - test_baiDuSerach_sheetOne - 64- INFO: test009:断言响应体字段值;期望结果:8;实际结果：0
2025-03-22 09:42:43,298 - testExample.py - test_baiDuSerach_sheetOne - 69- INFO: test009:断言响应时间;期望结果:200;实际结果：120
2025-03-22 09:42:43,366 - Example.py - baiDuSerach - 67- INFO: 用例id：test010:接口名称：baiDuSerach;传递token：None;传递参数：python10;用例备注：测试示例断言失败
2025-03-22 09:42:43,491 - testExample.py - test_baiDuSerach_sheetOne - 59- INFO: test010:断言响应状态码;期望结果：200;实际结果：200
2025-03-22 09:42:43,499 - testExample.py - test_baiDuSerach_sheetOne - 64- INFO: test010:断言响应体字段值;期望结果:9;实际结果：0
2025-03-22 09:42:43,506 - testExample.py - test_baiDuSerach_sheetOne - 69- INFO: test010:断言响应时间;期望结果:200;实际结果：121
2025-03-22 09:42:43,537 - Example.py - baiDuSerach - 67- INFO: 用例id：test011:接口名称：baiDuSerach;传递token：None;传递参数：python11;用例备注：测试示例断言失败
2025-03-22 09:42:43,660 - testExample.py - test_baiDuSerach_sheetOne - 59- INFO: test011:断言响应状态码;期望结果：200;实际结果：200
2025-03-22 09:42:43,667 - testExample.py - test_baiDuSerach_sheetOne - 64- INFO: test011:断言响应体字段值;期望结果:10;实际结果：0
2025-03-22 09:42:43,674 - testExample.py - test_baiDuSerach_sheetOne - 69- INFO: test011:断言响应时间;期望结果:200;实际结果：119
2025-03-22 09:42:43,703 - Example.py - baiDuSerach - 67- INFO: 用例id：test012:接口名称：baiDuSerach;传递token：None;传递参数：python12;用例备注：测试示例断言失败
2025-03-22 09:42:43,824 - testExample.py - test_baiDuSerach_sheetOne - 59- INFO: test012:断言响应状态码;期望结果：200;实际结果：200
2025-03-22 09:42:43,833 - testExample.py - test_baiDuSerach_sheetOne - 64- INFO: test012:断言响应体字段值;期望结果:11;实际结果：0
2025-03-22 09:42:43,839 - testExample.py - test_baiDuSerach_sheetOne - 69- INFO: test012:断言响应时间;期望结果:200;实际结果：119
2025-03-22 09:42:43,868 - Example.py - baiDuSerach - 67- INFO: 用例id：test013:接口名称：baiDuSerach;传递token：None;传递参数：python13;用例备注：测试示例断言失败
2025-03-22 09:42:43,994 - testExample.py - test_baiDuSerach_sheetOne - 59- INFO: test013:断言响应状态码;期望结果：200;实际结果：200
2025-03-22 09:42:44,001 - testExample.py - test_baiDuSerach_sheetOne - 64- INFO: test013:断言响应体字段值;期望结果:12;实际结果：0
2025-03-22 09:42:44,009 - testExample.py - test_baiDuSerach_sheetOne - 69- INFO: test013:断言响应时间;期望结果:200;实际结果：122
2025-03-22 09:42:44,037 - Example.py - baiDuSerach - 67- INFO: 用例id：test014:接口名称：baiDuSerach;传递token：None;传递参数：python14;用例备注：测试示例断言失败
2025-03-22 09:42:44,167 - testExample.py - test_baiDuSerach_sheetOne - 59- INFO: test014:断言响应状态码;期望结果：200;实际结果：200
2025-03-22 09:42:44,174 - testExample.py - test_baiDuSerach_sheetOne - 64- INFO: test014:断言响应体字段值;期望结果:13;实际结果：0
2025-03-22 09:42:44,182 - testExample.py - test_baiDuSerach_sheetOne - 69- INFO: test014:断言响应时间;期望结果:200;实际结果：125
2025-03-22 09:42:44,209 - Example.py - baiDuSerach - 67- INFO: 用例id：test015:接口名称：baiDuSerach;传递token：None;传递参数：python15;用例备注：测试示例断言失败
2025-03-22 09:42:44,328 - testExample.py - test_baiDuSerach_sheetOne - 59- INFO: test015:断言响应状态码;期望结果：200;实际结果：200
2025-03-22 09:42:44,336 - testExample.py - test_baiDuSerach_sheetOne - 64- INFO: test015:断言响应体字段值;期望结果:14;实际结果：0
2025-03-22 09:42:44,345 - testExample.py - test_baiDuSerach_sheetOne - 69- INFO: test015:断言响应时间;期望结果:200;实际结果：115
2025-03-22 09:42:44,378 - Example.py - baiDuSerach - 67- INFO: 用例id：test016:接口名称：baiDuSerach;传递token：None;传递参数：python16;用例备注：测试示例断言失败
2025-03-22 09:42:44,499 - testExample.py - test_baiDuSerach_sheetOne - 59- INFO: test016:断言响应状态码;期望结果：200;实际结果：200
2025-03-22 09:42:44,507 - testExample.py - test_baiDuSerach_sheetOne - 64- INFO: test016:断言响应体字段值;期望结果:15;实际结果：0
2025-03-22 09:42:44,515 - testExample.py - test_baiDuSerach_sheetOne - 69- INFO: test016:断言响应时间;期望结果:200;实际结果：117
2025-03-22 09:42:44,544 - Example.py - baiDuSerach - 67- INFO: 用例id：test017:接口名称：baiDuSerach;传递token：None;传递参数：python17;用例备注：测试示例断言失败
2025-03-22 09:42:44,665 - testExample.py - test_baiDuSerach_sheetOne - 59- INFO: test017:断言响应状态码;期望结果：200;实际结果：200
2025-03-22 09:42:44,672 - testExample.py - test_baiDuSerach_sheetOne - 64- INFO: test017:断言响应体字段值;期望结果:16;实际结果：0
2025-03-22 09:42:44,679 - testExample.py - test_baiDuSerach_sheetOne - 69- INFO: test017:断言响应时间;期望结果:200;实际结果：118
2025-03-22 09:42:44,708 - Example.py - baiDuSerach - 67- INFO: 用例id：test018:接口名称：baiDuSerach;传递token：None;传递参数：python18;用例备注：测试示例断言失败
2025-03-22 09:42:44,837 - testExample.py - test_baiDuSerach_sheetOne - 59- INFO: test018:断言响应状态码;期望结果：200;实际结果：200
2025-03-22 09:42:44,844 - testExample.py - test_baiDuSerach_sheetOne - 64- INFO: test018:断言响应体字段值;期望结果:17;实际结果：0
2025-03-22 09:42:44,852 - testExample.py - test_baiDuSerach_sheetOne - 69- INFO: test018:断言响应时间;期望结果:200;实际结果：125
2025-03-22 09:42:44,881 - Example.py - baiDuSerach - 67- INFO: 用例id：test019:接口名称：baiDuSerach;传递token：None;传递参数：python19;用例备注：测试示例断言失败
2025-03-22 09:42:45,000 - testExample.py - test_baiDuSerach_sheetOne - 59- INFO: test019:断言响应状态码;期望结果：200;实际结果：200
2025-03-22 09:42:45,009 - testExample.py - test_baiDuSerach_sheetOne - 64- INFO: test019:断言响应体字段值;期望结果:18;实际结果：0
2025-03-22 09:42:45,018 - testExample.py - test_baiDuSerach_sheetOne - 69- INFO: test019:断言响应时间;期望结果:200;实际结果：116
2025-03-22 09:42:45,048 - Example.py - baiDuSerach - 67- INFO: 用例id：test020:接口名称：baiDuSerach;传递token：None;传递参数：python20;用例备注：测试示例断言失败
2025-03-22 09:42:45,176 - testExample.py - test_baiDuSerach_sheetOne - 59- INFO: test020:断言响应状态码;期望结果：200;实际结果：200
2025-03-22 09:42:45,183 - testExample.py - test_baiDuSerach_sheetOne - 64- INFO: test020:断言响应体字段值;期望结果:19;实际结果：0
2025-03-22 09:42:45,190 - testExample.py - test_baiDuSerach_sheetOne - 69- INFO: test020:断言响应时间;期望结果:200;实际结果：124
2025-03-22 09:42:45,219 - Example.py - baiDuSerach - 67- INFO: 用例id：test021:接口名称：baiDuSerach;传递token：None;传递参数：python21;用例备注：测试示例断言失败
2025-03-22 09:42:45,340 - testExample.py - test_baiDuSerach_sheetOne - 59- INFO: test021:断言响应状态码;期望结果：200;实际结果：200
2025-03-22 09:42:45,348 - testExample.py - test_baiDuSerach_sheetOne - 64- INFO: test021:断言响应体字段值;期望结果:20;实际结果：0
2025-03-22 09:42:45,355 - testExample.py - test_baiDuSerach_sheetOne - 69- INFO: test021:断言响应时间;期望结果:200;实际结果：117
2025-03-22 09:42:45,418 - Example.py - baiDuSerach - 67- INFO: 用例id：test022:接口名称：baiDuSerach;传递token：None;传递参数：python22;用例备注：测试示例断言失败
2025-03-22 09:42:45,539 - testExample.py - test_baiDuSerach_sheetOne - 59- INFO: test022:断言响应状态码;期望结果：200;实际结果：200
2025-03-22 09:42:45,547 - testExample.py - test_baiDuSerach_sheetOne - 64- INFO: test022:断言响应体字段值;期望结果:21;实际结果：0
2025-03-22 09:42:45,554 - testExample.py - test_baiDuSerach_sheetOne - 69- INFO: test022:断言响应时间;期望结果:200;实际结果：118
2025-03-22 09:42:45,588 - Example.py - baiDuSerach - 67- INFO: 用例id：test023:接口名称：baiDuSerach;传递token：None;传递参数：python23;用例备注：测试示例断言失败
2025-03-22 09:42:45,708 - testExample.py - test_baiDuSerach_sheetOne - 59- INFO: test023:断言响应状态码;期望结果：200;实际结果：200
2025-03-22 09:42:45,715 - testExample.py - test_baiDuSerach_sheetOne - 64- INFO: test023:断言响应体字段值;期望结果:22;实际结果：0
2025-03-22 09:42:45,724 - testExample.py - test_baiDuSerach_sheetOne - 69- INFO: test023:断言响应时间;期望结果:200;实际结果：115
2025-03-22 09:42:45,757 - Example.py - baiDuSerach - 67- INFO: 用例id：test024:接口名称：baiDuSerach;传递token：None;传递参数：python24;用例备注：测试示例断言失败
2025-03-22 09:42:45,880 - testExample.py - test_baiDuSerach_sheetOne - 59- INFO: test024:断言响应状态码;期望结果：200;实际结果：200
2025-03-22 09:42:45,887 - testExample.py - test_baiDuSerach_sheetOne - 64- INFO: test024:断言响应体字段值;期望结果:23;实际结果：0
2025-03-22 09:42:45,895 - testExample.py - test_baiDuSerach_sheetOne - 69- INFO: test024:断言响应时间;期望结果:200;实际结果：120
2025-03-22 09:42:45,923 - Example.py - baiDuSerach - 67- INFO: 用例id：test025:接口名称：baiDuSerach;传递token：None;传递参数：python25;用例备注：测试示例断言失败
2025-03-22 09:42:46,045 - testExample.py - test_baiDuSerach_sheetOne - 59- INFO: test025:断言响应状态码;期望结果：200;实际结果：200
2025-03-22 09:42:46,053 - testExample.py - test_baiDuSerach_sheetOne - 64- INFO: test025:断言响应体字段值;期望结果:24;实际结果：0
2025-03-22 09:42:46,060 - testExample.py - test_baiDuSerach_sheetOne - 69- INFO: test025:断言响应时间;期望结果:200;实际结果：118
2025-03-22 09:42:46,090 - Example.py - baiDuSerach - 67- INFO: 用例id：test026:接口名称：baiDuSerach;传递token：None;传递参数：python26;用例备注：测试示例断言失败
2025-03-22 09:42:46,215 - testExample.py - test_baiDuSerach_sheetOne - 59- INFO: test026:断言响应状态码;期望结果：200;实际结果：200
2025-03-22 09:42:46,223 - testExample.py - test_baiDuSerach_sheetOne - 64- INFO: test026:断言响应体字段值;期望结果:25;实际结果：0
2025-03-22 09:42:46,230 - testExample.py - test_baiDuSerach_sheetOne - 69- INFO: test026:断言响应时间;期望结果:200;实际结果：121
2025-03-22 09:42:46,258 - Example.py - baiDuSerach - 67- INFO: 用例id：test027:接口名称：baiDuSerach;传递token：None;传递参数：python27;用例备注：测试示例断言失败
2025-03-22 09:42:46,386 - testExample.py - test_baiDuSerach_sheetOne - 59- INFO: test027:断言响应状态码;期望结果：200;实际结果：200
2025-03-22 09:42:46,394 - testExample.py - test_baiDuSerach_sheetOne - 64- INFO: test027:断言响应体字段值;期望结果:26;实际结果：0
2025-03-22 09:42:46,401 - testExample.py - test_baiDuSerach_sheetOne - 69- INFO: test027:断言响应时间;期望结果:200;实际结果：125
2025-03-22 09:42:46,430 - Example.py - baiDuSerach - 67- INFO: 用例id：test028:接口名称：baiDuSerach;传递token：None;传递参数：python28;用例备注：测试示例断言失败
2025-03-22 09:42:46,555 - testExample.py - test_baiDuSerach_sheetOne - 59- INFO: test028:断言响应状态码;期望结果：200;实际结果：200
2025-03-22 09:42:46,564 - testExample.py - test_baiDuSerach_sheetOne - 64- INFO: test028:断言响应体字段值;期望结果:27;实际结果：0
2025-03-22 09:42:46,572 - testExample.py - test_baiDuSerach_sheetOne - 69- INFO: test028:断言响应时间;期望结果:200;实际结果：122
2025-03-22 09:42:46,603 - Example.py - baiDuSerach - 67- INFO: 用例id：test029:接口名称：baiDuSerach;传递token：None;传递参数：python29;用例备注：测试示例断言失败
2025-03-22 09:42:46,727 - testExample.py - test_baiDuSerach_sheetOne - 59- INFO: test029:断言响应状态码;期望结果：200;实际结果：200
2025-03-22 09:42:46,734 - testExample.py - test_baiDuSerach_sheetOne - 64- INFO: test029:断言响应体字段值;期望结果:28;实际结果：0
2025-03-22 09:42:46,742 - testExample.py - test_baiDuSerach_sheetOne - 69- INFO: test029:断言响应时间;期望结果:200;实际结果：121
2025-03-22 09:42:46,771 - Example.py - baiDuSerach - 67- INFO: 用例id：test030:接口名称：baiDuSerach;传递token：None;传递参数：python30;用例备注：测试示例断言失败
2025-03-22 09:42:46,890 - testExample.py - test_baiDuSerach_sheetOne - 59- INFO: test030:断言响应状态码;期望结果：200;实际结果：200
2025-03-22 09:42:46,897 - testExample.py - test_baiDuSerach_sheetOne - 64- INFO: test030:断言响应体字段值;期望结果:29;实际结果：0
2025-03-22 09:42:46,905 - testExample.py - test_baiDuSerach_sheetOne - 69- INFO: test030:断言响应时间;期望结果:200;实际结果：116
2025-03-22 09:42:46,933 - Example.py - baiDuSerach - 67- INFO: 用例id：test031:接口名称：baiDuSerach;传递token：None;传递参数：python31;用例备注：测试示例断言失败
2025-03-22 09:42:47,064 - testExample.py - test_baiDuSerach_sheetOne - 59- INFO: test031:断言响应状态码;期望结果：200;实际结果：200
2025-03-22 09:42:47,071 - testExample.py - test_baiDuSerach_sheetOne - 64- INFO: test031:断言响应体字段值;期望结果:30;实际结果：0
2025-03-22 09:42:47,080 - testExample.py - test_baiDuSerach_sheetOne - 69- INFO: test031:断言响应时间;期望结果:200;实际结果：126
2025-03-22 09:42:47,109 - Example.py - baiDuSerach - 67- INFO: 用例id：test032:接口名称：baiDuSerach;传递token：None;传递参数：python32;用例备注：测试示例断言失败
2025-03-22 09:42:47,239 - testExample.py - test_baiDuSerach_sheetOne - 59- INFO: test032:断言响应状态码;期望结果：200;实际结果：200
2025-03-22 09:42:47,247 - testExample.py - test_baiDuSerach_sheetOne - 64- INFO: test032:断言响应体字段值;期望结果:31;实际结果：0
2025-03-22 09:42:47,254 - testExample.py - test_baiDuSerach_sheetOne - 69- INFO: test032:断言响应时间;期望结果:200;实际结果：127
2025-03-22 09:42:47,282 - Example.py - baiDuSerach - 67- INFO: 用例id：test033:接口名称：baiDuSerach;传递token：None;传递参数：python33;用例备注：测试示例断言失败
2025-03-22 09:42:47,405 - testExample.py - test_baiDuSerach_sheetOne - 59- INFO: test033:断言响应状态码;期望结果：200;实际结果：200
2025-03-22 09:42:47,412 - testExample.py - test_baiDuSerach_sheetOne - 64- INFO: test033:断言响应体字段值;期望结果:32;实际结果：0
2025-03-22 09:42:47,419 - testExample.py - test_baiDuSerach_sheetOne - 69- INFO: test033:断言响应时间;期望结果:200;实际结果：118
2025-03-22 09:42:47,485 - Example.py - baiDuSerach - 67- INFO: 用例id：test034:接口名称：baiDuSerach;传递token：None;传递参数：python34;用例备注：测试示例断言失败
2025-03-22 09:42:47,607 - testExample.py - test_baiDuSerach_sheetOne - 59- INFO: test034:断言响应状态码;期望结果：200;实际结果：200
2025-03-22 09:42:47,614 - testExample.py - test_baiDuSerach_sheetOne - 64- INFO: test034:断言响应体字段值;期望结果:33;实际结果：0
2025-03-22 09:42:47,622 - testExample.py - test_baiDuSerach_sheetOne - 69- INFO: test034:断言响应时间;期望结果:200;实际结果：118
2025-03-22 09:42:47,653 - Example.py - baiDuSerach - 67- INFO: 用例id：test035:接口名称：baiDuSerach;传递token：None;传递参数：python35;用例备注：测试示例断言失败
2025-03-22 09:42:47,774 - testExample.py - test_baiDuSerach_sheetOne - 59- INFO: test035:断言响应状态码;期望结果：200;实际结果：200
2025-03-22 09:42:47,782 - testExample.py - test_baiDuSerach_sheetOne - 64- INFO: test035:断言响应体字段值;期望结果:34;实际结果：0
2025-03-22 09:42:47,789 - testExample.py - test_baiDuSerach_sheetOne - 69- INFO: test035:断言响应时间;期望结果:200;实际结果：117
2025-03-22 09:42:47,818 - Example.py - baiDuSerach - 67- INFO: 用例id：test036:接口名称：baiDuSerach;传递token：None;传递参数：python36;用例备注：测试示例断言失败
2025-03-22 09:42:47,946 - testExample.py - test_baiDuSerach_sheetOne - 59- INFO: test036:断言响应状态码;期望结果：200;实际结果：200
2025-03-22 09:42:47,954 - testExample.py - test_baiDuSerach_sheetOne - 64- INFO: test036:断言响应体字段值;期望结果:35;实际结果：0
2025-03-22 09:42:47,961 - testExample.py - test_baiDuSerach_sheetOne - 69- INFO: test036:断言响应时间;期望结果:200;实际结果：123
2025-03-22 09:42:47,989 - Example.py - baiDuSerach - 67- INFO: 用例id：test037:接口名称：baiDuSerach;传递token：None;传递参数：python37;用例备注：测试示例断言失败
2025-03-22 09:42:48,115 - testExample.py - test_baiDuSerach_sheetOne - 59- INFO: test037:断言响应状态码;期望结果：200;实际结果：200
2025-03-22 09:42:48,122 - testExample.py - test_baiDuSerach_sheetOne - 64- INFO: test037:断言响应体字段值;期望结果:36;实际结果：0
2025-03-22 09:42:48,131 - testExample.py - test_baiDuSerach_sheetOne - 69- INFO: test037:断言响应时间;期望结果:200;实际结果：122
2025-03-22 09:42:48,159 - Example.py - baiDuSerach - 67- INFO: 用例id：test038:接口名称：baiDuSerach;传递token：None;传递参数：python38;用例备注：测试示例断言失败
2025-03-22 09:42:48,281 - testExample.py - test_baiDuSerach_sheetOne - 59- INFO: test038:断言响应状态码;期望结果：200;实际结果：200
2025-03-22 09:42:48,289 - testExample.py - test_baiDuSerach_sheetOne - 64- INFO: test038:断言响应体字段值;期望结果:37;实际结果：0
2025-03-22 09:42:48,297 - testExample.py - test_baiDuSerach_sheetOne - 69- INFO: test038:断言响应时间;期望结果:200;实际结果：119
2025-03-22 09:42:48,326 - Example.py - baiDuSerach - 67- INFO: 用例id：test039:接口名称：baiDuSerach;传递token：None;传递参数：python39;用例备注：测试示例断言失败
2025-03-22 09:42:48,451 - testExample.py - test_baiDuSerach_sheetOne - 59- INFO: test039:断言响应状态码;期望结果：200;实际结果：200
2025-03-22 09:42:48,459 - testExample.py - test_baiDuSerach_sheetOne - 64- INFO: test039:断言响应体字段值;期望结果:38;实际结果：0
2025-03-22 09:42:48,467 - testExample.py - test_baiDuSerach_sheetOne - 69- INFO: test039:断言响应时间;期望结果:200;实际结果：122
2025-03-22 09:42:48,496 - Example.py - baiDuSerach - 67- INFO: 用例id：test040:接口名称：baiDuSerach;传递token：None;传递参数：python40;用例备注：测试示例断言失败
2025-03-22 09:42:48,613 - testExample.py - test_baiDuSerach_sheetOne - 59- INFO: test040:断言响应状态码;期望结果：200;实际结果：200
2025-03-22 09:42:48,622 - testExample.py - test_baiDuSerach_sheetOne - 64- INFO: test040:断言响应体字段值;期望结果:39;实际结果：0
2025-03-22 09:42:48,629 - testExample.py - test_baiDuSerach_sheetOne - 69- INFO: test040:断言响应时间;期望结果:200;实际结果：114
2025-03-22 09:42:48,660 - Example.py - baiDuSerach - 67- INFO: 用例id：test041:接口名称：baiDuSerach;传递token：None;传递参数：python41;用例备注：测试示例断言失败
2025-03-22 09:42:48,788 - testExample.py - test_baiDuSerach_sheetOne - 59- INFO: test041:断言响应状态码;期望结果：200;实际结果：200
2025-03-22 09:42:48,795 - testExample.py - test_baiDuSerach_sheetOne - 64- INFO: test041:断言响应体字段值;期望结果:40;实际结果：0
2025-03-22 09:42:48,803 - testExample.py - test_baiDuSerach_sheetOne - 69- INFO: test041:断言响应时间;期望结果:200;实际结果：124
2025-03-22 09:42:48,831 - Example.py - baiDuSerach - 67- INFO: 用例id：test042:接口名称：baiDuSerach;传递token：None;传递参数：python42;用例备注：测试示例断言失败
2025-03-22 09:42:48,956 - testExample.py - test_baiDuSerach_sheetOne - 59- INFO: test042:断言响应状态码;期望结果：200;实际结果：200
2025-03-22 09:42:48,964 - testExample.py - test_baiDuSerach_sheetOne - 64- INFO: test042:断言响应体字段值;期望结果:41;实际结果：0
2025-03-22 09:42:48,971 - testExample.py - test_baiDuSerach_sheetOne - 69- INFO: test042:断言响应时间;期望结果:200;实际结果：122
2025-03-22 09:42:49,007 - Example.py - baiDuSerach - 67- INFO: 用例id：test043:接口名称：baiDuSerach;传递token：None;传递参数：python43;用例备注：测试示例断言失败
2025-03-22 09:42:49,129 - testExample.py - test_baiDuSerach_sheetOne - 59- INFO: test043:断言响应状态码;期望结果：200;实际结果：200
2025-03-22 09:42:49,136 - testExample.py - test_baiDuSerach_sheetOne - 64- INFO: test043:断言响应体字段值;期望结果:42;实际结果：0
2025-03-22 09:42:49,145 - testExample.py - test_baiDuSerach_sheetOne - 69- INFO: test043:断言响应时间;期望结果:200;实际结果：118
2025-03-22 09:42:49,175 - Example.py - baiDuSerach - 67- INFO: 用例id：test044:接口名称：baiDuSerach;传递token：None;传递参数：python44;用例备注：测试示例断言失败
2025-03-22 09:42:49,300 - testExample.py - test_baiDuSerach_sheetOne - 59- INFO: test044:断言响应状态码;期望结果：200;实际结果：200
2025-03-22 09:42:49,309 - testExample.py - test_baiDuSerach_sheetOne - 64- INFO: test044:断言响应体字段值;期望结果:43;实际结果：0
2025-03-22 09:42:49,318 - testExample.py - test_baiDuSerach_sheetOne - 69- INFO: test044:断言响应时间;期望结果:200;实际结果：122
2025-03-22 09:42:49,348 - Example.py - baiDuSerach - 67- INFO: 用例id：test045:接口名称：baiDuSerach;传递token：None;传递参数：python45;用例备注：测试示例断言失败
2025-03-22 09:42:49,473 - testExample.py - test_baiDuSerach_sheetOne - 59- INFO: test045:断言响应状态码;期望结果：200;实际结果：200
2025-03-22 09:42:49,480 - testExample.py - test_baiDuSerach_sheetOne - 64- INFO: test045:断言响应体字段值;期望结果:44;实际结果：0
2025-03-22 09:42:49,487 - testExample.py - test_baiDuSerach_sheetOne - 69- INFO: test045:断言响应时间;期望结果:200;实际结果：121
2025-03-22 09:42:49,549 - Example.py - baiDuSerach - 67- INFO: 用例id：test046:接口名称：baiDuSerach;传递token：None;传递参数：python46;用例备注：测试示例断言失败
2025-03-22 09:42:49,672 - testExample.py - test_baiDuSerach_sheetOne - 59- INFO: test046:断言响应状态码;期望结果：200;实际结果：200
2025-03-22 09:42:49,681 - testExample.py - test_baiDuSerach_sheetOne - 64- INFO: test046:断言响应体字段值;期望结果:45;实际结果：0
2025-03-22 09:42:49,688 - testExample.py - test_baiDuSerach_sheetOne - 69- INFO: test046:断言响应时间;期望结果:200;实际结果：120
2025-03-22 09:42:49,717 - Example.py - baiDuSerach - 67- INFO: 用例id：test047:接口名称：baiDuSerach;传递token：None;传递参数：python47;用例备注：测试示例断言失败
2025-03-22 09:42:49,843 - testExample.py - test_baiDuSerach_sheetOne - 59- INFO: test047:断言响应状态码;期望结果：200;实际结果：200
2025-03-22 09:42:49,851 - testExample.py - test_baiDuSerach_sheetOne - 64- INFO: test047:断言响应体字段值;期望结果:46;实际结果：0
2025-03-22 09:42:49,858 - testExample.py - test_baiDuSerach_sheetOne - 69- INFO: test047:断言响应时间;期望结果:200;实际结果：123
2025-03-22 09:42:49,886 - Example.py - baiDuSerach - 67- INFO: 用例id：test048:接口名称：baiDuSerach;传递token：None;传递参数：python48;用例备注：测试示例断言失败
2025-03-22 09:42:50,009 - testExample.py - test_baiDuSerach_sheetOne - 59- INFO: test048:断言响应状态码;期望结果：200;实际结果：200
2025-03-22 09:42:50,016 - testExample.py - test_baiDuSerach_sheetOne - 64- INFO: test048:断言响应体字段值;期望结果:47;实际结果：0
2025-03-22 09:42:50,024 - testExample.py - test_baiDuSerach_sheetOne - 69- INFO: test048:断言响应时间;期望结果:200;实际结果：118
2025-03-22 09:42:50,051 - Example.py - baiDuSerach - 67- INFO: 用例id：test049:接口名称：baiDuSerach;传递token：None;传递参数：python49;用例备注：测试示例断言失败
2025-03-22 09:42:50,175 - testExample.py - test_baiDuSerach_sheetOne - 59- INFO: test049:断言响应状态码;期望结果：200;实际结果：200
2025-03-22 09:42:50,182 - testExample.py - test_baiDuSerach_sheetOne - 64- INFO: test049:断言响应体字段值;期望结果:48;实际结果：0
2025-03-22 09:42:50,189 - testExample.py - test_baiDuSerach_sheetOne - 69- INFO: test049:断言响应时间;期望结果:200;实际结果：119
2025-03-22 09:42:50,218 - Example.py - baiDuSerach - 67- INFO: 用例id：test050:接口名称：baiDuSerach;传递token：None;传递参数：python50;用例备注：测试示例断言失败
2025-03-22 09:42:50,341 - testExample.py - test_baiDuSerach_sheetOne - 59- INFO: test050:断言响应状态码;期望结果：200;实际结果：200
2025-03-22 09:42:50,349 - testExample.py - test_baiDuSerach_sheetOne - 64- INFO: test050:断言响应体字段值;期望结果:49;实际结果：0
2025-03-22 09:42:50,356 - testExample.py - test_baiDuSerach_sheetOne - 69- INFO: test050:断言响应时间;期望结果:200;实际结果：120
2025-03-22 09:42:50,383 - Example.py - baiDuSerach - 67- INFO: 用例id：test051:接口名称：baiDuSerach;传递token：None;传递参数：python51;用例备注：测试示例断言失败
2025-03-22 09:42:50,507 - testExample.py - test_baiDuSerach_sheetOne - 59- INFO: test051:断言响应状态码;期望结果：200;实际结果：200
2025-03-22 09:42:50,514 - testExample.py - test_baiDuSerach_sheetOne - 64- INFO: test051:断言响应体字段值;期望结果:50;实际结果：0
2025-03-22 09:42:50,522 - testExample.py - test_baiDuSerach_sheetOne - 69- INFO: test051:断言响应时间;期望结果:200;实际结果：120
2025-03-22 09:42:50,551 - Example.py - baiDuSerach - 67- INFO: 用例id：test052:接口名称：baiDuSerach;传递token：None;传递参数：python52;用例备注：测试示例断言失败
2025-03-22 09:42:50,673 - testExample.py - test_baiDuSerach_sheetOne - 59- INFO: test052:断言响应状态码;期望结果：200;实际结果：200
2025-03-22 09:42:50,680 - testExample.py - test_baiDuSerach_sheetOne - 64- INFO: test052:断言响应体字段值;期望结果:51;实际结果：0
2025-03-22 09:42:50,690 - testExample.py - test_baiDuSerach_sheetOne - 69- INFO: test052:断言响应时间;期望结果:200;实际结果：117
2025-03-22 09:42:50,722 - Example.py - baiDuSerach - 67- INFO: 用例id：test053:接口名称：baiDuSerach;传递token：None;传递参数：python53;用例备注：测试示例断言失败
2025-03-22 09:42:50,851 - testExample.py - test_baiDuSerach_sheetOne - 59- INFO: test053:断言响应状态码;期望结果：200;实际结果：200
2025-03-22 09:42:50,859 - testExample.py - test_baiDuSerach_sheetOne - 64- INFO: test053:断言响应体字段值;期望结果:52;实际结果：0
2025-03-22 09:42:50,867 - testExample.py - test_baiDuSerach_sheetOne - 69- INFO: test053:断言响应时间;期望结果:200;实际结果：126
2025-03-22 09:42:50,895 - Example.py - baiDuSerach - 67- INFO: 用例id：test054:接口名称：baiDuSerach;传递token：None;传递参数：python54;用例备注：测试示例断言失败
2025-03-22 09:42:51,024 - testExample.py - test_baiDuSerach_sheetOne - 59- INFO: test054:断言响应状态码;期望结果：200;实际结果：200
2025-03-22 09:42:51,032 - testExample.py - test_baiDuSerach_sheetOne - 64- INFO: test054:断言响应体字段值;期望结果:53;实际结果：0
2025-03-22 09:42:51,039 - testExample.py - test_baiDuSerach_sheetOne - 69- INFO: test054:断言响应时间;期望结果:200;实际结果：125
2025-03-22 09:42:51,068 - Example.py - baiDuSerach - 67- INFO: 用例id：test055:接口名称：baiDuSerach;传递token：None;传递参数：python55;用例备注：测试示例断言失败
2025-03-22 09:42:51,187 - testExample.py - test_baiDuSerach_sheetOne - 59- INFO: test055:断言响应状态码;期望结果：200;实际结果：200
2025-03-22 09:42:51,195 - testExample.py - test_baiDuSerach_sheetOne - 64- INFO: test055:断言响应体字段值;期望结果:54;实际结果：0
2025-03-22 09:42:51,203 - testExample.py - test_baiDuSerach_sheetOne - 69- INFO: test055:断言响应时间;期望结果:200;实际结果：116
2025-03-22 09:42:51,230 - Example.py - baiDuSerach - 67- INFO: 用例id：test056:接口名称：baiDuSerach;传递token：None;传递参数：python56;用例备注：测试示例断言失败
2025-03-22 09:42:51,351 - testExample.py - test_baiDuSerach_sheetOne - 59- INFO: test056:断言响应状态码;期望结果：200;实际结果：200
2025-03-22 09:42:51,361 - testExample.py - test_baiDuSerach_sheetOne - 64- INFO: test056:断言响应体字段值;期望结果:55;实际结果：0
2025-03-22 09:42:51,369 - testExample.py - test_baiDuSerach_sheetOne - 69- INFO: test056:断言响应时间;期望结果:200;实际结果：118
2025-03-22 09:42:51,399 - Example.py - baiDuSerach - 67- INFO: 用例id：test057:接口名称：baiDuSerach;传递token：None;传递参数：python57;用例备注：测试示例断言失败
2025-03-22 09:42:51,528 - testExample.py - test_baiDuSerach_sheetOne - 59- INFO: test057:断言响应状态码;期望结果：200;实际结果：200
2025-03-22 09:42:51,535 - testExample.py - test_baiDuSerach_sheetOne - 64- INFO: test057:断言响应体字段值;期望结果:56;实际结果：0
2025-03-22 09:42:51,542 - testExample.py - test_baiDuSerach_sheetOne - 69- INFO: test057:断言响应时间;期望结果:200;实际结果：125
2025-03-22 09:42:51,606 - Example.py - baiDuSerach - 67- INFO: 用例id：test058:接口名称：baiDuSerach;传递token：None;传递参数：python58;用例备注：测试示例断言失败
2025-03-22 09:42:51,725 - testExample.py - test_baiDuSerach_sheetOne - 59- INFO: test058:断言响应状态码;期望结果：200;实际结果：200
2025-03-22 09:42:51,734 - testExample.py - test_baiDuSerach_sheetOne - 64- INFO: test058:断言响应体字段值;期望结果:57;实际结果：0
2025-03-22 09:42:51,741 - testExample.py - test_baiDuSerach_sheetOne - 69- INFO: test058:断言响应时间;期望结果:200;实际结果：115
2025-03-22 09:42:51,771 - Example.py - baiDuSerach - 67- INFO: 用例id：test059:接口名称：baiDuSerach;传递token：None;传递参数：python59;用例备注：测试示例断言失败
2025-03-22 09:42:51,893 - testExample.py - test_baiDuSerach_sheetOne - 59- INFO: test059:断言响应状态码;期望结果：200;实际结果：200
2025-03-22 09:42:51,901 - testExample.py - test_baiDuSerach_sheetOne - 64- INFO: test059:断言响应体字段值;期望结果:58;实际结果：0
2025-03-22 09:42:51,908 - testExample.py - test_baiDuSerach_sheetOne - 69- INFO: test059:断言响应时间;期望结果:200;实际结果：118
2025-03-22 09:42:51,941 - Example.py - baiDuSerach - 67- INFO: 用例id：test060:接口名称：baiDuSerach;传递token：None;传递参数：python60;用例备注：测试示例断言失败
2025-03-22 09:42:52,063 - testExample.py - test_baiDuSerach_sheetOne - 59- INFO: test060:断言响应状态码;期望结果：200;实际结果：200
2025-03-22 09:42:52,070 - testExample.py - test_baiDuSerach_sheetOne - 64- INFO: test060:断言响应体字段值;期望结果:59;实际结果：0
2025-03-22 09:42:52,078 - testExample.py - test_baiDuSerach_sheetOne - 69- INFO: test060:断言响应时间;期望结果:200;实际结果：117
2025-03-22 09:42:52,108 - Example.py - baiDuSerach - 67- INFO: 用例id：test061:接口名称：baiDuSerach;传递token：None;传递参数：python61;用例备注：测试示例断言失败
2025-03-22 09:42:52,242 - testExample.py - test_baiDuSerach_sheetOne - 59- INFO: test061:断言响应状态码;期望结果：200;实际结果：200
2025-03-22 09:42:52,250 - testExample.py - test_baiDuSerach_sheetOne - 64- INFO: test061:断言响应体字段值;期望结果:60;实际结果：0
2025-03-22 09:42:52,257 - testExample.py - test_baiDuSerach_sheetOne - 69- INFO: test061:断言响应时间;期望结果:200;实际结果：131
2025-03-22 09:42:52,285 - Example.py - baiDuSerach - 67- INFO: 用例id：test062:接口名称：baiDuSerach;传递token：None;传递参数：python62;用例备注：测试示例断言失败
2025-03-22 09:42:52,407 - testExample.py - test_baiDuSerach_sheetOne - 59- INFO: test062:断言响应状态码;期望结果：200;实际结果：200
2025-03-22 09:42:52,415 - testExample.py - test_baiDuSerach_sheetOne - 64- INFO: test062:断言响应体字段值;期望结果:61;实际结果：0
2025-03-22 09:42:52,422 - testExample.py - test_baiDuSerach_sheetOne - 69- INFO: test062:断言响应时间;期望结果:200;实际结果：119
2025-03-22 09:42:52,450 - Example.py - baiDuSerach - 67- INFO: 用例id：test063:接口名称：baiDuSerach;传递token：None;传递参数：python63;用例备注：测试示例断言失败
2025-03-22 09:42:52,576 - testExample.py - test_baiDuSerach_sheetOne - 59- INFO: test063:断言响应状态码;期望结果：200;实际结果：200
2025-03-22 09:42:52,584 - testExample.py - test_baiDuSerach_sheetOne - 64- INFO: test063:断言响应体字段值;期望结果:62;实际结果：0
2025-03-22 09:42:52,591 - testExample.py - test_baiDuSerach_sheetOne - 69- INFO: test063:断言响应时间;期望结果:200;实际结果：122
2025-03-22 09:42:52,621 - Example.py - baiDuSerach - 67- INFO: 用例id：test064:接口名称：baiDuSerach;传递token：None;传递参数：python64;用例备注：测试示例断言失败
2025-03-22 09:42:52,742 - testExample.py - test_baiDuSerach_sheetOne - 59- INFO: test064:断言响应状态码;期望结果：200;实际结果：200
2025-03-22 09:42:52,750 - testExample.py - test_baiDuSerach_sheetOne - 64- INFO: test064:断言响应体字段值;期望结果:63;实际结果：0
2025-03-22 09:42:52,757 - testExample.py - test_baiDuSerach_sheetOne - 69- INFO: test064:断言响应时间;期望结果:200;实际结果：117
2025-03-22 09:42:52,786 - Example.py - baiDuSerach - 67- INFO: 用例id：test065:接口名称：baiDuSerach;传递token：None;传递参数：python65;用例备注：测试示例断言失败
2025-03-22 09:42:52,907 - testExample.py - test_baiDuSerach_sheetOne - 59- INFO: test065:断言响应状态码;期望结果：200;实际结果：200
2025-03-22 09:42:52,915 - testExample.py - test_baiDuSerach_sheetOne - 64- INFO: test065:断言响应体字段值;期望结果:64;实际结果：0
2025-03-22 09:42:52,923 - testExample.py - test_baiDuSerach_sheetOne - 69- INFO: test065:断言响应时间;期望结果:200;实际结果：118
2025-03-22 09:42:52,952 - Example.py - baiDuSerach - 67- INFO: 用例id：test066:接口名称：baiDuSerach;传递token：None;传递参数：python66;用例备注：测试示例断言失败
2025-03-22 09:42:53,076 - testExample.py - test_baiDuSerach_sheetOne - 59- INFO: test066:断言响应状态码;期望结果：200;实际结果：200
2025-03-22 09:42:53,082 - testExample.py - test_baiDuSerach_sheetOne - 64- INFO: test066:断言响应体字段值;期望结果:65;实际结果：0
2025-03-22 09:42:53,090 - testExample.py - test_baiDuSerach_sheetOne - 69- INFO: test066:断言响应时间;期望结果:200;实际结果：120
2025-03-22 09:42:53,121 - Example.py - baiDuSerach - 67- INFO: 用例id：test067:接口名称：baiDuSerach;传递token：None;传递参数：python67;用例备注：测试示例断言失败
2025-03-22 09:42:53,248 - testExample.py - test_baiDuSerach_sheetOne - 59- INFO: test067:断言响应状态码;期望结果：200;实际结果：200
2025-03-22 09:42:53,255 - testExample.py - test_baiDuSerach_sheetOne - 64- INFO: test067:断言响应体字段值;期望结果:66;实际结果：0
2025-03-22 09:42:53,262 - testExample.py - test_baiDuSerach_sheetOne - 69- INFO: test067:断言响应时间;期望结果:200;实际结果：122
2025-03-22 09:42:53,290 - Example.py - baiDuSerach - 67- INFO: 用例id：test068:接口名称：baiDuSerach;传递token：None;传递参数：python68;用例备注：测试示例断言失败
2025-03-22 09:42:53,411 - testExample.py - test_baiDuSerach_sheetOne - 59- INFO: test068:断言响应状态码;期望结果：200;实际结果：200
2025-03-22 09:42:53,419 - testExample.py - test_baiDuSerach_sheetOne - 64- INFO: test068:断言响应体字段值;期望结果:67;实际结果：0
2025-03-22 09:42:53,426 - testExample.py - test_baiDuSerach_sheetOne - 69- INFO: test068:断言响应时间;期望结果:200;实际结果：118
2025-03-22 09:42:53,454 - Example.py - baiDuSerach - 67- INFO: 用例id：test069:接口名称：baiDuSerach;传递token：None;传递参数：python69;用例备注：测试示例断言失败
2025-03-22 09:42:53,575 - testExample.py - test_baiDuSerach_sheetOne - 59- INFO: test069:断言响应状态码;期望结果：200;实际结果：200
2025-03-22 09:42:53,582 - testExample.py - test_baiDuSerach_sheetOne - 64- INFO: test069:断言响应体字段值;期望结果:68;实际结果：0
2025-03-22 09:42:53,591 - testExample.py - test_baiDuSerach_sheetOne - 69- INFO: test069:断言响应时间;期望结果:200;实际结果：118
2025-03-22 09:42:53,652 - Example.py - baiDuSerach - 67- INFO: 用例id：test070:接口名称：baiDuSerach;传递token：None;传递参数：python70;用例备注：测试示例断言失败
2025-03-22 09:42:53,774 - testExample.py - test_baiDuSerach_sheetOne - 59- INFO: test070:断言响应状态码;期望结果：200;实际结果：200
2025-03-22 09:42:53,782 - testExample.py - test_baiDuSerach_sheetOne - 64- INFO: test070:断言响应体字段值;期望结果:69;实际结果：0
2025-03-22 09:42:53,789 - testExample.py - test_baiDuSerach_sheetOne - 69- INFO: test070:断言响应时间;期望结果:200;实际结果：119
2025-03-22 09:42:53,818 - Example.py - baiDuSerachToken - 49- INFO: 用例id：1:接口名称：baiDuSerach;传递token：[[129]];传递参数：python12;用例备注：测试示例断言成功
2025-03-22 09:42:53,943 - testExample.py - test_baiDuSerach_sheetTwo - 95- INFO: 1:断言响应状态码;期望结果：200;实际结果：200
2025-03-22 09:42:53,950 - testExample.py - test_baiDuSerach_sheetTwo - 100- INFO: 1:断言响应体字段值;期望结果:0;实际结果：0
2025-03-22 09:42:53,957 - testExample.py - test_baiDuSerach_sheetTwo - 105- INFO: 1:断言响应时间;期望结果:200;实际结果：120
2025-03-22 09:42:53,969 - Example.py - baiDuSerachToken - 49- INFO: 用例id：2:接口名称：baiDuSerach;传递token：[[129]];传递参数：python22;用例备注：测试示例断言失败
2025-03-22 09:42:54,088 - testExample.py - test_baiDuSerach_sheetTwo - 95- INFO: 2:断言响应状态码;期望结果：200;实际结果：200
2025-03-22 09:42:54,096 - testExample.py - test_baiDuSerach_sheetTwo - 100- INFO: 2:断言响应体字段值;期望结果:1;实际结果：0
2025-03-22 09:42:54,104 - testExample.py - test_baiDuSerach_sheetTwo - 105- INFO: 2:断言响应时间;期望结果:200;实际结果：115
2025-03-22 09:42:54,135 - Example.py - baiDuSerachToken - 49- INFO: 用例id：3:接口名称：baiDuSerach;传递token：[[129]];传递参数：python32;用例备注：
2025-03-22 09:42:54,259 - testExample.py - test_baiDuSerach_sheetTwo - 95- INFO: 3:断言响应状态码;期望结果：200;实际结果：200
2025-03-22 09:42:54,267 - testExample.py - test_baiDuSerach_sheetTwo - 100- INFO: 3:断言响应体字段值;期望结果:2;实际结果：0
2025-03-22 09:42:54,274 - testExample.py - test_baiDuSerach_sheetTwo - 105- INFO: 3:断言响应时间;期望结果:201;实际结果：120
2025-03-22 09:42:54,302 - Example.py - baiDuSerachToken - 49- INFO: 用例id：4:接口名称：baiDuSerach;传递token：[[129]];传递参数：python33;用例备注：测试示例断言失败
2025-03-22 09:42:54,429 - testExample.py - test_baiDuSerach_sheetTwo - 95- INFO: 4:断言响应状态码;期望结果：200;实际结果：200
2025-03-22 09:42:54,438 - testExample.py - test_baiDuSerach_sheetTwo - 100- INFO: 4:断言响应体字段值;期望结果:3;实际结果：0
2025-03-22 09:42:54,447 - testExample.py - test_baiDuSerach_sheetTwo - 105- INFO: 4:断言响应时间;期望结果:202;实际结果：123
2025-03-22 09:42:54,479 - Example.py - baiDuSerachToken - 49- INFO: 用例id：5:接口名称：baiDuSerach;传递token：[[129]];传递参数：python34;用例备注：测试示例断言失败
2025-03-22 09:42:54,606 - testExample.py - test_baiDuSerach_sheetTwo - 95- INFO: 5:断言响应状态码;期望结果：200;实际结果：200
2025-03-22 09:42:54,613 - testExample.py - test_baiDuSerach_sheetTwo - 100- INFO: 5:断言响应体字段值;期望结果:4;实际结果：0
2025-03-22 09:42:54,622 - testExample.py - test_baiDuSerach_sheetTwo - 105- INFO: 5:断言响应时间;期望结果:203;实际结果：123
2025-03-22 09:42:54,650 - Example.py - baiDuSerachToken - 49- INFO: 用例id：6:接口名称：baiDuSerach;传递token：[[129]];传递参数：python35;用例备注：测试示例断言失败
2025-03-22 09:42:54,775 - testExample.py - test_baiDuSerach_sheetTwo - 95- INFO: 6:断言响应状态码;期望结果：200;实际结果：200
2025-03-22 09:42:54,782 - testExample.py - test_baiDuSerach_sheetTwo - 100- INFO: 6:断言响应体字段值;期望结果:5;实际结果：0
2025-03-22 09:42:54,789 - testExample.py - test_baiDuSerach_sheetTwo - 105- INFO: 6:断言响应时间;期望结果:204;实际结果：120
2025-03-22 09:42:54,817 - Example.py - baiDuSerachToken - 49- INFO: 用例id：7:接口名称：baiDuSerach;传递token：[[129]];传递参数：python36;用例备注：测试示例断言失败
2025-03-22 09:42:54,941 - testExample.py - test_baiDuSerach_sheetTwo - 95- INFO: 7:断言响应状态码;期望结果：200;实际结果：200
2025-03-22 09:42:54,950 - testExample.py - test_baiDuSerach_sheetTwo - 100- INFO: 7:断言响应体字段值;期望结果:6;实际结果：0
2025-03-22 09:42:54,957 - testExample.py - test_baiDuSerach_sheetTwo - 105- INFO: 7:断言响应时间;期望结果:205;实际结果：120
2025-03-22 09:42:54,985 - Example.py - baiDuSerachToken - 49- INFO: 用例id：8:接口名称：baiDuSerach;传递token：[[129]];传递参数：python37;用例备注：测试示例断言失败
2025-03-22 09:42:55,104 - testExample.py - test_baiDuSerach_sheetTwo - 95- INFO: 8:断言响应状态码;期望结果：200;实际结果：200
2025-03-22 09:42:55,113 - testExample.py - test_baiDuSerach_sheetTwo - 100- INFO: 8:断言响应体字段值;期望结果:7;实际结果：0
2025-03-22 09:42:55,120 - testExample.py - test_baiDuSerach_sheetTwo - 105- INFO: 8:断言响应时间;期望结果:206;实际结果：115
2025-03-22 09:42:55,150 - Example.py - baiDuSerachToken - 49- INFO: 用例id：9:接口名称：baiDuSerach;传递token：[[129]];传递参数：python38;用例备注：测试示例断言失败
2025-03-22 09:42:55,270 - testExample.py - test_baiDuSerach_sheetTwo - 95- INFO: 9:断言响应状态码;期望结果：200;实际结果：200
2025-03-22 09:42:55,277 - testExample.py - test_baiDuSerach_sheetTwo - 100- INFO: 9:断言响应体字段值;期望结果:8;实际结果：0
2025-03-22 09:42:55,285 - testExample.py - test_baiDuSerach_sheetTwo - 105- INFO: 9:断言响应时间;期望结果:207;实际结果：116
2025-03-22 09:42:55,313 - Example.py - baiDuSerachToken - 49- INFO: 用例id：10:接口名称：baiDuSerach;传递token：[[129]];传递参数：python39;用例备注：测试示例断言失败
2025-03-22 09:42:55,435 - testExample.py - test_baiDuSerach_sheetTwo - 95- INFO: 10:断言响应状态码;期望结果：200;实际结果：200
2025-03-22 09:42:55,444 - testExample.py - test_baiDuSerach_sheetTwo - 100- INFO: 10:断言响应体字段值;期望结果:9;实际结果：0
2025-03-22 09:42:55,453 - testExample.py - test_baiDuSerach_sheetTwo - 105- INFO: 10:断言响应时间;期望结果:208;实际结果：119
2025-03-22 09:42:55,485 - Example.py - baiDuSerachToken - 49- INFO: 用例id：11:接口名称：baiDuSerach;传递token：[[129]];传递参数：python40;用例备注：测试示例断言失败
2025-03-22 09:42:55,611 - testExample.py - test_baiDuSerach_sheetTwo - 95- INFO: 11:断言响应状态码;期望结果：200;实际结果：200
2025-03-22 09:42:55,621 - testExample.py - test_baiDuSerach_sheetTwo - 100- INFO: 11:断言响应体字段值;期望结果:10;实际结果：0
2025-03-22 09:42:55,628 - testExample.py - test_baiDuSerach_sheetTwo - 105- INFO: 11:断言响应时间;期望结果:209;实际结果：120
2025-03-22 09:42:55,658 - Example.py - baiDuSerachToken - 49- INFO: 用例id：12:接口名称：baiDuSerach;传递token：[[129]];传递参数：python41;用例备注：测试示例断言失败
2025-03-22 09:42:55,781 - testExample.py - test_baiDuSerach_sheetTwo - 95- INFO: 12:断言响应状态码;期望结果：200;实际结果：200
2025-03-22 09:42:55,788 - testExample.py - test_baiDuSerach_sheetTwo - 100- INFO: 12:断言响应体字段值;期望结果:11;实际结果：0
2025-03-22 09:42:55,796 - testExample.py - test_baiDuSerach_sheetTwo - 105- INFO: 12:断言响应时间;期望结果:210;实际结果：119
2025-03-22 09:42:55,859 - Example.py - baiDuSerachToken - 49- INFO: 用例id：13:接口名称：baiDuSerach;传递token：[[129]];传递参数：python42;用例备注：测试示例断言失败
2025-03-22 09:42:55,992 - testExample.py - test_baiDuSerach_sheetTwo - 95- INFO: 13:断言响应状态码;期望结果：200;实际结果：200
2025-03-22 09:42:56,000 - testExample.py - test_baiDuSerach_sheetTwo - 100- INFO: 13:断言响应体字段值;期望结果:12;实际结果：0
2025-03-22 09:42:56,008 - testExample.py - test_baiDuSerach_sheetTwo - 105- INFO: 13:断言响应时间;期望结果:211;实际结果：129
2025-03-22 09:42:56,035 - Example.py - baiDuSerachToken - 49- INFO: 用例id：14:接口名称：baiDuSerach;传递token：[[129]];传递参数：python43;用例备注：测试示例断言失败
2025-03-22 09:42:56,171 - testExample.py - test_baiDuSerach_sheetTwo - 95- INFO: 14:断言响应状态码;期望结果：200;实际结果：200
2025-03-22 09:42:56,178 - testExample.py - test_baiDuSerach_sheetTwo - 100- INFO: 14:断言响应体字段值;期望结果:13;实际结果：0
2025-03-22 09:42:56,185 - testExample.py - test_baiDuSerach_sheetTwo - 105- INFO: 14:断言响应时间;期望结果:212;实际结果：131
2025-03-22 09:42:56,213 - Example.py - baiDuSerachToken - 49- INFO: 用例id：15:接口名称：baiDuSerach;传递token：[[129]];传递参数：python44;用例备注：测试示例断言失败
2025-03-22 09:42:56,335 - testExample.py - test_baiDuSerach_sheetTwo - 95- INFO: 15:断言响应状态码;期望结果：200;实际结果：200
2025-03-22 09:42:56,343 - testExample.py - test_baiDuSerach_sheetTwo - 100- INFO: 15:断言响应体字段值;期望结果:14;实际结果：0
2025-03-22 09:42:56,350 - testExample.py - test_baiDuSerach_sheetTwo - 105- INFO: 15:断言响应时间;期望结果:213;实际结果：117
2025-03-22 09:42:56,378 - Example.py - baiDuSerachToken - 49- INFO: 用例id：16:接口名称：baiDuSerach;传递token：[[129]];传递参数：python45;用例备注：测试示例断言失败
2025-03-22 09:42:56,500 - testExample.py - test_baiDuSerach_sheetTwo - 95- INFO: 16:断言响应状态码;期望结果：200;实际结果：200
2025-03-22 09:42:56,511 - testExample.py - test_baiDuSerach_sheetTwo - 100- INFO: 16:断言响应体字段值;期望结果:15;实际结果：0
2025-03-22 09:42:56,519 - testExample.py - test_baiDuSerach_sheetTwo - 105- INFO: 16:断言响应时间;期望结果:214;实际结果：117
2025-03-22 09:42:56,549 - Example.py - baiDuSerachToken - 49- INFO: 用例id：17:接口名称：baiDuSerach;传递token：[[129]];传递参数：python46;用例备注：测试示例断言失败
2025-03-22 09:42:56,668 - testExample.py - test_baiDuSerach_sheetTwo - 95- INFO: 17:断言响应状态码;期望结果：200;实际结果：200
2025-03-22 09:42:56,676 - testExample.py - test_baiDuSerach_sheetTwo - 100- INFO: 17:断言响应体字段值;期望结果:16;实际结果：0
2025-03-22 09:42:56,683 - testExample.py - test_baiDuSerach_sheetTwo - 105- INFO: 17:断言响应时间;期望结果:215;实际结果：115
2025-03-22 09:42:56,714 - Example.py - baiDuSerachToken - 49- INFO: 用例id：18:接口名称：baiDuSerach;传递token：[[129]];传递参数：python47;用例备注：测试示例断言失败
2025-03-22 09:42:56,849 - testExample.py - test_baiDuSerach_sheetTwo - 95- INFO: 18:断言响应状态码;期望结果：200;实际结果：200
2025-03-22 09:42:56,857 - testExample.py - test_baiDuSerach_sheetTwo - 100- INFO: 18:断言响应体字段值;期望结果:17;实际结果：0
2025-03-22 09:42:56,864 - testExample.py - test_baiDuSerach_sheetTwo - 105- INFO: 18:断言响应时间;期望结果:216;实际结果：131
2025-03-22 09:42:56,892 - Example.py - baiDuSerachToken - 49- INFO: 用例id：19:接口名称：baiDuSerach;传递token：[[129]];传递参数：python48;用例备注：测试示例断言失败
2025-03-22 09:42:57,012 - testExample.py - test_baiDuSerach_sheetTwo - 95- INFO: 19:断言响应状态码;期望结果：200;实际结果：200
2025-03-22 09:42:57,020 - testExample.py - test_baiDuSerach_sheetTwo - 100- INFO: 19:断言响应体字段值;期望结果:18;实际结果：0
2025-03-22 09:42:57,027 - testExample.py - test_baiDuSerach_sheetTwo - 105- INFO: 19:断言响应时间;期望结果:217;实际结果：116
2025-03-22 09:42:57,055 - Example.py - baiDuSerachToken - 49- INFO: 用例id：20:接口名称：baiDuSerach;传递token：[[129]];传递参数：python49;用例备注：测试示例断言失败
2025-03-22 09:42:57,178 - testExample.py - test_baiDuSerach_sheetTwo - 95- INFO: 20:断言响应状态码;期望结果：200;实际结果：200
2025-03-22 09:42:57,185 - testExample.py - test_baiDuSerach_sheetTwo - 100- INFO: 20:断言响应体字段值;期望结果:19;实际结果：0
2025-03-22 09:42:57,193 - testExample.py - test_baiDuSerach_sheetTwo - 105- INFO: 20:断言响应时间;期望结果:218;实际结果：119
2025-03-22 09:42:57,221 - Example.py - baiDuSerachToken - 49- INFO: 用例id：21:接口名称：baiDuSerach;传递token：[[129]];传递参数：python50;用例备注：测试示例断言失败
2025-03-22 09:42:57,343 - testExample.py - test_baiDuSerach_sheetTwo - 95- INFO: 21:断言响应状态码;期望结果：200;实际结果：200
2025-03-22 09:42:57,351 - testExample.py - test_baiDuSerach_sheetTwo - 100- INFO: 21:断言响应体字段值;期望结果:20;实际结果：0
2025-03-22 09:42:57,358 - testExample.py - test_baiDuSerach_sheetTwo - 105- INFO: 21:断言响应时间;期望结果:219;实际结果：119
2025-03-22 09:42:57,386 - Example.py - baiDuSerachToken - 49- INFO: 用例id：22:接口名称：baiDuSerach;传递token：[[129]];传递参数：python51;用例备注：测试示例断言失败
2025-03-22 09:42:57,511 - testExample.py - test_baiDuSerach_sheetTwo - 95- INFO: 22:断言响应状态码;期望结果：200;实际结果：200
2025-03-22 09:42:57,519 - testExample.py - test_baiDuSerach_sheetTwo - 100- INFO: 22:断言响应体字段值;期望结果:21;实际结果：0
2025-03-22 09:42:57,526 - testExample.py - test_baiDuSerach_sheetTwo - 105- INFO: 22:断言响应时间;期望结果:220;实际结果：120
2025-03-22 09:42:57,555 - Example.py - baiDuSerachToken - 49- INFO: 用例id：23:接口名称：baiDuSerach;传递token：[[129]];传递参数：python52;用例备注：测试示例断言失败
2025-03-22 09:42:57,682 - testExample.py - test_baiDuSerach_sheetTwo - 95- INFO: 23:断言响应状态码;期望结果：200;实际结果：200
2025-03-22 09:42:57,691 - testExample.py - test_baiDuSerach_sheetTwo - 100- INFO: 23:断言响应体字段值;期望结果:22;实际结果：0
2025-03-22 09:42:57,699 - testExample.py - test_baiDuSerach_sheetTwo - 105- INFO: 23:断言响应时间;期望结果:221;实际结果：123
2025-03-22 09:42:57,732 - Example.py - baiDuSerachToken - 49- INFO: 用例id：24:接口名称：baiDuSerach;传递token：[[129]];传递参数：python53;用例备注：测试示例断言失败
2025-03-22 09:42:57,861 - testExample.py - test_baiDuSerach_sheetTwo - 95- INFO: 24:断言响应状态码;期望结果：200;实际结果：200
2025-03-22 09:42:57,868 - testExample.py - test_baiDuSerach_sheetTwo - 100- INFO: 24:断言响应体字段值;期望结果:23;实际结果：0
2025-03-22 09:42:57,875 - testExample.py - test_baiDuSerach_sheetTwo - 105- INFO: 24:断言响应时间;期望结果:222;实际结果：125
2025-03-22 09:42:57,943 - Example.py - baiDuSerachToken - 49- INFO: 用例id：25:接口名称：baiDuSerach;传递token：[[129]];传递参数：python54;用例备注：测试示例断言失败
2025-03-22 09:42:58,067 - testExample.py - test_baiDuSerach_sheetTwo - 95- INFO: 25:断言响应状态码;期望结果：200;实际结果：200
2025-03-22 09:42:58,074 - testExample.py - test_baiDuSerach_sheetTwo - 100- INFO: 25:断言响应体字段值;期望结果:24;实际结果：0
2025-03-22 09:42:58,082 - testExample.py - test_baiDuSerach_sheetTwo - 105- INFO: 25:断言响应时间;期望结果:223;实际结果：120
2025-03-22 09:42:58,111 - Example.py - baiDuSerachToken - 49- INFO: 用例id：26:接口名称：baiDuSerach;传递token：[[129]];传递参数：python55;用例备注：测试示例断言失败
2025-03-22 09:42:58,238 - testExample.py - test_baiDuSerach_sheetTwo - 95- INFO: 26:断言响应状态码;期望结果：200;实际结果：200
2025-03-22 09:42:58,246 - testExample.py - test_baiDuSerach_sheetTwo - 100- INFO: 26:断言响应体字段值;期望结果:25;实际结果：0
2025-03-22 09:42:58,253 - testExample.py - test_baiDuSerach_sheetTwo - 105- INFO: 26:断言响应时间;期望结果:224;实际结果：124
2025-03-22 09:42:58,282 - Example.py - baiDuSerachToken - 49- INFO: 用例id：27:接口名称：baiDuSerach;传递token：[[129]];传递参数：python56;用例备注：测试示例断言失败
2025-03-22 09:42:58,401 - testExample.py - test_baiDuSerach_sheetTwo - 95- INFO: 27:断言响应状态码;期望结果：200;实际结果：200
2025-03-22 09:42:58,408 - testExample.py - test_baiDuSerach_sheetTwo - 100- INFO: 27:断言响应体字段值;期望结果:26;实际结果：0
2025-03-22 09:42:58,416 - testExample.py - test_baiDuSerach_sheetTwo - 105- INFO: 27:断言响应时间;期望结果:225;实际结果：116
2025-03-22 09:42:58,443 - Example.py - baiDuSerachToken - 49- INFO: 用例id：28:接口名称：baiDuSerach;传递token：[[129]];传递参数：python57;用例备注：测试示例断言失败
2025-03-22 09:42:58,561 - testExample.py - test_baiDuSerach_sheetTwo - 95- INFO: 28:断言响应状态码;期望结果：200;实际结果：200
2025-03-22 09:42:58,569 - testExample.py - test_baiDuSerach_sheetTwo - 100- INFO: 28:断言响应体字段值;期望结果:27;实际结果：0
2025-03-22 09:42:58,576 - testExample.py - test_baiDuSerach_sheetTwo - 105- INFO: 28:断言响应时间;期望结果:226;实际结果：114
2025-03-22 09:42:58,605 - Example.py - baiDuSerachToken - 49- INFO: 用例id：29:接口名称：baiDuSerach;传递token：[[129]];传递参数：python58;用例备注：测试示例断言失败
2025-03-22 09:42:58,737 - testExample.py - test_baiDuSerach_sheetTwo - 95- INFO: 29:断言响应状态码;期望结果：200;实际结果：200
2025-03-22 09:42:58,746 - testExample.py - test_baiDuSerach_sheetTwo - 100- INFO: 29:断言响应体字段值;期望结果:28;实际结果：0
2025-03-22 09:42:58,754 - testExample.py - test_baiDuSerach_sheetTwo - 105- INFO: 29:断言响应时间;期望结果:227;实际结果：129
2025-03-22 09:42:58,782 - Example.py - baiDuSerachToken - 49- INFO: 用例id：30:接口名称：baiDuSerach;传递token：[[129]];传递参数：python59;用例备注：测试示例断言失败
2025-03-22 09:42:58,906 - testExample.py - test_baiDuSerach_sheetTwo - 95- INFO: 30:断言响应状态码;期望结果：200;实际结果：200
2025-03-22 09:42:58,915 - testExample.py - test_baiDuSerach_sheetTwo - 100- INFO: 30:断言响应体字段值;期望结果:29;实际结果：0
2025-03-22 09:42:58,921 - testExample.py - test_baiDuSerach_sheetTwo - 105- INFO: 30:断言响应时间;期望结果:228;实际结果：121
2025-03-22 09:42:58,951 - Example.py - baiDuSerachToken - 49- INFO: 用例id：test001:接口名称：baiDuSerach;传递token：[[129]];传递参数：python1;用例备注：测试示例断言成功
2025-03-22 09:42:59,071 - testExample.py - test_baiDuSerach_csv - 131- INFO: test001:断言响应状态码;期望结果：200;实际结果：200
2025-03-22 09:42:59,080 - testExample.py - test_baiDuSerach_csv - 136- INFO: test001:断言响应体字段值;期望结果:0;实际结果：0
2025-03-22 09:42:59,087 - testExample.py - test_baiDuSerach_csv - 141- INFO: test001:断言响应时间;期望结果:200;实际结果：117
2025-03-22 09:42:59,098 - Example.py - baiDuSerachToken - 49- INFO: 用例id：test002:接口名称：baiDuSerach;传递token：[[129]];传递参数：python2;用例备注：
2025-03-22 09:42:59,225 - testExample.py - test_baiDuSerach_csv - 131- INFO: test002:断言响应状态码;期望结果：200;实际结果：200
2025-03-22 09:42:59,233 - testExample.py - test_baiDuSerach_csv - 136- INFO: test002:断言响应体字段值;期望结果:1;实际结果：0
2025-03-22 09:42:59,240 - testExample.py - test_baiDuSerach_csv - 141- INFO: test002:断言响应时间;期望结果:200;实际结果：123
2025-03-22 09:42:59,268 - Example.py - baiDuSerachToken - 49- INFO: 用例id：test003:接口名称：baiDuSerach;传递token：[[129]];传递参数：python3;用例备注：测试示例断言失败
2025-03-22 09:42:59,394 - testExample.py - test_baiDuSerach_csv - 131- INFO: test003:断言响应状态码;期望结果：200;实际结果：200
2025-03-22 09:42:59,401 - testExample.py - test_baiDuSerach_csv - 136- INFO: test003:断言响应体字段值;期望结果:2;实际结果：0
2025-03-22 09:42:59,409 - testExample.py - test_baiDuSerach_csv - 141- INFO: test003:断言响应时间;期望结果:200;实际结果：122
2025-03-22 09:42:59,440 - Example.py - baiDuSerachToken - 49- INFO: 用例id：test004:接口名称：baiDuSerach;传递token：[[129]];传递参数：python4;用例备注：测试示例断言失败
2025-03-22 09:42:59,559 - testExample.py - test_baiDuSerach_csv - 131- INFO: test004:断言响应状态码;期望结果：200;实际结果：200
2025-03-22 09:42:59,567 - testExample.py - test_baiDuSerach_csv - 136- INFO: test004:断言响应体字段值;期望结果:3;实际结果：0
2025-03-22 09:42:59,575 - testExample.py - test_baiDuSerach_csv - 141- INFO: test004:断言响应时间;期望结果:200;实际结果：116
2025-03-22 09:42:59,603 - Example.py - baiDuSerachToken - 49- INFO: 用例id：test005:接口名称：baiDuSerach;传递token：[[129]];传递参数：python5;用例备注：测试示例断言失败
2025-03-22 09:42:59,723 - testExample.py - test_baiDuSerach_csv - 131- INFO: test005:断言响应状态码;期望结果：200;实际结果：200
2025-03-22 09:42:59,731 - testExample.py - test_baiDuSerach_csv - 136- INFO: test005:断言响应体字段值;期望结果:4;实际结果：0
2025-03-22 09:42:59,738 - testExample.py - test_baiDuSerach_csv - 141- INFO: test005:断言响应时间;期望结果:200;实际结果：117
2025-03-22 09:42:59,766 - Example.py - baiDuSerachToken - 49- INFO: 用例id：test006:接口名称：baiDuSerach;传递token：[[129]];传递参数：python6;用例备注：测试示例断言失败
2025-03-22 09:42:59,887 - testExample.py - test_baiDuSerach_csv - 131- INFO: test006:断言响应状态码;期望结果：200;实际结果：200
2025-03-22 09:42:59,895 - testExample.py - test_baiDuSerach_csv - 136- INFO: test006:断言响应体字段值;期望结果:5;实际结果：0
2025-03-22 09:42:59,902 - testExample.py - test_baiDuSerach_csv - 141- INFO: test006:断言响应时间;期望结果:200;实际结果：117
2025-03-22 09:42:59,931 - Example.py - baiDuSerachToken - 49- INFO: 用例id：test007:接口名称：baiDuSerach;传递token：[[129]];传递参数：python7;用例备注：测试示例断言失败
2025-03-22 09:43:00,049 - testExample.py - test_baiDuSerach_csv - 131- INFO: test007:断言响应状态码;期望结果：200;实际结果：200
2025-03-22 09:43:00,057 - testExample.py - test_baiDuSerach_csv - 136- INFO: test007:断言响应体字段值;期望结果:6;实际结果：0
2025-03-22 09:43:00,064 - testExample.py - test_baiDuSerach_csv - 141- INFO: test007:断言响应时间;期望结果:200;实际结果：115
2025-03-22 09:43:00,093 - Example.py - baiDuSerachToken - 49- INFO: 用例id：test008:接口名称：baiDuSerach;传递token：[[129]];传递参数：python8;用例备注：测试示例断言失败
2025-03-22 09:43:00,215 - testExample.py - test_baiDuSerach_csv - 131- INFO: test008:断言响应状态码;期望结果：200;实际结果：200
2025-03-22 09:43:00,223 - testExample.py - test_baiDuSerach_csv - 136- INFO: test008:断言响应体字段值;期望结果:7;实际结果：0
2025-03-22 09:43:00,230 - testExample.py - test_baiDuSerach_csv - 141- INFO: test008:断言响应时间;期望结果:200;实际结果：118
2025-03-22 09:43:00,295 - Example.py - baiDuSerachToken - 49- INFO: 用例id：test009:接口名称：baiDuSerach;传递token：[[129]];传递参数：python9;用例备注：测试示例断言失败
2025-03-22 09:43:00,420 - testExample.py - test_baiDuSerach_csv - 131- INFO: test009:断言响应状态码;期望结果：200;实际结果：200
2025-03-22 09:43:00,428 - testExample.py - test_baiDuSerach_csv - 136- INFO: test009:断言响应体字段值;期望结果:8;实际结果：0
2025-03-22 09:43:00,436 - testExample.py - test_baiDuSerach_csv - 141- INFO: test009:断言响应时间;期望结果:200;实际结果：121
2025-03-22 09:43:00,466 - Example.py - baiDuSerachToken - 49- INFO: 用例id：test010:接口名称：baiDuSerach;传递token：[[129]];传递参数：python10;用例备注：测试示例断言失败
2025-03-22 09:43:00,586 - testExample.py - test_baiDuSerach_csv - 131- INFO: test010:断言响应状态码;期望结果：200;实际结果：200
2025-03-22 09:43:00,593 - testExample.py - test_baiDuSerach_csv - 136- INFO: test010:断言响应体字段值;期望结果:9;实际结果：0
2025-03-22 09:43:00,602 - testExample.py - test_baiDuSerach_csv - 141- INFO: test010:断言响应时间;期望结果:200;实际结果：116
2025-03-22 09:43:00,632 - Example.py - baiDuSerachToken - 49- INFO: 用例id：test011:接口名称：baiDuSerach;传递token：[[129]];传递参数：python11;用例备注：测试示例断言失败
2025-03-22 09:43:00,752 - testExample.py - test_baiDuSerach_csv - 131- INFO: test011:断言响应状态码;期望结果：200;实际结果：200
2025-03-22 09:43:00,759 - testExample.py - test_baiDuSerach_csv - 136- INFO: test011:断言响应体字段值;期望结果:10;实际结果：0
2025-03-22 09:43:00,767 - testExample.py - test_baiDuSerach_csv - 141- INFO: test011:断言响应时间;期望结果:200;实际结果：116
2025-03-22 09:43:00,796 - Example.py - baiDuSerachToken - 49- INFO: 用例id：test012:接口名称：baiDuSerach;传递token：[[129]];传递参数：python12;用例备注：测试示例断言失败
2025-03-22 09:43:00,920 - testExample.py - test_baiDuSerach_csv - 131- INFO: test012:断言响应状态码;期望结果：200;实际结果：200
2025-03-22 09:43:00,927 - testExample.py - test_baiDuSerach_csv - 136- INFO: test012:断言响应体字段值;期望结果:11;实际结果：0
2025-03-22 09:43:00,934 - testExample.py - test_baiDuSerach_csv - 141- INFO: test012:断言响应时间;期望结果:200;实际结果：120
2025-03-22 09:43:00,963 - Example.py - baiDuSerachToken - 49- INFO: 用例id：test013:接口名称：baiDuSerach;传递token：[[129]];传递参数：python13;用例备注：测试示例断言失败
2025-03-22 09:43:01,093 - testExample.py - test_baiDuSerach_csv - 131- INFO: test013:断言响应状态码;期望结果：200;实际结果：200
2025-03-22 09:43:01,101 - testExample.py - test_baiDuSerach_csv - 136- INFO: test013:断言响应体字段值;期望结果:12;实际结果：0
2025-03-22 09:43:01,109 - testExample.py - test_baiDuSerach_csv - 141- INFO: test013:断言响应时间;期望结果:200;实际结果：126
2025-03-22 09:43:01,140 - Example.py - baiDuSerachToken - 49- INFO: 用例id：test014:接口名称：baiDuSerach;传递token：[[129]];传递参数：python14;用例备注：测试示例断言失败
2025-03-22 09:43:01,269 - testExample.py - test_baiDuSerach_csv - 131- INFO: test014:断言响应状态码;期望结果：200;实际结果：200
2025-03-22 09:43:01,276 - testExample.py - test_baiDuSerach_csv - 136- INFO: test014:断言响应体字段值;期望结果:13;实际结果：0
2025-03-22 09:43:01,284 - testExample.py - test_baiDuSerach_csv - 141- INFO: test014:断言响应时间;期望结果:200;实际结果：126
2025-03-22 09:43:01,312 - Example.py - baiDuSerachToken - 49- INFO: 用例id：test015:接口名称：baiDuSerach;传递token：[[129]];传递参数：python15;用例备注：测试示例断言失败
2025-03-22 09:43:01,437 - testExample.py - test_baiDuSerach_csv - 131- INFO: test015:断言响应状态码;期望结果：200;实际结果：200
2025-03-22 09:43:01,446 - testExample.py - test_baiDuSerach_csv - 136- INFO: test015:断言响应体字段值;期望结果:14;实际结果：0
2025-03-22 09:43:01,453 - testExample.py - test_baiDuSerach_csv - 141- INFO: test015:断言响应时间;期望结果:200;实际结果：122
2025-03-22 09:43:01,482 - Example.py - baiDuSerachToken - 49- INFO: 用例id：test016:接口名称：baiDuSerach;传递token：[[129]];传递参数：python16;用例备注：测试示例断言失败
2025-03-22 09:43:01,603 - testExample.py - test_baiDuSerach_csv - 131- INFO: test016:断言响应状态码;期望结果：200;实际结果：200
2025-03-22 09:43:01,610 - testExample.py - test_baiDuSerach_csv - 136- INFO: test016:断言响应体字段值;期望结果:15;实际结果：0
2025-03-22 09:43:01,617 - testExample.py - test_baiDuSerach_csv - 141- INFO: test016:断言响应时间;期望结果:200;实际结果：117
2025-03-22 09:43:01,647 - Example.py - baiDuSerachToken - 49- INFO: 用例id：test017:接口名称：baiDuSerach;传递token：[[129]];传递参数：python17;用例备注：测试示例断言失败
2025-03-22 09:43:01,770 - testExample.py - test_baiDuSerach_csv - 131- INFO: test017:断言响应状态码;期望结果：200;实际结果：200
2025-03-22 09:43:01,777 - testExample.py - test_baiDuSerach_csv - 136- INFO: test017:断言响应体字段值;期望结果:16;实际结果：0
2025-03-22 09:43:01,785 - testExample.py - test_baiDuSerach_csv - 141- INFO: test017:断言响应时间;期望结果:200;实际结果：118
2025-03-22 09:43:01,814 - Example.py - baiDuSerachToken - 49- INFO: 用例id：test018:接口名称：baiDuSerach;传递token：[[129]];传递参数：python18;用例备注：测试示例断言失败
2025-03-22 09:43:01,935 - testExample.py - test_baiDuSerach_csv - 131- INFO: test018:断言响应状态码;期望结果：200;实际结果：200
2025-03-22 09:43:01,944 - testExample.py - test_baiDuSerach_csv - 136- INFO: test018:断言响应体字段值;期望结果:17;实际结果：0
2025-03-22 09:43:01,951 - testExample.py - test_baiDuSerach_csv - 141- INFO: test018:断言响应时间;期望结果:200;实际结果：117
2025-03-22 09:43:01,981 - Example.py - baiDuSerachToken - 49- INFO: 用例id：test019:接口名称：baiDuSerach;传递token：[[129]];传递参数：python19;用例备注：测试示例断言失败
2025-03-22 09:43:02,097 - testExample.py - test_baiDuSerach_csv - 131- INFO: test019:断言响应状态码;期望结果：200;实际结果：200
2025-03-22 09:43:02,105 - testExample.py - test_baiDuSerach_csv - 136- INFO: test019:断言响应体字段值;期望结果:18;实际结果：0
2025-03-22 09:43:02,112 - testExample.py - test_baiDuSerach_csv - 141- INFO: test019:断言响应时间;期望结果:200;实际结果：113
2025-03-22 09:43:02,140 - Example.py - baiDuSerachToken - 49- INFO: 用例id：test020:接口名称：baiDuSerach;传递token：[[129]];传递参数：python20;用例备注：测试示例断言失败
2025-03-22 09:43:02,264 - testExample.py - test_baiDuSerach_csv - 131- INFO: test020:断言响应状态码;期望结果：200;实际结果：200
2025-03-22 09:43:02,272 - testExample.py - test_baiDuSerach_csv - 136- INFO: test020:断言响应体字段值;期望结果:19;实际结果：0
2025-03-22 09:43:02,279 - testExample.py - test_baiDuSerach_csv - 141- INFO: test020:断言响应时间;期望结果:200;实际结果：119
2025-03-22 09:43:02,344 - Example.py - baiDuSerachToken - 49- INFO: 用例id：test021:接口名称：baiDuSerach;传递token：[[129]];传递参数：python21;用例备注：测试示例断言失败
2025-03-22 09:43:02,466 - testExample.py - test_baiDuSerach_csv - 131- INFO: test021:断言响应状态码;期望结果：200;实际结果：200
2025-03-22 09:43:02,474 - testExample.py - test_baiDuSerach_csv - 136- INFO: test021:断言响应体字段值;期望结果:20;实际结果：0
2025-03-22 09:43:02,481 - testExample.py - test_baiDuSerach_csv - 141- INFO: test021:断言响应时间;期望结果:200;实际结果：118
2025-03-22 09:43:02,510 - Example.py - baiDuSerachToken - 49- INFO: 用例id：test022:接口名称：baiDuSerach;传递token：[[129]];传递参数：python22;用例备注：测试示例断言失败
2025-03-22 09:43:02,636 - testExample.py - test_baiDuSerach_csv - 131- INFO: test022:断言响应状态码;期望结果：200;实际结果：200
2025-03-22 09:43:02,644 - testExample.py - test_baiDuSerach_csv - 136- INFO: test022:断言响应体字段值;期望结果:21;实际结果：0
2025-03-22 09:43:02,652 - testExample.py - test_baiDuSerach_csv - 141- INFO: test022:断言响应时间;期望结果:200;实际结果：123
2025-03-22 09:43:02,681 - Example.py - baiDuSerachToken - 49- INFO: 用例id：test023:接口名称：baiDuSerach;传递token：[[129]];传递参数：python23;用例备注：测试示例断言失败
2025-03-22 09:43:02,801 - testExample.py - test_baiDuSerach_csv - 131- INFO: test023:断言响应状态码;期望结果：200;实际结果：200
2025-03-22 09:43:02,808 - testExample.py - test_baiDuSerach_csv - 136- INFO: test023:断言响应体字段值;期望结果:22;实际结果：0
2025-03-22 09:43:02,816 - testExample.py - test_baiDuSerach_csv - 141- INFO: test023:断言响应时间;期望结果:200;实际结果：116
2025-03-22 09:43:02,845 - Example.py - baiDuSerachToken - 49- INFO: 用例id：test024:接口名称：baiDuSerach;传递token：[[129]];传递参数：python24;用例备注：测试示例断言失败
2025-03-22 09:43:02,968 - testExample.py - test_baiDuSerach_csv - 131- INFO: test024:断言响应状态码;期望结果：200;实际结果：200
2025-03-22 09:43:02,974 - testExample.py - test_baiDuSerach_csv - 136- INFO: test024:断言响应体字段值;期望结果:23;实际结果：0
2025-03-22 09:43:02,982 - testExample.py - test_baiDuSerach_csv - 141- INFO: test024:断言响应时间;期望结果:200;实际结果：118
2025-03-22 09:43:03,011 - Example.py - baiDuSerachToken - 49- INFO: 用例id：test025:接口名称：baiDuSerach;传递token：[[129]];传递参数：python25;用例备注：测试示例断言失败
2025-03-22 09:43:03,130 - testExample.py - test_baiDuSerach_csv - 131- INFO: test025:断言响应状态码;期望结果：200;实际结果：200
2025-03-22 09:43:03,138 - testExample.py - test_baiDuSerach_csv - 136- INFO: test025:断言响应体字段值;期望结果:24;实际结果：0
2025-03-22 09:43:03,145 - testExample.py - test_baiDuSerach_csv - 141- INFO: test025:断言响应时间;期望结果:200;实际结果：116
2025-03-22 09:43:03,175 - Example.py - baiDuSerachToken - 49- INFO: 用例id：test026:接口名称：baiDuSerach;传递token：[[129]];传递参数：python26;用例备注：测试示例断言失败
2025-03-22 09:43:03,301 - testExample.py - test_baiDuSerach_csv - 131- INFO: test026:断言响应状态码;期望结果：200;实际结果：200
2025-03-22 09:43:03,309 - testExample.py - test_baiDuSerach_csv - 136- INFO: test026:断言响应体字段值;期望结果:25;实际结果：0
2025-03-22 09:43:03,316 - testExample.py - test_baiDuSerach_csv - 141- INFO: test026:断言响应时间;期望结果:200;实际结果：122
2025-03-22 09:43:03,348 - Example.py - baiDuSerachToken - 49- INFO: 用例id：test027:接口名称：baiDuSerach;传递token：[[129]];传递参数：python27;用例备注：测试示例断言失败
2025-03-22 09:43:03,473 - testExample.py - test_baiDuSerach_csv - 131- INFO: test027:断言响应状态码;期望结果：200;实际结果：200
2025-03-22 09:43:03,481 - testExample.py - test_baiDuSerach_csv - 136- INFO: test027:断言响应体字段值;期望结果:26;实际结果：0
2025-03-22 09:43:03,488 - testExample.py - test_baiDuSerach_csv - 141- INFO: test027:断言响应时间;期望结果:200;实际结果：121
2025-03-22 09:43:03,518 - Example.py - baiDuSerachToken - 49- INFO: 用例id：test028:接口名称：baiDuSerach;传递token：[[129]];传递参数：python28;用例备注：测试示例断言失败
2025-03-22 09:43:03,636 - testExample.py - test_baiDuSerach_csv - 131- INFO: test028:断言响应状态码;期望结果：200;实际结果：200
2025-03-22 09:43:03,644 - testExample.py - test_baiDuSerach_csv - 136- INFO: test028:断言响应体字段值;期望结果:27;实际结果：0
2025-03-22 09:43:03,651 - testExample.py - test_baiDuSerach_csv - 141- INFO: test028:断言响应时间;期望结果:200;实际结果：114
2025-03-22 09:43:03,684 - Example.py - baiDuSerachToken - 49- INFO: 用例id：test029:接口名称：baiDuSerach;传递token：[[129]];传递参数：python29;用例备注：测试示例断言失败
2025-03-22 09:43:03,814 - testExample.py - test_baiDuSerach_csv - 131- INFO: test029:断言响应状态码;期望结果：200;实际结果：200
2025-03-22 09:43:03,821 - testExample.py - test_baiDuSerach_csv - 136- INFO: test029:断言响应体字段值;期望结果:28;实际结果：0
2025-03-22 09:43:03,830 - testExample.py - test_baiDuSerach_csv - 141- INFO: test029:断言响应时间;期望结果:200;实际结果：126
2025-03-22 09:43:03,859 - Example.py - baiDuSerachToken - 49- INFO: 用例id：test030:接口名称：baiDuSerach;传递token：[[129]];传递参数：python30;用例备注：测试示例断言失败
2025-03-22 09:43:03,977 - testExample.py - test_baiDuSerach_csv - 131- INFO: test030:断言响应状态码;期望结果：200;实际结果：200
2025-03-22 09:43:03,985 - testExample.py - test_baiDuSerach_csv - 136- INFO: test030:断言响应体字段值;期望结果:29;实际结果：0
2025-03-22 09:43:03,993 - testExample.py - test_baiDuSerach_csv - 141- INFO: test030:断言响应时间;期望结果:200;实际结果：114
2025-03-22 09:43:04,022 - Example.py - baiDuSerachToken - 49- INFO: 用例id：test031:接口名称：baiDuSerach;传递token：[[129]];传递参数：python31;用例备注：测试示例断言失败
2025-03-22 09:43:04,147 - testExample.py - test_baiDuSerach_csv - 131- INFO: test031:断言响应状态码;期望结果：200;实际结果：200
2025-03-22 09:43:04,156 - testExample.py - test_baiDuSerach_csv - 136- INFO: test031:断言响应体字段值;期望结果:30;实际结果：0
2025-03-22 09:43:04,164 - testExample.py - test_baiDuSerach_csv - 141- INFO: test031:断言响应时间;期望结果:200;实际结果：121
2025-03-22 09:43:04,193 - Example.py - baiDuSerachToken - 49- INFO: 用例id：test032:接口名称：baiDuSerach;传递token：[[129]];传递参数：python32;用例备注：测试示例断言失败
2025-03-22 09:43:04,315 - testExample.py - test_baiDuSerach_csv - 131- INFO: test032:断言响应状态码;期望结果：200;实际结果：200
2025-03-22 09:43:04,322 - testExample.py - test_baiDuSerach_csv - 136- INFO: test032:断言响应体字段值;期望结果:31;实际结果：0
2025-03-22 09:43:04,330 - testExample.py - test_baiDuSerach_csv - 141- INFO: test032:断言响应时间;期望结果:200;实际结果：119
2025-03-22 09:43:04,396 - Example.py - baiDuSerachToken - 49- INFO: 用例id：test033:接口名称：baiDuSerach;传递token：[[129]];传递参数：python33;用例备注：测试示例断言失败
2025-03-22 09:43:04,530 - testExample.py - test_baiDuSerach_csv - 131- INFO: test033:断言响应状态码;期望结果：200;实际结果：200
2025-03-22 09:43:04,537 - testExample.py - test_baiDuSerach_csv - 136- INFO: test033:断言响应体字段值;期望结果:32;实际结果：0
2025-03-22 09:43:04,546 - testExample.py - test_baiDuSerach_csv - 141- INFO: test033:断言响应时间;期望结果:200;实际结果：129
2025-03-22 09:43:04,575 - Example.py - baiDuSerachToken - 49- INFO: 用例id：test034:接口名称：baiDuSerach;传递token：[[129]];传递参数：python34;用例备注：测试示例断言失败
2025-03-22 09:43:04,699 - testExample.py - test_baiDuSerach_csv - 131- INFO: test034:断言响应状态码;期望结果：200;实际结果：200
2025-03-22 09:43:04,707 - testExample.py - test_baiDuSerach_csv - 136- INFO: test034:断言响应体字段值;期望结果:33;实际结果：0
2025-03-22 09:43:04,714 - testExample.py - test_baiDuSerach_csv - 141- INFO: test034:断言响应时间;期望结果:200;实际结果：121
2025-03-22 09:43:04,743 - Example.py - baiDuSerachToken - 49- INFO: 用例id：test035:接口名称：baiDuSerach;传递token：[[129]];传递参数：python35;用例备注：测试示例断言失败
2025-03-22 09:43:04,867 - testExample.py - test_baiDuSerach_csv - 131- INFO: test035:断言响应状态码;期望结果：200;实际结果：200
2025-03-22 09:43:04,876 - testExample.py - test_baiDuSerach_csv - 136- INFO: test035:断言响应体字段值;期望结果:34;实际结果：0
2025-03-22 09:43:04,883 - testExample.py - test_baiDuSerach_csv - 141- INFO: test035:断言响应时间;期望结果:200;实际结果：120
2025-03-22 09:43:04,912 - Example.py - baiDuSerachToken - 49- INFO: 用例id：test036:接口名称：baiDuSerach;传递token：[[129]];传递参数：python36;用例备注：测试示例断言失败
2025-03-22 09:43:05,031 - testExample.py - test_baiDuSerach_csv - 131- INFO: test036:断言响应状态码;期望结果：200;实际结果：200
2025-03-22 09:43:05,038 - testExample.py - test_baiDuSerach_csv - 136- INFO: test036:断言响应体字段值;期望结果:35;实际结果：0
2025-03-22 09:43:05,046 - testExample.py - test_baiDuSerach_csv - 141- INFO: test036:断言响应时间;期望结果:200;实际结果：114
2025-03-22 09:43:05,073 - Example.py - baiDuSerachToken - 49- INFO: 用例id：test037:接口名称：baiDuSerach;传递token：[[129]];传递参数：python37;用例备注：测试示例断言失败
2025-03-22 09:43:05,201 - testExample.py - test_baiDuSerach_csv - 131- INFO: test037:断言响应状态码;期望结果：200;实际结果：200
2025-03-22 09:43:05,208 - testExample.py - test_baiDuSerach_csv - 136- INFO: test037:断言响应体字段值;期望结果:36;实际结果：0
2025-03-22 09:43:05,216 - testExample.py - test_baiDuSerach_csv - 141- INFO: test037:断言响应时间;期望结果:200;实际结果：123
2025-03-22 09:43:05,244 - Example.py - baiDuSerachToken - 49- INFO: 用例id：test038:接口名称：baiDuSerach;传递token：[[129]];传递参数：python38;用例备注：测试示例断言失败
2025-03-22 09:43:05,366 - testExample.py - test_baiDuSerach_csv - 131- INFO: test038:断言响应状态码;期望结果：200;实际结果：200
2025-03-22 09:43:05,374 - testExample.py - test_baiDuSerach_csv - 136- INFO: test038:断言响应体字段值;期望结果:37;实际结果：0
2025-03-22 09:43:05,381 - testExample.py - test_baiDuSerach_csv - 141- INFO: test038:断言响应时间;期望结果:200;实际结果：118
2025-03-22 09:43:05,410 - Example.py - baiDuSerachToken - 49- INFO: 用例id：test039:接口名称：baiDuSerach;传递token：[[129]];传递参数：python39;用例备注：测试示例断言失败
2025-03-22 09:43:05,527 - testExample.py - test_baiDuSerach_csv - 131- INFO: test039:断言响应状态码;期望结果：200;实际结果：200
2025-03-22 09:43:05,535 - testExample.py - test_baiDuSerach_csv - 136- INFO: test039:断言响应体字段值;期望结果:38;实际结果：0
2025-03-22 09:43:05,543 - testExample.py - test_baiDuSerach_csv - 141- INFO: test039:断言响应时间;期望结果:200;实际结果：114
2025-03-22 09:43:05,570 - Example.py - baiDuSerachToken - 49- INFO: 用例id：test040:接口名称：baiDuSerach;传递token：[[129]];传递参数：python40;用例备注：测试示例断言失败
2025-03-22 09:43:05,691 - testExample.py - test_baiDuSerach_csv - 131- INFO: test040:断言响应状态码;期望结果：200;实际结果：200
2025-03-22 09:43:05,699 - testExample.py - test_baiDuSerach_csv - 136- INFO: test040:断言响应体字段值;期望结果:39;实际结果：0
2025-03-22 09:43:05,706 - testExample.py - test_baiDuSerach_csv - 141- INFO: test040:断言响应时间;期望结果:200;实际结果：117
2025-03-22 09:43:05,735 - Example.py - baiDuSerachToken - 49- INFO: 用例id：test041:接口名称：baiDuSerach;传递token：[[129]];传递参数：python41;用例备注：测试示例断言失败
2025-03-22 09:43:05,861 - testExample.py - test_baiDuSerach_csv - 131- INFO: test041:断言响应状态码;期望结果：200;实际结果：200
2025-03-22 09:43:05,869 - testExample.py - test_baiDuSerach_csv - 136- INFO: test041:断言响应体字段值;期望结果:40;实际结果：0
2025-03-22 09:43:05,877 - testExample.py - test_baiDuSerach_csv - 141- INFO: test041:断言响应时间;期望结果:200;实际结果：123
2025-03-22 09:43:05,904 - Example.py - baiDuSerachToken - 49- INFO: 用例id：test042:接口名称：baiDuSerach;传递token：[[129]];传递参数：python42;用例备注：测试示例断言失败
2025-03-22 09:43:06,028 - testExample.py - test_baiDuSerach_csv - 131- INFO: test042:断言响应状态码;期望结果：200;实际结果：200
2025-03-22 09:43:06,036 - testExample.py - test_baiDuSerach_csv - 136- INFO: test042:断言响应体字段值;期望结果:41;实际结果：0
2025-03-22 09:43:06,043 - testExample.py - test_baiDuSerach_csv - 141- INFO: test042:断言响应时间;期望结果:200;实际结果：120
2025-03-22 09:43:06,071 - Example.py - baiDuSerachToken - 49- INFO: 用例id：test043:接口名称：baiDuSerach;传递token：[[129]];传递参数：python43;用例备注：测试示例断言失败
2025-03-22 09:43:06,198 - testExample.py - test_baiDuSerach_csv - 131- INFO: test043:断言响应状态码;期望结果：200;实际结果：200
2025-03-22 09:43:06,206 - testExample.py - test_baiDuSerach_csv - 136- INFO: test043:断言响应体字段值;期望结果:42;实际结果：0
2025-03-22 09:43:06,213 - testExample.py - test_baiDuSerach_csv - 141- INFO: test043:断言响应时间;期望结果:200;实际结果：123
2025-03-22 09:43:06,241 - Example.py - baiDuSerachToken - 49- INFO: 用例id：test044:接口名称：baiDuSerach;传递token：[[129]];传递参数：python44;用例备注：测试示例断言失败
2025-03-22 09:43:06,361 - testExample.py - test_baiDuSerach_csv - 131- INFO: test044:断言响应状态码;期望结果：200;实际结果：200
2025-03-22 09:43:06,368 - testExample.py - test_baiDuSerach_csv - 136- INFO: test044:断言响应体字段值;期望结果:43;实际结果：0
2025-03-22 09:43:06,376 - testExample.py - test_baiDuSerach_csv - 141- INFO: test044:断言响应时间;期望结果:200;实际结果：116
2025-03-22 09:43:06,444 - Example.py - baiDuSerachToken - 49- INFO: 用例id：test045:接口名称：baiDuSerach;传递token：[[129]];传递参数：python45;用例备注：测试示例断言失败
2025-03-22 09:43:06,876 - testExample.py - test_baiDuSerach_csv - 131- INFO: test045:断言响应状态码;期望结果：200;实际结果：200
2025-03-22 09:43:06,884 - testExample.py - test_baiDuSerach_csv - 136- INFO: test045:断言响应体字段值;期望结果:44;实际结果：0
2025-03-22 09:43:06,890 - testExample.py - test_baiDuSerach_csv - 141- INFO: test045:断言响应时间;期望结果:200;实际结果：427
2025-03-22 09:43:06,920 - Example.py - baiDuSerachToken - 49- INFO: 用例id：test046:接口名称：baiDuSerach;传递token：[[129]];传递参数：python46;用例备注：测试示例断言失败
2025-03-22 09:43:07,047 - testExample.py - test_baiDuSerach_csv - 131- INFO: test046:断言响应状态码;期望结果：200;实际结果：200
2025-03-22 09:43:07,055 - testExample.py - test_baiDuSerach_csv - 136- INFO: test046:断言响应体字段值;期望结果:45;实际结果：0
2025-03-22 09:43:07,062 - testExample.py - test_baiDuSerach_csv - 141- INFO: test046:断言响应时间;期望结果:200;实际结果：124
2025-03-22 09:43:07,090 - Example.py - baiDuSerachToken - 49- INFO: 用例id：test047:接口名称：baiDuSerach;传递token：[[129]];传递参数：python47;用例备注：测试示例断言失败
2025-03-22 09:43:07,208 - testExample.py - test_baiDuSerach_csv - 131- INFO: test047:断言响应状态码;期望结果：200;实际结果：200
2025-03-22 09:43:07,215 - testExample.py - test_baiDuSerach_csv - 136- INFO: test047:断言响应体字段值;期望结果:46;实际结果：0
2025-03-22 09:43:07,223 - testExample.py - test_baiDuSerach_csv - 141- INFO: test047:断言响应时间;期望结果:200;实际结果：114
2025-03-22 09:43:07,251 - Example.py - baiDuSerachToken - 49- INFO: 用例id：test048:接口名称：baiDuSerach;传递token：[[129]];传递参数：python48;用例备注：测试示例断言失败
2025-03-22 09:43:07,374 - testExample.py - test_baiDuSerach_csv - 131- INFO: test048:断言响应状态码;期望结果：200;实际结果：200
2025-03-22 09:43:07,381 - testExample.py - test_baiDuSerach_csv - 136- INFO: test048:断言响应体字段值;期望结果:47;实际结果：0
2025-03-22 09:43:07,389 - testExample.py - test_baiDuSerach_csv - 141- INFO: test048:断言响应时间;期望结果:200;实际结果：119
2025-03-22 09:43:07,417 - Example.py - baiDuSerachToken - 49- INFO: 用例id：test049:接口名称：baiDuSerach;传递token：[[129]];传递参数：python49;用例备注：测试示例断言失败
2025-03-22 09:43:07,539 - testExample.py - test_baiDuSerach_csv - 131- INFO: test049:断言响应状态码;期望结果：200;实际结果：200
2025-03-22 09:43:07,547 - testExample.py - test_baiDuSerach_csv - 136- INFO: test049:断言响应体字段值;期望结果:48;实际结果：0
2025-03-22 09:43:07,553 - testExample.py - test_baiDuSerach_csv - 141- INFO: test049:断言响应时间;期望结果:200;实际结果：118
2025-03-22 09:43:07,582 - Example.py - baiDuSerachToken - 49- INFO: 用例id：test050:接口名称：baiDuSerach;传递token：[[129]];传递参数：python50;用例备注：测试示例断言失败
2025-03-22 09:43:07,707 - testExample.py - test_baiDuSerach_csv - 131- INFO: test050:断言响应状态码;期望结果：200;实际结果：200
2025-03-22 09:43:07,715 - testExample.py - test_baiDuSerach_csv - 136- INFO: test050:断言响应体字段值;期望结果:49;实际结果：0
2025-03-22 09:43:07,723 - testExample.py - test_baiDuSerach_csv - 141- INFO: test050:断言响应时间;期望结果:200;实际结果：120
2025-03-22 09:43:07,763 - Example.py - baiDuSerachToken - 49- INFO: 用例id：test051:接口名称：baiDuSerach;传递token：[[129]];传递参数：python51;用例备注：测试示例断言失败
2025-03-22 09:43:07,894 - testExample.py - test_baiDuSerach_csv - 131- INFO: test051:断言响应状态码;期望结果：200;实际结果：200
2025-03-22 09:43:07,900 - testExample.py - test_baiDuSerach_csv - 136- INFO: test051:断言响应体字段值;期望结果:50;实际结果：0
2025-03-22 09:43:07,909 - testExample.py - test_baiDuSerach_csv - 141- INFO: test051:断言响应时间;期望结果:200;实际结果：126
2025-03-22 09:43:07,940 - Example.py - baiDuSerachToken - 49- INFO: 用例id：test052:接口名称：baiDuSerach;传递token：[[129]];传递参数：python52;用例备注：测试示例断言失败
2025-03-22 09:43:08,067 - testExample.py - test_baiDuSerach_csv - 131- INFO: test052:断言响应状态码;期望结果：200;实际结果：200
2025-03-22 09:43:08,077 - testExample.py - test_baiDuSerach_csv - 136- INFO: test052:断言响应体字段值;期望结果:51;实际结果：0
2025-03-22 09:43:08,086 - testExample.py - test_baiDuSerach_csv - 141- INFO: test052:断言响应时间;期望结果:200;实际结果：122
2025-03-22 09:43:08,118 - Example.py - baiDuSerachToken - 49- INFO: 用例id：test053:接口名称：baiDuSerach;传递token：[[129]];传递参数：python53;用例备注：测试示例断言失败
2025-03-22 09:43:08,235 - testExample.py - test_baiDuSerach_csv - 131- INFO: test053:断言响应状态码;期望结果：200;实际结果：200
2025-03-22 09:43:08,243 - testExample.py - test_baiDuSerach_csv - 136- INFO: test053:断言响应体字段值;期望结果:52;实际结果：0
2025-03-22 09:43:08,251 - testExample.py - test_baiDuSerach_csv - 141- INFO: test053:断言响应时间;期望结果:200;实际结果：113
2025-03-22 09:43:08,282 - Example.py - baiDuSerachToken - 49- INFO: 用例id：test054:接口名称：baiDuSerach;传递token：[[129]];传递参数：python54;用例备注：测试示例断言失败
2025-03-22 09:43:08,405 - testExample.py - test_baiDuSerach_csv - 131- INFO: test054:断言响应状态码;期望结果：200;实际结果：200
2025-03-22 09:43:08,413 - testExample.py - test_baiDuSerach_csv - 136- INFO: test054:断言响应体字段值;期望结果:53;实际结果：0
2025-03-22 09:43:08,420 - testExample.py - test_baiDuSerach_csv - 141- INFO: test054:断言响应时间;期望结果:200;实际结果：118
2025-03-22 09:43:08,448 - Example.py - baiDuSerachToken - 49- INFO: 用例id：test055:接口名称：baiDuSerach;传递token：[[129]];传递参数：python55;用例备注：测试示例断言失败
2025-03-22 09:43:08,573 - testExample.py - test_baiDuSerach_csv - 131- INFO: test055:断言响应状态码;期望结果：200;实际结果：200
2025-03-22 09:43:08,581 - testExample.py - test_baiDuSerach_csv - 136- INFO: test055:断言响应体字段值;期望结果:54;实际结果：0
2025-03-22 09:43:08,588 - testExample.py - test_baiDuSerach_csv - 141- INFO: test055:断言响应时间;期望结果:200;实际结果：121
2025-03-22 09:43:08,618 - Example.py - baiDuSerachToken - 49- INFO: 用例id：test056:接口名称：baiDuSerach;传递token：[[129]];传递参数：python56;用例备注：测试示例断言失败
2025-03-22 09:43:08,741 - testExample.py - test_baiDuSerach_csv - 131- INFO: test056:断言响应状态码;期望结果：200;实际结果：200
2025-03-22 09:43:08,750 - testExample.py - test_baiDuSerach_csv - 136- INFO: test056:断言响应体字段值;期望结果:55;实际结果：0
2025-03-22 09:43:08,757 - testExample.py - test_baiDuSerach_csv - 141- INFO: test056:断言响应时间;期望结果:200;实际结果：118
2025-03-22 09:43:08,824 - Example.py - baiDuSerachToken - 49- INFO: 用例id：test057:接口名称：baiDuSerach;传递token：[[129]];传递参数：python57;用例备注：测试示例断言失败
2025-03-22 09:43:08,952 - testExample.py - test_baiDuSerach_csv - 131- INFO: test057:断言响应状态码;期望结果：200;实际结果：200
2025-03-22 09:43:08,962 - testExample.py - test_baiDuSerach_csv - 136- INFO: test057:断言响应体字段值;期望结果:56;实际结果：0
2025-03-22 09:43:08,969 - testExample.py - test_baiDuSerach_csv - 141- INFO: test057:断言响应时间;期望结果:200;实际结果：123
2025-03-22 09:43:08,999 - Example.py - baiDuSerachToken - 49- INFO: 用例id：test058:接口名称：baiDuSerach;传递token：[[129]];传递参数：python58;用例备注：测试示例断言失败
2025-03-22 09:43:09,119 - testExample.py - test_baiDuSerach_csv - 131- INFO: test058:断言响应状态码;期望结果：200;实际结果：200
2025-03-22 09:43:09,126 - testExample.py - test_baiDuSerach_csv - 136- INFO: test058:断言响应体字段值;期望结果:57;实际结果：0
2025-03-22 09:43:09,136 - testExample.py - test_baiDuSerach_csv - 141- INFO: test058:断言响应时间;期望结果:200;实际结果：117
2025-03-22 09:43:09,170 - Example.py - baiDuSerachToken - 49- INFO: 用例id：test059:接口名称：baiDuSerach;传递token：[[129]];传递参数：python59;用例备注：测试示例断言失败
2025-03-22 09:43:09,295 - testExample.py - test_baiDuSerach_csv - 131- INFO: test059:断言响应状态码;期望结果：200;实际结果：200
2025-03-22 09:43:09,303 - testExample.py - test_baiDuSerach_csv - 136- INFO: test059:断言响应体字段值;期望结果:58;实际结果：0
2025-03-22 09:43:09,311 - testExample.py - test_baiDuSerach_csv - 141- INFO: test059:断言响应时间;期望结果:200;实际结果：122
2025-03-22 09:43:09,339 - Example.py - baiDuSerachToken - 49- INFO: 用例id：test060:接口名称：baiDuSerach;传递token：[[129]];传递参数：python60;用例备注：测试示例断言失败
2025-03-22 09:43:09,468 - testExample.py - test_baiDuSerach_csv - 131- INFO: test060:断言响应状态码;期望结果：200;实际结果：200
2025-03-22 09:43:09,476 - testExample.py - test_baiDuSerach_csv - 136- INFO: test060:断言响应体字段值;期望结果:59;实际结果：0
2025-03-22 09:43:09,484 - testExample.py - test_baiDuSerach_csv - 141- INFO: test060:断言响应时间;期望结果:200;实际结果：126
2025-03-22 09:43:09,512 - Example.py - baiDuSerachToken - 49- INFO: 用例id：test061:接口名称：baiDuSerach;传递token：[[129]];传递参数：python61;用例备注：测试示例断言失败
2025-03-22 09:43:09,631 - testExample.py - test_baiDuSerach_csv - 131- INFO: test061:断言响应状态码;期望结果：200;实际结果：200
2025-03-22 09:43:09,638 - testExample.py - test_baiDuSerach_csv - 136- INFO: test061:断言响应体字段值;期望结果:60;实际结果：0
2025-03-22 09:43:09,647 - testExample.py - test_baiDuSerach_csv - 141- INFO: test061:断言响应时间;期望结果:200;实际结果：115
2025-03-22 09:43:09,677 - Example.py - baiDuSerachToken - 49- INFO: 用例id：test062:接口名称：baiDuSerach;传递token：[[129]];传递参数：python62;用例备注：测试示例断言失败
2025-03-22 09:43:09,799 - testExample.py - test_baiDuSerach_csv - 131- INFO: test062:断言响应状态码;期望结果：200;实际结果：200
2025-03-22 09:43:09,806 - testExample.py - test_baiDuSerach_csv - 136- INFO: test062:断言响应体字段值;期望结果:61;实际结果：0
2025-03-22 09:43:09,813 - testExample.py - test_baiDuSerach_csv - 141- INFO: test062:断言响应时间;期望结果:200;实际结果：117
2025-03-22 09:43:09,842 - Example.py - baiDuSerachToken - 49- INFO: 用例id：test063:接口名称：baiDuSerach;传递token：[[129]];传递参数：python63;用例备注：测试示例断言失败
2025-03-22 09:43:09,970 - testExample.py - test_baiDuSerach_csv - 131- INFO: test063:断言响应状态码;期望结果：200;实际结果：200
2025-03-22 09:43:09,977 - testExample.py - test_baiDuSerach_csv - 136- INFO: test063:断言响应体字段值;期望结果:62;实际结果：0
2025-03-22 09:43:09,985 - testExample.py - test_baiDuSerach_csv - 141- INFO: test063:断言响应时间;期望结果:200;实际结果：124
2025-03-22 09:43:10,013 - Example.py - baiDuSerachToken - 49- INFO: 用例id：test064:接口名称：baiDuSerach;传递token：[[129]];传递参数：python64;用例备注：测试示例断言失败
2025-03-22 09:43:10,138 - testExample.py - test_baiDuSerach_csv - 131- INFO: test064:断言响应状态码;期望结果：200;实际结果：200
2025-03-22 09:43:10,147 - testExample.py - test_baiDuSerach_csv - 136- INFO: test064:断言响应体字段值;期望结果:63;实际结果：0
2025-03-22 09:43:10,154 - testExample.py - test_baiDuSerach_csv - 141- INFO: test064:断言响应时间;期望结果:200;实际结果：121
2025-03-22 09:43:10,183 - Example.py - baiDuSerachToken - 49- INFO: 用例id：test065:接口名称：baiDuSerach;传递token：[[129]];传递参数：python65;用例备注：测试示例断言失败
2025-03-22 09:43:10,314 - testExample.py - test_baiDuSerach_csv - 131- INFO: test065:断言响应状态码;期望结果：200;实际结果：200
2025-03-22 09:43:10,321 - testExample.py - test_baiDuSerach_csv - 136- INFO: test065:断言响应体字段值;期望结果:64;实际结果：0
2025-03-22 09:43:10,329 - testExample.py - test_baiDuSerach_csv - 141- INFO: test065:断言响应时间;期望结果:200;实际结果：128
2025-03-22 09:43:10,357 - Example.py - baiDuSerachToken - 49- INFO: 用例id：test066:接口名称：baiDuSerach;传递token：[[129]];传递参数：python66;用例备注：测试示例断言失败
2025-03-22 09:43:10,488 - testExample.py - test_baiDuSerach_csv - 131- INFO: test066:断言响应状态码;期望结果：200;实际结果：200
2025-03-22 09:43:10,495 - testExample.py - test_baiDuSerach_csv - 136- INFO: test066:断言响应体字段值;期望结果:65;实际结果：0
2025-03-22 09:43:10,503 - testExample.py - test_baiDuSerach_csv - 141- INFO: test066:断言响应时间;期望结果:200;实际结果：127
2025-03-22 09:43:10,531 - Example.py - baiDuSerachToken - 49- INFO: 用例id：test067:接口名称：baiDuSerach;传递token：[[129]];传递参数：python67;用例备注：测试示例断言失败
2025-03-22 09:43:10,651 - testExample.py - test_baiDuSerach_csv - 131- INFO: test067:断言响应状态码;期望结果：200;实际结果：200
2025-03-22 09:43:10,659 - testExample.py - test_baiDuSerach_csv - 136- INFO: test067:断言响应体字段值;期望结果:66;实际结果：0
2025-03-22 09:43:10,667 - testExample.py - test_baiDuSerach_csv - 141- INFO: test067:断言响应时间;期望结果:200;实际结果：116
2025-03-22 09:43:10,696 - Example.py - baiDuSerachToken - 49- INFO: 用例id：test068:接口名称：baiDuSerach;传递token：[[129]];传递参数：python68;用例备注：测试示例断言失败
2025-03-22 09:43:10,819 - testExample.py - test_baiDuSerach_csv - 131- INFO: test068:断言响应状态码;期望结果：200;实际结果：200
2025-03-22 09:43:10,826 - testExample.py - test_baiDuSerach_csv - 136- INFO: test068:断言响应体字段值;期望结果:67;实际结果：0
2025-03-22 09:43:10,833 - testExample.py - test_baiDuSerach_csv - 141- INFO: test068:断言响应时间;期望结果:200;实际结果：117
2025-03-22 09:43:10,902 - Example.py - baiDuSerachToken - 49- INFO: 用例id：test069:接口名称：baiDuSerach;传递token：[[129]];传递参数：python69;用例备注：测试示例断言失败
2025-03-22 09:43:11,029 - testExample.py - test_baiDuSerach_csv - 131- INFO: test069:断言响应状态码;期望结果：200;实际结果：200
2025-03-22 09:43:11,036 - testExample.py - test_baiDuSerach_csv - 136- INFO: test069:断言响应体字段值;期望结果:68;实际结果：0
2025-03-22 09:43:11,045 - testExample.py - test_baiDuSerach_csv - 141- INFO: test069:断言响应时间;期望结果:200;实际结果：123
2025-03-22 09:43:11,077 - Example.py - baiDuSerachToken - 49- INFO: 用例id：test070:接口名称：baiDuSerach;传递token：[[129]];传递参数：python70;用例备注：测试示例断言失败
2025-03-22 09:43:11,204 - testExample.py - test_baiDuSerach_csv - 131- INFO: test070:断言响应状态码;期望结果：200;实际结果：200
2025-03-22 09:43:11,213 - testExample.py - test_baiDuSerach_csv - 136- INFO: test070:断言响应体字段值;期望结果:69;实际结果：0
2025-03-22 09:43:11,221 - testExample.py - test_baiDuSerach_csv - 141- INFO: test070:断言响应时间;期望结果:200;实际结果：124
