2025-03-21 14:26:26,914 - Example.py - baiDuSerach - 67- INFO: 用例id：test001:接口名称：baiDuSerach;传递token：None;传递参数：python1;用例备注：测试示例断言成功
2025-03-21 14:26:27,037 - testExample.py - test_baiDuSerach_sheetOne - 47- INFO: test001:断言响应状态码;期望结果：200;实际结果：200
2025-03-21 14:26:27,128 - testExample.py - test_baiDuSerach_sheetOne - 52- INFO: test001:断言响应体字段值;期望结果:0;实际结果：0
2025-03-21 14:26:27,135 - testExample.py - test_baiDuSerach_sheetOne - 57- INFO: test001:断言响应时间;期望结果:200;实际结果：119
2025-03-21 14:26:27,147 - Example.py - baiDuSerach - 67- INFO: 用例id：test002:接口名称：baiDuSerach;传递token：None;传递参数：python2;用例备注：
2025-03-21 14:26:27,267 - testExample.py - test_baiDuSerach_sheetOne - 47- INFO: test002:断言响应状态码;期望结果：200;实际结果：200
2025-03-21 14:26:27,276 - testExample.py - test_baiDuSerach_sheetOne - 52- INFO: test002:断言响应体字段值;期望结果:1;实际结果：0
2025-03-21 14:26:27,285 - testExample.py - test_baiDuSerach_sheetOne - 57- INFO: test002:断言响应时间;期望结果:200;实际结果：117
2025-03-21 14:26:27,325 - Example.py - baiDuSerach - 67- INFO: 用例id：test003:接口名称：baiDuSerach;传递token：None;传递参数：python3;用例备注：测试示例断言失败
2025-03-21 14:26:27,457 - testExample.py - test_baiDuSerach_sheetOne - 47- INFO: test003:断言响应状态码;期望结果：200;实际结果：200
2025-03-21 14:26:27,463 - testExample.py - test_baiDuSerach_sheetOne - 52- INFO: test003:断言响应体字段值;期望结果:2;实际结果：0
2025-03-21 14:26:27,470 - testExample.py - test_baiDuSerach_sheetOne - 57- INFO: test003:断言响应时间;期望结果:200;实际结果：127
2025-03-21 14:26:27,497 - Example.py - baiDuSerach - 67- INFO: 用例id：test004:接口名称：baiDuSerach;传递token：None;传递参数：python4;用例备注：测试示例断言失败
2025-03-21 14:26:27,671 - testExample.py - test_baiDuSerach_sheetOne - 47- INFO: test004:断言响应状态码;期望结果：200;实际结果：200
2025-03-21 14:26:27,677 - testExample.py - test_baiDuSerach_sheetOne - 52- INFO: test004:断言响应体字段值;期望结果:3;实际结果：0
2025-03-21 14:26:27,685 - testExample.py - test_baiDuSerach_sheetOne - 57- INFO: test004:断言响应时间;期望结果:200;实际结果：169
2025-03-21 14:26:27,710 - Example.py - baiDuSerach - 67- INFO: 用例id：test005:接口名称：baiDuSerach;传递token：None;传递参数：python5;用例备注：测试示例断言失败
2025-03-21 14:26:27,842 - testExample.py - test_baiDuSerach_sheetOne - 47- INFO: test005:断言响应状态码;期望结果：200;实际结果：200
2025-03-21 14:26:27,849 - testExample.py - test_baiDuSerach_sheetOne - 52- INFO: test005:断言响应体字段值;期望结果:4;实际结果：0
2025-03-21 14:26:27,857 - testExample.py - test_baiDuSerach_sheetOne - 57- INFO: test005:断言响应时间;期望结果:200;实际结果：127
2025-03-21 14:26:27,884 - Example.py - baiDuSerach - 67- INFO: 用例id：test006:接口名称：baiDuSerach;传递token：None;传递参数：python6;用例备注：测试示例断言失败
2025-03-21 14:26:28,020 - testExample.py - test_baiDuSerach_sheetOne - 47- INFO: test006:断言响应状态码;期望结果：200;实际结果：200
2025-03-21 14:26:28,027 - testExample.py - test_baiDuSerach_sheetOne - 52- INFO: test006:断言响应体字段值;期望结果:5;实际结果：0
2025-03-21 14:26:28,034 - testExample.py - test_baiDuSerach_sheetOne - 57- INFO: test006:断言响应时间;期望结果:200;实际结果：133
2025-03-21 14:26:28,061 - Example.py - baiDuSerach - 67- INFO: 用例id：test007:接口名称：baiDuSerach;传递token：None;传递参数：python7;用例备注：测试示例断言失败
2025-03-21 14:26:28,192 - testExample.py - test_baiDuSerach_sheetOne - 47- INFO: test007:断言响应状态码;期望结果：200;实际结果：200
2025-03-21 14:26:28,201 - testExample.py - test_baiDuSerach_sheetOne - 52- INFO: test007:断言响应体字段值;期望结果:6;实际结果：0
2025-03-21 14:26:28,208 - testExample.py - test_baiDuSerach_sheetOne - 57- INFO: test007:断言响应时间;期望结果:200;实际结果：127
2025-03-21 14:26:28,237 - Example.py - baiDuSerach - 67- INFO: 用例id：test008:接口名称：baiDuSerach;传递token：None;传递参数：python8;用例备注：测试示例断言失败
2025-03-21 14:26:28,362 - testExample.py - test_baiDuSerach_sheetOne - 47- INFO: test008:断言响应状态码;期望结果：200;实际结果：200
2025-03-21 14:26:28,369 - testExample.py - test_baiDuSerach_sheetOne - 52- INFO: test008:断言响应体字段值;期望结果:7;实际结果：0
2025-03-21 14:26:28,376 - testExample.py - test_baiDuSerach_sheetOne - 57- INFO: test008:断言响应时间;期望结果:200;实际结果：122
2025-03-21 14:26:28,402 - Example.py - baiDuSerach - 67- INFO: 用例id：test009:接口名称：baiDuSerach;传递token：None;传递参数：python9;用例备注：测试示例断言失败
2025-03-21 14:26:28,524 - testExample.py - test_baiDuSerach_sheetOne - 47- INFO: test009:断言响应状态码;期望结果：200;实际结果：200
2025-03-21 14:26:28,531 - testExample.py - test_baiDuSerach_sheetOne - 52- INFO: test009:断言响应体字段值;期望结果:8;实际结果：0
2025-03-21 14:26:28,538 - testExample.py - test_baiDuSerach_sheetOne - 57- INFO: test009:断言响应时间;期望结果:200;实际结果：118
2025-03-21 14:26:28,564 - Example.py - baiDuSerach - 67- INFO: 用例id：test010:接口名称：baiDuSerach;传递token：None;传递参数：python10;用例备注：测试示例断言失败
2025-03-21 14:26:28,687 - testExample.py - test_baiDuSerach_sheetOne - 47- INFO: test010:断言响应状态码;期望结果：200;实际结果：200
2025-03-21 14:26:28,693 - testExample.py - test_baiDuSerach_sheetOne - 52- INFO: test010:断言响应体字段值;期望结果:9;实际结果：0
2025-03-21 14:26:28,700 - testExample.py - test_baiDuSerach_sheetOne - 57- INFO: test010:断言响应时间;期望结果:200;实际结果：119
2025-03-21 14:26:28,755 - Example.py - baiDuSerach - 67- INFO: 用例id：test011:接口名称：baiDuSerach;传递token：None;传递参数：python11;用例备注：测试示例断言失败
2025-03-21 14:26:28,879 - testExample.py - test_baiDuSerach_sheetOne - 47- INFO: test011:断言响应状态码;期望结果：200;实际结果：200
2025-03-21 14:26:28,886 - testExample.py - test_baiDuSerach_sheetOne - 52- INFO: test011:断言响应体字段值;期望结果:10;实际结果：0
2025-03-21 14:26:28,893 - testExample.py - test_baiDuSerach_sheetOne - 57- INFO: test011:断言响应时间;期望结果:200;实际结果：120
2025-03-21 14:26:28,919 - Example.py - baiDuSerach - 67- INFO: 用例id：test012:接口名称：baiDuSerach;传递token：None;传递参数：python12;用例备注：测试示例断言失败
2025-03-21 14:26:29,048 - testExample.py - test_baiDuSerach_sheetOne - 47- INFO: test012:断言响应状态码;期望结果：200;实际结果：200
2025-03-21 14:26:29,055 - testExample.py - test_baiDuSerach_sheetOne - 52- INFO: test012:断言响应体字段值;期望结果:11;实际结果：0
2025-03-21 14:26:29,063 - testExample.py - test_baiDuSerach_sheetOne - 57- INFO: test012:断言响应时间;期望结果:200;实际结果：126
2025-03-21 14:26:29,089 - Example.py - baiDuSerach - 67- INFO: 用例id：test013:接口名称：baiDuSerach;传递token：None;传递参数：python13;用例备注：测试示例断言失败
2025-03-21 14:26:29,214 - testExample.py - test_baiDuSerach_sheetOne - 47- INFO: test013:断言响应状态码;期望结果：200;实际结果：200
2025-03-21 14:26:29,221 - testExample.py - test_baiDuSerach_sheetOne - 52- INFO: test013:断言响应体字段值;期望结果:12;实际结果：0
2025-03-21 14:26:29,228 - testExample.py - test_baiDuSerach_sheetOne - 57- INFO: test013:断言响应时间;期望结果:200;实际结果：122
2025-03-21 14:26:29,255 - Example.py - baiDuSerach - 67- INFO: 用例id：test014:接口名称：baiDuSerach;传递token：None;传递参数：python14;用例备注：测试示例断言失败
2025-03-21 14:26:29,381 - testExample.py - test_baiDuSerach_sheetOne - 47- INFO: test014:断言响应状态码;期望结果：200;实际结果：200
2025-03-21 14:26:29,388 - testExample.py - test_baiDuSerach_sheetOne - 52- INFO: test014:断言响应体字段值;期望结果:13;实际结果：0
2025-03-21 14:26:29,396 - testExample.py - test_baiDuSerach_sheetOne - 57- INFO: test014:断言响应时间;期望结果:200;实际结果：123
2025-03-21 14:26:29,422 - Example.py - baiDuSerach - 67- INFO: 用例id：test015:接口名称：baiDuSerach;传递token：None;传递参数：python15;用例备注：测试示例断言失败
2025-03-21 14:26:29,548 - testExample.py - test_baiDuSerach_sheetOne - 47- INFO: test015:断言响应状态码;期望结果：200;实际结果：200
2025-03-21 14:26:29,555 - testExample.py - test_baiDuSerach_sheetOne - 52- INFO: test015:断言响应体字段值;期望结果:14;实际结果：0
2025-03-21 14:26:29,562 - testExample.py - test_baiDuSerach_sheetOne - 57- INFO: test015:断言响应时间;期望结果:200;实际结果：122
2025-03-21 14:26:29,588 - Example.py - baiDuSerach - 67- INFO: 用例id：test016:接口名称：baiDuSerach;传递token：None;传递参数：python16;用例备注：测试示例断言失败
2025-03-21 14:26:29,713 - testExample.py - test_baiDuSerach_sheetOne - 47- INFO: test016:断言响应状态码;期望结果：200;实际结果：200
2025-03-21 14:26:29,721 - testExample.py - test_baiDuSerach_sheetOne - 52- INFO: test016:断言响应体字段值;期望结果:15;实际结果：0
2025-03-21 14:26:29,727 - testExample.py - test_baiDuSerach_sheetOne - 57- INFO: test016:断言响应时间;期望结果:200;实际结果：122
2025-03-21 14:26:29,753 - Example.py - baiDuSerach - 67- INFO: 用例id：test017:接口名称：baiDuSerach;传递token：None;传递参数：python17;用例备注：测试示例断言失败
2025-03-21 14:26:29,877 - testExample.py - test_baiDuSerach_sheetOne - 47- INFO: test017:断言响应状态码;期望结果：200;实际结果：200
2025-03-21 14:26:29,884 - testExample.py - test_baiDuSerach_sheetOne - 52- INFO: test017:断言响应体字段值;期望结果:16;实际结果：0
2025-03-21 14:26:29,891 - testExample.py - test_baiDuSerach_sheetOne - 57- INFO: test017:断言响应时间;期望结果:200;实际结果：120
2025-03-21 14:26:29,917 - Example.py - baiDuSerach - 67- INFO: 用例id：test018:接口名称：baiDuSerach;传递token：None;传递参数：python18;用例备注：测试示例断言失败
2025-03-21 14:26:30,043 - testExample.py - test_baiDuSerach_sheetOne - 47- INFO: test018:断言响应状态码;期望结果：200;实际结果：200
2025-03-21 14:26:30,050 - testExample.py - test_baiDuSerach_sheetOne - 52- INFO: test018:断言响应体字段值;期望结果:17;实际结果：0
2025-03-21 14:26:30,057 - testExample.py - test_baiDuSerach_sheetOne - 57- INFO: test018:断言响应时间;期望结果:200;实际结果：122
2025-03-21 14:26:30,084 - Example.py - baiDuSerach - 67- INFO: 用例id：test019:接口名称：baiDuSerach;传递token：None;传递参数：python19;用例备注：测试示例断言失败
2025-03-21 14:26:30,214 - testExample.py - test_baiDuSerach_sheetOne - 47- INFO: test019:断言响应状态码;期望结果：200;实际结果：200
2025-03-21 14:26:30,221 - testExample.py - test_baiDuSerach_sheetOne - 52- INFO: test019:断言响应体字段值;期望结果:18;实际结果：0
2025-03-21 14:26:30,228 - testExample.py - test_baiDuSerach_sheetOne - 57- INFO: test019:断言响应时间;期望结果:200;实际结果：126
2025-03-21 14:26:30,255 - Example.py - baiDuSerach - 67- INFO: 用例id：test020:接口名称：baiDuSerach;传递token：None;传递参数：python20;用例备注：测试示例断言失败
2025-03-21 14:26:30,378 - testExample.py - test_baiDuSerach_sheetOne - 47- INFO: test020:断言响应状态码;期望结果：200;实际结果：200
2025-03-21 14:26:30,386 - testExample.py - test_baiDuSerach_sheetOne - 52- INFO: test020:断言响应体字段值;期望结果:19;实际结果：0
2025-03-21 14:26:30,392 - testExample.py - test_baiDuSerach_sheetOne - 57- INFO: test020:断言响应时间;期望结果:200;实际结果：119
2025-03-21 14:26:30,419 - Example.py - baiDuSerach - 67- INFO: 用例id：test021:接口名称：baiDuSerach;传递token：None;传递参数：python21;用例备注：测试示例断言失败
2025-03-21 14:26:30,543 - testExample.py - test_baiDuSerach_sheetOne - 47- INFO: test021:断言响应状态码;期望结果：200;实际结果：200
2025-03-21 14:26:30,550 - testExample.py - test_baiDuSerach_sheetOne - 52- INFO: test021:断言响应体字段值;期望结果:20;实际结果：0
2025-03-21 14:26:30,557 - testExample.py - test_baiDuSerach_sheetOne - 57- INFO: test021:断言响应时间;期望结果:200;实际结果：120
2025-03-21 14:26:30,584 - Example.py - baiDuSerach - 67- INFO: 用例id：test022:接口名称：baiDuSerach;传递token：None;传递参数：python22;用例备注：测试示例断言失败
2025-03-21 14:26:30,712 - testExample.py - test_baiDuSerach_sheetOne - 47- INFO: test022:断言响应状态码;期望结果：200;实际结果：200
2025-03-21 14:26:30,719 - testExample.py - test_baiDuSerach_sheetOne - 52- INFO: test022:断言响应体字段值;期望结果:21;实际结果：0
2025-03-21 14:26:30,726 - testExample.py - test_baiDuSerach_sheetOne - 57- INFO: test022:断言响应时间;期望结果:200;实际结果：124
2025-03-21 14:26:30,785 - Example.py - baiDuSerach - 67- INFO: 用例id：test023:接口名称：baiDuSerach;传递token：None;传递参数：python23;用例备注：测试示例断言失败
2025-03-21 14:26:30,920 - testExample.py - test_baiDuSerach_sheetOne - 47- INFO: test023:断言响应状态码;期望结果：200;实际结果：200
2025-03-21 14:26:30,927 - testExample.py - test_baiDuSerach_sheetOne - 52- INFO: test023:断言响应体字段值;期望结果:22;实际结果：0
2025-03-21 14:26:30,934 - testExample.py - test_baiDuSerach_sheetOne - 57- INFO: test023:断言响应时间;期望结果:200;实际结果：131
2025-03-21 14:26:30,961 - Example.py - baiDuSerach - 67- INFO: 用例id：test024:接口名称：baiDuSerach;传递token：None;传递参数：python24;用例备注：测试示例断言失败
2025-03-21 14:26:31,090 - testExample.py - test_baiDuSerach_sheetOne - 47- INFO: test024:断言响应状态码;期望结果：200;实际结果：200
2025-03-21 14:26:31,097 - testExample.py - test_baiDuSerach_sheetOne - 52- INFO: test024:断言响应体字段值;期望结果:23;实际结果：0
2025-03-21 14:26:31,104 - testExample.py - test_baiDuSerach_sheetOne - 57- INFO: test024:断言响应时间;期望结果:200;实际结果：125
2025-03-21 14:26:31,130 - Example.py - baiDuSerach - 67- INFO: 用例id：test025:接口名称：baiDuSerach;传递token：None;传递参数：python25;用例备注：测试示例断言失败
2025-03-21 14:26:31,256 - testExample.py - test_baiDuSerach_sheetOne - 47- INFO: test025:断言响应状态码;期望结果：200;实际结果：200
2025-03-21 14:26:31,262 - testExample.py - test_baiDuSerach_sheetOne - 52- INFO: test025:断言响应体字段值;期望结果:24;实际结果：0
2025-03-21 14:26:31,269 - testExample.py - test_baiDuSerach_sheetOne - 57- INFO: test025:断言响应时间;期望结果:200;实际结果：121
2025-03-21 14:26:31,297 - Example.py - baiDuSerach - 67- INFO: 用例id：test026:接口名称：baiDuSerach;传递token：None;传递参数：python26;用例备注：测试示例断言失败
2025-03-21 14:26:31,420 - testExample.py - test_baiDuSerach_sheetOne - 47- INFO: test026:断言响应状态码;期望结果：200;实际结果：200
2025-03-21 14:26:31,428 - testExample.py - test_baiDuSerach_sheetOne - 52- INFO: test026:断言响应体字段值;期望结果:25;实际结果：0
2025-03-21 14:26:31,435 - testExample.py - test_baiDuSerach_sheetOne - 57- INFO: test026:断言响应时间;期望结果:200;实际结果：121
2025-03-21 14:26:31,462 - Example.py - baiDuSerach - 67- INFO: 用例id：test027:接口名称：baiDuSerach;传递token：None;传递参数：python27;用例备注：测试示例断言失败
2025-03-21 14:26:31,584 - testExample.py - test_baiDuSerach_sheetOne - 47- INFO: test027:断言响应状态码;期望结果：200;实际结果：200
2025-03-21 14:26:31,591 - testExample.py - test_baiDuSerach_sheetOne - 52- INFO: test027:断言响应体字段值;期望结果:26;实际结果：0
2025-03-21 14:26:31,598 - testExample.py - test_baiDuSerach_sheetOne - 57- INFO: test027:断言响应时间;期望结果:200;实际结果：119
2025-03-21 14:26:31,625 - Example.py - baiDuSerach - 67- INFO: 用例id：test028:接口名称：baiDuSerach;传递token：None;传递参数：python28;用例备注：测试示例断言失败
2025-03-21 14:26:31,760 - testExample.py - test_baiDuSerach_sheetOne - 47- INFO: test028:断言响应状态码;期望结果：200;实际结果：200
2025-03-21 14:26:31,767 - testExample.py - test_baiDuSerach_sheetOne - 52- INFO: test028:断言响应体字段值;期望结果:27;实际结果：0
2025-03-21 14:26:31,774 - testExample.py - test_baiDuSerach_sheetOne - 57- INFO: test028:断言响应时间;期望结果:200;实际结果：131
2025-03-21 14:26:31,802 - Example.py - baiDuSerach - 67- INFO: 用例id：test029:接口名称：baiDuSerach;传递token：None;传递参数：python29;用例备注：测试示例断言失败
2025-03-21 14:26:31,924 - testExample.py - test_baiDuSerach_sheetOne - 47- INFO: test029:断言响应状态码;期望结果：200;实际结果：200
2025-03-21 14:26:31,931 - testExample.py - test_baiDuSerach_sheetOne - 52- INFO: test029:断言响应体字段值;期望结果:28;实际结果：0
2025-03-21 14:26:31,939 - testExample.py - test_baiDuSerach_sheetOne - 57- INFO: test029:断言响应时间;期望结果:200;实际结果：118
2025-03-21 14:26:31,966 - Example.py - baiDuSerach - 67- INFO: 用例id：test030:接口名称：baiDuSerach;传递token：None;传递参数：python30;用例备注：测试示例断言失败
2025-03-21 14:26:32,087 - testExample.py - test_baiDuSerach_sheetOne - 47- INFO: test030:断言响应状态码;期望结果：200;实际结果：200
2025-03-21 14:26:32,094 - testExample.py - test_baiDuSerach_sheetOne - 52- INFO: test030:断言响应体字段值;期望结果:29;实际结果：0
2025-03-21 14:26:32,101 - testExample.py - test_baiDuSerach_sheetOne - 57- INFO: test030:断言响应时间;期望结果:200;实际结果：117
2025-03-21 14:26:32,127 - Example.py - baiDuSerach - 67- INFO: 用例id：test031:接口名称：baiDuSerach;传递token：None;传递参数：python31;用例备注：测试示例断言失败
2025-03-21 14:26:32,249 - testExample.py - test_baiDuSerach_sheetOne - 47- INFO: test031:断言响应状态码;期望结果：200;实际结果：200
2025-03-21 14:26:32,256 - testExample.py - test_baiDuSerach_sheetOne - 52- INFO: test031:断言响应体字段值;期望结果:30;实际结果：0
2025-03-21 14:26:32,264 - testExample.py - test_baiDuSerach_sheetOne - 57- INFO: test031:断言响应时间;期望结果:200;实际结果：118
2025-03-21 14:26:32,291 - Example.py - baiDuSerach - 67- INFO: 用例id：test032:接口名称：baiDuSerach;传递token：None;传递参数：python32;用例备注：测试示例断言失败
2025-03-21 14:26:32,415 - testExample.py - test_baiDuSerach_sheetOne - 47- INFO: test032:断言响应状态码;期望结果：200;实际结果：200
2025-03-21 14:26:32,421 - testExample.py - test_baiDuSerach_sheetOne - 52- INFO: test032:断言响应体字段值;期望结果:31;实际结果：0
2025-03-21 14:26:32,428 - testExample.py - test_baiDuSerach_sheetOne - 57- INFO: test032:断言响应时间;期望结果:200;实际结果：120
2025-03-21 14:26:32,454 - Example.py - baiDuSerach - 67- INFO: 用例id：test033:接口名称：baiDuSerach;传递token：None;传递参数：python33;用例备注：测试示例断言失败
2025-03-21 14:26:32,577 - testExample.py - test_baiDuSerach_sheetOne - 47- INFO: test033:断言响应状态码;期望结果：200;实际结果：200
2025-03-21 14:26:32,583 - testExample.py - test_baiDuSerach_sheetOne - 52- INFO: test033:断言响应体字段值;期望结果:32;实际结果：0
2025-03-21 14:26:32,590 - testExample.py - test_baiDuSerach_sheetOne - 57- INFO: test033:断言响应时间;期望结果:200;实际结果：118
2025-03-21 14:26:32,619 - Example.py - baiDuSerach - 67- INFO: 用例id：test034:接口名称：baiDuSerach;传递token：None;传递参数：python34;用例备注：测试示例断言失败
2025-03-21 14:26:32,740 - testExample.py - test_baiDuSerach_sheetOne - 47- INFO: test034:断言响应状态码;期望结果：200;实际结果：200
2025-03-21 14:26:32,746 - testExample.py - test_baiDuSerach_sheetOne - 52- INFO: test034:断言响应体字段值;期望结果:33;实际结果：0
2025-03-21 14:26:32,755 - testExample.py - test_baiDuSerach_sheetOne - 57- INFO: test034:断言响应时间;期望结果:200;实际结果：118
2025-03-21 14:26:32,813 - Example.py - baiDuSerach - 67- INFO: 用例id：test035:接口名称：baiDuSerach;传递token：None;传递参数：python35;用例备注：测试示例断言失败
2025-03-21 14:26:32,936 - testExample.py - test_baiDuSerach_sheetOne - 47- INFO: test035:断言响应状态码;期望结果：200;实际结果：200
2025-03-21 14:26:32,944 - testExample.py - test_baiDuSerach_sheetOne - 52- INFO: test035:断言响应体字段值;期望结果:34;实际结果：0
2025-03-21 14:26:32,951 - testExample.py - test_baiDuSerach_sheetOne - 57- INFO: test035:断言响应时间;期望结果:200;实际结果：119
2025-03-21 14:26:32,978 - Example.py - baiDuSerach - 67- INFO: 用例id：test036:接口名称：baiDuSerach;传递token：None;传递参数：python36;用例备注：测试示例断言失败
2025-03-21 14:26:33,112 - testExample.py - test_baiDuSerach_sheetOne - 47- INFO: test036:断言响应状态码;期望结果：200;实际结果：200
2025-03-21 14:26:33,120 - testExample.py - test_baiDuSerach_sheetOne - 52- INFO: test036:断言响应体字段值;期望结果:35;实际结果：0
2025-03-21 14:26:33,128 - testExample.py - test_baiDuSerach_sheetOne - 57- INFO: test036:断言响应时间;期望结果:200;实际结果：130
2025-03-21 14:26:33,156 - Example.py - baiDuSerach - 67- INFO: 用例id：test037:接口名称：baiDuSerach;传递token：None;传递参数：python37;用例备注：测试示例断言失败
2025-03-21 14:26:33,282 - testExample.py - test_baiDuSerach_sheetOne - 47- INFO: test037:断言响应状态码;期望结果：200;实际结果：200
2025-03-21 14:26:33,289 - testExample.py - test_baiDuSerach_sheetOne - 52- INFO: test037:断言响应体字段值;期望结果:36;实际结果：0
2025-03-21 14:26:33,296 - testExample.py - test_baiDuSerach_sheetOne - 57- INFO: test037:断言响应时间;期望结果:200;实际结果：122
2025-03-21 14:26:33,323 - Example.py - baiDuSerach - 67- INFO: 用例id：test038:接口名称：baiDuSerach;传递token：None;传递参数：python38;用例备注：测试示例断言失败
2025-03-21 14:26:33,521 - testExample.py - test_baiDuSerach_sheetOne - 47- INFO: test038:断言响应状态码;期望结果：200;实际结果：200
2025-03-21 14:26:33,528 - testExample.py - test_baiDuSerach_sheetOne - 52- INFO: test038:断言响应体字段值;期望结果:37;实际结果：0
2025-03-21 14:26:33,535 - testExample.py - test_baiDuSerach_sheetOne - 57- INFO: test038:断言响应时间;期望结果:200;实际结果：195
2025-03-21 14:26:33,563 - Example.py - baiDuSerach - 67- INFO: 用例id：test039:接口名称：baiDuSerach;传递token：None;传递参数：python39;用例备注：测试示例断言失败
2025-03-21 14:26:33,728 - testExample.py - test_baiDuSerach_sheetOne - 47- INFO: test039:断言响应状态码;期望结果：200;实际结果：200
2025-03-21 14:26:33,735 - testExample.py - test_baiDuSerach_sheetOne - 52- INFO: test039:断言响应体字段值;期望结果:38;实际结果：0
2025-03-21 14:26:33,741 - testExample.py - test_baiDuSerach_sheetOne - 57- INFO: test039:断言响应时间;期望结果:200;实际结果：160
2025-03-21 14:26:33,769 - Example.py - baiDuSerach - 67- INFO: 用例id：test040:接口名称：baiDuSerach;传递token：None;传递参数：python40;用例备注：测试示例断言失败
2025-03-21 14:26:33,926 - testExample.py - test_baiDuSerach_sheetOne - 47- INFO: test040:断言响应状态码;期望结果：200;实际结果：200
2025-03-21 14:26:33,933 - testExample.py - test_baiDuSerach_sheetOne - 52- INFO: test040:断言响应体字段值;期望结果:39;实际结果：0
2025-03-21 14:26:33,939 - testExample.py - test_baiDuSerach_sheetOne - 57- INFO: test040:断言响应时间;期望结果:200;实际结果：153
2025-03-21 14:26:33,966 - Example.py - baiDuSerach - 67- INFO: 用例id：test041:接口名称：baiDuSerach;传递token：None;传递参数：python41;用例备注：测试示例断言失败
2025-03-21 14:26:34,114 - testExample.py - test_baiDuSerach_sheetOne - 47- INFO: test041:断言响应状态码;期望结果：200;实际结果：200
2025-03-21 14:26:34,120 - testExample.py - test_baiDuSerach_sheetOne - 52- INFO: test041:断言响应体字段值;期望结果:40;实际结果：0
2025-03-21 14:26:34,128 - testExample.py - test_baiDuSerach_sheetOne - 57- INFO: test041:断言响应时间;期望结果:200;实际结果：144
2025-03-21 14:26:34,156 - Example.py - baiDuSerach - 67- INFO: 用例id：test042:接口名称：baiDuSerach;传递token：None;传递参数：python42;用例备注：测试示例断言失败
2025-03-21 14:26:34,315 - testExample.py - test_baiDuSerach_sheetOne - 47- INFO: test042:断言响应状态码;期望结果：200;实际结果：200
2025-03-21 14:26:34,322 - testExample.py - test_baiDuSerach_sheetOne - 52- INFO: test042:断言响应体字段值;期望结果:41;实际结果：0
2025-03-21 14:26:34,329 - testExample.py - test_baiDuSerach_sheetOne - 57- INFO: test042:断言响应时间;期望结果:200;实际结果：156
2025-03-21 14:26:34,360 - Example.py - baiDuSerach - 67- INFO: 用例id：test043:接口名称：baiDuSerach;传递token：None;传递参数：python43;用例备注：测试示例断言失败
2025-03-21 14:26:34,515 - testExample.py - test_baiDuSerach_sheetOne - 47- INFO: test043:断言响应状态码;期望结果：200;实际结果：200
2025-03-21 14:26:34,521 - testExample.py - test_baiDuSerach_sheetOne - 52- INFO: test043:断言响应体字段值;期望结果:42;实际结果：0
2025-03-21 14:26:34,529 - testExample.py - test_baiDuSerach_sheetOne - 57- INFO: test043:断言响应时间;期望结果:200;实际结果：151
2025-03-21 14:26:34,557 - Example.py - baiDuSerach - 67- INFO: 用例id：test044:接口名称：baiDuSerach;传递token：None;传递参数：python44;用例备注：测试示例断言失败
2025-03-21 14:26:34,714 - testExample.py - test_baiDuSerach_sheetOne - 47- INFO: test044:断言响应状态码;期望结果：200;实际结果：200
2025-03-21 14:26:34,720 - testExample.py - test_baiDuSerach_sheetOne - 52- INFO: test044:断言响应体字段值;期望结果:43;实际结果：0
2025-03-21 14:26:34,727 - testExample.py - test_baiDuSerach_sheetOne - 57- INFO: test044:断言响应时间;期望结果:200;实际结果：153
2025-03-21 14:26:34,755 - Example.py - baiDuSerach - 67- INFO: 用例id：test045:接口名称：baiDuSerach;传递token：None;传递参数：python45;用例备注：测试示例断言失败
2025-03-21 14:26:34,931 - testExample.py - test_baiDuSerach_sheetOne - 47- INFO: test045:断言响应状态码;期望结果：200;实际结果：200
2025-03-21 14:26:34,938 - testExample.py - test_baiDuSerach_sheetOne - 52- INFO: test045:断言响应体字段值;期望结果:44;实际结果：0
2025-03-21 14:26:34,945 - testExample.py - test_baiDuSerach_sheetOne - 57- INFO: test045:断言响应时间;期望结果:200;实际结果：172
2025-03-21 14:26:34,973 - Example.py - baiDuSerach - 67- INFO: 用例id：test046:接口名称：baiDuSerach;传递token：None;传递参数：python46;用例备注：测试示例断言失败
2025-03-21 14:26:35,137 - testExample.py - test_baiDuSerach_sheetOne - 47- INFO: test046:断言响应状态码;期望结果：200;实际结果：200
2025-03-21 14:26:35,144 - testExample.py - test_baiDuSerach_sheetOne - 52- INFO: test046:断言响应体字段值;期望结果:45;实际结果：0
2025-03-21 14:26:35,151 - testExample.py - test_baiDuSerach_sheetOne - 57- INFO: test046:断言响应时间;期望结果:200;实际结果：161
2025-03-21 14:26:35,179 - Example.py - baiDuSerach - 67- INFO: 用例id：test047:接口名称：baiDuSerach;传递token：None;传递参数：python47;用例备注：测试示例断言失败
2025-03-21 14:26:35,342 - testExample.py - test_baiDuSerach_sheetOne - 47- INFO: test047:断言响应状态码;期望结果：200;实际结果：200
2025-03-21 14:26:35,349 - testExample.py - test_baiDuSerach_sheetOne - 52- INFO: test047:断言响应体字段值;期望结果:46;实际结果：0
2025-03-21 14:26:35,356 - testExample.py - test_baiDuSerach_sheetOne - 57- INFO: test047:断言响应时间;期望结果:200;实际结果：159
2025-03-21 14:26:35,416 - Example.py - baiDuSerach - 67- INFO: 用例id：test048:接口名称：baiDuSerach;传递token：None;传递参数：python48;用例备注：测试示例断言失败
2025-03-21 14:26:35,563 - testExample.py - test_baiDuSerach_sheetOne - 47- INFO: test048:断言响应状态码;期望结果：200;实际结果：200
2025-03-21 14:26:35,570 - testExample.py - test_baiDuSerach_sheetOne - 52- INFO: test048:断言响应体字段值;期望结果:47;实际结果：0
2025-03-21 14:26:35,577 - testExample.py - test_baiDuSerach_sheetOne - 57- INFO: test048:断言响应时间;期望结果:200;实际结果：144
2025-03-21 14:26:35,605 - Example.py - baiDuSerach - 67- INFO: 用例id：test049:接口名称：baiDuSerach;传递token：None;传递参数：python49;用例备注：测试示例断言失败
2025-03-21 14:26:35,806 - testExample.py - test_baiDuSerach_sheetOne - 47- INFO: test049:断言响应状态码;期望结果：200;实际结果：200
2025-03-21 14:26:35,813 - testExample.py - test_baiDuSerach_sheetOne - 52- INFO: test049:断言响应体字段值;期望结果:48;实际结果：0
2025-03-21 14:26:35,820 - testExample.py - test_baiDuSerach_sheetOne - 57- INFO: test049:断言响应时间;期望结果:200;实际结果：197
2025-03-21 14:26:35,848 - Example.py - baiDuSerach - 67- INFO: 用例id：test050:接口名称：baiDuSerach;传递token：None;传递参数：python50;用例备注：测试示例断言失败
2025-03-21 14:26:36,002 - testExample.py - test_baiDuSerach_sheetOne - 47- INFO: test050:断言响应状态码;期望结果：200;实际结果：200
2025-03-21 14:26:36,009 - testExample.py - test_baiDuSerach_sheetOne - 52- INFO: test050:断言响应体字段值;期望结果:49;实际结果：0
2025-03-21 14:26:36,016 - testExample.py - test_baiDuSerach_sheetOne - 57- INFO: test050:断言响应时间;期望结果:200;实际结果：151
2025-03-21 14:26:36,043 - Example.py - baiDuSerach - 67- INFO: 用例id：test051:接口名称：baiDuSerach;传递token：None;传递参数：python51;用例备注：测试示例断言失败
2025-03-21 14:26:36,198 - testExample.py - test_baiDuSerach_sheetOne - 47- INFO: test051:断言响应状态码;期望结果：200;实际结果：200
2025-03-21 14:26:36,204 - testExample.py - test_baiDuSerach_sheetOne - 52- INFO: test051:断言响应体字段值;期望结果:50;实际结果：0
2025-03-21 14:26:36,213 - testExample.py - test_baiDuSerach_sheetOne - 57- INFO: test051:断言响应时间;期望结果:200;实际结果：150
2025-03-21 14:26:36,240 - Example.py - baiDuSerach - 67- INFO: 用例id：test052:接口名称：baiDuSerach;传递token：None;传递参数：python52;用例备注：测试示例断言失败
2025-03-21 14:26:36,403 - testExample.py - test_baiDuSerach_sheetOne - 47- INFO: test052:断言响应状态码;期望结果：200;实际结果：200
2025-03-21 14:26:36,410 - testExample.py - test_baiDuSerach_sheetOne - 52- INFO: test052:断言响应体字段值;期望结果:51;实际结果：0
2025-03-21 14:26:36,417 - testExample.py - test_baiDuSerach_sheetOne - 57- INFO: test052:断言响应时间;期望结果:200;实际结果：159
2025-03-21 14:26:36,444 - Example.py - baiDuSerach - 67- INFO: 用例id：test053:接口名称：baiDuSerach;传递token：None;传递参数：python53;用例备注：测试示例断言失败
2025-03-21 14:26:36,613 - testExample.py - test_baiDuSerach_sheetOne - 47- INFO: test053:断言响应状态码;期望结果：200;实际结果：200
2025-03-21 14:26:36,620 - testExample.py - test_baiDuSerach_sheetOne - 52- INFO: test053:断言响应体字段值;期望结果:52;实际结果：0
2025-03-21 14:26:36,627 - testExample.py - test_baiDuSerach_sheetOne - 57- INFO: test053:断言响应时间;期望结果:200;实际结果：166
2025-03-21 14:26:36,654 - Example.py - baiDuSerach - 67- INFO: 用例id：test054:接口名称：baiDuSerach;传递token：None;传递参数：python54;用例备注：测试示例断言失败
2025-03-21 14:26:36,830 - testExample.py - test_baiDuSerach_sheetOne - 47- INFO: test054:断言响应状态码;期望结果：200;实际结果：200
2025-03-21 14:26:36,837 - testExample.py - test_baiDuSerach_sheetOne - 52- INFO: test054:断言响应体字段值;期望结果:53;实际结果：0
2025-03-21 14:26:36,844 - testExample.py - test_baiDuSerach_sheetOne - 57- INFO: test054:断言响应时间;期望结果:200;实际结果：172
2025-03-21 14:26:36,871 - Example.py - baiDuSerach - 67- INFO: 用例id：test055:接口名称：baiDuSerach;传递token：None;传递参数：python55;用例备注：测试示例断言失败
2025-03-21 14:26:37,054 - testExample.py - test_baiDuSerach_sheetOne - 47- INFO: test055:断言响应状态码;期望结果：200;实际结果：200
2025-03-21 14:26:37,061 - testExample.py - test_baiDuSerach_sheetOne - 52- INFO: test055:断言响应体字段值;期望结果:54;实际结果：0
2025-03-21 14:26:37,068 - testExample.py - test_baiDuSerach_sheetOne - 57- INFO: test055:断言响应时间;期望结果:200;实际结果：179
2025-03-21 14:26:37,097 - Example.py - baiDuSerach - 67- INFO: 用例id：test056:接口名称：baiDuSerach;传递token：None;传递参数：python56;用例备注：测试示例断言失败
2025-03-21 14:26:37,277 - testExample.py - test_baiDuSerach_sheetOne - 47- INFO: test056:断言响应状态码;期望结果：200;实际结果：200
2025-03-21 14:26:37,283 - testExample.py - test_baiDuSerach_sheetOne - 52- INFO: test056:断言响应体字段值;期望结果:55;实际结果：0
2025-03-21 14:26:37,292 - testExample.py - test_baiDuSerach_sheetOne - 57- INFO: test056:断言响应时间;期望结果:200;实际结果：175
2025-03-21 14:26:37,320 - Example.py - baiDuSerach - 67- INFO: 用例id：test057:接口名称：baiDuSerach;传递token：None;传递参数：python57;用例备注：测试示例断言失败
2025-03-21 14:26:37,471 - testExample.py - test_baiDuSerach_sheetOne - 47- INFO: test057:断言响应状态码;期望结果：200;实际结果：200
2025-03-21 14:26:37,479 - testExample.py - test_baiDuSerach_sheetOne - 52- INFO: test057:断言响应体字段值;期望结果:56;实际结果：0
2025-03-21 14:26:37,486 - testExample.py - test_baiDuSerach_sheetOne - 57- INFO: test057:断言响应时间;期望结果:200;实际结果：148
2025-03-21 14:26:37,512 - Example.py - baiDuSerach - 67- INFO: 用例id：test058:接口名称：baiDuSerach;传递token：None;传递参数：python58;用例备注：测试示例断言失败
2025-03-21 14:26:37,640 - testExample.py - test_baiDuSerach_sheetOne - 47- INFO: test058:断言响应状态码;期望结果：200;实际结果：200
2025-03-21 14:26:37,647 - testExample.py - test_baiDuSerach_sheetOne - 52- INFO: test058:断言响应体字段值;期望结果:57;实际结果：0
2025-03-21 14:26:37,653 - testExample.py - test_baiDuSerach_sheetOne - 57- INFO: test058:断言响应时间;期望结果:200;实际结果：123
2025-03-21 14:26:37,680 - Example.py - baiDuSerach - 67- INFO: 用例id：test059:接口名称：baiDuSerach;传递token：None;传递参数：python59;用例备注：测试示例断言失败
2025-03-21 14:26:37,806 - testExample.py - test_baiDuSerach_sheetOne - 47- INFO: test059:断言响应状态码;期望结果：200;实际结果：200
2025-03-21 14:26:37,813 - testExample.py - test_baiDuSerach_sheetOne - 52- INFO: test059:断言响应体字段值;期望结果:58;实际结果：0
2025-03-21 14:26:37,820 - testExample.py - test_baiDuSerach_sheetOne - 57- INFO: test059:断言响应时间;期望结果:200;实际结果：122
2025-03-21 14:26:37,879 - Example.py - baiDuSerach - 67- INFO: 用例id：test060:接口名称：baiDuSerach;传递token：None;传递参数：python60;用例备注：测试示例断言失败
2025-03-21 14:26:38,004 - testExample.py - test_baiDuSerach_sheetOne - 47- INFO: test060:断言响应状态码;期望结果：200;实际结果：200
2025-03-21 14:26:38,011 - testExample.py - test_baiDuSerach_sheetOne - 52- INFO: test060:断言响应体字段值;期望结果:59;实际结果：0
2025-03-21 14:26:38,019 - testExample.py - test_baiDuSerach_sheetOne - 57- INFO: test060:断言响应时间;期望结果:200;实际结果：122
2025-03-21 14:26:38,046 - Example.py - baiDuSerach - 67- INFO: 用例id：test061:接口名称：baiDuSerach;传递token：None;传递参数：python61;用例备注：测试示例断言失败
2025-03-21 14:26:38,172 - testExample.py - test_baiDuSerach_sheetOne - 47- INFO: test061:断言响应状态码;期望结果：200;实际结果：200
2025-03-21 14:26:38,178 - testExample.py - test_baiDuSerach_sheetOne - 52- INFO: test061:断言响应体字段值;期望结果:60;实际结果：0
2025-03-21 14:26:38,185 - testExample.py - test_baiDuSerach_sheetOne - 57- INFO: test061:断言响应时间;期望结果:200;实际结果：122
2025-03-21 14:26:38,213 - Example.py - baiDuSerach - 67- INFO: 用例id：test062:接口名称：baiDuSerach;传递token：None;传递参数：python62;用例备注：测试示例断言失败
2025-03-21 14:26:38,338 - testExample.py - test_baiDuSerach_sheetOne - 47- INFO: test062:断言响应状态码;期望结果：200;实际结果：200
2025-03-21 14:26:38,347 - testExample.py - test_baiDuSerach_sheetOne - 52- INFO: test062:断言响应体字段值;期望结果:61;实际结果：0
2025-03-21 14:26:38,354 - testExample.py - test_baiDuSerach_sheetOne - 57- INFO: test062:断言响应时间;期望结果:200;实际结果：122
2025-03-21 14:26:38,380 - Example.py - baiDuSerach - 67- INFO: 用例id：test063:接口名称：baiDuSerach;传递token：None;传递参数：python63;用例备注：测试示例断言失败
2025-03-21 14:26:38,503 - testExample.py - test_baiDuSerach_sheetOne - 47- INFO: test063:断言响应状态码;期望结果：200;实际结果：200
2025-03-21 14:26:38,509 - testExample.py - test_baiDuSerach_sheetOne - 52- INFO: test063:断言响应体字段值;期望结果:62;实际结果：0
2025-03-21 14:26:38,516 - testExample.py - test_baiDuSerach_sheetOne - 57- INFO: test063:断言响应时间;期望结果:200;实际结果：119
2025-03-21 14:26:38,543 - Example.py - baiDuSerach - 67- INFO: 用例id：test064:接口名称：baiDuSerach;传递token：None;传递参数：python64;用例备注：测试示例断言失败
2025-03-21 14:26:38,663 - testExample.py - test_baiDuSerach_sheetOne - 47- INFO: test064:断言响应状态码;期望结果：200;实际结果：200
2025-03-21 14:26:38,671 - testExample.py - test_baiDuSerach_sheetOne - 52- INFO: test064:断言响应体字段值;期望结果:63;实际结果：0
2025-03-21 14:26:38,677 - testExample.py - test_baiDuSerach_sheetOne - 57- INFO: test064:断言响应时间;期望结果:200;实际结果：117
2025-03-21 14:26:38,704 - Example.py - baiDuSerach - 67- INFO: 用例id：test065:接口名称：baiDuSerach;传递token：None;传递参数：python65;用例备注：测试示例断言失败
2025-03-21 14:26:38,828 - testExample.py - test_baiDuSerach_sheetOne - 47- INFO: test065:断言响应状态码;期望结果：200;实际结果：200
2025-03-21 14:26:38,835 - testExample.py - test_baiDuSerach_sheetOne - 52- INFO: test065:断言响应体字段值;期望结果:64;实际结果：0
2025-03-21 14:26:38,843 - testExample.py - test_baiDuSerach_sheetOne - 57- INFO: test065:断言响应时间;期望结果:200;实际结果：120
2025-03-21 14:26:38,869 - Example.py - baiDuSerach - 67- INFO: 用例id：test066:接口名称：baiDuSerach;传递token：None;传递参数：python66;用例备注：测试示例断言失败
2025-03-21 14:26:38,998 - testExample.py - test_baiDuSerach_sheetOne - 47- INFO: test066:断言响应状态码;期望结果：200;实际结果：200
2025-03-21 14:26:39,005 - testExample.py - test_baiDuSerach_sheetOne - 52- INFO: test066:断言响应体字段值;期望结果:65;实际结果：0
2025-03-21 14:26:39,013 - testExample.py - test_baiDuSerach_sheetOne - 57- INFO: test066:断言响应时间;期望结果:200;实际结果：125
2025-03-21 14:26:39,040 - Example.py - baiDuSerach - 67- INFO: 用例id：test067:接口名称：baiDuSerach;传递token：None;传递参数：python67;用例备注：测试示例断言失败
2025-03-21 14:26:39,167 - testExample.py - test_baiDuSerach_sheetOne - 47- INFO: test067:断言响应状态码;期望结果：200;实际结果：200
2025-03-21 14:26:39,173 - testExample.py - test_baiDuSerach_sheetOne - 52- INFO: test067:断言响应体字段值;期望结果:66;实际结果：0
2025-03-21 14:26:39,180 - testExample.py - test_baiDuSerach_sheetOne - 57- INFO: test067:断言响应时间;期望结果:200;实际结果：123
2025-03-21 14:26:39,211 - Example.py - baiDuSerach - 67- INFO: 用例id：test068:接口名称：baiDuSerach;传递token：None;传递参数：python68;用例备注：测试示例断言失败
2025-03-21 14:26:39,331 - testExample.py - test_baiDuSerach_sheetOne - 47- INFO: test068:断言响应状态码;期望结果：200;实际结果：200
2025-03-21 14:26:39,339 - testExample.py - test_baiDuSerach_sheetOne - 52- INFO: test068:断言响应体字段值;期望结果:67;实际结果：0
2025-03-21 14:26:39,345 - testExample.py - test_baiDuSerach_sheetOne - 57- INFO: test068:断言响应时间;期望结果:200;实际结果：116
2025-03-21 14:26:39,373 - Example.py - baiDuSerach - 67- INFO: 用例id：test069:接口名称：baiDuSerach;传递token：None;传递参数：python69;用例备注：测试示例断言失败
2025-03-21 14:26:39,497 - testExample.py - test_baiDuSerach_sheetOne - 47- INFO: test069:断言响应状态码;期望结果：200;实际结果：200
2025-03-21 14:26:39,504 - testExample.py - test_baiDuSerach_sheetOne - 52- INFO: test069:断言响应体字段值;期望结果:68;实际结果：0
2025-03-21 14:26:39,511 - testExample.py - test_baiDuSerach_sheetOne - 57- INFO: test069:断言响应时间;期望结果:200;实际结果：120
2025-03-21 14:26:39,537 - Example.py - baiDuSerach - 67- INFO: 用例id：test070:接口名称：baiDuSerach;传递token：None;传递参数：python70;用例备注：测试示例断言失败
2025-03-21 14:26:39,661 - testExample.py - test_baiDuSerach_sheetOne - 47- INFO: test070:断言响应状态码;期望结果：200;实际结果：200
2025-03-21 14:26:39,668 - testExample.py - test_baiDuSerach_sheetOne - 52- INFO: test070:断言响应体字段值;期望结果:69;实际结果：0
2025-03-21 14:26:39,674 - testExample.py - test_baiDuSerach_sheetOne - 57- INFO: test070:断言响应时间;期望结果:200;实际结果：120
2025-03-21 14:26:39,701 - Example.py - baiDuSerachToken - 49- INFO: 用例id：1:接口名称：baiDuSerach;传递token：[[153]];传递参数：python12;用例备注：测试示例断言成功
2025-03-21 14:26:39,825 - testExample.py - test_baiDuSerach_sheetTwo - 83- INFO: 1:断言响应状态码;期望结果：200;实际结果：200
2025-03-21 14:26:39,832 - testExample.py - test_baiDuSerach_sheetTwo - 88- INFO: 1:断言响应体字段值;期望结果:0;实际结果：0
2025-03-21 14:26:39,840 - testExample.py - test_baiDuSerach_sheetTwo - 93- INFO: 1:断言响应时间;期望结果:200;实际结果：120
2025-03-21 14:26:39,850 - Example.py - baiDuSerachToken - 49- INFO: 用例id：2:接口名称：baiDuSerach;传递token：[[153]];传递参数：python22;用例备注：测试示例断言失败
2025-03-21 14:26:39,973 - testExample.py - test_baiDuSerach_sheetTwo - 83- INFO: 2:断言响应状态码;期望结果：200;实际结果：200
2025-03-21 14:26:39,980 - testExample.py - test_baiDuSerach_sheetTwo - 88- INFO: 2:断言响应体字段值;期望结果:1;实际结果：0
2025-03-21 14:26:39,988 - testExample.py - test_baiDuSerach_sheetTwo - 93- INFO: 2:断言响应时间;期望结果:200;实际结果：119
2025-03-21 14:26:40,041 - Example.py - baiDuSerachToken - 49- INFO: 用例id：3:接口名称：baiDuSerach;传递token：[[153]];传递参数：python32;用例备注：
2025-03-21 14:26:40,168 - testExample.py - test_baiDuSerach_sheetTwo - 83- INFO: 3:断言响应状态码;期望结果：200;实际结果：200
2025-03-21 14:26:40,175 - testExample.py - test_baiDuSerach_sheetTwo - 88- INFO: 3:断言响应体字段值;期望结果:2;实际结果：0
2025-03-21 14:26:40,182 - testExample.py - test_baiDuSerach_sheetTwo - 93- INFO: 3:断言响应时间;期望结果:201;实际结果：123
2025-03-21 14:26:40,211 - Example.py - baiDuSerachToken - 49- INFO: 用例id：4:接口名称：baiDuSerach;传递token：[[153]];传递参数：python33;用例备注：测试示例断言失败
2025-03-21 14:26:40,332 - testExample.py - test_baiDuSerach_sheetTwo - 83- INFO: 4:断言响应状态码;期望结果：200;实际结果：200
2025-03-21 14:26:40,338 - testExample.py - test_baiDuSerach_sheetTwo - 88- INFO: 4:断言响应体字段值;期望结果:3;实际结果：0
2025-03-21 14:26:40,345 - testExample.py - test_baiDuSerach_sheetTwo - 93- INFO: 4:断言响应时间;期望结果:202;实际结果：117
2025-03-21 14:26:40,372 - Example.py - baiDuSerachToken - 49- INFO: 用例id：5:接口名称：baiDuSerach;传递token：[[153]];传递参数：python34;用例备注：测试示例断言失败
2025-03-21 14:26:40,495 - testExample.py - test_baiDuSerach_sheetTwo - 83- INFO: 5:断言响应状态码;期望结果：200;实际结果：200
2025-03-21 14:26:40,502 - testExample.py - test_baiDuSerach_sheetTwo - 88- INFO: 5:断言响应体字段值;期望结果:4;实际结果：0
2025-03-21 14:26:40,509 - testExample.py - test_baiDuSerach_sheetTwo - 93- INFO: 5:断言响应时间;期望结果:203;实际结果：120
2025-03-21 14:26:40,538 - Example.py - baiDuSerachToken - 49- INFO: 用例id：6:接口名称：baiDuSerach;传递token：[[153]];传递参数：python35;用例备注：测试示例断言失败
2025-03-21 14:26:40,674 - testExample.py - test_baiDuSerach_sheetTwo - 83- INFO: 6:断言响应状态码;期望结果：200;实际结果：200
2025-03-21 14:26:40,681 - testExample.py - test_baiDuSerach_sheetTwo - 88- INFO: 6:断言响应体字段值;期望结果:5;实际结果：0
2025-03-21 14:26:40,688 - testExample.py - test_baiDuSerach_sheetTwo - 93- INFO: 6:断言响应时间;期望结果:204;实际结果：132
2025-03-21 14:26:40,714 - Example.py - baiDuSerachToken - 49- INFO: 用例id：7:接口名称：baiDuSerach;传递token：[[153]];传递参数：python36;用例备注：测试示例断言失败
2025-03-21 14:26:40,842 - testExample.py - test_baiDuSerach_sheetTwo - 83- INFO: 7:断言响应状态码;期望结果：200;实际结果：200
2025-03-21 14:26:40,850 - testExample.py - test_baiDuSerach_sheetTwo - 88- INFO: 7:断言响应体字段值;期望结果:6;实际结果：0
2025-03-21 14:26:40,857 - testExample.py - test_baiDuSerach_sheetTwo - 93- INFO: 7:断言响应时间;期望结果:205;实际结果：125
2025-03-21 14:26:40,883 - Example.py - baiDuSerachToken - 49- INFO: 用例id：8:接口名称：baiDuSerach;传递token：[[153]];传递参数：python37;用例备注：测试示例断言失败
2025-03-21 14:26:41,013 - testExample.py - test_baiDuSerach_sheetTwo - 83- INFO: 8:断言响应状态码;期望结果：200;实际结果：200
2025-03-21 14:26:41,019 - testExample.py - test_baiDuSerach_sheetTwo - 88- INFO: 8:断言响应体字段值;期望结果:7;实际结果：0
2025-03-21 14:26:41,026 - testExample.py - test_baiDuSerach_sheetTwo - 93- INFO: 8:断言响应时间;期望结果:206;实际结果：126
2025-03-21 14:26:41,053 - Example.py - baiDuSerachToken - 49- INFO: 用例id：9:接口名称：baiDuSerach;传递token：[[153]];传递参数：python38;用例备注：测试示例断言失败
2025-03-21 14:26:41,177 - testExample.py - test_baiDuSerach_sheetTwo - 83- INFO: 9:断言响应状态码;期望结果：200;实际结果：200
2025-03-21 14:26:41,184 - testExample.py - test_baiDuSerach_sheetTwo - 88- INFO: 9:断言响应体字段值;期望结果:8;实际结果：0
2025-03-21 14:26:41,192 - testExample.py - test_baiDuSerach_sheetTwo - 93- INFO: 9:断言响应时间;期望结果:207;实际结果：121
2025-03-21 14:26:41,220 - Example.py - baiDuSerachToken - 49- INFO: 用例id：10:接口名称：baiDuSerach;传递token：[[153]];传递参数：python39;用例备注：测试示例断言失败
2025-03-21 14:26:41,341 - testExample.py - test_baiDuSerach_sheetTwo - 83- INFO: 10:断言响应状态码;期望结果：200;实际结果：200
2025-03-21 14:26:41,348 - testExample.py - test_baiDuSerach_sheetTwo - 88- INFO: 10:断言响应体字段值;期望结果:9;实际结果：0
2025-03-21 14:26:41,354 - testExample.py - test_baiDuSerach_sheetTwo - 93- INFO: 10:断言响应时间;期望结果:208;实际结果：117
2025-03-21 14:26:41,383 - Example.py - baiDuSerachToken - 49- INFO: 用例id：11:接口名称：baiDuSerach;传递token：[[153]];传递参数：python40;用例备注：测试示例断言失败
2025-03-21 14:26:41,513 - testExample.py - test_baiDuSerach_sheetTwo - 83- INFO: 11:断言响应状态码;期望结果：200;实际结果：200
2025-03-21 14:26:41,519 - testExample.py - test_baiDuSerach_sheetTwo - 88- INFO: 11:断言响应体字段值;期望结果:10;实际结果：0
2025-03-21 14:26:41,527 - testExample.py - test_baiDuSerach_sheetTwo - 93- INFO: 11:断言响应时间;期望结果:209;实际结果：126
2025-03-21 14:26:41,554 - Example.py - baiDuSerachToken - 49- INFO: 用例id：12:接口名称：baiDuSerach;传递token：[[153]];传递参数：python41;用例备注：测试示例断言失败
2025-03-21 14:26:41,683 - testExample.py - test_baiDuSerach_sheetTwo - 83- INFO: 12:断言响应状态码;期望结果：200;实际结果：200
2025-03-21 14:26:41,690 - testExample.py - test_baiDuSerach_sheetTwo - 88- INFO: 12:断言响应体字段值;期望结果:11;实际结果：0
2025-03-21 14:26:41,697 - testExample.py - test_baiDuSerach_sheetTwo - 93- INFO: 12:断言响应时间;期望结果:210;实际结果：125
2025-03-21 14:26:41,723 - Example.py - baiDuSerachToken - 49- INFO: 用例id：13:接口名称：baiDuSerach;传递token：[[153]];传递参数：python42;用例备注：测试示例断言失败
2025-03-21 14:26:41,843 - testExample.py - test_baiDuSerach_sheetTwo - 83- INFO: 13:断言响应状态码;期望结果：200;实际结果：200
2025-03-21 14:26:41,851 - testExample.py - test_baiDuSerach_sheetTwo - 88- INFO: 13:断言响应体字段值;期望结果:12;实际结果：0
2025-03-21 14:26:41,857 - testExample.py - test_baiDuSerach_sheetTwo - 93- INFO: 13:断言响应时间;期望结果:211;实际结果：117
2025-03-21 14:26:41,884 - Example.py - baiDuSerachToken - 49- INFO: 用例id：14:接口名称：baiDuSerach;传递token：[[153]];传递参数：python43;用例备注：测试示例断言失败
2025-03-21 14:26:42,004 - testExample.py - test_baiDuSerach_sheetTwo - 83- INFO: 14:断言响应状态码;期望结果：200;实际结果：200
2025-03-21 14:26:42,012 - testExample.py - test_baiDuSerach_sheetTwo - 88- INFO: 14:断言响应体字段值;期望结果:13;实际结果：0
2025-03-21 14:26:42,019 - testExample.py - test_baiDuSerach_sheetTwo - 93- INFO: 14:断言响应时间;期望结果:212;实际结果：116
2025-03-21 14:26:42,080 - Example.py - baiDuSerachToken - 49- INFO: 用例id：15:接口名称：baiDuSerach;传递token：[[153]];传递参数：python44;用例备注：测试示例断言失败
2025-03-21 14:26:42,212 - testExample.py - test_baiDuSerach_sheetTwo - 83- INFO: 15:断言响应状态码;期望结果：200;实际结果：200
2025-03-21 14:26:42,219 - testExample.py - test_baiDuSerach_sheetTwo - 88- INFO: 15:断言响应体字段值;期望结果:14;实际结果：0
2025-03-21 14:26:42,226 - testExample.py - test_baiDuSerach_sheetTwo - 93- INFO: 15:断言响应时间;期望结果:213;实际结果：128
2025-03-21 14:26:42,257 - Example.py - baiDuSerachToken - 49- INFO: 用例id：16:接口名称：baiDuSerach;传递token：[[153]];传递参数：python45;用例备注：测试示例断言失败
2025-03-21 14:26:42,385 - testExample.py - test_baiDuSerach_sheetTwo - 83- INFO: 16:断言响应状态码;期望结果：200;实际结果：200
2025-03-21 14:26:42,392 - testExample.py - test_baiDuSerach_sheetTwo - 88- INFO: 16:断言响应体字段值;期望结果:15;实际结果：0
2025-03-21 14:26:42,399 - testExample.py - test_baiDuSerach_sheetTwo - 93- INFO: 16:断言响应时间;期望结果:214;实际结果：124
2025-03-21 14:26:42,426 - Example.py - baiDuSerachToken - 49- INFO: 用例id：17:接口名称：baiDuSerach;传递token：[[153]];传递参数：python46;用例备注：测试示例断言失败
2025-03-21 14:26:42,549 - testExample.py - test_baiDuSerach_sheetTwo - 83- INFO: 17:断言响应状态码;期望结果：200;实际结果：200
2025-03-21 14:26:42,557 - testExample.py - test_baiDuSerach_sheetTwo - 88- INFO: 17:断言响应体字段值;期望结果:16;实际结果：0
2025-03-21 14:26:42,564 - testExample.py - test_baiDuSerach_sheetTwo - 93- INFO: 17:断言响应时间;期望结果:215;实际结果：120
2025-03-21 14:26:42,590 - Example.py - baiDuSerachToken - 49- INFO: 用例id：18:接口名称：baiDuSerach;传递token：[[153]];传递参数：python47;用例备注：测试示例断言失败
2025-03-21 14:26:42,711 - testExample.py - test_baiDuSerach_sheetTwo - 83- INFO: 18:断言响应状态码;期望结果：200;实际结果：200
2025-03-21 14:26:42,719 - testExample.py - test_baiDuSerach_sheetTwo - 88- INFO: 18:断言响应体字段值;期望结果:17;实际结果：0
2025-03-21 14:26:42,726 - testExample.py - test_baiDuSerach_sheetTwo - 93- INFO: 18:断言响应时间;期望结果:216;实际结果：117
2025-03-21 14:26:42,753 - Example.py - baiDuSerachToken - 49- INFO: 用例id：19:接口名称：baiDuSerach;传递token：[[153]];传递参数：python48;用例备注：测试示例断言失败
2025-03-21 14:26:42,877 - testExample.py - test_baiDuSerach_sheetTwo - 83- INFO: 19:断言响应状态码;期望结果：200;实际结果：200
2025-03-21 14:26:42,885 - testExample.py - test_baiDuSerach_sheetTwo - 88- INFO: 19:断言响应体字段值;期望结果:18;实际结果：0
2025-03-21 14:26:42,893 - testExample.py - test_baiDuSerach_sheetTwo - 93- INFO: 19:断言响应时间;期望结果:217;实际结果：120
2025-03-21 14:26:42,920 - Example.py - baiDuSerachToken - 49- INFO: 用例id：20:接口名称：baiDuSerach;传递token：[[153]];传递参数：python49;用例备注：测试示例断言失败
2025-03-21 14:26:43,037 - testExample.py - test_baiDuSerach_sheetTwo - 83- INFO: 20:断言响应状态码;期望结果：200;实际结果：200
2025-03-21 14:26:43,044 - testExample.py - test_baiDuSerach_sheetTwo - 88- INFO: 20:断言响应体字段值;期望结果:19;实际结果：0
2025-03-21 14:26:43,051 - testExample.py - test_baiDuSerach_sheetTwo - 93- INFO: 20:断言响应时间;期望结果:218;实际结果：114
2025-03-21 14:26:43,078 - Example.py - baiDuSerachToken - 49- INFO: 用例id：21:接口名称：baiDuSerach;传递token：[[153]];传递参数：python50;用例备注：测试示例断言失败
2025-03-21 14:26:43,219 - testExample.py - test_baiDuSerach_sheetTwo - 83- INFO: 21:断言响应状态码;期望结果：200;实际结果：200
2025-03-21 14:26:43,226 - testExample.py - test_baiDuSerach_sheetTwo - 88- INFO: 21:断言响应体字段值;期望结果:20;实际结果：0
2025-03-21 14:26:43,233 - testExample.py - test_baiDuSerach_sheetTwo - 93- INFO: 21:断言响应时间;期望结果:219;实际结果：136
2025-03-21 14:26:43,260 - Example.py - baiDuSerachToken - 49- INFO: 用例id：22:接口名称：baiDuSerach;传递token：[[153]];传递参数：python51;用例备注：测试示例断言失败
2025-03-21 14:26:43,385 - testExample.py - test_baiDuSerach_sheetTwo - 83- INFO: 22:断言响应状态码;期望结果：200;实际结果：200
2025-03-21 14:26:43,392 - testExample.py - test_baiDuSerach_sheetTwo - 88- INFO: 22:断言响应体字段值;期望结果:21;实际结果：0
2025-03-21 14:26:43,401 - testExample.py - test_baiDuSerach_sheetTwo - 93- INFO: 22:断言响应时间;期望结果:220;实际结果：120
2025-03-21 14:26:43,427 - Example.py - baiDuSerachToken - 49- INFO: 用例id：23:接口名称：baiDuSerach;传递token：[[153]];传递参数：python52;用例备注：测试示例断言失败
2025-03-21 14:26:43,552 - testExample.py - test_baiDuSerach_sheetTwo - 83- INFO: 23:断言响应状态码;期望结果：200;实际结果：200
2025-03-21 14:26:43,558 - testExample.py - test_baiDuSerach_sheetTwo - 88- INFO: 23:断言响应体字段值;期望结果:22;实际结果：0
2025-03-21 14:26:43,566 - testExample.py - test_baiDuSerach_sheetTwo - 93- INFO: 23:断言响应时间;期望结果:221;实际结果：121
2025-03-21 14:26:43,593 - Example.py - baiDuSerachToken - 49- INFO: 用例id：24:接口名称：baiDuSerach;传递token：[[153]];传递参数：python53;用例备注：测试示例断言失败
2025-03-21 14:26:43,722 - testExample.py - test_baiDuSerach_sheetTwo - 83- INFO: 24:断言响应状态码;期望结果：200;实际结果：200
2025-03-21 14:26:43,729 - testExample.py - test_baiDuSerach_sheetTwo - 88- INFO: 24:断言响应体字段值;期望结果:23;实际结果：0
2025-03-21 14:26:43,736 - testExample.py - test_baiDuSerach_sheetTwo - 93- INFO: 24:断言响应时间;期望结果:222;实际结果：125
2025-03-21 14:26:43,763 - Example.py - baiDuSerachToken - 49- INFO: 用例id：25:接口名称：baiDuSerach;传递token：[[153]];传递参数：python54;用例备注：测试示例断言失败
2025-03-21 14:26:43,901 - testExample.py - test_baiDuSerach_sheetTwo - 83- INFO: 25:断言响应状态码;期望结果：200;实际结果：200
2025-03-21 14:26:43,908 - testExample.py - test_baiDuSerach_sheetTwo - 88- INFO: 25:断言响应体字段值;期望结果:24;实际结果：0
2025-03-21 14:26:43,915 - testExample.py - test_baiDuSerach_sheetTwo - 93- INFO: 25:断言响应时间;期望结果:223;实际结果：134
2025-03-21 14:26:43,941 - Example.py - baiDuSerachToken - 49- INFO: 用例id：26:接口名称：baiDuSerach;传递token：[[153]];传递参数：python55;用例备注：测试示例断言失败
2025-03-21 14:26:44,067 - testExample.py - test_baiDuSerach_sheetTwo - 83- INFO: 26:断言响应状态码;期望结果：200;实际结果：200
2025-03-21 14:26:44,074 - testExample.py - test_baiDuSerach_sheetTwo - 88- INFO: 26:断言响应体字段值;期望结果:25;实际结果：0
2025-03-21 14:26:44,081 - testExample.py - test_baiDuSerach_sheetTwo - 93- INFO: 26:断言响应时间;期望结果:224;实际结果：121
2025-03-21 14:26:44,137 - Example.py - baiDuSerachToken - 49- INFO: 用例id：27:接口名称：baiDuSerach;传递token：[[153]];传递参数：python56;用例备注：测试示例断言失败
2025-03-21 14:26:44,269 - testExample.py - test_baiDuSerach_sheetTwo - 83- INFO: 27:断言响应状态码;期望结果：200;实际结果：200
2025-03-21 14:26:44,276 - testExample.py - test_baiDuSerach_sheetTwo - 88- INFO: 27:断言响应体字段值;期望结果:26;实际结果：0
2025-03-21 14:26:44,283 - testExample.py - test_baiDuSerach_sheetTwo - 93- INFO: 27:断言响应时间;期望结果:225;实际结果：128
2025-03-21 14:26:44,311 - Example.py - baiDuSerachToken - 49- INFO: 用例id：28:接口名称：baiDuSerach;传递token：[[153]];传递参数：python57;用例备注：测试示例断言失败
2025-03-21 14:26:44,430 - testExample.py - test_baiDuSerach_sheetTwo - 83- INFO: 28:断言响应状态码;期望结果：200;实际结果：200
2025-03-21 14:26:44,438 - testExample.py - test_baiDuSerach_sheetTwo - 88- INFO: 28:断言响应体字段值;期望结果:27;实际结果：0
2025-03-21 14:26:44,444 - testExample.py - test_baiDuSerach_sheetTwo - 93- INFO: 28:断言响应时间;期望结果:226;实际结果：116
2025-03-21 14:26:44,471 - Example.py - baiDuSerachToken - 49- INFO: 用例id：29:接口名称：baiDuSerach;传递token：[[153]];传递参数：python58;用例备注：测试示例断言失败
2025-03-21 14:26:44,588 - testExample.py - test_baiDuSerach_sheetTwo - 83- INFO: 29:断言响应状态码;期望结果：200;实际结果：200
2025-03-21 14:26:44,598 - testExample.py - test_baiDuSerach_sheetTwo - 88- INFO: 29:断言响应体字段值;期望结果:28;实际结果：0
2025-03-21 14:26:44,606 - testExample.py - test_baiDuSerach_sheetTwo - 93- INFO: 29:断言响应时间;期望结果:227;实际结果：114
2025-03-21 14:26:44,633 - Example.py - baiDuSerachToken - 49- INFO: 用例id：30:接口名称：baiDuSerach;传递token：[[153]];传递参数：python59;用例备注：测试示例断言失败
2025-03-21 14:26:44,761 - testExample.py - test_baiDuSerach_sheetTwo - 83- INFO: 30:断言响应状态码;期望结果：200;实际结果：200
2025-03-21 14:26:44,768 - testExample.py - test_baiDuSerach_sheetTwo - 88- INFO: 30:断言响应体字段值;期望结果:29;实际结果：0
2025-03-21 14:26:44,774 - testExample.py - test_baiDuSerach_sheetTwo - 93- INFO: 30:断言响应时间;期望结果:228;实际结果：124
2025-03-21 14:26:44,803 - Example.py - baiDuSerachToken - 49- INFO: 用例id：test001:接口名称：baiDuSerach;传递token：[[153]];传递参数：python1;用例备注：测试示例断言成功
2025-03-21 14:26:44,933 - testExample.py - test_baiDuSerach_csv - 119- INFO: test001:断言响应状态码;期望结果：200;实际结果：200
2025-03-21 14:26:44,939 - testExample.py - test_baiDuSerach_csv - 124- INFO: test001:断言响应体字段值;期望结果:0;实际结果：0
2025-03-21 14:26:44,946 - testExample.py - test_baiDuSerach_csv - 129- INFO: test001:断言响应时间;期望结果:200;实际结果：125
2025-03-21 14:26:44,957 - Example.py - baiDuSerachToken - 49- INFO: 用例id：test002:接口名称：baiDuSerach;传递token：[[153]];传递参数：python2;用例备注：
2025-03-21 14:26:45,080 - testExample.py - test_baiDuSerach_csv - 119- INFO: test002:断言响应状态码;期望结果：200;实际结果：200
2025-03-21 14:26:45,087 - testExample.py - test_baiDuSerach_csv - 124- INFO: test002:断言响应体字段值;期望结果:1;实际结果：0
2025-03-21 14:26:45,094 - testExample.py - test_baiDuSerach_csv - 129- INFO: test002:断言响应时间;期望结果:200;实际结果：119
2025-03-21 14:26:45,124 - Example.py - baiDuSerachToken - 49- INFO: 用例id：test003:接口名称：baiDuSerach;传递token：[[153]];传递参数：python3;用例备注：测试示例断言失败
2025-03-21 14:26:45,245 - testExample.py - test_baiDuSerach_csv - 119- INFO: test003:断言响应状态码;期望结果：200;实际结果：200
2025-03-21 14:26:45,253 - testExample.py - test_baiDuSerach_csv - 124- INFO: test003:断言响应体字段值;期望结果:2;实际结果：0
2025-03-21 14:26:45,259 - testExample.py - test_baiDuSerach_csv - 129- INFO: test003:断言响应时间;期望结果:200;实际结果：118
2025-03-21 14:26:45,289 - Example.py - baiDuSerachToken - 49- INFO: 用例id：test004:接口名称：baiDuSerach;传递token：[[153]];传递参数：python4;用例备注：测试示例断言失败
2025-03-21 14:26:45,408 - testExample.py - test_baiDuSerach_csv - 119- INFO: test004:断言响应状态码;期望结果：200;实际结果：200
2025-03-21 14:26:45,415 - testExample.py - test_baiDuSerach_csv - 124- INFO: test004:断言响应体字段值;期望结果:3;实际结果：0
2025-03-21 14:26:45,422 - testExample.py - test_baiDuSerach_csv - 129- INFO: test004:断言响应时间;期望结果:200;实际结果：116
2025-03-21 14:26:45,449 - Example.py - baiDuSerachToken - 49- INFO: 用例id：test005:接口名称：baiDuSerach;传递token：[[153]];传递参数：python5;用例备注：测试示例断言失败
2025-03-21 14:26:45,577 - testExample.py - test_baiDuSerach_csv - 119- INFO: test005:断言响应状态码;期望结果：200;实际结果：200
2025-03-21 14:26:45,584 - testExample.py - test_baiDuSerach_csv - 124- INFO: test005:断言响应体字段值;期望结果:4;实际结果：0
2025-03-21 14:26:45,590 - testExample.py - test_baiDuSerach_csv - 129- INFO: test005:断言响应时间;期望结果:200;实际结果：124
2025-03-21 14:26:45,618 - Example.py - baiDuSerachToken - 49- INFO: 用例id：test006:接口名称：baiDuSerach;传递token：[[153]];传递参数：python6;用例备注：测试示例断言失败
2025-03-21 14:26:45,742 - testExample.py - test_baiDuSerach_csv - 119- INFO: test006:断言响应状态码;期望结果：200;实际结果：200
2025-03-21 14:26:45,750 - testExample.py - test_baiDuSerach_csv - 124- INFO: test006:断言响应体字段值;期望结果:5;实际结果：0
2025-03-21 14:26:45,758 - testExample.py - test_baiDuSerach_csv - 129- INFO: test006:断言响应时间;期望结果:200;实际结果：121
2025-03-21 14:26:45,793 - Example.py - baiDuSerachToken - 49- INFO: 用例id：test007:接口名称：baiDuSerach;传递token：[[153]];传递参数：python7;用例备注：测试示例断言失败
2025-03-21 14:26:45,925 - testExample.py - test_baiDuSerach_csv - 119- INFO: test007:断言响应状态码;期望结果：200;实际结果：200
2025-03-21 14:26:45,932 - testExample.py - test_baiDuSerach_csv - 124- INFO: test007:断言响应体字段值;期望结果:6;实际结果：0
2025-03-21 14:26:45,939 - testExample.py - test_baiDuSerach_csv - 129- INFO: test007:断言响应时间;期望结果:200;实际结果：128
2025-03-21 14:26:45,967 - Example.py - baiDuSerachToken - 49- INFO: 用例id：test008:接口名称：baiDuSerach;传递token：[[153]];传递参数：python8;用例备注：测试示例断言失败
2025-03-21 14:26:46,094 - testExample.py - test_baiDuSerach_csv - 119- INFO: test008:断言响应状态码;期望结果：200;实际结果：200
2025-03-21 14:26:46,103 - testExample.py - test_baiDuSerach_csv - 124- INFO: test008:断言响应体字段值;期望结果:7;实际结果：0
2025-03-21 14:26:46,114 - testExample.py - test_baiDuSerach_csv - 129- INFO: test008:断言响应时间;期望结果:200;实际结果：123
2025-03-21 14:26:46,148 - Example.py - baiDuSerachToken - 49- INFO: 用例id：test009:接口名称：baiDuSerach;传递token：[[153]];传递参数：python9;用例备注：测试示例断言失败
2025-03-21 14:26:46,289 - testExample.py - test_baiDuSerach_csv - 119- INFO: test009:断言响应状态码;期望结果：200;实际结果：200
2025-03-21 14:26:46,298 - testExample.py - test_baiDuSerach_csv - 124- INFO: test009:断言响应体字段值;期望结果:8;实际结果：0
2025-03-21 14:26:46,306 - testExample.py - test_baiDuSerach_csv - 129- INFO: test009:断言响应时间;期望结果:200;实际结果：135
2025-03-21 14:26:46,384 - Example.py - baiDuSerachToken - 49- INFO: 用例id：test010:接口名称：baiDuSerach;传递token：[[153]];传递参数：python10;用例备注：测试示例断言失败
2025-03-21 14:26:46,549 - testExample.py - test_baiDuSerach_csv - 119- INFO: test010:断言响应状态码;期望结果：200;实际结果：200
2025-03-21 14:26:46,564 - testExample.py - test_baiDuSerach_csv - 124- INFO: test010:断言响应体字段值;期望结果:9;实际结果：0
2025-03-21 14:26:46,576 - testExample.py - test_baiDuSerach_csv - 129- INFO: test010:断言响应时间;期望结果:200;实际结果：161
2025-03-21 14:26:46,628 - Example.py - baiDuSerachToken - 49- INFO: 用例id：test011:接口名称：baiDuSerach;传递token：[[153]];传递参数：python11;用例备注：测试示例断言失败
2025-03-21 14:26:46,762 - testExample.py - test_baiDuSerach_csv - 119- INFO: test011:断言响应状态码;期望结果：200;实际结果：200
2025-03-21 14:26:46,770 - testExample.py - test_baiDuSerach_csv - 124- INFO: test011:断言响应体字段值;期望结果:10;实际结果：0
2025-03-21 14:26:46,776 - testExample.py - test_baiDuSerach_csv - 129- INFO: test011:断言响应时间;期望结果:200;实际结果：130
2025-03-21 14:26:46,808 - Example.py - baiDuSerachToken - 49- INFO: 用例id：test012:接口名称：baiDuSerach;传递token：[[153]];传递参数：python12;用例备注：测试示例断言失败
2025-03-21 14:26:46,936 - testExample.py - test_baiDuSerach_csv - 119- INFO: test012:断言响应状态码;期望结果：200;实际结果：200
2025-03-21 14:26:46,945 - testExample.py - test_baiDuSerach_csv - 124- INFO: test012:断言响应体字段值;期望结果:11;实际结果：0
2025-03-21 14:26:46,955 - testExample.py - test_baiDuSerach_csv - 129- INFO: test012:断言响应时间;期望结果:200;实际结果：123
2025-03-21 14:26:46,993 - Example.py - baiDuSerachToken - 49- INFO: 用例id：test013:接口名称：baiDuSerach;传递token：[[153]];传递参数：python13;用例备注：测试示例断言失败
2025-03-21 14:26:47,153 - testExample.py - test_baiDuSerach_csv - 119- INFO: test013:断言响应状态码;期望结果：200;实际结果：200
2025-03-21 14:26:47,163 - testExample.py - test_baiDuSerach_csv - 124- INFO: test013:断言响应体字段值;期望结果:12;实际结果：0
2025-03-21 14:26:47,172 - testExample.py - test_baiDuSerach_csv - 129- INFO: test013:断言响应时间;期望结果:200;实际结果：155
2025-03-21 14:26:47,204 - Example.py - baiDuSerachToken - 49- INFO: 用例id：test014:接口名称：baiDuSerach;传递token：[[153]];传递参数：python14;用例备注：测试示例断言失败
2025-03-21 14:26:47,328 - testExample.py - test_baiDuSerach_csv - 119- INFO: test014:断言响应状态码;期望结果：200;实际结果：200
2025-03-21 14:26:47,336 - testExample.py - test_baiDuSerach_csv - 124- INFO: test014:断言响应体字段值;期望结果:13;实际结果：0
2025-03-21 14:26:47,343 - testExample.py - test_baiDuSerach_csv - 129- INFO: test014:断言响应时间;期望结果:200;实际结果：120
2025-03-21 14:26:47,370 - Example.py - baiDuSerachToken - 49- INFO: 用例id：test015:接口名称：baiDuSerach;传递token：[[153]];传递参数：python15;用例备注：测试示例断言失败
2025-03-21 14:26:47,495 - testExample.py - test_baiDuSerach_csv - 119- INFO: test015:断言响应状态码;期望结果：200;实际结果：200
2025-03-21 14:26:47,502 - testExample.py - test_baiDuSerach_csv - 124- INFO: test015:断言响应体字段值;期望结果:14;实际结果：0
2025-03-21 14:26:47,509 - testExample.py - test_baiDuSerach_csv - 129- INFO: test015:断言响应时间;期望结果:200;实际结果：122
2025-03-21 14:26:47,536 - Example.py - baiDuSerachToken - 49- INFO: 用例id：test016:接口名称：baiDuSerach;传递token：[[153]];传递参数：python16;用例备注：测试示例断言失败
2025-03-21 14:26:47,662 - testExample.py - test_baiDuSerach_csv - 119- INFO: test016:断言响应状态码;期望结果：200;实际结果：200
2025-03-21 14:26:47,669 - testExample.py - test_baiDuSerach_csv - 124- INFO: test016:断言响应体字段值;期望结果:15;实际结果：0
2025-03-21 14:26:47,676 - testExample.py - test_baiDuSerach_csv - 129- INFO: test016:断言响应时间;期望结果:200;实际结果：122
2025-03-21 14:26:47,703 - Example.py - baiDuSerachToken - 49- INFO: 用例id：test017:接口名称：baiDuSerach;传递token：[[153]];传递参数：python17;用例备注：测试示例断言失败
2025-03-21 14:26:47,865 - testExample.py - test_baiDuSerach_csv - 119- INFO: test017:断言响应状态码;期望结果：200;实际结果：200
2025-03-21 14:26:47,872 - testExample.py - test_baiDuSerach_csv - 124- INFO: test017:断言响应体字段值;期望结果:16;实际结果：0
2025-03-21 14:26:47,879 - testExample.py - test_baiDuSerach_csv - 129- INFO: test017:断言响应时间;期望结果:200;实际结果：158
2025-03-21 14:26:47,907 - Example.py - baiDuSerachToken - 49- INFO: 用例id：test018:接口名称：baiDuSerach;传递token：[[153]];传递参数：python18;用例备注：测试示例断言失败
2025-03-21 14:26:48,035 - testExample.py - test_baiDuSerach_csv - 119- INFO: test018:断言响应状态码;期望结果：200;实际结果：200
2025-03-21 14:26:48,041 - testExample.py - test_baiDuSerach_csv - 124- INFO: test018:断言响应体字段值;期望结果:17;实际结果：0
2025-03-21 14:26:48,048 - testExample.py - test_baiDuSerach_csv - 129- INFO: test018:断言响应时间;期望结果:200;实际结果：123
2025-03-21 14:26:48,075 - Example.py - baiDuSerachToken - 49- INFO: 用例id：test019:接口名称：baiDuSerach;传递token：[[153]];传递参数：python19;用例备注：测试示例断言失败
2025-03-21 14:26:48,200 - testExample.py - test_baiDuSerach_csv - 119- INFO: test019:断言响应状态码;期望结果：200;实际结果：200
2025-03-21 14:26:48,209 - testExample.py - test_baiDuSerach_csv - 124- INFO: test019:断言响应体字段值;期望结果:18;实际结果：0
2025-03-21 14:26:48,215 - testExample.py - test_baiDuSerach_csv - 129- INFO: test019:断言响应时间;期望结果:200;实际结果：121
2025-03-21 14:26:48,242 - Example.py - baiDuSerachToken - 49- INFO: 用例id：test020:接口名称：baiDuSerach;传递token：[[153]];传递参数：python20;用例备注：测试示例断言失败
2025-03-21 14:26:48,373 - testExample.py - test_baiDuSerach_csv - 119- INFO: test020:断言响应状态码;期望结果：200;实际结果：200
2025-03-21 14:26:48,381 - testExample.py - test_baiDuSerach_csv - 124- INFO: test020:断言响应体字段值;期望结果:19;实际结果：0
2025-03-21 14:26:48,389 - testExample.py - test_baiDuSerach_csv - 129- INFO: test020:断言响应时间;期望结果:200;实际结果：126
2025-03-21 14:26:48,416 - Example.py - baiDuSerachToken - 49- INFO: 用例id：test021:接口名称：baiDuSerach;传递token：[[153]];传递参数：python21;用例备注：测试示例断言失败
2025-03-21 14:26:48,552 - testExample.py - test_baiDuSerach_csv - 119- INFO: test021:断言响应状态码;期望结果：200;实际结果：200
2025-03-21 14:26:48,559 - testExample.py - test_baiDuSerach_csv - 124- INFO: test021:断言响应体字段值;期望结果:20;实际结果：0
2025-03-21 14:26:48,566 - testExample.py - test_baiDuSerach_csv - 129- INFO: test021:断言响应时间;期望结果:200;实际结果：131
2025-03-21 14:26:48,629 - Example.py - baiDuSerachToken - 49- INFO: 用例id：test022:接口名称：baiDuSerach;传递token：[[153]];传递参数：python22;用例备注：测试示例断言失败
2025-03-21 14:26:48,750 - testExample.py - test_baiDuSerach_csv - 119- INFO: test022:断言响应状态码;期望结果：200;实际结果：200
2025-03-21 14:26:48,756 - testExample.py - test_baiDuSerach_csv - 124- INFO: test022:断言响应体字段值;期望结果:21;实际结果：0
2025-03-21 14:26:48,764 - testExample.py - test_baiDuSerach_csv - 129- INFO: test022:断言响应时间;期望结果:200;实际结果：116
2025-03-21 14:26:48,790 - Example.py - baiDuSerachToken - 49- INFO: 用例id：test023:接口名称：baiDuSerach;传递token：[[153]];传递参数：python23;用例备注：测试示例断言失败
2025-03-21 14:26:48,912 - testExample.py - test_baiDuSerach_csv - 119- INFO: test023:断言响应状态码;期望结果：200;实际结果：200
2025-03-21 14:26:48,920 - testExample.py - test_baiDuSerach_csv - 124- INFO: test023:断言响应体字段值;期望结果:22;实际结果：0
2025-03-21 14:26:48,927 - testExample.py - test_baiDuSerach_csv - 129- INFO: test023:断言响应时间;期望结果:200;实际结果：118
2025-03-21 14:26:48,956 - Example.py - baiDuSerachToken - 49- INFO: 用例id：test024:接口名称：baiDuSerach;传递token：[[153]];传递参数：python24;用例备注：测试示例断言失败
2025-03-21 14:26:49,079 - testExample.py - test_baiDuSerach_csv - 119- INFO: test024:断言响应状态码;期望结果：200;实际结果：200
2025-03-21 14:26:49,085 - testExample.py - test_baiDuSerach_csv - 124- INFO: test024:断言响应体字段值;期望结果:23;实际结果：0
2025-03-21 14:26:49,093 - testExample.py - test_baiDuSerach_csv - 129- INFO: test024:断言响应时间;期望结果:200;实际结果：119
2025-03-21 14:26:49,122 - Example.py - baiDuSerachToken - 49- INFO: 用例id：test025:接口名称：baiDuSerach;传递token：[[153]];传递参数：python25;用例备注：测试示例断言失败
2025-03-21 14:26:49,253 - testExample.py - test_baiDuSerach_csv - 119- INFO: test025:断言响应状态码;期望结果：200;实际结果：200
2025-03-21 14:26:49,260 - testExample.py - test_baiDuSerach_csv - 124- INFO: test025:断言响应体字段值;期望结果:24;实际结果：0
2025-03-21 14:26:49,266 - testExample.py - test_baiDuSerach_csv - 129- INFO: test025:断言响应时间;期望结果:200;实际结果：127
2025-03-21 14:26:49,295 - Example.py - baiDuSerachToken - 49- INFO: 用例id：test026:接口名称：baiDuSerach;传递token：[[153]];传递参数：python26;用例备注：测试示例断言失败
2025-03-21 14:26:49,421 - testExample.py - test_baiDuSerach_csv - 119- INFO: test026:断言响应状态码;期望结果：200;实际结果：200
2025-03-21 14:26:49,429 - testExample.py - test_baiDuSerach_csv - 124- INFO: test026:断言响应体字段值;期望结果:25;实际结果：0
2025-03-21 14:26:49,436 - testExample.py - test_baiDuSerach_csv - 129- INFO: test026:断言响应时间;期望结果:200;实际结果：124
2025-03-21 14:26:49,466 - Example.py - baiDuSerachToken - 49- INFO: 用例id：test027:接口名称：baiDuSerach;传递token：[[153]];传递参数：python27;用例备注：测试示例断言失败
2025-03-21 14:26:49,589 - testExample.py - test_baiDuSerach_csv - 119- INFO: test027:断言响应状态码;期望结果：200;实际结果：200
2025-03-21 14:26:49,596 - testExample.py - test_baiDuSerach_csv - 124- INFO: test027:断言响应体字段值;期望结果:26;实际结果：0
2025-03-21 14:26:49,603 - testExample.py - test_baiDuSerach_csv - 129- INFO: test027:断言响应时间;期望结果:200;实际结果：120
2025-03-21 14:26:49,630 - Example.py - baiDuSerachToken - 49- INFO: 用例id：test028:接口名称：baiDuSerach;传递token：[[153]];传递参数：python28;用例备注：测试示例断言失败
2025-03-21 14:26:50,068 - testExample.py - test_baiDuSerach_csv - 119- INFO: test028:断言响应状态码;期望结果：200;实际结果：200
2025-03-21 14:26:50,076 - testExample.py - test_baiDuSerach_csv - 124- INFO: test028:断言响应体字段值;期望结果:27;实际结果：0
2025-03-21 14:26:50,083 - testExample.py - test_baiDuSerach_csv - 129- INFO: test028:断言响应时间;期望结果:200;实际结果：435
2025-03-21 14:26:50,111 - Example.py - baiDuSerachToken - 49- INFO: 用例id：test029:接口名称：baiDuSerach;传递token：[[153]];传递参数：python29;用例备注：测试示例断言失败
2025-03-21 14:26:51,250 - testExample.py - test_baiDuSerach_csv - 119- INFO: test029:断言响应状态码;期望结果：200;实际结果：200
2025-03-21 14:26:51,257 - testExample.py - test_baiDuSerach_csv - 124- INFO: test029:断言响应体字段值;期望结果:28;实际结果：0
2025-03-21 14:26:51,264 - testExample.py - test_baiDuSerach_csv - 129- INFO: test029:断言响应时间;期望结果:200;实际结果：136
2025-03-21 14:26:51,291 - Example.py - baiDuSerachToken - 49- INFO: 用例id：test030:接口名称：baiDuSerach;传递token：[[153]];传递参数：python30;用例备注：测试示例断言失败
2025-03-21 14:26:51,413 - testExample.py - test_baiDuSerach_csv - 119- INFO: test030:断言响应状态码;期望结果：200;实际结果：200
2025-03-21 14:26:51,421 - testExample.py - test_baiDuSerach_csv - 124- INFO: test030:断言响应体字段值;期望结果:29;实际结果：0
2025-03-21 14:26:51,428 - testExample.py - test_baiDuSerach_csv - 129- INFO: test030:断言响应时间;期望结果:200;实际结果：118
2025-03-21 14:26:51,456 - Example.py - baiDuSerachToken - 49- INFO: 用例id：test031:接口名称：baiDuSerach;传递token：[[153]];传递参数：python31;用例备注：测试示例断言失败
2025-03-21 14:26:51,579 - testExample.py - test_baiDuSerach_csv - 119- INFO: test031:断言响应状态码;期望结果：200;实际结果：200
2025-03-21 14:26:51,586 - testExample.py - test_baiDuSerach_csv - 124- INFO: test031:断言响应体字段值;期望结果:30;实际结果：0
2025-03-21 14:26:51,594 - testExample.py - test_baiDuSerach_csv - 129- INFO: test031:断言响应时间;期望结果:200;实际结果：119
2025-03-21 14:26:51,626 - Example.py - baiDuSerachToken - 49- INFO: 用例id：test032:接口名称：baiDuSerach;传递token：[[153]];传递参数：python32;用例备注：测试示例断言失败
2025-03-21 14:26:51,787 - testExample.py - test_baiDuSerach_csv - 119- INFO: test032:断言响应状态码;期望结果：200;实际结果：200
2025-03-21 14:26:51,795 - testExample.py - test_baiDuSerach_csv - 124- INFO: test032:断言响应体字段值;期望结果:31;实际结果：0
2025-03-21 14:26:51,801 - testExample.py - test_baiDuSerach_csv - 129- INFO: test032:断言响应时间;期望结果:200;实际结果：157
2025-03-21 14:26:51,830 - Example.py - baiDuSerachToken - 49- INFO: 用例id：test033:接口名称：baiDuSerach;传递token：[[153]];传递参数：python33;用例备注：测试示例断言失败
2025-03-21 14:26:52,273 - testExample.py - test_baiDuSerach_csv - 119- INFO: test033:断言响应状态码;期望结果：200;实际结果：200
2025-03-21 14:26:52,280 - testExample.py - test_baiDuSerach_csv - 124- INFO: test033:断言响应体字段值;期望结果:32;实际结果：0
2025-03-21 14:26:52,288 - testExample.py - test_baiDuSerach_csv - 129- INFO: test033:断言响应时间;期望结果:200;实际结果：439
2025-03-21 14:26:52,354 - Example.py - baiDuSerachToken - 49- INFO: 用例id：test034:接口名称：baiDuSerach;传递token：[[153]];传递参数：python34;用例备注：测试示例断言失败
2025-03-21 14:26:53,061 - testExample.py - test_baiDuSerach_csv - 119- INFO: test034:断言响应状态码;期望结果：200;实际结果：200
2025-03-21 14:26:53,068 - testExample.py - test_baiDuSerach_csv - 124- INFO: test034:断言响应体字段值;期望结果:33;实际结果：0
2025-03-21 14:26:53,075 - testExample.py - test_baiDuSerach_csv - 129- INFO: test034:断言响应时间;期望结果:200;实际结果：703
2025-03-21 14:26:53,103 - Example.py - baiDuSerachToken - 49- INFO: 用例id：test035:接口名称：baiDuSerach;传递token：[[153]];传递参数：python35;用例备注：测试示例断言失败
2025-03-21 14:26:53,852 - testExample.py - test_baiDuSerach_csv - 119- INFO: test035:断言响应状态码;期望结果：200;实际结果：200
2025-03-21 14:26:53,858 - testExample.py - test_baiDuSerach_csv - 124- INFO: test035:断言响应体字段值;期望结果:34;实际结果：0
2025-03-21 14:26:53,866 - testExample.py - test_baiDuSerach_csv - 129- INFO: test035:断言响应时间;期望结果:200;实际结果：745
2025-03-21 14:26:53,893 - Example.py - baiDuSerachToken - 49- INFO: 用例id：test036:接口名称：baiDuSerach;传递token：[[153]];传递参数：python36;用例备注：测试示例断言失败
2025-03-21 14:26:54,706 - testExample.py - test_baiDuSerach_csv - 119- INFO: test036:断言响应状态码;期望结果：200;实际结果：200
2025-03-21 14:26:54,713 - testExample.py - test_baiDuSerach_csv - 124- INFO: test036:断言响应体字段值;期望结果:35;实际结果：0
2025-03-21 14:26:54,719 - testExample.py - test_baiDuSerach_csv - 129- INFO: test036:断言响应时间;期望结果:200;实际结果：808
2025-03-21 14:26:54,747 - Example.py - baiDuSerachToken - 49- INFO: 用例id：test037:接口名称：baiDuSerach;传递token：[[153]];传递参数：python37;用例备注：测试示例断言失败
2025-03-21 14:26:55,375 - testExample.py - test_baiDuSerach_csv - 119- INFO: test037:断言响应状态码;期望结果：200;实际结果：200
2025-03-21 14:26:55,382 - testExample.py - test_baiDuSerach_csv - 124- INFO: test037:断言响应体字段值;期望结果:36;实际结果：0
2025-03-21 14:26:55,389 - testExample.py - test_baiDuSerach_csv - 129- INFO: test037:断言响应时间;期望结果:200;实际结果：624
2025-03-21 14:26:55,418 - Example.py - baiDuSerachToken - 49- INFO: 用例id：test038:接口名称：baiDuSerach;传递token：[[153]];传递参数：python38;用例备注：测试示例断言失败
2025-03-21 14:26:55,647 - testExample.py - test_baiDuSerach_csv - 119- INFO: test038:断言响应状态码;期望结果：200;实际结果：200
2025-03-21 14:26:55,655 - testExample.py - test_baiDuSerach_csv - 124- INFO: test038:断言响应体字段值;期望结果:37;实际结果：0
2025-03-21 14:26:55,662 - testExample.py - test_baiDuSerach_csv - 129- INFO: test038:断言响应时间;期望结果:200;实际结果：226
2025-03-21 14:26:55,690 - Example.py - baiDuSerachToken - 49- INFO: 用例id：test039:接口名称：baiDuSerach;传递token：[[153]];传递参数：python39;用例备注：测试示例断言失败
2025-03-21 14:26:55,922 - testExample.py - test_baiDuSerach_csv - 119- INFO: test039:断言响应状态码;期望结果：200;实际结果：200
2025-03-21 14:26:55,930 - testExample.py - test_baiDuSerach_csv - 124- INFO: test039:断言响应体字段值;期望结果:38;实际结果：0
2025-03-21 14:26:55,938 - testExample.py - test_baiDuSerach_csv - 129- INFO: test039:断言响应时间;期望结果:200;实际结果：229
2025-03-21 14:26:55,965 - Example.py - baiDuSerachToken - 49- INFO: 用例id：test040:接口名称：baiDuSerach;传递token：[[153]];传递参数：python40;用例备注：测试示例断言失败
2025-03-21 14:26:56,089 - testExample.py - test_baiDuSerach_csv - 119- INFO: test040:断言响应状态码;期望结果：200;实际结果：200
2025-03-21 14:26:56,095 - testExample.py - test_baiDuSerach_csv - 124- INFO: test040:断言响应体字段值;期望结果:39;实际结果：0
2025-03-21 14:26:56,103 - testExample.py - test_baiDuSerach_csv - 129- INFO: test040:断言响应时间;期望结果:200;实际结果：120
2025-03-21 14:26:56,130 - Example.py - baiDuSerachToken - 49- INFO: 用例id：test041:接口名称：baiDuSerach;传递token：[[153]];传递参数：python41;用例备注：测试示例断言失败
2025-03-21 14:26:56,250 - testExample.py - test_baiDuSerach_csv - 119- INFO: test041:断言响应状态码;期望结果：200;实际结果：200
2025-03-21 14:26:56,257 - testExample.py - test_baiDuSerach_csv - 124- INFO: test041:断言响应体字段值;期望结果:40;实际结果：0
2025-03-21 14:26:56,263 - testExample.py - test_baiDuSerach_csv - 129- INFO: test041:断言响应时间;期望结果:200;实际结果：116
2025-03-21 14:26:56,291 - Example.py - baiDuSerachToken - 49- INFO: 用例id：test042:接口名称：baiDuSerach;传递token：[[153]];传递参数：python42;用例备注：测试示例断言失败
2025-03-21 14:26:56,411 - testExample.py - test_baiDuSerach_csv - 119- INFO: test042:断言响应状态码;期望结果：200;实际结果：200
2025-03-21 14:26:56,418 - testExample.py - test_baiDuSerach_csv - 124- INFO: test042:断言响应体字段值;期望结果:41;实际结果：0
2025-03-21 14:26:56,425 - testExample.py - test_baiDuSerach_csv - 129- INFO: test042:断言响应时间;期望结果:200;实际结果：116
2025-03-21 14:26:56,452 - Example.py - baiDuSerachToken - 49- INFO: 用例id：test043:接口名称：baiDuSerach;传递token：[[153]];传递参数：python43;用例备注：测试示例断言失败
2025-03-21 14:26:56,574 - testExample.py - test_baiDuSerach_csv - 119- INFO: test043:断言响应状态码;期望结果：200;实际结果：200
2025-03-21 14:26:56,580 - testExample.py - test_baiDuSerach_csv - 124- INFO: test043:断言响应体字段值;期望结果:42;实际结果：0
2025-03-21 14:26:56,588 - testExample.py - test_baiDuSerach_csv - 129- INFO: test043:断言响应时间;期望结果:200;实际结果：118
2025-03-21 14:26:56,617 - Example.py - baiDuSerachToken - 49- INFO: 用例id：test044:接口名称：baiDuSerach;传递token：[[153]];传递参数：python44;用例备注：测试示例断言失败
2025-03-21 14:26:56,752 - testExample.py - test_baiDuSerach_csv - 119- INFO: test044:断言响应状态码;期望结果：200;实际结果：200
2025-03-21 14:26:56,759 - testExample.py - test_baiDuSerach_csv - 124- INFO: test044:断言响应体字段值;期望结果:43;实际结果：0
2025-03-21 14:26:56,765 - testExample.py - test_baiDuSerach_csv - 129- INFO: test044:断言响应时间;期望结果:200;实际结果：132
2025-03-21 14:26:56,793 - Example.py - baiDuSerachToken - 49- INFO: 用例id：test045:接口名称：baiDuSerach;传递token：[[153]];传递参数：python45;用例备注：测试示例断言失败
2025-03-21 14:26:56,915 - testExample.py - test_baiDuSerach_csv - 119- INFO: test045:断言响应状态码;期望结果：200;实际结果：200
2025-03-21 14:26:56,922 - testExample.py - test_baiDuSerach_csv - 124- INFO: test045:断言响应体字段值;期望结果:44;实际结果：0
2025-03-21 14:26:56,930 - testExample.py - test_baiDuSerach_csv - 129- INFO: test045:断言响应时间;期望结果:200;实际结果：119
2025-03-21 14:26:56,993 - Example.py - baiDuSerachToken - 49- INFO: 用例id：test046:接口名称：baiDuSerach;传递token：[[153]];传递参数：python46;用例备注：测试示例断言失败
2025-03-21 14:26:57,117 - testExample.py - test_baiDuSerach_csv - 119- INFO: test046:断言响应状态码;期望结果：200;实际结果：200
2025-03-21 14:26:57,123 - testExample.py - test_baiDuSerach_csv - 124- INFO: test046:断言响应体字段值;期望结果:45;实际结果：0
2025-03-21 14:26:57,130 - testExample.py - test_baiDuSerach_csv - 129- INFO: test046:断言响应时间;期望结果:200;实际结果：120
2025-03-21 14:26:57,158 - Example.py - baiDuSerachToken - 49- INFO: 用例id：test047:接口名称：baiDuSerach;传递token：[[153]];传递参数：python47;用例备注：测试示例断言失败
2025-03-21 14:26:57,282 - testExample.py - test_baiDuSerach_csv - 119- INFO: test047:断言响应状态码;期望结果：200;实际结果：200
2025-03-21 14:26:57,288 - testExample.py - test_baiDuSerach_csv - 124- INFO: test047:断言响应体字段值;期望结果:46;实际结果：0
2025-03-21 14:26:57,295 - testExample.py - test_baiDuSerach_csv - 129- INFO: test047:断言响应时间;期望结果:200;实际结果：120
2025-03-21 14:26:57,323 - Example.py - baiDuSerachToken - 49- INFO: 用例id：test048:接口名称：baiDuSerach;传递token：[[153]];传递参数：python48;用例备注：测试示例断言失败
2025-03-21 14:26:57,455 - testExample.py - test_baiDuSerach_csv - 119- INFO: test048:断言响应状态码;期望结果：200;实际结果：200
2025-03-21 14:26:57,462 - testExample.py - test_baiDuSerach_csv - 124- INFO: test048:断言响应体字段值;期望结果:47;实际结果：0
2025-03-21 14:26:57,470 - testExample.py - test_baiDuSerach_csv - 129- INFO: test048:断言响应时间;期望结果:200;实际结果：129
2025-03-21 14:26:57,501 - Example.py - baiDuSerachToken - 49- INFO: 用例id：test049:接口名称：baiDuSerach;传递token：[[153]];传递参数：python49;用例备注：测试示例断言失败
2025-03-21 14:26:57,627 - testExample.py - test_baiDuSerach_csv - 119- INFO: test049:断言响应状态码;期望结果：200;实际结果：200
2025-03-21 14:26:57,634 - testExample.py - test_baiDuSerach_csv - 124- INFO: test049:断言响应体字段值;期望结果:48;实际结果：0
2025-03-21 14:26:57,641 - testExample.py - test_baiDuSerach_csv - 129- INFO: test049:断言响应时间;期望结果:200;实际结果：122
2025-03-21 14:26:57,672 - Example.py - baiDuSerachToken - 49- INFO: 用例id：test050:接口名称：baiDuSerach;传递token：[[153]];传递参数：python50;用例备注：测试示例断言失败
2025-03-21 14:26:57,805 - testExample.py - test_baiDuSerach_csv - 119- INFO: test050:断言响应状态码;期望结果：200;实际结果：200
2025-03-21 14:26:57,812 - testExample.py - test_baiDuSerach_csv - 124- INFO: test050:断言响应体字段值;期望结果:49;实际结果：0
2025-03-21 14:26:57,819 - testExample.py - test_baiDuSerach_csv - 129- INFO: test050:断言响应时间;期望结果:200;实际结果：129
2025-03-21 14:26:57,847 - Example.py - baiDuSerachToken - 49- INFO: 用例id：test051:接口名称：baiDuSerach;传递token：[[153]];传递参数：python51;用例备注：测试示例断言失败
2025-03-21 14:26:57,975 - testExample.py - test_baiDuSerach_csv - 119- INFO: test051:断言响应状态码;期望结果：200;实际结果：200
2025-03-21 14:26:57,982 - testExample.py - test_baiDuSerach_csv - 124- INFO: test051:断言响应体字段值;期望结果:50;实际结果：0
2025-03-21 14:26:57,989 - testExample.py - test_baiDuSerach_csv - 129- INFO: test051:断言响应时间;期望结果:200;实际结果：125
2025-03-21 14:26:58,018 - Example.py - baiDuSerachToken - 49- INFO: 用例id：test052:接口名称：baiDuSerach;传递token：[[153]];传递参数：python52;用例备注：测试示例断言失败
2025-03-21 14:26:58,158 - testExample.py - test_baiDuSerach_csv - 119- INFO: test052:断言响应状态码;期望结果：200;实际结果：200
2025-03-21 14:26:58,165 - testExample.py - test_baiDuSerach_csv - 124- INFO: test052:断言响应体字段值;期望结果:51;实际结果：0
2025-03-21 14:26:58,172 - testExample.py - test_baiDuSerach_csv - 129- INFO: test052:断言响应时间;期望结果:200;实际结果：137
2025-03-21 14:26:58,199 - Example.py - baiDuSerachToken - 49- INFO: 用例id：test053:接口名称：baiDuSerach;传递token：[[153]];传递参数：python53;用例备注：测试示例断言失败
2025-03-21 14:26:58,323 - testExample.py - test_baiDuSerach_csv - 119- INFO: test053:断言响应状态码;期望结果：200;实际结果：200
2025-03-21 14:26:58,330 - testExample.py - test_baiDuSerach_csv - 124- INFO: test053:断言响应体字段值;期望结果:52;实际结果：0
2025-03-21 14:26:58,337 - testExample.py - test_baiDuSerach_csv - 129- INFO: test053:断言响应时间;期望结果:200;实际结果：120
2025-03-21 14:26:58,364 - Example.py - baiDuSerachToken - 49- INFO: 用例id：test054:接口名称：baiDuSerach;传递token：[[153]];传递参数：python54;用例备注：测试示例断言失败
2025-03-21 14:26:58,490 - testExample.py - test_baiDuSerach_csv - 119- INFO: test054:断言响应状态码;期望结果：200;实际结果：200
2025-03-21 14:26:58,497 - testExample.py - test_baiDuSerach_csv - 124- INFO: test054:断言响应体字段值;期望结果:53;实际结果：0
2025-03-21 14:26:58,504 - testExample.py - test_baiDuSerach_csv - 129- INFO: test054:断言响应时间;期望结果:200;实际结果：122
2025-03-21 14:26:58,530 - Example.py - baiDuSerachToken - 49- INFO: 用例id：test055:接口名称：baiDuSerach;传递token：[[153]];传递参数：python55;用例备注：测试示例断言失败
2025-03-21 14:26:58,650 - testExample.py - test_baiDuSerach_csv - 119- INFO: test055:断言响应状态码;期望结果：200;实际结果：200
2025-03-21 14:26:58,658 - testExample.py - test_baiDuSerach_csv - 124- INFO: test055:断言响应体字段值;期望结果:54;实际结果：0
2025-03-21 14:26:58,665 - testExample.py - test_baiDuSerach_csv - 129- INFO: test055:断言响应时间;期望结果:200;实际结果：117
2025-03-21 14:26:58,692 - Example.py - baiDuSerachToken - 49- INFO: 用例id：test056:接口名称：baiDuSerach;传递token：[[153]];传递参数：python56;用例备注：测试示例断言失败
2025-03-21 14:26:58,825 - testExample.py - test_baiDuSerach_csv - 119- INFO: test056:断言响应状态码;期望结果：200;实际结果：200
2025-03-21 14:26:58,833 - testExample.py - test_baiDuSerach_csv - 124- INFO: test056:断言响应体字段值;期望结果:55;实际结果：0
2025-03-21 14:26:58,841 - testExample.py - test_baiDuSerach_csv - 129- INFO: test056:断言响应时间;期望结果:200;实际结果：129
2025-03-21 14:26:58,872 - Example.py - baiDuSerachToken - 49- INFO: 用例id：test057:接口名称：baiDuSerach;传递token：[[153]];传递参数：python57;用例备注：测试示例断言失败
2025-03-21 14:26:58,997 - testExample.py - test_baiDuSerach_csv - 119- INFO: test057:断言响应状态码;期望结果：200;实际结果：200
2025-03-21 14:26:59,003 - testExample.py - test_baiDuSerach_csv - 124- INFO: test057:断言响应体字段值;期望结果:56;实际结果：0
2025-03-21 14:26:59,010 - testExample.py - test_baiDuSerach_csv - 129- INFO: test057:断言响应时间;期望结果:200;实际结果：122
2025-03-21 14:26:59,077 - Example.py - baiDuSerachToken - 49- INFO: 用例id：test058:接口名称：baiDuSerach;传递token：[[153]];传递参数：python58;用例备注：测试示例断言失败
2025-03-21 14:26:59,199 - testExample.py - test_baiDuSerach_csv - 119- INFO: test058:断言响应状态码;期望结果：200;实际结果：200
2025-03-21 14:26:59,206 - testExample.py - test_baiDuSerach_csv - 124- INFO: test058:断言响应体字段值;期望结果:57;实际结果：0
2025-03-21 14:26:59,213 - testExample.py - test_baiDuSerach_csv - 129- INFO: test058:断言响应时间;期望结果:200;实际结果：117
2025-03-21 14:26:59,241 - Example.py - baiDuSerachToken - 49- INFO: 用例id：test059:接口名称：baiDuSerach;传递token：[[153]];传递参数：python59;用例备注：测试示例断言失败
2025-03-21 14:26:59,366 - testExample.py - test_baiDuSerach_csv - 119- INFO: test059:断言响应状态码;期望结果：200;实际结果：200
2025-03-21 14:26:59,373 - testExample.py - test_baiDuSerach_csv - 124- INFO: test059:断言响应体字段值;期望结果:58;实际结果：0
2025-03-21 14:26:59,379 - testExample.py - test_baiDuSerach_csv - 129- INFO: test059:断言响应时间;期望结果:200;实际结果：121
2025-03-21 14:26:59,408 - Example.py - baiDuSerachToken - 49- INFO: 用例id：test060:接口名称：baiDuSerach;传递token：[[153]];传递参数：python60;用例备注：测试示例断言失败
2025-03-21 14:26:59,530 - testExample.py - test_baiDuSerach_csv - 119- INFO: test060:断言响应状态码;期望结果：200;实际结果：200
2025-03-21 14:26:59,537 - testExample.py - test_baiDuSerach_csv - 124- INFO: test060:断言响应体字段值;期望结果:59;实际结果：0
2025-03-21 14:26:59,544 - testExample.py - test_baiDuSerach_csv - 129- INFO: test060:断言响应时间;期望结果:200;实际结果：118
2025-03-21 14:26:59,570 - Example.py - baiDuSerachToken - 49- INFO: 用例id：test061:接口名称：baiDuSerach;传递token：[[153]];传递参数：python61;用例备注：测试示例断言失败
2025-03-21 14:26:59,696 - testExample.py - test_baiDuSerach_csv - 119- INFO: test061:断言响应状态码;期望结果：200;实际结果：200
2025-03-21 14:26:59,704 - testExample.py - test_baiDuSerach_csv - 124- INFO: test061:断言响应体字段值;期望结果:60;实际结果：0
2025-03-21 14:26:59,710 - testExample.py - test_baiDuSerach_csv - 129- INFO: test061:断言响应时间;期望结果:200;实际结果：122
2025-03-21 14:26:59,737 - Example.py - baiDuSerachToken - 49- INFO: 用例id：test062:接口名称：baiDuSerach;传递token：[[153]];传递参数：python62;用例备注：测试示例断言失败
2025-03-21 14:26:59,861 - testExample.py - test_baiDuSerach_csv - 119- INFO: test062:断言响应状态码;期望结果：200;实际结果：200
2025-03-21 14:26:59,868 - testExample.py - test_baiDuSerach_csv - 124- INFO: test062:断言响应体字段值;期望结果:61;实际结果：0
2025-03-21 14:26:59,875 - testExample.py - test_baiDuSerach_csv - 129- INFO: test062:断言响应时间;期望结果:200;实际结果：120
2025-03-21 14:26:59,902 - Example.py - baiDuSerachToken - 49- INFO: 用例id：test063:接口名称：baiDuSerach;传递token：[[153]];传递参数：python63;用例备注：测试示例断言失败
2025-03-21 14:27:00,026 - testExample.py - test_baiDuSerach_csv - 119- INFO: test063:断言响应状态码;期望结果：200;实际结果：200
2025-03-21 14:27:00,033 - testExample.py - test_baiDuSerach_csv - 124- INFO: test063:断言响应体字段值;期望结果:62;实际结果：0
2025-03-21 14:27:00,040 - testExample.py - test_baiDuSerach_csv - 129- INFO: test063:断言响应时间;期望结果:200;实际结果：121
2025-03-21 14:27:00,067 - Example.py - baiDuSerachToken - 49- INFO: 用例id：test064:接口名称：baiDuSerach;传递token：[[153]];传递参数：python64;用例备注：测试示例断言失败
2025-03-21 14:27:00,197 - testExample.py - test_baiDuSerach_csv - 119- INFO: test064:断言响应状态码;期望结果：200;实际结果：200
2025-03-21 14:27:00,205 - testExample.py - test_baiDuSerach_csv - 124- INFO: test064:断言响应体字段值;期望结果:63;实际结果：0
2025-03-21 14:27:00,213 - testExample.py - test_baiDuSerach_csv - 129- INFO: test064:断言响应时间;期望结果:200;实际结果：127
2025-03-21 14:27:00,241 - Example.py - baiDuSerachToken - 49- INFO: 用例id：test065:接口名称：baiDuSerach;传递token：[[153]];传递参数：python65;用例备注：测试示例断言失败
2025-03-21 14:27:00,362 - testExample.py - test_baiDuSerach_csv - 119- INFO: test065:断言响应状态码;期望结果：200;实际结果：200
2025-03-21 14:27:00,370 - testExample.py - test_baiDuSerach_csv - 124- INFO: test065:断言响应体字段值;期望结果:64;实际结果：0
2025-03-21 14:27:00,377 - testExample.py - test_baiDuSerach_csv - 129- INFO: test065:断言响应时间;期望结果:200;实际结果：118
2025-03-21 14:27:00,405 - Example.py - baiDuSerachToken - 49- INFO: 用例id：test066:接口名称：baiDuSerach;传递token：[[153]];传递参数：python66;用例备注：测试示例断言失败
2025-03-21 14:27:00,532 - testExample.py - test_baiDuSerach_csv - 119- INFO: test066:断言响应状态码;期望结果：200;实际结果：200
2025-03-21 14:27:00,538 - testExample.py - test_baiDuSerach_csv - 124- INFO: test066:断言响应体字段值;期望结果:65;实际结果：0
2025-03-21 14:27:00,545 - testExample.py - test_baiDuSerach_csv - 129- INFO: test066:断言响应时间;期望结果:200;实际结果：123
2025-03-21 14:27:00,572 - Example.py - baiDuSerachToken - 49- INFO: 用例id：test067:接口名称：baiDuSerach;传递token：[[153]];传递参数：python67;用例备注：测试示例断言失败
2025-03-21 14:27:00,698 - testExample.py - test_baiDuSerach_csv - 119- INFO: test067:断言响应状态码;期望结果：200;实际结果：200
2025-03-21 14:27:00,706 - testExample.py - test_baiDuSerach_csv - 124- INFO: test067:断言响应体字段值;期望结果:66;实际结果：0
2025-03-21 14:27:00,715 - testExample.py - test_baiDuSerach_csv - 129- INFO: test067:断言响应时间;期望结果:200;实际结果：121
2025-03-21 14:27:00,742 - Example.py - baiDuSerachToken - 49- INFO: 用例id：test068:接口名称：baiDuSerach;传递token：[[153]];传递参数：python68;用例备注：测试示例断言失败
2025-03-21 14:27:00,864 - testExample.py - test_baiDuSerach_csv - 119- INFO: test068:断言响应状态码;期望结果：200;实际结果：200
2025-03-21 14:27:00,870 - testExample.py - test_baiDuSerach_csv - 124- INFO: test068:断言响应体字段值;期望结果:67;实际结果：0
2025-03-21 14:27:00,880 - testExample.py - test_baiDuSerach_csv - 129- INFO: test068:断言响应时间;期望结果:200;实际结果：118
2025-03-21 14:27:00,910 - Example.py - baiDuSerachToken - 49- INFO: 用例id：test069:接口名称：baiDuSerach;传递token：[[153]];传递参数：python69;用例备注：测试示例断言失败
2025-03-21 14:27:01,031 - testExample.py - test_baiDuSerach_csv - 119- INFO: test069:断言响应状态码;期望结果：200;实际结果：200
2025-03-21 14:27:01,038 - testExample.py - test_baiDuSerach_csv - 124- INFO: test069:断言响应体字段值;期望结果:68;实际结果：0
2025-03-21 14:27:01,048 - testExample.py - test_baiDuSerach_csv - 129- INFO: test069:断言响应时间;期望结果:200;实际结果：118
2025-03-21 14:27:01,136 - Example.py - baiDuSerachToken - 49- INFO: 用例id：test070:接口名称：baiDuSerach;传递token：[[153]];传递参数：python70;用例备注：测试示例断言失败
2025-03-21 14:27:01,275 - testExample.py - test_baiDuSerach_csv - 119- INFO: test070:断言响应状态码;期望结果：200;实际结果：200
2025-03-21 14:27:01,282 - testExample.py - test_baiDuSerach_csv - 124- INFO: test070:断言响应体字段值;期望结果:69;实际结果：0
2025-03-21 14:27:01,290 - testExample.py - test_baiDuSerach_csv - 129- INFO: test070:断言响应时间;期望结果:200;实际结果：134
