2025-03-22 09:52:47,558 - Example.py - baiDuSerach - 67- INFO: 用例id：test001:接口名称：baiDuSerach;传递token：None;传递参数：python1;用例备注：测试示例断言成功
2025-03-22 09:52:47,681 - testExample.py - test_baiDuSerach_sheetOne - 64- INFO: test001:断言响应状态码;期望结果：200;实际结果：200
2025-03-22 09:52:47,766 - testExample.py - test_baiDuSerach_sheetOne - 69- INFO: test001:断言响应体字段值;期望结果:0;实际结果：0
2025-03-22 09:52:47,774 - testExample.py - test_baiDuSerach_sheetOne - 74- INFO: test001:断言响应时间;期望结果:200;实际结果：120
2025-03-22 09:52:47,786 - Example.py - baiDuSerach - 67- INFO: 用例id：test002:接口名称：baiDuSerach;传递token：None;传递参数：python2;用例备注：
2025-03-22 09:52:47,907 - testExample.py - test_baiDuSerach_sheetOne - 64- INFO: test002:断言响应状态码;期望结果：200;实际结果：200
2025-03-22 09:52:47,914 - testExample.py - test_baiDuSerach_sheetOne - 69- INFO: test002:断言响应体字段值;期望结果:1;实际结果：0
2025-03-22 09:52:47,921 - testExample.py - test_baiDuSerach_sheetOne - 74- INFO: test002:断言响应时间;期望结果:200;实际结果：116
2025-03-22 09:52:47,951 - Example.py - baiDuSerach - 67- INFO: 用例id：test003:接口名称：baiDuSerach;传递token：None;传递参数：python3;用例备注：测试示例断言失败
2025-03-22 09:52:48,077 - testExample.py - test_baiDuSerach_sheetOne - 64- INFO: test003:断言响应状态码;期望结果：200;实际结果：200
2025-03-22 09:52:48,085 - testExample.py - test_baiDuSerach_sheetOne - 69- INFO: test003:断言响应体字段值;期望结果:2;实际结果：0
2025-03-22 09:52:48,092 - testExample.py - test_baiDuSerach_sheetOne - 74- INFO: test003:断言响应时间;期望结果:200;实际结果：122
2025-03-22 09:52:48,121 - Example.py - baiDuSerach - 67- INFO: 用例id：test004:接口名称：baiDuSerach;传递token：None;传递参数：python4;用例备注：测试示例断言失败
2025-03-22 09:52:48,249 - testExample.py - test_baiDuSerach_sheetOne - 64- INFO: test004:断言响应状态码;期望结果：200;实际结果：200
2025-03-22 09:52:48,257 - testExample.py - test_baiDuSerach_sheetOne - 69- INFO: test004:断言响应体字段值;期望结果:3;实际结果：0
2025-03-22 09:52:48,265 - testExample.py - test_baiDuSerach_sheetOne - 74- INFO: test004:断言响应时间;期望结果:200;实际结果：124
2025-03-22 09:52:48,295 - Example.py - baiDuSerach - 67- INFO: 用例id：test005:接口名称：baiDuSerach;传递token：None;传递参数：python5;用例备注：测试示例断言失败
2025-03-22 09:52:48,414 - testExample.py - test_baiDuSerach_sheetOne - 64- INFO: test005:断言响应状态码;期望结果：200;实际结果：200
2025-03-22 09:52:48,421 - testExample.py - test_baiDuSerach_sheetOne - 69- INFO: test005:断言响应体字段值;期望结果:4;实际结果：0
2025-03-22 09:52:48,429 - testExample.py - test_baiDuSerach_sheetOne - 74- INFO: test005:断言响应时间;期望结果:200;实际结果：116
2025-03-22 09:52:48,457 - Example.py - baiDuSerach - 67- INFO: 用例id：test006:接口名称：baiDuSerach;传递token：None;传递参数：python6;用例备注：测试示例断言失败
2025-03-22 09:52:48,585 - testExample.py - test_baiDuSerach_sheetOne - 64- INFO: test006:断言响应状态码;期望结果：200;实际结果：200
2025-03-22 09:52:48,593 - testExample.py - test_baiDuSerach_sheetOne - 69- INFO: test006:断言响应体字段值;期望结果:5;实际结果：0
2025-03-22 09:52:48,600 - testExample.py - test_baiDuSerach_sheetOne - 74- INFO: test006:断言响应时间;期望结果:200;实际结果：124
2025-03-22 09:52:48,629 - Example.py - baiDuSerach - 67- INFO: 用例id：test007:接口名称：baiDuSerach;传递token：None;传递参数：python7;用例备注：测试示例断言失败
2025-03-22 09:52:48,751 - testExample.py - test_baiDuSerach_sheetOne - 64- INFO: test007:断言响应状态码;期望结果：200;实际结果：200
2025-03-22 09:52:48,758 - testExample.py - test_baiDuSerach_sheetOne - 69- INFO: test007:断言响应体字段值;期望结果:6;实际结果：0
2025-03-22 09:52:48,767 - testExample.py - test_baiDuSerach_sheetOne - 74- INFO: test007:断言响应时间;期望结果:200;实际结果：119
2025-03-22 09:52:48,800 - Example.py - baiDuSerach - 67- INFO: 用例id：test008:接口名称：baiDuSerach;传递token：None;传递参数：python8;用例备注：测试示例断言失败
2025-03-22 09:52:48,923 - testExample.py - test_baiDuSerach_sheetOne - 64- INFO: test008:断言响应状态码;期望结果：200;实际结果：200
2025-03-22 09:52:48,932 - testExample.py - test_baiDuSerach_sheetOne - 69- INFO: test008:断言响应体字段值;期望结果:7;实际结果：0
2025-03-22 09:52:48,939 - testExample.py - test_baiDuSerach_sheetOne - 74- INFO: test008:断言响应时间;期望结果:200;实际结果：118
2025-03-22 09:52:48,974 - Example.py - baiDuSerach - 67- INFO: 用例id：test009:接口名称：baiDuSerach;传递token：None;传递参数：python9;用例备注：测试示例断言失败
2025-03-22 09:52:49,090 - testExample.py - test_baiDuSerach_sheetOne - 64- INFO: test009:断言响应状态码;期望结果：200;实际结果：200
2025-03-22 09:52:49,099 - testExample.py - test_baiDuSerach_sheetOne - 69- INFO: test009:断言响应体字段值;期望结果:8;实际结果：0
2025-03-22 09:52:49,108 - testExample.py - test_baiDuSerach_sheetOne - 74- INFO: test009:断言响应时间;期望结果:200;实际结果：113
2025-03-22 09:52:49,174 - Example.py - baiDuSerach - 67- INFO: 用例id：test010:接口名称：baiDuSerach;传递token：None;传递参数：python10;用例备注：测试示例断言失败
2025-03-22 09:52:49,301 - testExample.py - test_baiDuSerach_sheetOne - 64- INFO: test010:断言响应状态码;期望结果：200;实际结果：200
2025-03-22 09:52:49,310 - testExample.py - test_baiDuSerach_sheetOne - 69- INFO: test010:断言响应体字段值;期望结果:9;实际结果：0
2025-03-22 09:52:49,318 - testExample.py - test_baiDuSerach_sheetOne - 74- INFO: test010:断言响应时间;期望结果:200;实际结果：124
2025-03-22 09:52:49,347 - Example.py - baiDuSerach - 67- INFO: 用例id：test011:接口名称：baiDuSerach;传递token：None;传递参数：python11;用例备注：测试示例断言失败
2025-03-22 09:52:49,470 - testExample.py - test_baiDuSerach_sheetOne - 64- INFO: test011:断言响应状态码;期望结果：200;实际结果：200
2025-03-22 09:52:49,478 - testExample.py - test_baiDuSerach_sheetOne - 69- INFO: test011:断言响应体字段值;期望结果:10;实际结果：0
2025-03-22 09:52:49,485 - testExample.py - test_baiDuSerach_sheetOne - 74- INFO: test011:断言响应时间;期望结果:200;实际结果：119
2025-03-22 09:52:49,513 - Example.py - baiDuSerach - 67- INFO: 用例id：test012:接口名称：baiDuSerach;传递token：None;传递参数：python12;用例备注：测试示例断言失败
2025-03-22 09:52:49,638 - testExample.py - test_baiDuSerach_sheetOne - 64- INFO: test012:断言响应状态码;期望结果：200;实际结果：200
2025-03-22 09:52:49,648 - testExample.py - test_baiDuSerach_sheetOne - 69- INFO: test012:断言响应体字段值;期望结果:11;实际结果：0
2025-03-22 09:52:49,655 - testExample.py - test_baiDuSerach_sheetOne - 74- INFO: test012:断言响应时间;期望结果:200;实际结果：119
2025-03-22 09:52:49,686 - Example.py - baiDuSerach - 67- INFO: 用例id：test013:接口名称：baiDuSerach;传递token：None;传递参数：python13;用例备注：测试示例断言失败
2025-03-22 09:52:49,816 - testExample.py - test_baiDuSerach_sheetOne - 64- INFO: test013:断言响应状态码;期望结果：200;实际结果：200
2025-03-22 09:52:49,824 - testExample.py - test_baiDuSerach_sheetOne - 69- INFO: test013:断言响应体字段值;期望结果:12;实际结果：0
2025-03-22 09:52:49,832 - testExample.py - test_baiDuSerach_sheetOne - 74- INFO: test013:断言响应时间;期望结果:200;实际结果：127
2025-03-22 09:52:49,864 - Example.py - baiDuSerach - 67- INFO: 用例id：test014:接口名称：baiDuSerach;传递token：None;传递参数：python14;用例备注：测试示例断言失败
2025-03-22 09:52:49,994 - testExample.py - test_baiDuSerach_sheetOne - 64- INFO: test014:断言响应状态码;期望结果：200;实际结果：200
2025-03-22 09:52:50,002 - testExample.py - test_baiDuSerach_sheetOne - 69- INFO: test014:断言响应体字段值;期望结果:13;实际结果：0
2025-03-22 09:52:50,010 - testExample.py - test_baiDuSerach_sheetOne - 74- INFO: test014:断言响应时间;期望结果:200;实际结果：127
2025-03-22 09:52:50,038 - Example.py - baiDuSerach - 67- INFO: 用例id：test015:接口名称：baiDuSerach;传递token：None;传递参数：python15;用例备注：测试示例断言失败
2025-03-22 09:52:50,161 - testExample.py - test_baiDuSerach_sheetOne - 64- INFO: test015:断言响应状态码;期望结果：200;实际结果：200
2025-03-22 09:52:50,169 - testExample.py - test_baiDuSerach_sheetOne - 69- INFO: test015:断言响应体字段值;期望结果:14;实际结果：0
2025-03-22 09:52:50,177 - testExample.py - test_baiDuSerach_sheetOne - 74- INFO: test015:断言响应时间;期望结果:200;实际结果：119
2025-03-22 09:52:50,208 - Example.py - baiDuSerach - 67- INFO: 用例id：test016:接口名称：baiDuSerach;传递token：None;传递参数：python16;用例备注：测试示例断言失败
2025-03-22 09:52:50,329 - testExample.py - test_baiDuSerach_sheetOne - 64- INFO: test016:断言响应状态码;期望结果：200;实际结果：200
2025-03-22 09:52:50,337 - testExample.py - test_baiDuSerach_sheetOne - 69- INFO: test016:断言响应体字段值;期望结果:15;实际结果：0
2025-03-22 09:52:50,344 - testExample.py - test_baiDuSerach_sheetOne - 74- INFO: test016:断言响应时间;期望结果:200;实际结果：118
2025-03-22 09:52:50,373 - Example.py - baiDuSerach - 67- INFO: 用例id：test017:接口名称：baiDuSerach;传递token：None;传递参数：python17;用例备注：测试示例断言失败
2025-03-22 09:52:50,493 - testExample.py - test_baiDuSerach_sheetOne - 64- INFO: test017:断言响应状态码;期望结果：200;实际结果：200
2025-03-22 09:52:50,503 - testExample.py - test_baiDuSerach_sheetOne - 69- INFO: test017:断言响应体字段值;期望结果:16;实际结果：0
2025-03-22 09:52:50,513 - testExample.py - test_baiDuSerach_sheetOne - 74- INFO: test017:断言响应时间;期望结果:200;实际结果：117
2025-03-22 09:52:50,545 - Example.py - baiDuSerach - 67- INFO: 用例id：test018:接口名称：baiDuSerach;传递token：None;传递参数：python18;用例备注：测试示例断言失败
2025-03-22 09:52:50,678 - testExample.py - test_baiDuSerach_sheetOne - 64- INFO: test018:断言响应状态码;期望结果：200;实际结果：200
2025-03-22 09:52:50,685 - testExample.py - test_baiDuSerach_sheetOne - 69- INFO: test018:断言响应体字段值;期望结果:17;实际结果：0
2025-03-22 09:52:50,694 - testExample.py - test_baiDuSerach_sheetOne - 74- INFO: test018:断言响应时间;期望结果:200;实际结果：128
2025-03-22 09:52:50,722 - Example.py - baiDuSerach - 67- INFO: 用例id：test019:接口名称：baiDuSerach;传递token：None;传递参数：python19;用例备注：测试示例断言失败
2025-03-22 09:52:50,844 - testExample.py - test_baiDuSerach_sheetOne - 64- INFO: test019:断言响应状态码;期望结果：200;实际结果：200
2025-03-22 09:52:50,851 - testExample.py - test_baiDuSerach_sheetOne - 69- INFO: test019:断言响应体字段值;期望结果:18;实际结果：0
2025-03-22 09:52:50,858 - testExample.py - test_baiDuSerach_sheetOne - 74- INFO: test019:断言响应时间;期望结果:200;实际结果：118
2025-03-22 09:52:50,887 - Example.py - baiDuSerach - 67- INFO: 用例id：test020:接口名称：baiDuSerach;传递token：None;传递参数：python20;用例备注：测试示例断言失败
2025-03-22 09:52:51,018 - testExample.py - test_baiDuSerach_sheetOne - 64- INFO: test020:断言响应状态码;期望结果：200;实际结果：200
2025-03-22 09:52:51,026 - testExample.py - test_baiDuSerach_sheetOne - 69- INFO: test020:断言响应体字段值;期望结果:19;实际结果：0
2025-03-22 09:52:51,033 - testExample.py - test_baiDuSerach_sheetOne - 74- INFO: test020:断言响应时间;期望结果:200;实际结果：127
2025-03-22 09:52:51,062 - Example.py - baiDuSerach - 67- INFO: 用例id：test021:接口名称：baiDuSerach;传递token：None;传递参数：python21;用例备注：测试示例断言失败
2025-03-22 09:52:51,185 - testExample.py - test_baiDuSerach_sheetOne - 64- INFO: test021:断言响应状态码;期望结果：200;实际结果：200
2025-03-22 09:52:51,194 - testExample.py - test_baiDuSerach_sheetOne - 69- INFO: test021:断言响应体字段值;期望结果:20;实际结果：0
2025-03-22 09:52:51,201 - testExample.py - test_baiDuSerach_sheetOne - 74- INFO: test021:断言响应时间;期望结果:200;实际结果：119
2025-03-22 09:52:51,262 - Example.py - baiDuSerach - 67- INFO: 用例id：test022:接口名称：baiDuSerach;传递token：None;传递参数：python22;用例备注：测试示例断言失败
2025-03-22 09:52:51,389 - testExample.py - test_baiDuSerach_sheetOne - 64- INFO: test022:断言响应状态码;期望结果：200;实际结果：200
2025-03-22 09:52:51,397 - testExample.py - test_baiDuSerach_sheetOne - 69- INFO: test022:断言响应体字段值;期望结果:21;实际结果：0
2025-03-22 09:52:51,404 - testExample.py - test_baiDuSerach_sheetOne - 74- INFO: test022:断言响应时间;期望结果:200;实际结果：124
2025-03-22 09:52:51,435 - Example.py - baiDuSerach - 67- INFO: 用例id：test023:接口名称：baiDuSerach;传递token：None;传递参数：python23;用例备注：测试示例断言失败
2025-03-22 09:52:51,556 - testExample.py - test_baiDuSerach_sheetOne - 64- INFO: test023:断言响应状态码;期望结果：200;实际结果：200
2025-03-22 09:52:51,563 - testExample.py - test_baiDuSerach_sheetOne - 69- INFO: test023:断言响应体字段值;期望结果:22;实际结果：0
2025-03-22 09:52:51,571 - testExample.py - test_baiDuSerach_sheetOne - 74- INFO: test023:断言响应时间;期望结果:200;实际结果：117
2025-03-22 09:52:51,601 - Example.py - baiDuSerach - 67- INFO: 用例id：test024:接口名称：baiDuSerach;传递token：None;传递参数：python24;用例备注：测试示例断言失败
2025-03-22 09:52:51,723 - testExample.py - test_baiDuSerach_sheetOne - 64- INFO: test024:断言响应状态码;期望结果：200;实际结果：200
2025-03-22 09:52:51,731 - testExample.py - test_baiDuSerach_sheetOne - 69- INFO: test024:断言响应体字段值;期望结果:23;实际结果：0
2025-03-22 09:52:51,738 - testExample.py - test_baiDuSerach_sheetOne - 74- INFO: test024:断言响应时间;期望结果:200;实际结果：118
2025-03-22 09:52:51,766 - Example.py - baiDuSerach - 67- INFO: 用例id：test025:接口名称：baiDuSerach;传递token：None;传递参数：python25;用例备注：测试示例断言失败
2025-03-22 09:52:51,884 - testExample.py - test_baiDuSerach_sheetOne - 64- INFO: test025:断言响应状态码;期望结果：200;实际结果：200
2025-03-22 09:52:51,892 - testExample.py - test_baiDuSerach_sheetOne - 69- INFO: test025:断言响应体字段值;期望结果:24;实际结果：0
2025-03-22 09:52:51,900 - testExample.py - test_baiDuSerach_sheetOne - 74- INFO: test025:断言响应时间;期望结果:200;实际结果：114
2025-03-22 09:52:51,930 - Example.py - baiDuSerach - 67- INFO: 用例id：test026:接口名称：baiDuSerach;传递token：None;传递参数：python26;用例备注：测试示例断言失败
2025-03-22 09:52:52,056 - testExample.py - test_baiDuSerach_sheetOne - 64- INFO: test026:断言响应状态码;期望结果：200;实际结果：200
2025-03-22 09:52:52,064 - testExample.py - test_baiDuSerach_sheetOne - 69- INFO: test026:断言响应体字段值;期望结果:25;实际结果：0
2025-03-22 09:52:52,071 - testExample.py - test_baiDuSerach_sheetOne - 74- INFO: test026:断言响应时间;期望结果:200;实际结果：124
2025-03-22 09:52:52,100 - Example.py - baiDuSerach - 67- INFO: 用例id：test027:接口名称：baiDuSerach;传递token：None;传递参数：python27;用例备注：测试示例断言失败
2025-03-22 09:52:52,237 - testExample.py - test_baiDuSerach_sheetOne - 64- INFO: test027:断言响应状态码;期望结果：200;实际结果：200
2025-03-22 09:52:52,245 - testExample.py - test_baiDuSerach_sheetOne - 69- INFO: test027:断言响应体字段值;期望结果:26;实际结果：0
2025-03-22 09:52:52,253 - testExample.py - test_baiDuSerach_sheetOne - 74- INFO: test027:断言响应时间;期望结果:200;实际结果：134
2025-03-22 09:52:52,281 - Example.py - baiDuSerach - 67- INFO: 用例id：test028:接口名称：baiDuSerach;传递token：None;传递参数：python28;用例备注：测试示例断言失败
2025-03-22 09:52:52,428 - testExample.py - test_baiDuSerach_sheetOne - 64- INFO: test028:断言响应状态码;期望结果：200;实际结果：200
2025-03-22 09:52:52,435 - testExample.py - test_baiDuSerach_sheetOne - 69- INFO: test028:断言响应体字段值;期望结果:27;实际结果：0
2025-03-22 09:52:52,443 - testExample.py - test_baiDuSerach_sheetOne - 74- INFO: test028:断言响应时间;期望结果:200;实际结果：144
2025-03-22 09:52:52,472 - Example.py - baiDuSerach - 67- INFO: 用例id：test029:接口名称：baiDuSerach;传递token：None;传递参数：python29;用例备注：测试示例断言失败
2025-03-22 09:52:52,598 - testExample.py - test_baiDuSerach_sheetOne - 64- INFO: test029:断言响应状态码;期望结果：200;实际结果：200
2025-03-22 09:52:52,606 - testExample.py - test_baiDuSerach_sheetOne - 69- INFO: test029:断言响应体字段值;期望结果:28;实际结果：0
2025-03-22 09:52:52,613 - testExample.py - test_baiDuSerach_sheetOne - 74- INFO: test029:断言响应时间;期望结果:200;实际结果：122
2025-03-22 09:52:52,642 - Example.py - baiDuSerach - 67- INFO: 用例id：test030:接口名称：baiDuSerach;传递token：None;传递参数：python30;用例备注：测试示例断言失败
2025-03-22 09:52:52,767 - testExample.py - test_baiDuSerach_sheetOne - 64- INFO: test030:断言响应状态码;期望结果：200;实际结果：200
2025-03-22 09:52:52,773 - testExample.py - test_baiDuSerach_sheetOne - 69- INFO: test030:断言响应体字段值;期望结果:29;实际结果：0
2025-03-22 09:52:52,781 - testExample.py - test_baiDuSerach_sheetOne - 74- INFO: test030:断言响应时间;期望结果:200;实际结果：120
2025-03-22 09:52:52,809 - Example.py - baiDuSerach - 67- INFO: 用例id：test031:接口名称：baiDuSerach;传递token：None;传递参数：python31;用例备注：测试示例断言失败
2025-03-22 09:52:52,928 - testExample.py - test_baiDuSerach_sheetOne - 64- INFO: test031:断言响应状态码;期望结果：200;实际结果：200
2025-03-22 09:52:52,936 - testExample.py - test_baiDuSerach_sheetOne - 69- INFO: test031:断言响应体字段值;期望结果:30;实际结果：0
2025-03-22 09:52:52,944 - testExample.py - test_baiDuSerach_sheetOne - 74- INFO: test031:断言响应时间;期望结果:200;实际结果：116
2025-03-22 09:52:52,971 - Example.py - baiDuSerach - 67- INFO: 用例id：test032:接口名称：baiDuSerach;传递token：None;传递参数：python32;用例备注：测试示例断言失败
2025-03-22 09:52:53,100 - testExample.py - test_baiDuSerach_sheetOne - 64- INFO: test032:断言响应状态码;期望结果：200;实际结果：200
2025-03-22 09:52:53,107 - testExample.py - test_baiDuSerach_sheetOne - 69- INFO: test032:断言响应体字段值;期望结果:31;实际结果：0
2025-03-22 09:52:53,115 - testExample.py - test_baiDuSerach_sheetOne - 74- INFO: test032:断言响应时间;期望结果:200;实际结果：125
2025-03-22 09:52:53,144 - Example.py - baiDuSerach - 67- INFO: 用例id：test033:接口名称：baiDuSerach;传递token：None;传递参数：python33;用例备注：测试示例断言失败
2025-03-22 09:52:53,264 - testExample.py - test_baiDuSerach_sheetOne - 64- INFO: test033:断言响应状态码;期望结果：200;实际结果：200
2025-03-22 09:52:53,272 - testExample.py - test_baiDuSerach_sheetOne - 69- INFO: test033:断言响应体字段值;期望结果:32;实际结果：0
2025-03-22 09:52:53,279 - testExample.py - test_baiDuSerach_sheetOne - 74- INFO: test033:断言响应时间;期望结果:200;实际结果：117
2025-03-22 09:52:53,342 - Example.py - baiDuSerach - 67- INFO: 用例id：test034:接口名称：baiDuSerach;传递token：None;传递参数：python34;用例备注：测试示例断言失败
2025-03-22 09:52:53,469 - testExample.py - test_baiDuSerach_sheetOne - 64- INFO: test034:断言响应状态码;期望结果：200;实际结果：200
2025-03-22 09:52:53,477 - testExample.py - test_baiDuSerach_sheetOne - 69- INFO: test034:断言响应体字段值;期望结果:33;实际结果：0
2025-03-22 09:52:53,485 - testExample.py - test_baiDuSerach_sheetOne - 74- INFO: test034:断言响应时间;期望结果:200;实际结果：124
2025-03-22 09:52:53,518 - Example.py - baiDuSerach - 67- INFO: 用例id：test035:接口名称：baiDuSerach;传递token：None;传递参数：python35;用例备注：测试示例断言失败
2025-03-22 09:52:53,641 - testExample.py - test_baiDuSerach_sheetOne - 64- INFO: test035:断言响应状态码;期望结果：200;实际结果：200
2025-03-22 09:52:53,649 - testExample.py - test_baiDuSerach_sheetOne - 69- INFO: test035:断言响应体字段值;期望结果:34;实际结果：0
2025-03-22 09:52:53,656 - testExample.py - test_baiDuSerach_sheetOne - 74- INFO: test035:断言响应时间;期望结果:200;实际结果：119
2025-03-22 09:52:53,685 - Example.py - baiDuSerach - 67- INFO: 用例id：test036:接口名称：baiDuSerach;传递token：None;传递参数：python36;用例备注：测试示例断言失败
2025-03-22 09:52:53,808 - testExample.py - test_baiDuSerach_sheetOne - 64- INFO: test036:断言响应状态码;期望结果：200;实际结果：200
2025-03-22 09:52:53,816 - testExample.py - test_baiDuSerach_sheetOne - 69- INFO: test036:断言响应体字段值;期望结果:35;实际结果：0
2025-03-22 09:52:53,825 - testExample.py - test_baiDuSerach_sheetOne - 74- INFO: test036:断言响应时间;期望结果:200;实际结果：119
2025-03-22 09:52:53,855 - Example.py - baiDuSerach - 67- INFO: 用例id：test037:接口名称：baiDuSerach;传递token：None;传递参数：python37;用例备注：测试示例断言失败
2025-03-22 09:52:53,985 - testExample.py - test_baiDuSerach_sheetOne - 64- INFO: test037:断言响应状态码;期望结果：200;实际结果：200
2025-03-22 09:52:53,992 - testExample.py - test_baiDuSerach_sheetOne - 69- INFO: test037:断言响应体字段值;期望结果:36;实际结果：0
2025-03-22 09:52:54,000 - testExample.py - test_baiDuSerach_sheetOne - 74- INFO: test037:断言响应时间;期望结果:200;实际结果：125
2025-03-22 09:52:54,031 - Example.py - baiDuSerach - 67- INFO: 用例id：test038:接口名称：baiDuSerach;传递token：None;传递参数：python38;用例备注：测试示例断言失败
2025-03-22 09:52:54,155 - testExample.py - test_baiDuSerach_sheetOne - 64- INFO: test038:断言响应状态码;期望结果：200;实际结果：200
2025-03-22 09:52:54,161 - testExample.py - test_baiDuSerach_sheetOne - 69- INFO: test038:断言响应体字段值;期望结果:37;实际结果：0
2025-03-22 09:52:54,170 - testExample.py - test_baiDuSerach_sheetOne - 74- INFO: test038:断言响应时间;期望结果:200;实际结果：120
2025-03-22 09:52:54,198 - Example.py - baiDuSerach - 67- INFO: 用例id：test039:接口名称：baiDuSerach;传递token：None;传递参数：python39;用例备注：测试示例断言失败
2025-03-22 09:52:54,319 - testExample.py - test_baiDuSerach_sheetOne - 64- INFO: test039:断言响应状态码;期望结果：200;实际结果：200
2025-03-22 09:52:54,327 - testExample.py - test_baiDuSerach_sheetOne - 69- INFO: test039:断言响应体字段值;期望结果:38;实际结果：0
2025-03-22 09:52:54,335 - testExample.py - test_baiDuSerach_sheetOne - 74- INFO: test039:断言响应时间;期望结果:200;实际结果：118
2025-03-22 09:52:54,362 - Example.py - baiDuSerach - 67- INFO: 用例id：test040:接口名称：baiDuSerach;传递token：None;传递参数：python40;用例备注：测试示例断言失败
2025-03-22 09:52:54,482 - testExample.py - test_baiDuSerach_sheetOne - 64- INFO: test040:断言响应状态码;期望结果：200;实际结果：200
2025-03-22 09:52:54,490 - testExample.py - test_baiDuSerach_sheetOne - 69- INFO: test040:断言响应体字段值;期望结果:39;实际结果：0
2025-03-22 09:52:54,498 - testExample.py - test_baiDuSerach_sheetOne - 74- INFO: test040:断言响应时间;期望结果:200;实际结果：116
2025-03-22 09:52:54,527 - Example.py - baiDuSerach - 67- INFO: 用例id：test041:接口名称：baiDuSerach;传递token：None;传递参数：python41;用例备注：测试示例断言失败
2025-03-22 09:52:54,644 - testExample.py - test_baiDuSerach_sheetOne - 64- INFO: test041:断言响应状态码;期望结果：200;实际结果：200
2025-03-22 09:52:54,651 - testExample.py - test_baiDuSerach_sheetOne - 69- INFO: test041:断言响应体字段值;期望结果:40;实际结果：0
2025-03-22 09:52:54,658 - testExample.py - test_baiDuSerach_sheetOne - 74- INFO: test041:断言响应时间;期望结果:200;实际结果：113
2025-03-22 09:52:54,687 - Example.py - baiDuSerach - 67- INFO: 用例id：test042:接口名称：baiDuSerach;传递token：None;传递参数：python42;用例备注：测试示例断言失败
2025-03-22 09:52:54,808 - testExample.py - test_baiDuSerach_sheetOne - 64- INFO: test042:断言响应状态码;期望结果：200;实际结果：200
2025-03-22 09:52:54,817 - testExample.py - test_baiDuSerach_sheetOne - 69- INFO: test042:断言响应体字段值;期望结果:41;实际结果：0
2025-03-22 09:52:54,824 - testExample.py - test_baiDuSerach_sheetOne - 74- INFO: test042:断言响应时间;期望结果:200;实际结果：118
2025-03-22 09:52:54,852 - Example.py - baiDuSerach - 67- INFO: 用例id：test043:接口名称：baiDuSerach;传递token：None;传递参数：python43;用例备注：测试示例断言失败
2025-03-22 09:52:54,977 - testExample.py - test_baiDuSerach_sheetOne - 64- INFO: test043:断言响应状态码;期望结果：200;实际结果：200
2025-03-22 09:52:54,984 - testExample.py - test_baiDuSerach_sheetOne - 69- INFO: test043:断言响应体字段值;期望结果:42;实际结果：0
2025-03-22 09:52:54,991 - testExample.py - test_baiDuSerach_sheetOne - 74- INFO: test043:断言响应时间;期望结果:200;实际结果：121
2025-03-22 09:52:55,020 - Example.py - baiDuSerach - 67- INFO: 用例id：test044:接口名称：baiDuSerach;传递token：None;传递参数：python44;用例备注：测试示例断言失败
2025-03-22 09:52:55,140 - testExample.py - test_baiDuSerach_sheetOne - 64- INFO: test044:断言响应状态码;期望结果：200;实际结果：200
2025-03-22 09:52:55,148 - testExample.py - test_baiDuSerach_sheetOne - 69- INFO: test044:断言响应体字段值;期望结果:43;实际结果：0
2025-03-22 09:52:55,156 - testExample.py - test_baiDuSerach_sheetOne - 74- INFO: test044:断言响应时间;期望结果:200;实际结果：117
2025-03-22 09:52:55,186 - Example.py - baiDuSerach - 67- INFO: 用例id：test045:接口名称：baiDuSerach;传递token：None;传递参数：python45;用例备注：测试示例断言失败
2025-03-22 09:52:55,311 - testExample.py - test_baiDuSerach_sheetOne - 64- INFO: test045:断言响应状态码;期望结果：200;实际结果：200
2025-03-22 09:52:55,319 - testExample.py - test_baiDuSerach_sheetOne - 69- INFO: test045:断言响应体字段值;期望结果:44;实际结果：0
2025-03-22 09:52:55,326 - testExample.py - test_baiDuSerach_sheetOne - 74- INFO: test045:断言响应时间;期望结果:200;实际结果：121
2025-03-22 09:52:55,386 - Example.py - baiDuSerach - 67- INFO: 用例id：test046:接口名称：baiDuSerach;传递token：None;传递参数：python46;用例备注：测试示例断言失败
2025-03-22 09:52:55,508 - testExample.py - test_baiDuSerach_sheetOne - 64- INFO: test046:断言响应状态码;期望结果：200;实际结果：200
2025-03-22 09:52:55,516 - testExample.py - test_baiDuSerach_sheetOne - 69- INFO: test046:断言响应体字段值;期望结果:45;实际结果：0
2025-03-22 09:52:55,524 - testExample.py - test_baiDuSerach_sheetOne - 74- INFO: test046:断言响应时间;期望结果:200;实际结果：118
2025-03-22 09:52:55,552 - Example.py - baiDuSerach - 67- INFO: 用例id：test047:接口名称：baiDuSerach;传递token：None;传递参数：python47;用例备注：测试示例断言失败
2025-03-22 09:52:55,681 - testExample.py - test_baiDuSerach_sheetOne - 64- INFO: test047:断言响应状态码;期望结果：200;实际结果：200
2025-03-22 09:52:55,688 - testExample.py - test_baiDuSerach_sheetOne - 69- INFO: test047:断言响应体字段值;期望结果:46;实际结果：0
2025-03-22 09:52:55,697 - testExample.py - test_baiDuSerach_sheetOne - 74- INFO: test047:断言响应时间;期望结果:200;实际结果：126
2025-03-22 09:52:55,729 - Example.py - baiDuSerach - 67- INFO: 用例id：test048:接口名称：baiDuSerach;传递token：None;传递参数：python48;用例备注：测试示例断言失败
2025-03-22 09:52:55,856 - testExample.py - test_baiDuSerach_sheetOne - 64- INFO: test048:断言响应状态码;期望结果：200;实际结果：200
2025-03-22 09:52:55,863 - testExample.py - test_baiDuSerach_sheetOne - 69- INFO: test048:断言响应体字段值;期望结果:47;实际结果：0
2025-03-22 09:52:55,870 - testExample.py - test_baiDuSerach_sheetOne - 74- INFO: test048:断言响应时间;期望结果:200;实际结果：123
2025-03-22 09:52:55,899 - Example.py - baiDuSerach - 67- INFO: 用例id：test049:接口名称：baiDuSerach;传递token：None;传递参数：python49;用例备注：测试示例断言失败
2025-03-22 09:52:56,021 - testExample.py - test_baiDuSerach_sheetOne - 64- INFO: test049:断言响应状态码;期望结果：200;实际结果：200
2025-03-22 09:52:56,028 - testExample.py - test_baiDuSerach_sheetOne - 69- INFO: test049:断言响应体字段值;期望结果:48;实际结果：0
2025-03-22 09:52:56,036 - testExample.py - test_baiDuSerach_sheetOne - 74- INFO: test049:断言响应时间;期望结果:200;实际结果：118
2025-03-22 09:52:56,063 - Example.py - baiDuSerach - 67- INFO: 用例id：test050:接口名称：baiDuSerach;传递token：None;传递参数：python50;用例备注：测试示例断言失败
2025-03-22 09:52:56,193 - testExample.py - test_baiDuSerach_sheetOne - 64- INFO: test050:断言响应状态码;期望结果：200;实际结果：200
2025-03-22 09:52:56,200 - testExample.py - test_baiDuSerach_sheetOne - 69- INFO: test050:断言响应体字段值;期望结果:49;实际结果：0
2025-03-22 09:52:56,208 - testExample.py - test_baiDuSerach_sheetOne - 74- INFO: test050:断言响应时间;期望结果:200;实际结果：125
2025-03-22 09:52:56,239 - Example.py - baiDuSerach - 67- INFO: 用例id：test051:接口名称：baiDuSerach;传递token：None;传递参数：python51;用例备注：测试示例断言失败
2025-03-22 09:52:56,359 - testExample.py - test_baiDuSerach_sheetOne - 64- INFO: test051:断言响应状态码;期望结果：200;实际结果：200
2025-03-22 09:52:56,368 - testExample.py - test_baiDuSerach_sheetOne - 69- INFO: test051:断言响应体字段值;期望结果:50;实际结果：0
2025-03-22 09:52:56,376 - testExample.py - test_baiDuSerach_sheetOne - 74- INFO: test051:断言响应时间;期望结果:200;实际结果：116
2025-03-22 09:52:56,406 - Example.py - baiDuSerach - 67- INFO: 用例id：test052:接口名称：baiDuSerach;传递token：None;传递参数：python52;用例备注：测试示例断言失败
2025-03-22 09:52:56,526 - testExample.py - test_baiDuSerach_sheetOne - 64- INFO: test052:断言响应状态码;期望结果：200;实际结果：200
2025-03-22 09:52:56,534 - testExample.py - test_baiDuSerach_sheetOne - 69- INFO: test052:断言响应体字段值;期望结果:51;实际结果：0
2025-03-22 09:52:56,541 - testExample.py - test_baiDuSerach_sheetOne - 74- INFO: test052:断言响应时间;期望结果:200;实际结果：117
2025-03-22 09:52:56,574 - Example.py - baiDuSerach - 67- INFO: 用例id：test053:接口名称：baiDuSerach;传递token：None;传递参数：python53;用例备注：测试示例断言失败
2025-03-22 09:52:56,704 - testExample.py - test_baiDuSerach_sheetOne - 64- INFO: test053:断言响应状态码;期望结果：200;实际结果：200
2025-03-22 09:52:56,712 - testExample.py - test_baiDuSerach_sheetOne - 69- INFO: test053:断言响应体字段值;期望结果:52;实际结果：0
2025-03-22 09:52:56,721 - testExample.py - test_baiDuSerach_sheetOne - 74- INFO: test053:断言响应时间;期望结果:200;实际结果：125
2025-03-22 09:52:56,750 - Example.py - baiDuSerach - 67- INFO: 用例id：test054:接口名称：baiDuSerach;传递token：None;传递参数：python54;用例备注：测试示例断言失败
2025-03-22 09:52:56,875 - testExample.py - test_baiDuSerach_sheetOne - 64- INFO: test054:断言响应状态码;期望结果：200;实际结果：200
2025-03-22 09:52:56,883 - testExample.py - test_baiDuSerach_sheetOne - 69- INFO: test054:断言响应体字段值;期望结果:53;实际结果：0
2025-03-22 09:52:56,890 - testExample.py - test_baiDuSerach_sheetOne - 74- INFO: test054:断言响应时间;期望结果:200;实际结果：122
2025-03-22 09:52:56,919 - Example.py - baiDuSerach - 67- INFO: 用例id：test055:接口名称：baiDuSerach;传递token：None;传递参数：python55;用例备注：测试示例断言失败
2025-03-22 09:52:57,036 - testExample.py - test_baiDuSerach_sheetOne - 64- INFO: test055:断言响应状态码;期望结果：200;实际结果：200
2025-03-22 09:52:57,043 - testExample.py - test_baiDuSerach_sheetOne - 69- INFO: test055:断言响应体字段值;期望结果:54;实际结果：0
2025-03-22 09:52:57,051 - testExample.py - test_baiDuSerach_sheetOne - 74- INFO: test055:断言响应时间;期望结果:200;实际结果：114
2025-03-22 09:52:57,079 - Example.py - baiDuSerach - 67- INFO: 用例id：test056:接口名称：baiDuSerach;传递token：None;传递参数：python56;用例备注：测试示例断言失败
2025-03-22 09:52:57,208 - testExample.py - test_baiDuSerach_sheetOne - 64- INFO: test056:断言响应状态码;期望结果：200;实际结果：200
2025-03-22 09:52:57,215 - testExample.py - test_baiDuSerach_sheetOne - 69- INFO: test056:断言响应体字段值;期望结果:55;实际结果：0
2025-03-22 09:52:57,224 - testExample.py - test_baiDuSerach_sheetOne - 74- INFO: test056:断言响应时间;期望结果:200;实际结果：125
2025-03-22 09:52:57,253 - Example.py - baiDuSerach - 67- INFO: 用例id：test057:接口名称：baiDuSerach;传递token：None;传递参数：python57;用例备注：测试示例断言失败
2025-03-22 09:52:57,374 - testExample.py - test_baiDuSerach_sheetOne - 64- INFO: test057:断言响应状态码;期望结果：200;实际结果：200
2025-03-22 09:52:57,381 - testExample.py - test_baiDuSerach_sheetOne - 69- INFO: test057:断言响应体字段值;期望结果:56;实际结果：0
2025-03-22 09:52:57,389 - testExample.py - test_baiDuSerach_sheetOne - 74- INFO: test057:断言响应时间;期望结果:200;实际结果：117
2025-03-22 09:52:57,447 - Example.py - baiDuSerach - 67- INFO: 用例id：test058:接口名称：baiDuSerach;传递token：None;传递参数：python58;用例备注：测试示例断言失败
2025-03-22 09:52:57,574 - testExample.py - test_baiDuSerach_sheetOne - 64- INFO: test058:断言响应状态码;期望结果：200;实际结果：200
2025-03-22 09:52:57,582 - testExample.py - test_baiDuSerach_sheetOne - 69- INFO: test058:断言响应体字段值;期望结果:57;实际结果：0
2025-03-22 09:52:57,589 - testExample.py - test_baiDuSerach_sheetOne - 74- INFO: test058:断言响应时间;期望结果:200;实际结果：123
2025-03-22 09:52:57,620 - Example.py - baiDuSerach - 67- INFO: 用例id：test059:接口名称：baiDuSerach;传递token：None;传递参数：python59;用例备注：测试示例断言失败
2025-03-22 09:52:57,747 - testExample.py - test_baiDuSerach_sheetOne - 64- INFO: test059:断言响应状态码;期望结果：200;实际结果：200
2025-03-22 09:52:57,755 - testExample.py - test_baiDuSerach_sheetOne - 69- INFO: test059:断言响应体字段值;期望结果:58;实际结果：0
2025-03-22 09:52:57,762 - testExample.py - test_baiDuSerach_sheetOne - 74- INFO: test059:断言响应时间;期望结果:200;实际结果：123
2025-03-22 09:52:57,790 - Example.py - baiDuSerach - 67- INFO: 用例id：test060:接口名称：baiDuSerach;传递token：None;传递参数：python60;用例备注：测试示例断言失败
2025-03-22 09:52:57,912 - testExample.py - test_baiDuSerach_sheetOne - 64- INFO: test060:断言响应状态码;期望结果：200;实际结果：200
2025-03-22 09:52:57,919 - testExample.py - test_baiDuSerach_sheetOne - 69- INFO: test060:断言响应体字段值;期望结果:59;实际结果：0
2025-03-22 09:52:57,926 - testExample.py - test_baiDuSerach_sheetOne - 74- INFO: test060:断言响应时间;期望结果:200;实际结果：118
2025-03-22 09:52:57,955 - Example.py - baiDuSerach - 67- INFO: 用例id：test061:接口名称：baiDuSerach;传递token：None;传递参数：python61;用例备注：测试示例断言失败
2025-03-22 09:52:58,083 - testExample.py - test_baiDuSerach_sheetOne - 64- INFO: test061:断言响应状态码;期望结果：200;实际结果：200
2025-03-22 09:52:58,091 - testExample.py - test_baiDuSerach_sheetOne - 69- INFO: test061:断言响应体字段值;期望结果:60;实际结果：0
2025-03-22 09:52:58,098 - testExample.py - test_baiDuSerach_sheetOne - 74- INFO: test061:断言响应时间;期望结果:200;实际结果：125
2025-03-22 09:52:58,126 - Example.py - baiDuSerach - 67- INFO: 用例id：test062:接口名称：baiDuSerach;传递token：None;传递参数：python62;用例备注：测试示例断言失败
2025-03-22 09:52:58,247 - testExample.py - test_baiDuSerach_sheetOne - 64- INFO: test062:断言响应状态码;期望结果：200;实际结果：200
2025-03-22 09:52:58,255 - testExample.py - test_baiDuSerach_sheetOne - 69- INFO: test062:断言响应体字段值;期望结果:61;实际结果：0
2025-03-22 09:52:58,262 - testExample.py - test_baiDuSerach_sheetOne - 74- INFO: test062:断言响应时间;期望结果:200;实际结果：117
2025-03-22 09:52:58,291 - Example.py - baiDuSerach - 67- INFO: 用例id：test063:接口名称：baiDuSerach;传递token：None;传递参数：python63;用例备注：测试示例断言失败
2025-03-22 09:52:58,416 - testExample.py - test_baiDuSerach_sheetOne - 64- INFO: test063:断言响应状态码;期望结果：200;实际结果：200
2025-03-22 09:52:58,427 - testExample.py - test_baiDuSerach_sheetOne - 69- INFO: test063:断言响应体字段值;期望结果:62;实际结果：0
2025-03-22 09:52:58,436 - testExample.py - test_baiDuSerach_sheetOne - 74- INFO: test063:断言响应时间;期望结果:200;实际结果：120
2025-03-22 09:52:58,463 - Example.py - baiDuSerach - 67- INFO: 用例id：test064:接口名称：baiDuSerach;传递token：None;传递参数：python64;用例备注：测试示例断言失败
2025-03-22 09:52:58,591 - testExample.py - test_baiDuSerach_sheetOne - 64- INFO: test064:断言响应状态码;期望结果：200;实际结果：200
2025-03-22 09:52:58,598 - testExample.py - test_baiDuSerach_sheetOne - 69- INFO: test064:断言响应体字段值;期望结果:63;实际结果：0
2025-03-22 09:52:58,606 - testExample.py - test_baiDuSerach_sheetOne - 74- INFO: test064:断言响应时间;期望结果:200;实际结果：124
2025-03-22 09:52:58,634 - Example.py - baiDuSerach - 67- INFO: 用例id：test065:接口名称：baiDuSerach;传递token：None;传递参数：python65;用例备注：测试示例断言失败
2025-03-22 09:52:58,760 - testExample.py - test_baiDuSerach_sheetOne - 64- INFO: test065:断言响应状态码;期望结果：200;实际结果：200
2025-03-22 09:52:58,768 - testExample.py - test_baiDuSerach_sheetOne - 69- INFO: test065:断言响应体字段值;期望结果:64;实际结果：0
2025-03-22 09:52:58,775 - testExample.py - test_baiDuSerach_sheetOne - 74- INFO: test065:断言响应时间;期望结果:200;实际结果：122
2025-03-22 09:52:58,806 - Example.py - baiDuSerach - 67- INFO: 用例id：test066:接口名称：baiDuSerach;传递token：None;传递参数：python66;用例备注：测试示例断言失败
2025-03-22 09:52:58,928 - testExample.py - test_baiDuSerach_sheetOne - 64- INFO: test066:断言响应状态码;期望结果：200;实际结果：200
2025-03-22 09:52:58,936 - testExample.py - test_baiDuSerach_sheetOne - 69- INFO: test066:断言响应体字段值;期望结果:65;实际结果：0
2025-03-22 09:52:58,943 - testExample.py - test_baiDuSerach_sheetOne - 74- INFO: test066:断言响应时间;期望结果:200;实际结果：119
2025-03-22 09:52:58,972 - Example.py - baiDuSerach - 67- INFO: 用例id：test067:接口名称：baiDuSerach;传递token：None;传递参数：python67;用例备注：测试示例断言失败
2025-03-22 09:52:59,095 - testExample.py - test_baiDuSerach_sheetOne - 64- INFO: test067:断言响应状态码;期望结果：200;实际结果：200
2025-03-22 09:52:59,102 - testExample.py - test_baiDuSerach_sheetOne - 69- INFO: test067:断言响应体字段值;期望结果:66;实际结果：0
2025-03-22 09:52:59,110 - testExample.py - test_baiDuSerach_sheetOne - 74- INFO: test067:断言响应时间;期望结果:200;实际结果：119
2025-03-22 09:52:59,139 - Example.py - baiDuSerach - 67- INFO: 用例id：test068:接口名称：baiDuSerach;传递token：None;传递参数：python68;用例备注：测试示例断言失败
2025-03-22 09:52:59,261 - testExample.py - test_baiDuSerach_sheetOne - 64- INFO: test068:断言响应状态码;期望结果：200;实际结果：200
2025-03-22 09:52:59,268 - testExample.py - test_baiDuSerach_sheetOne - 69- INFO: test068:断言响应体字段值;期望结果:67;实际结果：0
2025-03-22 09:52:59,276 - testExample.py - test_baiDuSerach_sheetOne - 74- INFO: test068:断言响应时间;期望结果:200;实际结果：118
2025-03-22 09:52:59,307 - Example.py - baiDuSerach - 67- INFO: 用例id：test069:接口名称：baiDuSerach;传递token：None;传递参数：python69;用例备注：测试示例断言失败
2025-03-22 09:52:59,430 - testExample.py - test_baiDuSerach_sheetOne - 64- INFO: test069:断言响应状态码;期望结果：200;实际结果：200
2025-03-22 09:52:59,438 - testExample.py - test_baiDuSerach_sheetOne - 69- INFO: test069:断言响应体字段值;期望结果:68;实际结果：0
2025-03-22 09:52:59,446 - testExample.py - test_baiDuSerach_sheetOne - 74- INFO: test069:断言响应时间;期望结果:200;实际结果：120
2025-03-22 09:52:59,508 - Example.py - baiDuSerach - 67- INFO: 用例id：test070:接口名称：baiDuSerach;传递token：None;传递参数：python70;用例备注：测试示例断言失败
2025-03-22 09:52:59,631 - testExample.py - test_baiDuSerach_sheetOne - 64- INFO: test070:断言响应状态码;期望结果：200;实际结果：200
2025-03-22 09:52:59,639 - testExample.py - test_baiDuSerach_sheetOne - 69- INFO: test070:断言响应体字段值;期望结果:69;实际结果：0
2025-03-22 09:52:59,647 - testExample.py - test_baiDuSerach_sheetOne - 74- INFO: test070:断言响应时间;期望结果:200;实际结果：120
