2025-03-22 17:12:15,406 - Example.py - baiDuSerach - 67- INFO: 用例id：test001:接口名称：baiDuSerach;传递token：None;传递参数：python1;用例备注：测试示例断言成功
2025-03-22 17:12:15,527 - testExample.py - test_baiDuSerach_sheetOne - 86- INFO: test001:断言响应状态码;期望结果：200;实际结果：200
2025-03-22 17:12:15,617 - testExample.py - test_baiDuSerach_sheetOne - 91- INFO: test001:断言响应体字段值;期望结果:0;实际结果：0
2025-03-22 17:12:15,624 - testExample.py - test_baiDuSerach_sheetOne - 96- INFO: test001:断言响应时间;期望结果:200;实际结果：118
2025-03-22 17:12:15,636 - Example.py - baiDuSerach - 67- INFO: 用例id：test002:接口名称：baiDuSerach;传递token：None;传递参数：python2;用例备注：
2025-03-22 17:12:15,756 - testExample.py - test_baiDuSerach_sheetOne - 86- INFO: test002:断言响应状态码;期望结果：200;实际结果：200
2025-03-22 17:12:15,764 - testExample.py - test_baiDuSerach_sheetOne - 91- INFO: test002:断言响应体字段值;期望结果:1;实际结果：0
2025-03-22 17:12:15,772 - testExample.py - test_baiDuSerach_sheetOne - 96- INFO: test002:断言响应时间;期望结果:200;实际结果：116
2025-03-22 17:12:15,804 - Example.py - baiDuSerach - 67- INFO: 用例id：test003:接口名称：baiDuSerach;传递token：None;传递参数：python3;用例备注：测试示例断言失败
2025-03-22 17:12:15,926 - testExample.py - test_baiDuSerach_sheetOne - 86- INFO: test003:断言响应状态码;期望结果：200;实际结果：200
2025-03-22 17:12:15,933 - testExample.py - test_baiDuSerach_sheetOne - 91- INFO: test003:断言响应体字段值;期望结果:2;实际结果：0
2025-03-22 17:12:15,941 - testExample.py - test_baiDuSerach_sheetOne - 96- INFO: test003:断言响应时间;期望结果:200;实际结果：119
2025-03-22 17:12:15,968 - Example.py - baiDuSerach - 67- INFO: 用例id：test004:接口名称：baiDuSerach;传递token：None;传递参数：python4;用例备注：测试示例断言失败
2025-03-22 17:12:16,097 - testExample.py - test_baiDuSerach_sheetOne - 86- INFO: test004:断言响应状态码;期望结果：200;实际结果：200
2025-03-22 17:12:16,104 - testExample.py - test_baiDuSerach_sheetOne - 91- INFO: test004:断言响应体字段值;期望结果:3;实际结果：0
2025-03-22 17:12:16,111 - testExample.py - test_baiDuSerach_sheetOne - 96- INFO: test004:断言响应时间;期望结果:200;实际结果：124
2025-03-22 17:12:16,139 - Example.py - baiDuSerach - 67- INFO: 用例id：test005:接口名称：baiDuSerach;传递token：None;传递参数：python5;用例备注：测试示例断言失败
2025-03-22 17:12:16,263 - testExample.py - test_baiDuSerach_sheetOne - 86- INFO: test005:断言响应状态码;期望结果：200;实际结果：200
2025-03-22 17:12:16,270 - testExample.py - test_baiDuSerach_sheetOne - 91- INFO: test005:断言响应体字段值;期望结果:4;实际结果：0
2025-03-22 17:12:16,278 - testExample.py - test_baiDuSerach_sheetOne - 96- INFO: test005:断言响应时间;期望结果:200;实际结果：120
2025-03-22 17:12:16,305 - Example.py - baiDuSerach - 67- INFO: 用例id：test006:接口名称：baiDuSerach;传递token：None;传递参数：python6;用例备注：测试示例断言失败
2025-03-22 17:12:16,433 - testExample.py - test_baiDuSerach_sheetOne - 86- INFO: test006:断言响应状态码;期望结果：200;实际结果：200
2025-03-22 17:12:16,440 - testExample.py - test_baiDuSerach_sheetOne - 91- INFO: test006:断言响应体字段值;期望结果:5;实际结果：0
2025-03-22 17:12:16,447 - testExample.py - test_baiDuSerach_sheetOne - 96- INFO: test006:断言响应时间;期望结果:200;实际结果：124
2025-03-22 17:12:16,478 - Example.py - baiDuSerach - 67- INFO: 用例id：test007:接口名称：baiDuSerach;传递token：None;传递参数：python7;用例备注：测试示例断言失败
2025-03-22 17:12:16,611 - testExample.py - test_baiDuSerach_sheetOne - 86- INFO: test007:断言响应状态码;期望结果：200;实际结果：200
2025-03-22 17:12:16,619 - testExample.py - test_baiDuSerach_sheetOne - 91- INFO: test007:断言响应体字段值;期望结果:6;实际结果：0
2025-03-22 17:12:16,626 - testExample.py - test_baiDuSerach_sheetOne - 96- INFO: test007:断言响应时间;期望结果:200;实际结果：129
2025-03-22 17:12:16,653 - Example.py - baiDuSerach - 67- INFO: 用例id：test008:接口名称：baiDuSerach;传递token：None;传递参数：python8;用例备注：测试示例断言失败
2025-03-22 17:12:16,780 - testExample.py - test_baiDuSerach_sheetOne - 86- INFO: test008:断言响应状态码;期望结果：200;实际结果：200
2025-03-22 17:12:16,788 - testExample.py - test_baiDuSerach_sheetOne - 91- INFO: test008:断言响应体字段值;期望结果:7;实际结果：0
2025-03-22 17:12:16,795 - testExample.py - test_baiDuSerach_sheetOne - 96- INFO: test008:断言响应时间;期望结果:200;实际结果：123
2025-03-22 17:12:16,860 - Example.py - baiDuSerach - 67- INFO: 用例id：test009:接口名称：baiDuSerach;传递token：None;传递参数：python9;用例备注：测试示例断言失败
2025-03-22 17:12:16,989 - testExample.py - test_baiDuSerach_sheetOne - 86- INFO: test009:断言响应状态码;期望结果：200;实际结果：200
2025-03-22 17:12:16,997 - testExample.py - test_baiDuSerach_sheetOne - 91- INFO: test009:断言响应体字段值;期望结果:8;实际结果：0
2025-03-22 17:12:17,005 - testExample.py - test_baiDuSerach_sheetOne - 96- INFO: test009:断言响应时间;期望结果:200;实际结果：126
2025-03-22 17:12:17,033 - Example.py - baiDuSerach - 67- INFO: 用例id：test010:接口名称：baiDuSerach;传递token：None;传递参数：python10;用例备注：测试示例断言失败
2025-03-22 17:12:17,156 - testExample.py - test_baiDuSerach_sheetOne - 86- INFO: test010:断言响应状态码;期望结果：200;实际结果：200
2025-03-22 17:12:17,165 - testExample.py - test_baiDuSerach_sheetOne - 91- INFO: test010:断言响应体字段值;期望结果:9;实际结果：0
2025-03-22 17:12:17,173 - testExample.py - test_baiDuSerach_sheetOne - 96- INFO: test010:断言响应时间;期望结果:200;实际结果：119
2025-03-22 17:12:17,205 - Example.py - baiDuSerach - 67- INFO: 用例id：test011:接口名称：baiDuSerach;传递token：None;传递参数：python11;用例备注：测试示例断言失败
2025-03-22 17:12:17,328 - testExample.py - test_baiDuSerach_sheetOne - 86- INFO: test011:断言响应状态码;期望结果：200;实际结果：200
2025-03-22 17:12:17,336 - testExample.py - test_baiDuSerach_sheetOne - 91- INFO: test011:断言响应体字段值;期望结果:10;实际结果：0
2025-03-22 17:12:17,343 - testExample.py - test_baiDuSerach_sheetOne - 96- INFO: test011:断言响应时间;期望结果:200;实际结果：118
2025-03-22 17:12:17,371 - Example.py - baiDuSerach - 67- INFO: 用例id：test012:接口名称：baiDuSerach;传递token：None;传递参数：python12;用例备注：测试示例断言失败
2025-03-22 17:12:17,496 - testExample.py - test_baiDuSerach_sheetOne - 86- INFO: test012:断言响应状态码;期望结果：200;实际结果：200
2025-03-22 17:12:17,506 - testExample.py - test_baiDuSerach_sheetOne - 91- INFO: test012:断言响应体字段值;期望结果:11;实际结果：0
2025-03-22 17:12:17,515 - testExample.py - test_baiDuSerach_sheetOne - 96- INFO: test012:断言响应时间;期望结果:200;实际结果：122
2025-03-22 17:12:17,544 - Example.py - baiDuSerach - 67- INFO: 用例id：test013:接口名称：baiDuSerach;传递token：None;传递参数：python13;用例备注：测试示例断言失败
2025-03-22 17:12:17,666 - testExample.py - test_baiDuSerach_sheetOne - 86- INFO: test013:断言响应状态码;期望结果：200;实际结果：200
2025-03-22 17:12:17,673 - testExample.py - test_baiDuSerach_sheetOne - 91- INFO: test013:断言响应体字段值;期望结果:12;实际结果：0
2025-03-22 17:12:17,680 - testExample.py - test_baiDuSerach_sheetOne - 96- INFO: test013:断言响应时间;期望结果:200;实际结果：118
2025-03-22 17:12:17,708 - Example.py - baiDuSerach - 67- INFO: 用例id：test014:接口名称：baiDuSerach;传递token：None;传递参数：python14;用例备注：测试示例断言失败
2025-03-22 17:12:17,833 - testExample.py - test_baiDuSerach_sheetOne - 86- INFO: test014:断言响应状态码;期望结果：200;实际结果：200
2025-03-22 17:12:17,841 - testExample.py - test_baiDuSerach_sheetOne - 91- INFO: test014:断言响应体字段值;期望结果:13;实际结果：0
2025-03-22 17:12:17,848 - testExample.py - test_baiDuSerach_sheetOne - 96- INFO: test014:断言响应时间;期望结果:200;实际结果：121
2025-03-22 17:12:17,878 - Example.py - baiDuSerach - 67- INFO: 用例id：test015:接口名称：baiDuSerach;传递token：None;传递参数：python15;用例备注：测试示例断言失败
2025-03-22 17:12:17,995 - testExample.py - test_baiDuSerach_sheetOne - 86- INFO: test015:断言响应状态码;期望结果：200;实际结果：200
2025-03-22 17:12:18,002 - testExample.py - test_baiDuSerach_sheetOne - 91- INFO: test015:断言响应体字段值;期望结果:14;实际结果：0
2025-03-22 17:12:18,011 - testExample.py - test_baiDuSerach_sheetOne - 96- INFO: test015:断言响应时间;期望结果:200;实际结果：114
2025-03-22 17:12:18,038 - Example.py - baiDuSerach - 67- INFO: 用例id：test016:接口名称：baiDuSerach;传递token：None;传递参数：python16;用例备注：测试示例断言失败
2025-03-22 17:12:18,164 - testExample.py - test_baiDuSerach_sheetOne - 86- INFO: test016:断言响应状态码;期望结果：200;实际结果：200
2025-03-22 17:12:18,172 - testExample.py - test_baiDuSerach_sheetOne - 91- INFO: test016:断言响应体字段值;期望结果:15;实际结果：0
2025-03-22 17:12:18,179 - testExample.py - test_baiDuSerach_sheetOne - 96- INFO: test016:断言响应时间;期望结果:200;实际结果：123
2025-03-22 17:12:18,207 - Example.py - baiDuSerach - 67- INFO: 用例id：test017:接口名称：baiDuSerach;传递token：None;传递参数：python17;用例备注：测试示例断言失败
2025-03-22 17:12:18,340 - testExample.py - test_baiDuSerach_sheetOne - 86- INFO: test017:断言响应状态码;期望结果：200;实际结果：200
2025-03-22 17:12:18,347 - testExample.py - test_baiDuSerach_sheetOne - 91- INFO: test017:断言响应体字段值;期望结果:16;实际结果：0
2025-03-22 17:12:18,355 - testExample.py - test_baiDuSerach_sheetOne - 96- INFO: test017:断言响应时间;期望结果:200;实际结果：130
2025-03-22 17:12:18,382 - Example.py - baiDuSerach - 67- INFO: 用例id：test018:接口名称：baiDuSerach;传递token：None;传递参数：python18;用例备注：测试示例断言失败
2025-03-22 17:12:18,510 - testExample.py - test_baiDuSerach_sheetOne - 86- INFO: test018:断言响应状态码;期望结果：200;实际结果：200
2025-03-22 17:12:18,518 - testExample.py - test_baiDuSerach_sheetOne - 91- INFO: test018:断言响应体字段值;期望结果:17;实际结果：0
2025-03-22 17:12:18,526 - testExample.py - test_baiDuSerach_sheetOne - 96- INFO: test018:断言响应时间;期望结果:200;实际结果：124
2025-03-22 17:12:18,553 - Example.py - baiDuSerach - 67- INFO: 用例id：test019:接口名称：baiDuSerach;传递token：None;传递参数：python19;用例备注：测试示例断言失败
2025-03-22 17:12:18,708 - testExample.py - test_baiDuSerach_sheetOne - 86- INFO: test019:断言响应状态码;期望结果：200;实际结果：200
2025-03-22 17:12:18,716 - testExample.py - test_baiDuSerach_sheetOne - 91- INFO: test019:断言响应体字段值;期望结果:18;实际结果：0
2025-03-22 17:12:18,723 - testExample.py - test_baiDuSerach_sheetOne - 96- INFO: test019:断言响应时间;期望结果:200;实际结果：151
2025-03-22 17:12:18,750 - Example.py - baiDuSerach - 67- INFO: 用例id：test020:接口名称：baiDuSerach;传递token：None;传递参数：python20;用例备注：测试示例断言失败
2025-03-22 17:12:18,883 - testExample.py - test_baiDuSerach_sheetOne - 86- INFO: test020:断言响应状态码;期望结果：200;实际结果：200
2025-03-22 17:12:18,891 - testExample.py - test_baiDuSerach_sheetOne - 91- INFO: test020:断言响应体字段值;期望结果:19;实际结果：0
2025-03-22 17:12:18,898 - testExample.py - test_baiDuSerach_sheetOne - 96- INFO: test020:断言响应时间;期望结果:200;实际结果：130
2025-03-22 17:12:18,961 - Example.py - baiDuSerach - 67- INFO: 用例id：test021:接口名称：baiDuSerach;传递token：None;传递参数：python21;用例备注：测试示例断言失败
2025-03-22 17:12:19,081 - testExample.py - test_baiDuSerach_sheetOne - 86- INFO: test021:断言响应状态码;期望结果：200;实际结果：200
2025-03-22 17:12:19,089 - testExample.py - test_baiDuSerach_sheetOne - 91- INFO: test021:断言响应体字段值;期望结果:20;实际结果：0
2025-03-22 17:12:19,096 - testExample.py - test_baiDuSerach_sheetOne - 96- INFO: test021:断言响应时间;期望结果:200;实际结果：117
2025-03-22 17:12:19,124 - Example.py - baiDuSerach - 67- INFO: 用例id：test022:接口名称：baiDuSerach;传递token：None;传递参数：python22;用例备注：测试示例断言失败
2025-03-22 17:12:19,247 - testExample.py - test_baiDuSerach_sheetOne - 86- INFO: test022:断言响应状态码;期望结果：200;实际结果：200
2025-03-22 17:12:19,255 - testExample.py - test_baiDuSerach_sheetOne - 91- INFO: test022:断言响应体字段值;期望结果:21;实际结果：0
2025-03-22 17:12:19,262 - testExample.py - test_baiDuSerach_sheetOne - 96- INFO: test022:断言响应时间;期望结果:200;实际结果：120
2025-03-22 17:12:19,290 - Example.py - baiDuSerach - 67- INFO: 用例id：test023:接口名称：baiDuSerach;传递token：None;传递参数：python23;用例备注：测试示例断言失败
2025-03-22 17:12:19,415 - testExample.py - test_baiDuSerach_sheetOne - 86- INFO: test023:断言响应状态码;期望结果：200;实际结果：200
2025-03-22 17:12:19,423 - testExample.py - test_baiDuSerach_sheetOne - 91- INFO: test023:断言响应体字段值;期望结果:22;实际结果：0
2025-03-22 17:12:19,430 - testExample.py - test_baiDuSerach_sheetOne - 96- INFO: test023:断言响应时间;期望结果:200;实际结果：122
2025-03-22 17:12:19,458 - Example.py - baiDuSerach - 67- INFO: 用例id：test024:接口名称：baiDuSerach;传递token：None;传递参数：python24;用例备注：测试示例断言失败
2025-03-22 17:12:19,582 - testExample.py - test_baiDuSerach_sheetOne - 86- INFO: test024:断言响应状态码;期望结果：200;实际结果：200
2025-03-22 17:12:19,590 - testExample.py - test_baiDuSerach_sheetOne - 91- INFO: test024:断言响应体字段值;期望结果:23;实际结果：0
2025-03-22 17:12:19,597 - testExample.py - test_baiDuSerach_sheetOne - 96- INFO: test024:断言响应时间;期望结果:200;实际结果：120
2025-03-22 17:12:19,624 - Example.py - baiDuSerach - 67- INFO: 用例id：test025:接口名称：baiDuSerach;传递token：None;传递参数：python25;用例备注：测试示例断言失败
2025-03-22 17:12:19,743 - testExample.py - test_baiDuSerach_sheetOne - 86- INFO: test025:断言响应状态码;期望结果：200;实际结果：200
2025-03-22 17:12:19,751 - testExample.py - test_baiDuSerach_sheetOne - 91- INFO: test025:断言响应体字段值;期望结果:24;实际结果：0
2025-03-22 17:12:19,758 - testExample.py - test_baiDuSerach_sheetOne - 96- INFO: test025:断言响应时间;期望结果:200;实际结果：114
2025-03-22 17:12:19,784 - Example.py - baiDuSerach - 67- INFO: 用例id：test026:接口名称：baiDuSerach;传递token：None;传递参数：python26;用例备注：测试示例断言失败
2025-03-22 17:12:19,919 - testExample.py - test_baiDuSerach_sheetOne - 86- INFO: test026:断言响应状态码;期望结果：200;实际结果：200
2025-03-22 17:12:19,927 - testExample.py - test_baiDuSerach_sheetOne - 91- INFO: test026:断言响应体字段值;期望结果:25;实际结果：0
2025-03-22 17:12:19,935 - testExample.py - test_baiDuSerach_sheetOne - 96- INFO: test026:断言响应时间;期望结果:200;实际结果：131
2025-03-22 17:12:19,961 - Example.py - baiDuSerach - 67- INFO: 用例id：test027:接口名称：baiDuSerach;传递token：None;传递参数：python27;用例备注：测试示例断言失败
2025-03-22 17:12:20,080 - testExample.py - test_baiDuSerach_sheetOne - 86- INFO: test027:断言响应状态码;期望结果：200;实际结果：200
2025-03-22 17:12:20,087 - testExample.py - test_baiDuSerach_sheetOne - 91- INFO: test027:断言响应体字段值;期望结果:26;实际结果：0
2025-03-22 17:12:20,095 - testExample.py - test_baiDuSerach_sheetOne - 96- INFO: test027:断言响应时间;期望结果:200;实际结果：114
2025-03-22 17:12:20,124 - Example.py - baiDuSerach - 67- INFO: 用例id：test028:接口名称：baiDuSerach;传递token：None;传递参数：python28;用例备注：测试示例断言失败
2025-03-22 17:12:20,246 - testExample.py - test_baiDuSerach_sheetOne - 86- INFO: test028:断言响应状态码;期望结果：200;实际结果：200
2025-03-22 17:12:20,253 - testExample.py - test_baiDuSerach_sheetOne - 91- INFO: test028:断言响应体字段值;期望结果:27;实际结果：0
2025-03-22 17:12:20,260 - testExample.py - test_baiDuSerach_sheetOne - 96- INFO: test028:断言响应时间;期望结果:200;实际结果：118
2025-03-22 17:12:20,288 - Example.py - baiDuSerach - 67- INFO: 用例id：test029:接口名称：baiDuSerach;传递token：None;传递参数：python29;用例备注：测试示例断言失败
2025-03-22 17:12:20,416 - testExample.py - test_baiDuSerach_sheetOne - 86- INFO: test029:断言响应状态码;期望结果：200;实际结果：200
2025-03-22 17:12:20,424 - testExample.py - test_baiDuSerach_sheetOne - 91- INFO: test029:断言响应体字段值;期望结果:28;实际结果：0
2025-03-22 17:12:20,431 - testExample.py - test_baiDuSerach_sheetOne - 96- INFO: test029:断言响应时间;期望结果:200;实际结果：125
2025-03-22 17:12:20,458 - Example.py - baiDuSerach - 67- INFO: 用例id：test030:接口名称：baiDuSerach;传递token：None;传递参数：python30;用例备注：测试示例断言失败
2025-03-22 17:12:20,585 - testExample.py - test_baiDuSerach_sheetOne - 86- INFO: test030:断言响应状态码;期望结果：200;实际结果：200
2025-03-22 17:12:20,593 - testExample.py - test_baiDuSerach_sheetOne - 91- INFO: test030:断言响应体字段值;期望结果:29;实际结果：0
2025-03-22 17:12:20,600 - testExample.py - test_baiDuSerach_sheetOne - 96- INFO: test030:断言响应时间;期望结果:200;实际结果：123
2025-03-22 17:12:20,631 - Example.py - baiDuSerach - 67- INFO: 用例id：test031:接口名称：baiDuSerach;传递token：None;传递参数：python31;用例备注：测试示例断言失败
2025-03-22 17:12:20,754 - testExample.py - test_baiDuSerach_sheetOne - 86- INFO: test031:断言响应状态码;期望结果：200;实际结果：200
2025-03-22 17:12:20,761 - testExample.py - test_baiDuSerach_sheetOne - 91- INFO: test031:断言响应体字段值;期望结果:30;实际结果：0
2025-03-22 17:12:20,769 - testExample.py - test_baiDuSerach_sheetOne - 96- INFO: test031:断言响应时间;期望结果:200;实际结果：120
2025-03-22 17:12:20,796 - Example.py - baiDuSerach - 67- INFO: 用例id：test032:接口名称：baiDuSerach;传递token：None;传递参数：python32;用例备注：测试示例断言失败
2025-03-22 17:12:20,929 - testExample.py - test_baiDuSerach_sheetOne - 86- INFO: test032:断言响应状态码;期望结果：200;实际结果：200
2025-03-22 17:12:20,937 - testExample.py - test_baiDuSerach_sheetOne - 91- INFO: test032:断言响应体字段值;期望结果:31;实际结果：0
2025-03-22 17:12:20,944 - testExample.py - test_baiDuSerach_sheetOne - 96- INFO: test032:断言响应时间;期望结果:200;实际结果：129
2025-03-22 17:12:21,004 - Example.py - baiDuSerach - 67- INFO: 用例id：test033:接口名称：baiDuSerach;传递token：None;传递参数：python33;用例备注：测试示例断言失败
2025-03-22 17:12:21,130 - testExample.py - test_baiDuSerach_sheetOne - 86- INFO: test033:断言响应状态码;期望结果：200;实际结果：200
2025-03-22 17:12:21,138 - testExample.py - test_baiDuSerach_sheetOne - 91- INFO: test033:断言响应体字段值;期望结果:32;实际结果：0
2025-03-22 17:12:21,145 - testExample.py - test_baiDuSerach_sheetOne - 96- INFO: test033:断言响应时间;期望结果:200;实际结果：122
2025-03-22 17:12:21,173 - Example.py - baiDuSerach - 67- INFO: 用例id：test034:接口名称：baiDuSerach;传递token：None;传递参数：python34;用例备注：测试示例断言失败
2025-03-22 17:12:21,296 - testExample.py - test_baiDuSerach_sheetOne - 86- INFO: test034:断言响应状态码;期望结果：200;实际结果：200
2025-03-22 17:12:21,303 - testExample.py - test_baiDuSerach_sheetOne - 91- INFO: test034:断言响应体字段值;期望结果:33;实际结果：0
2025-03-22 17:12:21,311 - testExample.py - test_baiDuSerach_sheetOne - 96- INFO: test034:断言响应时间;期望结果:200;实际结果：120
2025-03-22 17:12:21,338 - Example.py - baiDuSerach - 67- INFO: 用例id：test035:接口名称：baiDuSerach;传递token：None;传递参数：python35;用例备注：测试示例断言失败
2025-03-22 17:12:21,471 - testExample.py - test_baiDuSerach_sheetOne - 86- INFO: test035:断言响应状态码;期望结果：200;实际结果：200
2025-03-22 17:12:21,479 - testExample.py - test_baiDuSerach_sheetOne - 91- INFO: test035:断言响应体字段值;期望结果:34;实际结果：0
2025-03-22 17:12:21,486 - testExample.py - test_baiDuSerach_sheetOne - 96- INFO: test035:断言响应时间;期望结果:200;实际结果：129
2025-03-22 17:12:21,514 - Example.py - baiDuSerach - 67- INFO: 用例id：test036:接口名称：baiDuSerach;传递token：None;传递参数：python36;用例备注：测试示例断言失败
2025-03-22 17:12:21,637 - testExample.py - test_baiDuSerach_sheetOne - 86- INFO: test036:断言响应状态码;期望结果：200;实际结果：200
2025-03-22 17:12:21,645 - testExample.py - test_baiDuSerach_sheetOne - 91- INFO: test036:断言响应体字段值;期望结果:35;实际结果：0
2025-03-22 17:12:21,652 - testExample.py - test_baiDuSerach_sheetOne - 96- INFO: test036:断言响应时间;期望结果:200;实际结果：118
2025-03-22 17:12:21,680 - Example.py - baiDuSerach - 67- INFO: 用例id：test037:接口名称：baiDuSerach;传递token：None;传递参数：python37;用例备注：测试示例断言失败
2025-03-22 17:12:21,807 - testExample.py - test_baiDuSerach_sheetOne - 86- INFO: test037:断言响应状态码;期望结果：200;实际结果：200
2025-03-22 17:12:21,816 - testExample.py - test_baiDuSerach_sheetOne - 91- INFO: test037:断言响应体字段值;期望结果:36;实际结果：0
2025-03-22 17:12:21,824 - testExample.py - test_baiDuSerach_sheetOne - 96- INFO: test037:断言响应时间;期望结果:200;实际结果：123
2025-03-22 17:12:21,851 - Example.py - baiDuSerach - 67- INFO: 用例id：test038:接口名称：baiDuSerach;传递token：None;传递参数：python38;用例备注：测试示例断言失败
2025-03-22 17:12:21,977 - testExample.py - test_baiDuSerach_sheetOne - 86- INFO: test038:断言响应状态码;期望结果：200;实际结果：200
2025-03-22 17:12:21,984 - testExample.py - test_baiDuSerach_sheetOne - 91- INFO: test038:断言响应体字段值;期望结果:37;实际结果：0
2025-03-22 17:12:21,992 - testExample.py - test_baiDuSerach_sheetOne - 96- INFO: test038:断言响应时间;期望结果:200;实际结果：123
2025-03-22 17:12:22,019 - Example.py - baiDuSerach - 67- INFO: 用例id：test039:接口名称：baiDuSerach;传递token：None;传递参数：python39;用例备注：测试示例断言失败
2025-03-22 17:12:22,140 - testExample.py - test_baiDuSerach_sheetOne - 86- INFO: test039:断言响应状态码;期望结果：200;实际结果：200
2025-03-22 17:12:22,149 - testExample.py - test_baiDuSerach_sheetOne - 91- INFO: test039:断言响应体字段值;期望结果:38;实际结果：0
2025-03-22 17:12:22,156 - testExample.py - test_baiDuSerach_sheetOne - 96- INFO: test039:断言响应时间;期望结果:200;实际结果：118
2025-03-22 17:12:22,187 - Example.py - baiDuSerach - 67- INFO: 用例id：test040:接口名称：baiDuSerach;传递token：None;传递参数：python40;用例备注：测试示例断言失败
2025-03-22 17:12:22,309 - testExample.py - test_baiDuSerach_sheetOne - 86- INFO: test040:断言响应状态码;期望结果：200;实际结果：200
2025-03-22 17:12:22,317 - testExample.py - test_baiDuSerach_sheetOne - 91- INFO: test040:断言响应体字段值;期望结果:39;实际结果：0
2025-03-22 17:12:22,325 - testExample.py - test_baiDuSerach_sheetOne - 96- INFO: test040:断言响应时间;期望结果:200;实际结果：119
2025-03-22 17:12:22,351 - Example.py - baiDuSerach - 67- INFO: 用例id：test041:接口名称：baiDuSerach;传递token：None;传递参数：python41;用例备注：测试示例断言失败
2025-03-22 17:12:22,471 - testExample.py - test_baiDuSerach_sheetOne - 86- INFO: test041:断言响应状态码;期望结果：200;实际结果：200
2025-03-22 17:12:22,479 - testExample.py - test_baiDuSerach_sheetOne - 91- INFO: test041:断言响应体字段值;期望结果:40;实际结果：0
2025-03-22 17:12:22,487 - testExample.py - test_baiDuSerach_sheetOne - 96- INFO: test041:断言响应时间;期望结果:200;实际结果：117
2025-03-22 17:12:22,514 - Example.py - baiDuSerach - 67- INFO: 用例id：test042:接口名称：baiDuSerach;传递token：None;传递参数：python42;用例备注：测试示例断言失败
2025-03-22 17:12:22,638 - testExample.py - test_baiDuSerach_sheetOne - 86- INFO: test042:断言响应状态码;期望结果：200;实际结果：200
2025-03-22 17:12:22,646 - testExample.py - test_baiDuSerach_sheetOne - 91- INFO: test042:断言响应体字段值;期望结果:41;实际结果：0
2025-03-22 17:12:22,653 - testExample.py - test_baiDuSerach_sheetOne - 96- INFO: test042:断言响应时间;期望结果:200;实际结果：120
2025-03-22 17:12:22,680 - Example.py - baiDuSerach - 67- INFO: 用例id：test043:接口名称：baiDuSerach;传递token：None;传递参数：python43;用例备注：测试示例断言失败
2025-03-22 17:12:22,812 - testExample.py - test_baiDuSerach_sheetOne - 86- INFO: test043:断言响应状态码;期望结果：200;实际结果：200
2025-03-22 17:12:22,820 - testExample.py - test_baiDuSerach_sheetOne - 91- INFO: test043:断言响应体字段值;期望结果:42;实际结果：0
2025-03-22 17:12:22,828 - testExample.py - test_baiDuSerach_sheetOne - 96- INFO: test043:断言响应时间;期望结果:200;实际结果：128
2025-03-22 17:12:22,858 - Example.py - baiDuSerach - 67- INFO: 用例id：test044:接口名称：baiDuSerach;传递token：None;传递参数：python44;用例备注：测试示例断言失败
2025-03-22 17:12:22,983 - testExample.py - test_baiDuSerach_sheetOne - 86- INFO: test044:断言响应状态码;期望结果：200;实际结果：200
2025-03-22 17:12:22,991 - testExample.py - test_baiDuSerach_sheetOne - 91- INFO: test044:断言响应体字段值;期望结果:43;实际结果：0
2025-03-22 17:12:22,999 - testExample.py - test_baiDuSerach_sheetOne - 96- INFO: test044:断言响应时间;期望结果:200;实际结果：122
2025-03-22 17:12:23,070 - Example.py - baiDuSerach - 67- INFO: 用例id：test045:接口名称：baiDuSerach;传递token：None;传递参数：python45;用例备注：测试示例断言失败
2025-03-22 17:12:23,196 - testExample.py - test_baiDuSerach_sheetOne - 86- INFO: test045:断言响应状态码;期望结果：200;实际结果：200
2025-03-22 17:12:23,204 - testExample.py - test_baiDuSerach_sheetOne - 91- INFO: test045:断言响应体字段值;期望结果:44;实际结果：0
2025-03-22 17:12:23,212 - testExample.py - test_baiDuSerach_sheetOne - 96- INFO: test045:断言响应时间;期望结果:200;实际结果：122
2025-03-22 17:12:23,238 - Example.py - baiDuSerach - 67- INFO: 用例id：test046:接口名称：baiDuSerach;传递token：None;传递参数：python46;用例备注：测试示例断言失败
2025-03-22 17:12:23,370 - testExample.py - test_baiDuSerach_sheetOne - 86- INFO: test046:断言响应状态码;期望结果：200;实际结果：200
2025-03-22 17:12:23,378 - testExample.py - test_baiDuSerach_sheetOne - 91- INFO: test046:断言响应体字段值;期望结果:45;实际结果：0
2025-03-22 17:12:23,386 - testExample.py - test_baiDuSerach_sheetOne - 96- INFO: test046:断言响应时间;期望结果:200;实际结果：128
2025-03-22 17:12:23,416 - Example.py - baiDuSerach - 67- INFO: 用例id：test047:接口名称：baiDuSerach;传递token：None;传递参数：python47;用例备注：测试示例断言失败
2025-03-22 17:12:23,542 - testExample.py - test_baiDuSerach_sheetOne - 86- INFO: test047:断言响应状态码;期望结果：200;实际结果：200
2025-03-22 17:12:23,550 - testExample.py - test_baiDuSerach_sheetOne - 91- INFO: test047:断言响应体字段值;期望结果:46;实际结果：0
2025-03-22 17:12:23,557 - testExample.py - test_baiDuSerach_sheetOne - 96- INFO: test047:断言响应时间;期望结果:200;实际结果：123
2025-03-22 17:12:23,585 - Example.py - baiDuSerach - 67- INFO: 用例id：test048:接口名称：baiDuSerach;传递token：None;传递参数：python48;用例备注：测试示例断言失败
2025-03-22 17:12:23,709 - testExample.py - test_baiDuSerach_sheetOne - 86- INFO: test048:断言响应状态码;期望结果：200;实际结果：200
2025-03-22 17:12:23,717 - testExample.py - test_baiDuSerach_sheetOne - 91- INFO: test048:断言响应体字段值;期望结果:47;实际结果：0
2025-03-22 17:12:23,725 - testExample.py - test_baiDuSerach_sheetOne - 96- INFO: test048:断言响应时间;期望结果:200;实际结果：121
2025-03-22 17:12:23,752 - Example.py - baiDuSerach - 67- INFO: 用例id：test049:接口名称：baiDuSerach;传递token：None;传递参数：python49;用例备注：测试示例断言失败
2025-03-22 17:12:23,876 - testExample.py - test_baiDuSerach_sheetOne - 86- INFO: test049:断言响应状态码;期望结果：200;实际结果：200
2025-03-22 17:12:23,884 - testExample.py - test_baiDuSerach_sheetOne - 91- INFO: test049:断言响应体字段值;期望结果:48;实际结果：0
2025-03-22 17:12:23,891 - testExample.py - test_baiDuSerach_sheetOne - 96- INFO: test049:断言响应时间;期望结果:200;实际结果：120
2025-03-22 17:12:23,918 - Example.py - baiDuSerach - 67- INFO: 用例id：test050:接口名称：baiDuSerach;传递token：None;传递参数：python50;用例备注：测试示例断言失败
2025-03-22 17:12:24,036 - testExample.py - test_baiDuSerach_sheetOne - 86- INFO: test050:断言响应状态码;期望结果：200;实际结果：200
2025-03-22 17:12:24,043 - testExample.py - test_baiDuSerach_sheetOne - 91- INFO: test050:断言响应体字段值;期望结果:49;实际结果：0
2025-03-22 17:12:24,050 - testExample.py - test_baiDuSerach_sheetOne - 96- INFO: test050:断言响应时间;期望结果:200;实际结果：114
2025-03-22 17:12:24,078 - Example.py - baiDuSerach - 67- INFO: 用例id：test051:接口名称：baiDuSerach;传递token：None;传递参数：python51;用例备注：测试示例断言失败
2025-03-22 17:12:24,199 - testExample.py - test_baiDuSerach_sheetOne - 86- INFO: test051:断言响应状态码;期望结果：200;实际结果：200
2025-03-22 17:12:24,206 - testExample.py - test_baiDuSerach_sheetOne - 91- INFO: test051:断言响应体字段值;期望结果:50;实际结果：0
2025-03-22 17:12:24,215 - testExample.py - test_baiDuSerach_sheetOne - 96- INFO: test051:断言响应时间;期望结果:200;实际结果：117
2025-03-22 17:12:24,241 - Example.py - baiDuSerach - 67- INFO: 用例id：test052:接口名称：baiDuSerach;传递token：None;传递参数：python52;用例备注：测试示例断言失败
2025-03-22 17:12:24,361 - testExample.py - test_baiDuSerach_sheetOne - 86- INFO: test052:断言响应状态码;期望结果：200;实际结果：200
2025-03-22 17:12:24,368 - testExample.py - test_baiDuSerach_sheetOne - 91- INFO: test052:断言响应体字段值;期望结果:51;实际结果：0
2025-03-22 17:12:24,375 - testExample.py - test_baiDuSerach_sheetOne - 96- INFO: test052:断言响应时间;期望结果:200;实际结果：115
2025-03-22 17:12:24,403 - Example.py - baiDuSerach - 67- INFO: 用例id：test053:接口名称：baiDuSerach;传递token：None;传递参数：python53;用例备注：测试示例断言失败
2025-03-22 17:12:24,523 - testExample.py - test_baiDuSerach_sheetOne - 86- INFO: test053:断言响应状态码;期望结果：200;实际结果：200
2025-03-22 17:12:24,531 - testExample.py - test_baiDuSerach_sheetOne - 91- INFO: test053:断言响应体字段值;期望结果:52;实际结果：0
2025-03-22 17:12:24,538 - testExample.py - test_baiDuSerach_sheetOne - 96- INFO: test053:断言响应时间;期望结果:200;实际结果：116
2025-03-22 17:12:24,565 - Example.py - baiDuSerach - 67- INFO: 用例id：test054:接口名称：baiDuSerach;传递token：None;传递参数：python54;用例备注：测试示例断言失败
2025-03-22 17:12:24,694 - testExample.py - test_baiDuSerach_sheetOne - 86- INFO: test054:断言响应状态码;期望结果：200;实际结果：200
2025-03-22 17:12:24,701 - testExample.py - test_baiDuSerach_sheetOne - 91- INFO: test054:断言响应体字段值;期望结果:53;实际结果：0
2025-03-22 17:12:24,709 - testExample.py - test_baiDuSerach_sheetOne - 96- INFO: test054:断言响应时间;期望结果:200;实际结果：124
2025-03-22 17:12:24,736 - Example.py - baiDuSerach - 67- INFO: 用例id：test055:接口名称：baiDuSerach;传递token：None;传递参数：python55;用例备注：测试示例断言失败
2025-03-22 17:12:24,865 - testExample.py - test_baiDuSerach_sheetOne - 86- INFO: test055:断言响应状态码;期望结果：200;实际结果：200
2025-03-22 17:12:24,874 - testExample.py - test_baiDuSerach_sheetOne - 91- INFO: test055:断言响应体字段值;期望结果:54;实际结果：0
2025-03-22 17:12:24,882 - testExample.py - test_baiDuSerach_sheetOne - 96- INFO: test055:断言响应时间;期望结果:200;实际结果：125
2025-03-22 17:12:24,909 - Example.py - baiDuSerach - 67- INFO: 用例id：test056:接口名称：baiDuSerach;传递token：None;传递参数：python56;用例备注：测试示例断言失败
2025-03-22 17:12:25,047 - testExample.py - test_baiDuSerach_sheetOne - 86- INFO: test056:断言响应状态码;期望结果：200;实际结果：200
2025-03-22 17:12:25,055 - testExample.py - test_baiDuSerach_sheetOne - 91- INFO: test056:断言响应体字段值;期望结果:55;实际结果：0
2025-03-22 17:12:25,062 - testExample.py - test_baiDuSerach_sheetOne - 96- INFO: test056:断言响应时间;期望结果:200;实际结果：134
2025-03-22 17:12:25,092 - Example.py - baiDuSerach - 67- INFO: 用例id：test057:接口名称：baiDuSerach;传递token：None;传递参数：python57;用例备注：测试示例断言失败
2025-03-22 17:12:25,214 - testExample.py - test_baiDuSerach_sheetOne - 86- INFO: test057:断言响应状态码;期望结果：200;实际结果：200
2025-03-22 17:12:25,221 - testExample.py - test_baiDuSerach_sheetOne - 91- INFO: test057:断言响应体字段值;期望结果:56;实际结果：0
2025-03-22 17:12:25,229 - testExample.py - test_baiDuSerach_sheetOne - 96- INFO: test057:断言响应时间;期望结果:200;实际结果：119
2025-03-22 17:12:25,295 - Example.py - baiDuSerach - 67- INFO: 用例id：test058:接口名称：baiDuSerach;传递token：None;传递参数：python58;用例备注：测试示例断言失败
2025-03-22 17:12:25,418 - testExample.py - test_baiDuSerach_sheetOne - 86- INFO: test058:断言响应状态码;期望结果：200;实际结果：200
2025-03-22 17:12:25,425 - testExample.py - test_baiDuSerach_sheetOne - 91- INFO: test058:断言响应体字段值;期望结果:57;实际结果：0
2025-03-22 17:12:25,433 - testExample.py - test_baiDuSerach_sheetOne - 96- INFO: test058:断言响应时间;期望结果:200;实际结果：119
2025-03-22 17:12:25,460 - Example.py - baiDuSerach - 67- INFO: 用例id：test059:接口名称：baiDuSerach;传递token：None;传递参数：python59;用例备注：测试示例断言失败
2025-03-22 17:12:25,586 - testExample.py - test_baiDuSerach_sheetOne - 86- INFO: test059:断言响应状态码;期望结果：200;实际结果：200
2025-03-22 17:12:25,593 - testExample.py - test_baiDuSerach_sheetOne - 91- INFO: test059:断言响应体字段值;期望结果:58;实际结果：0
2025-03-22 17:12:25,600 - testExample.py - test_baiDuSerach_sheetOne - 96- INFO: test059:断言响应时间;期望结果:200;实际结果：121
2025-03-22 17:12:25,629 - Example.py - baiDuSerach - 67- INFO: 用例id：test060:接口名称：baiDuSerach;传递token：None;传递参数：python60;用例备注：测试示例断言失败
2025-03-22 17:12:25,749 - testExample.py - test_baiDuSerach_sheetOne - 86- INFO: test060:断言响应状态码;期望结果：200;实际结果：200
2025-03-22 17:12:25,757 - testExample.py - test_baiDuSerach_sheetOne - 91- INFO: test060:断言响应体字段值;期望结果:59;实际结果：0
2025-03-22 17:12:25,765 - testExample.py - test_baiDuSerach_sheetOne - 96- INFO: test060:断言响应时间;期望结果:200;实际结果：118
2025-03-22 17:12:25,792 - Example.py - baiDuSerach - 67- INFO: 用例id：test061:接口名称：baiDuSerach;传递token：None;传递参数：python61;用例备注：测试示例断言失败
2025-03-22 17:12:25,914 - testExample.py - test_baiDuSerach_sheetOne - 86- INFO: test061:断言响应状态码;期望结果：200;实际结果：200
2025-03-22 17:12:25,921 - testExample.py - test_baiDuSerach_sheetOne - 91- INFO: test061:断言响应体字段值;期望结果:60;实际结果：0
2025-03-22 17:12:25,929 - testExample.py - test_baiDuSerach_sheetOne - 96- INFO: test061:断言响应时间;期望结果:200;实际结果：119
2025-03-22 17:12:25,957 - Example.py - baiDuSerach - 67- INFO: 用例id：test062:接口名称：baiDuSerach;传递token：None;传递参数：python62;用例备注：测试示例断言失败
2025-03-22 17:12:26,079 - testExample.py - test_baiDuSerach_sheetOne - 86- INFO: test062:断言响应状态码;期望结果：200;实际结果：200
2025-03-22 17:12:26,086 - testExample.py - test_baiDuSerach_sheetOne - 91- INFO: test062:断言响应体字段值;期望结果:61;实际结果：0
2025-03-22 17:12:26,093 - testExample.py - test_baiDuSerach_sheetOne - 96- INFO: test062:断言响应时间;期望结果:200;实际结果：119
2025-03-22 17:12:26,121 - Example.py - baiDuSerach - 67- INFO: 用例id：test063:接口名称：baiDuSerach;传递token：None;传递参数：python63;用例备注：测试示例断言失败
2025-03-22 17:12:26,241 - testExample.py - test_baiDuSerach_sheetOne - 86- INFO: test063:断言响应状态码;期望结果：200;实际结果：200
2025-03-22 17:12:26,249 - testExample.py - test_baiDuSerach_sheetOne - 91- INFO: test063:断言响应体字段值;期望结果:62;实际结果：0
2025-03-22 17:12:26,256 - testExample.py - test_baiDuSerach_sheetOne - 96- INFO: test063:断言响应时间;期望结果:200;实际结果：117
2025-03-22 17:12:26,284 - Example.py - baiDuSerach - 67- INFO: 用例id：test064:接口名称：baiDuSerach;传递token：None;传递参数：python64;用例备注：测试示例断言失败
2025-03-22 17:12:26,406 - testExample.py - test_baiDuSerach_sheetOne - 86- INFO: test064:断言响应状态码;期望结果：200;实际结果：200
2025-03-22 17:12:26,414 - testExample.py - test_baiDuSerach_sheetOne - 91- INFO: test064:断言响应体字段值;期望结果:63;实际结果：0
2025-03-22 17:12:26,420 - testExample.py - test_baiDuSerach_sheetOne - 96- INFO: test064:断言响应时间;期望结果:200;实际结果：118
2025-03-22 17:12:26,448 - Example.py - baiDuSerach - 67- INFO: 用例id：test065:接口名称：baiDuSerach;传递token：None;传递参数：python65;用例备注：测试示例断言失败
2025-03-22 17:12:26,573 - testExample.py - test_baiDuSerach_sheetOne - 86- INFO: test065:断言响应状态码;期望结果：200;实际结果：200
2025-03-22 17:12:26,581 - testExample.py - test_baiDuSerach_sheetOne - 91- INFO: test065:断言响应体字段值;期望结果:64;实际结果：0
2025-03-22 17:12:26,589 - testExample.py - test_baiDuSerach_sheetOne - 96- INFO: test065:断言响应时间;期望结果:200;实际结果：122
2025-03-22 17:12:26,619 - Example.py - baiDuSerach - 67- INFO: 用例id：test066:接口名称：baiDuSerach;传递token：None;传递参数：python66;用例备注：测试示例断言失败
2025-03-22 17:12:26,744 - testExample.py - test_baiDuSerach_sheetOne - 86- INFO: test066:断言响应状态码;期望结果：200;实际结果：200
2025-03-22 17:12:26,751 - testExample.py - test_baiDuSerach_sheetOne - 91- INFO: test066:断言响应体字段值;期望结果:65;实际结果：0
2025-03-22 17:12:26,759 - testExample.py - test_baiDuSerach_sheetOne - 96- INFO: test066:断言响应时间;期望结果:200;实际结果：121
2025-03-22 17:12:26,786 - Example.py - baiDuSerach - 67- INFO: 用例id：test067:接口名称：baiDuSerach;传递token：None;传递参数：python67;用例备注：测试示例断言失败
2025-03-22 17:12:26,912 - testExample.py - test_baiDuSerach_sheetOne - 86- INFO: test067:断言响应状态码;期望结果：200;实际结果：200
2025-03-22 17:12:26,920 - testExample.py - test_baiDuSerach_sheetOne - 91- INFO: test067:断言响应体字段值;期望结果:66;实际结果：0
2025-03-22 17:12:26,927 - testExample.py - test_baiDuSerach_sheetOne - 96- INFO: test067:断言响应时间;期望结果:200;实际结果：123
2025-03-22 17:12:26,954 - Example.py - baiDuSerach - 67- INFO: 用例id：test068:接口名称：baiDuSerach;传递token：None;传递参数：python68;用例备注：测试示例断言失败
2025-03-22 17:12:27,075 - testExample.py - test_baiDuSerach_sheetOne - 86- INFO: test068:断言响应状态码;期望结果：200;实际结果：200
2025-03-22 17:12:27,082 - testExample.py - test_baiDuSerach_sheetOne - 91- INFO: test068:断言响应体字段值;期望结果:67;实际结果：0
2025-03-22 17:12:27,090 - testExample.py - test_baiDuSerach_sheetOne - 96- INFO: test068:断言响应时间;期望结果:200;实际结果：117
2025-03-22 17:12:27,116 - Example.py - baiDuSerach - 67- INFO: 用例id：test069:接口名称：baiDuSerach;传递token：None;传递参数：python69;用例备注：测试示例断言失败
2025-03-22 17:12:27,237 - testExample.py - test_baiDuSerach_sheetOne - 86- INFO: test069:断言响应状态码;期望结果：200;实际结果：200
2025-03-22 17:12:27,245 - testExample.py - test_baiDuSerach_sheetOne - 91- INFO: test069:断言响应体字段值;期望结果:68;实际结果：0
2025-03-22 17:12:27,253 - testExample.py - test_baiDuSerach_sheetOne - 96- INFO: test069:断言响应时间;期望结果:200;实际结果：117
2025-03-22 17:12:27,317 - Example.py - baiDuSerach - 67- INFO: 用例id：test070:接口名称：baiDuSerach;传递token：None;传递参数：python70;用例备注：测试示例断言失败
2025-03-22 17:12:27,445 - testExample.py - test_baiDuSerach_sheetOne - 86- INFO: test070:断言响应状态码;期望结果：200;实际结果：200
2025-03-22 17:12:27,453 - testExample.py - test_baiDuSerach_sheetOne - 91- INFO: test070:断言响应体字段值;期望结果:69;实际结果：0
2025-03-22 17:12:27,461 - testExample.py - test_baiDuSerach_sheetOne - 96- INFO: test070:断言响应时间;期望结果:200;实际结果：125
2025-03-22 17:12:27,490 - Example.py - baiDuSerachToken - 49- INFO: 用例id：1:接口名称：baiDuSerach;传递token：[[129]];传递参数：python12;用例备注：测试示例断言成功
2025-03-22 17:12:27,618 - testExample.py - test_baiDuSerach_sheetTwo - 122- INFO: 1:断言响应状态码;期望结果：200;实际结果：200
2025-03-22 17:12:27,625 - testExample.py - test_baiDuSerach_sheetTwo - 127- INFO: 1:断言响应体字段值;期望结果:0;实际结果：0
2025-03-22 17:12:27,633 - testExample.py - test_baiDuSerach_sheetTwo - 132- INFO: 1:断言响应时间;期望结果:200;实际结果：124
2025-03-22 17:12:27,643 - Example.py - baiDuSerachToken - 49- INFO: 用例id：2:接口名称：baiDuSerach;传递token：[[129]];传递参数：python22;用例备注：测试示例断言失败
2025-03-22 17:12:27,765 - testExample.py - test_baiDuSerach_sheetTwo - 122- INFO: 2:断言响应状态码;期望结果：200;实际结果：200
2025-03-22 17:12:27,772 - testExample.py - test_baiDuSerach_sheetTwo - 127- INFO: 2:断言响应体字段值;期望结果:1;实际结果：0
2025-03-22 17:12:27,780 - testExample.py - test_baiDuSerach_sheetTwo - 132- INFO: 2:断言响应时间;期望结果:200;实际结果：118
2025-03-22 17:12:27,808 - Example.py - baiDuSerachToken - 49- INFO: 用例id：3:接口名称：baiDuSerach;传递token：[[129]];传递参数：python32;用例备注：
2025-03-22 17:12:27,931 - testExample.py - test_baiDuSerach_sheetTwo - 122- INFO: 3:断言响应状态码;期望结果：200;实际结果：200
2025-03-22 17:12:27,938 - testExample.py - test_baiDuSerach_sheetTwo - 127- INFO: 3:断言响应体字段值;期望结果:2;实际结果：0
2025-03-22 17:12:27,946 - testExample.py - test_baiDuSerach_sheetTwo - 132- INFO: 3:断言响应时间;期望结果:201;实际结果：119
2025-03-22 17:12:27,973 - Example.py - baiDuSerachToken - 49- INFO: 用例id：4:接口名称：baiDuSerach;传递token：[[129]];传递参数：python33;用例备注：测试示例断言失败
2025-03-22 17:12:28,095 - testExample.py - test_baiDuSerach_sheetTwo - 122- INFO: 4:断言响应状态码;期望结果：200;实际结果：200
2025-03-22 17:12:28,103 - testExample.py - test_baiDuSerach_sheetTwo - 127- INFO: 4:断言响应体字段值;期望结果:3;实际结果：0
2025-03-22 17:12:28,111 - testExample.py - test_baiDuSerach_sheetTwo - 132- INFO: 4:断言响应时间;期望结果:202;实际结果：119
2025-03-22 17:12:28,137 - Example.py - baiDuSerachToken - 49- INFO: 用例id：5:接口名称：baiDuSerach;传递token：[[129]];传递参数：python34;用例备注：测试示例断言失败
2025-03-22 17:12:28,267 - testExample.py - test_baiDuSerach_sheetTwo - 122- INFO: 5:断言响应状态码;期望结果：200;实际结果：200
2025-03-22 17:12:28,274 - testExample.py - test_baiDuSerach_sheetTwo - 127- INFO: 5:断言响应体字段值;期望结果:4;实际结果：0
2025-03-22 17:12:28,281 - testExample.py - test_baiDuSerach_sheetTwo - 132- INFO: 5:断言响应时间;期望结果:203;实际结果：125
2025-03-22 17:12:28,308 - Example.py - baiDuSerachToken - 49- INFO: 用例id：6:接口名称：baiDuSerach;传递token：[[129]];传递参数：python35;用例备注：测试示例断言失败
2025-03-22 17:12:28,437 - testExample.py - test_baiDuSerach_sheetTwo - 122- INFO: 6:断言响应状态码;期望结果：200;实际结果：200
2025-03-22 17:12:28,444 - testExample.py - test_baiDuSerach_sheetTwo - 127- INFO: 6:断言响应体字段值;期望结果:5;实际结果：0
2025-03-22 17:12:28,452 - testExample.py - test_baiDuSerach_sheetTwo - 132- INFO: 6:断言响应时间;期望结果:204;实际结果：125
2025-03-22 17:12:28,480 - Example.py - baiDuSerachToken - 49- INFO: 用例id：7:接口名称：baiDuSerach;传递token：[[129]];传递参数：python36;用例备注：测试示例断言失败
2025-03-22 17:12:28,604 - testExample.py - test_baiDuSerach_sheetTwo - 122- INFO: 7:断言响应状态码;期望结果：200;实际结果：200
2025-03-22 17:12:28,611 - testExample.py - test_baiDuSerach_sheetTwo - 127- INFO: 7:断言响应体字段值;期望结果:6;实际结果：0
2025-03-22 17:12:28,619 - testExample.py - test_baiDuSerach_sheetTwo - 132- INFO: 7:断言响应时间;期望结果:205;实际结果：120
2025-03-22 17:12:28,645 - Example.py - baiDuSerachToken - 49- INFO: 用例id：8:接口名称：baiDuSerach;传递token：[[129]];传递参数：python37;用例备注：测试示例断言失败
2025-03-22 17:12:28,772 - testExample.py - test_baiDuSerach_sheetTwo - 122- INFO: 8:断言响应状态码;期望结果：200;实际结果：200
2025-03-22 17:12:28,780 - testExample.py - test_baiDuSerach_sheetTwo - 127- INFO: 8:断言响应体字段值;期望结果:7;实际结果：0
2025-03-22 17:12:28,788 - testExample.py - test_baiDuSerach_sheetTwo - 132- INFO: 8:断言响应时间;期望结果:206;实际结果：123
2025-03-22 17:12:28,815 - Example.py - baiDuSerachToken - 49- INFO: 用例id：9:接口名称：baiDuSerach;传递token：[[129]];传递参数：python38;用例备注：测试示例断言失败
2025-03-22 17:12:28,939 - testExample.py - test_baiDuSerach_sheetTwo - 122- INFO: 9:断言响应状态码;期望结果：200;实际结果：200
2025-03-22 17:12:28,946 - testExample.py - test_baiDuSerach_sheetTwo - 127- INFO: 9:断言响应体字段值;期望结果:8;实际结果：0
2025-03-22 17:12:28,954 - testExample.py - test_baiDuSerach_sheetTwo - 132- INFO: 9:断言响应时间;期望结果:207;实际结果：120
2025-03-22 17:12:28,981 - Example.py - baiDuSerachToken - 49- INFO: 用例id：10:接口名称：baiDuSerach;传递token：[[129]];传递参数：python39;用例备注：测试示例断言失败
2025-03-22 17:12:29,106 - testExample.py - test_baiDuSerach_sheetTwo - 122- INFO: 10:断言响应状态码;期望结果：200;实际结果：200
2025-03-22 17:12:29,114 - testExample.py - test_baiDuSerach_sheetTwo - 127- INFO: 10:断言响应体字段值;期望结果:9;实际结果：0
2025-03-22 17:12:29,121 - testExample.py - test_baiDuSerach_sheetTwo - 132- INFO: 10:断言响应时间;期望结果:208;实际结果：122
2025-03-22 17:12:29,148 - Example.py - baiDuSerachToken - 49- INFO: 用例id：11:接口名称：baiDuSerach;传递token：[[129]];传递参数：python40;用例备注：测试示例断言失败
2025-03-22 17:12:29,267 - testExample.py - test_baiDuSerach_sheetTwo - 122- INFO: 11:断言响应状态码;期望结果：200;实际结果：200
2025-03-22 17:12:29,274 - testExample.py - test_baiDuSerach_sheetTwo - 127- INFO: 11:断言响应体字段值;期望结果:10;实际结果：0
2025-03-22 17:12:29,282 - testExample.py - test_baiDuSerach_sheetTwo - 132- INFO: 11:断言响应时间;期望结果:209;实际结果：115
2025-03-22 17:12:29,308 - Example.py - baiDuSerachToken - 49- INFO: 用例id：12:接口名称：baiDuSerach;传递token：[[129]];传递参数：python41;用例备注：测试示例断言失败
2025-03-22 17:12:29,429 - testExample.py - test_baiDuSerach_sheetTwo - 122- INFO: 12:断言响应状态码;期望结果：200;实际结果：200
2025-03-22 17:12:29,437 - testExample.py - test_baiDuSerach_sheetTwo - 127- INFO: 12:断言响应体字段值;期望结果:11;实际结果：0
2025-03-22 17:12:29,445 - testExample.py - test_baiDuSerach_sheetTwo - 132- INFO: 12:断言响应时间;期望结果:210;实际结果：117
2025-03-22 17:12:29,511 - Example.py - baiDuSerachToken - 49- INFO: 用例id：13:接口名称：baiDuSerach;传递token：[[129]];传递参数：python42;用例备注：测试示例断言失败
2025-03-22 17:12:29,684 - testExample.py - test_baiDuSerach_sheetTwo - 122- INFO: 13:断言响应状态码;期望结果：200;实际结果：200
2025-03-22 17:12:29,692 - testExample.py - test_baiDuSerach_sheetTwo - 127- INFO: 13:断言响应体字段值;期望结果:12;实际结果：0
2025-03-22 17:12:29,699 - testExample.py - test_baiDuSerach_sheetTwo - 132- INFO: 13:断言响应时间;期望结果:211;实际结果：169
2025-03-22 17:12:29,727 - Example.py - baiDuSerachToken - 49- INFO: 用例id：14:接口名称：baiDuSerach;传递token：[[129]];传递参数：python43;用例备注：测试示例断言失败
2025-03-22 17:12:29,851 - testExample.py - test_baiDuSerach_sheetTwo - 122- INFO: 14:断言响应状态码;期望结果：200;实际结果：200
2025-03-22 17:12:29,858 - testExample.py - test_baiDuSerach_sheetTwo - 127- INFO: 14:断言响应体字段值;期望结果:13;实际结果：0
2025-03-22 17:12:29,865 - testExample.py - test_baiDuSerach_sheetTwo - 132- INFO: 14:断言响应时间;期望结果:212;实际结果：121
2025-03-22 17:12:29,892 - Example.py - baiDuSerachToken - 49- INFO: 用例id：15:接口名称：baiDuSerach;传递token：[[129]];传递参数：python44;用例备注：测试示例断言失败
2025-03-22 17:12:30,019 - testExample.py - test_baiDuSerach_sheetTwo - 122- INFO: 15:断言响应状态码;期望结果：200;实际结果：200
2025-03-22 17:12:30,027 - testExample.py - test_baiDuSerach_sheetTwo - 127- INFO: 15:断言响应体字段值;期望结果:14;实际结果：0
2025-03-22 17:12:30,034 - testExample.py - test_baiDuSerach_sheetTwo - 132- INFO: 15:断言响应时间;期望结果:213;实际结果：123
2025-03-22 17:12:30,063 - Example.py - baiDuSerachToken - 49- INFO: 用例id：16:接口名称：baiDuSerach;传递token：[[129]];传递参数：python45;用例备注：测试示例断言失败
2025-03-22 17:12:30,184 - testExample.py - test_baiDuSerach_sheetTwo - 122- INFO: 16:断言响应状态码;期望结果：200;实际结果：200
2025-03-22 17:12:30,191 - testExample.py - test_baiDuSerach_sheetTwo - 127- INFO: 16:断言响应体字段值;期望结果:15;实际结果：0
2025-03-22 17:12:30,200 - testExample.py - test_baiDuSerach_sheetTwo - 132- INFO: 16:断言响应时间;期望结果:214;实际结果：118
2025-03-22 17:12:30,229 - Example.py - baiDuSerachToken - 49- INFO: 用例id：17:接口名称：baiDuSerach;传递token：[[129]];传递参数：python46;用例备注：测试示例断言失败
2025-03-22 17:12:30,352 - testExample.py - test_baiDuSerach_sheetTwo - 122- INFO: 17:断言响应状态码;期望结果：200;实际结果：200
2025-03-22 17:12:30,359 - testExample.py - test_baiDuSerach_sheetTwo - 127- INFO: 17:断言响应体字段值;期望结果:16;实际结果：0
2025-03-22 17:12:30,366 - testExample.py - test_baiDuSerach_sheetTwo - 132- INFO: 17:断言响应时间;期望结果:215;实际结果：119
2025-03-22 17:12:30,393 - Example.py - baiDuSerachToken - 49- INFO: 用例id：18:接口名称：baiDuSerach;传递token：[[129]];传递参数：python47;用例备注：测试示例断言失败
2025-03-22 17:12:30,538 - testExample.py - test_baiDuSerach_sheetTwo - 122- INFO: 18:断言响应状态码;期望结果：200;实际结果：200
2025-03-22 17:12:30,545 - testExample.py - test_baiDuSerach_sheetTwo - 127- INFO: 18:断言响应体字段值;期望结果:17;实际结果：0
2025-03-22 17:12:30,553 - testExample.py - test_baiDuSerach_sheetTwo - 132- INFO: 18:断言响应时间;期望结果:216;实际结果：141
2025-03-22 17:12:30,580 - Example.py - baiDuSerachToken - 49- INFO: 用例id：19:接口名称：baiDuSerach;传递token：[[129]];传递参数：python48;用例备注：测试示例断言失败
2025-03-22 17:12:30,710 - testExample.py - test_baiDuSerach_sheetTwo - 122- INFO: 19:断言响应状态码;期望结果：200;实际结果：200
2025-03-22 17:12:30,718 - testExample.py - test_baiDuSerach_sheetTwo - 127- INFO: 19:断言响应体字段值;期望结果:18;实际结果：0
2025-03-22 17:12:30,725 - testExample.py - test_baiDuSerach_sheetTwo - 132- INFO: 19:断言响应时间;期望结果:217;实际结果：126
2025-03-22 17:12:30,754 - Example.py - baiDuSerachToken - 49- INFO: 用例id：20:接口名称：baiDuSerach;传递token：[[129]];传递参数：python49;用例备注：测试示例断言失败
2025-03-22 17:12:30,881 - testExample.py - test_baiDuSerach_sheetTwo - 122- INFO: 20:断言响应状态码;期望结果：200;实际结果：200
2025-03-22 17:12:30,888 - testExample.py - test_baiDuSerach_sheetTwo - 127- INFO: 20:断言响应体字段值;期望结果:19;实际结果：0
2025-03-22 17:12:30,896 - testExample.py - test_baiDuSerach_sheetTwo - 132- INFO: 20:断言响应时间;期望结果:218;实际结果：124
2025-03-22 17:12:30,924 - Example.py - baiDuSerachToken - 49- INFO: 用例id：21:接口名称：baiDuSerach;传递token：[[129]];传递参数：python50;用例备注：测试示例断言失败
2025-03-22 17:12:31,043 - testExample.py - test_baiDuSerach_sheetTwo - 122- INFO: 21:断言响应状态码;期望结果：200;实际结果：200
2025-03-22 17:12:31,051 - testExample.py - test_baiDuSerach_sheetTwo - 127- INFO: 21:断言响应体字段值;期望结果:20;实际结果：0
2025-03-22 17:12:31,058 - testExample.py - test_baiDuSerach_sheetTwo - 132- INFO: 21:断言响应时间;期望结果:219;实际结果：115
2025-03-22 17:12:31,085 - Example.py - baiDuSerachToken - 49- INFO: 用例id：22:接口名称：baiDuSerach;传递token：[[129]];传递参数：python51;用例备注：测试示例断言失败
2025-03-22 17:12:31,209 - testExample.py - test_baiDuSerach_sheetTwo - 122- INFO: 22:断言响应状态码;期望结果：200;实际结果：200
2025-03-22 17:12:31,217 - testExample.py - test_baiDuSerach_sheetTwo - 127- INFO: 22:断言响应体字段值;期望结果:21;实际结果：0
2025-03-22 17:12:31,224 - testExample.py - test_baiDuSerach_sheetTwo - 132- INFO: 22:断言响应时间;期望结果:220;实际结果：120
2025-03-22 17:12:31,250 - Example.py - baiDuSerachToken - 49- INFO: 用例id：23:接口名称：baiDuSerach;传递token：[[129]];传递参数：python52;用例备注：测试示例断言失败
2025-03-22 17:12:31,372 - testExample.py - test_baiDuSerach_sheetTwo - 122- INFO: 23:断言响应状态码;期望结果：200;实际结果：200
2025-03-22 17:12:31,380 - testExample.py - test_baiDuSerach_sheetTwo - 127- INFO: 23:断言响应体字段值;期望结果:22;实际结果：0
2025-03-22 17:12:31,386 - testExample.py - test_baiDuSerach_sheetTwo - 132- INFO: 23:断言响应时间;期望结果:221;实际结果：118
2025-03-22 17:12:31,414 - Example.py - baiDuSerachToken - 49- INFO: 用例id：24:接口名称：baiDuSerach;传递token：[[129]];传递参数：python53;用例备注：测试示例断言失败
2025-03-22 17:12:31,538 - testExample.py - test_baiDuSerach_sheetTwo - 122- INFO: 24:断言响应状态码;期望结果：200;实际结果：200
2025-03-22 17:12:31,545 - testExample.py - test_baiDuSerach_sheetTwo - 127- INFO: 24:断言响应体字段值;期望结果:23;实际结果：0
2025-03-22 17:12:31,553 - testExample.py - test_baiDuSerach_sheetTwo - 132- INFO: 24:断言响应时间;期望结果:222;实际结果：120
2025-03-22 17:12:31,619 - Example.py - baiDuSerachToken - 49- INFO: 用例id：25:接口名称：baiDuSerach;传递token：[[129]];传递参数：python54;用例备注：测试示例断言失败
2025-03-22 17:12:31,740 - testExample.py - test_baiDuSerach_sheetTwo - 122- INFO: 25:断言响应状态码;期望结果：200;实际结果：200
2025-03-22 17:12:31,747 - testExample.py - test_baiDuSerach_sheetTwo - 127- INFO: 25:断言响应体字段值;期望结果:24;实际结果：0
2025-03-22 17:12:31,754 - testExample.py - test_baiDuSerach_sheetTwo - 132- INFO: 25:断言响应时间;期望结果:223;实际结果：117
2025-03-22 17:12:31,783 - Example.py - baiDuSerachToken - 49- INFO: 用例id：26:接口名称：baiDuSerach;传递token：[[129]];传递参数：python55;用例备注：测试示例断言失败
2025-03-22 17:12:31,904 - testExample.py - test_baiDuSerach_sheetTwo - 122- INFO: 26:断言响应状态码;期望结果：200;实际结果：200
2025-03-22 17:12:31,912 - testExample.py - test_baiDuSerach_sheetTwo - 127- INFO: 26:断言响应体字段值;期望结果:25;实际结果：0
2025-03-22 17:12:31,919 - testExample.py - test_baiDuSerach_sheetTwo - 132- INFO: 26:断言响应时间;期望结果:224;实际结果：117
2025-03-22 17:12:31,947 - Example.py - baiDuSerachToken - 49- INFO: 用例id：27:接口名称：baiDuSerach;传递token：[[129]];传递参数：python56;用例备注：测试示例断言失败
2025-03-22 17:12:32,071 - testExample.py - test_baiDuSerach_sheetTwo - 122- INFO: 27:断言响应状态码;期望结果：200;实际结果：200
2025-03-22 17:12:32,079 - testExample.py - test_baiDuSerach_sheetTwo - 127- INFO: 27:断言响应体字段值;期望结果:26;实际结果：0
2025-03-22 17:12:32,087 - testExample.py - test_baiDuSerach_sheetTwo - 132- INFO: 27:断言响应时间;期望结果:225;实际结果：121
2025-03-22 17:12:32,113 - Example.py - baiDuSerachToken - 49- INFO: 用例id：28:接口名称：baiDuSerach;传递token：[[129]];传递参数：python57;用例备注：测试示例断言失败
2025-03-22 17:12:32,241 - testExample.py - test_baiDuSerach_sheetTwo - 122- INFO: 28:断言响应状态码;期望结果：200;实际结果：200
2025-03-22 17:12:32,249 - testExample.py - test_baiDuSerach_sheetTwo - 127- INFO: 28:断言响应体字段值;期望结果:27;实际结果：0
2025-03-22 17:12:32,256 - testExample.py - test_baiDuSerach_sheetTwo - 132- INFO: 28:断言响应时间;期望结果:226;实际结果：124
2025-03-22 17:12:32,283 - Example.py - baiDuSerachToken - 49- INFO: 用例id：29:接口名称：baiDuSerach;传递token：[[129]];传递参数：python58;用例备注：测试示例断言失败
2025-03-22 17:12:32,419 - testExample.py - test_baiDuSerach_sheetTwo - 122- INFO: 29:断言响应状态码;期望结果：200;实际结果：200
2025-03-22 17:12:32,426 - testExample.py - test_baiDuSerach_sheetTwo - 127- INFO: 29:断言响应体字段值;期望结果:28;实际结果：0
2025-03-22 17:12:32,434 - testExample.py - test_baiDuSerach_sheetTwo - 132- INFO: 29:断言响应时间;期望结果:227;实际结果：131
2025-03-22 17:12:32,461 - Example.py - baiDuSerachToken - 49- INFO: 用例id：30:接口名称：baiDuSerach;传递token：[[129]];传递参数：python59;用例备注：测试示例断言失败
2025-03-22 17:12:32,583 - testExample.py - test_baiDuSerach_sheetTwo - 122- INFO: 30:断言响应状态码;期望结果：200;实际结果：200
2025-03-22 17:12:32,591 - testExample.py - test_baiDuSerach_sheetTwo - 127- INFO: 30:断言响应体字段值;期望结果:29;实际结果：0
2025-03-22 17:12:32,599 - testExample.py - test_baiDuSerach_sheetTwo - 132- INFO: 30:断言响应时间;期望结果:228;实际结果：119
2025-03-22 17:12:32,625 - Example.py - baiDuSerachToken - 49- INFO: 用例id：test001:接口名称：baiDuSerach;传递token：[[129]];传递参数：python1;用例备注：测试示例断言成功
2025-03-22 17:12:32,748 - testExample.py - test_baiDuSerach_csv - 158- INFO: test001:断言响应状态码;期望结果：200;实际结果：200
2025-03-22 17:12:32,755 - testExample.py - test_baiDuSerach_csv - 163- INFO: test001:断言响应体字段值;期望结果:0;实际结果：0
2025-03-22 17:12:32,763 - testExample.py - test_baiDuSerach_csv - 168- INFO: test001:断言响应时间;期望结果:200;实际结果：119
2025-03-22 17:12:32,773 - Example.py - baiDuSerachToken - 49- INFO: 用例id：test002:接口名称：baiDuSerach;传递token：[[129]];传递参数：python2;用例备注：
2025-03-22 17:12:32,896 - testExample.py - test_baiDuSerach_csv - 158- INFO: test002:断言响应状态码;期望结果：200;实际结果：200
2025-03-22 17:12:32,903 - testExample.py - test_baiDuSerach_csv - 163- INFO: test002:断言响应体字段值;期望结果:1;实际结果：0
2025-03-22 17:12:32,911 - testExample.py - test_baiDuSerach_csv - 168- INFO: test002:断言响应时间;期望结果:200;实际结果：119
2025-03-22 17:12:32,938 - Example.py - baiDuSerachToken - 49- INFO: 用例id：test003:接口名称：baiDuSerach;传递token：[[129]];传递参数：python3;用例备注：测试示例断言失败
2025-03-22 17:12:33,055 - testExample.py - test_baiDuSerach_csv - 158- INFO: test003:断言响应状态码;期望结果：200;实际结果：200
2025-03-22 17:12:33,063 - testExample.py - test_baiDuSerach_csv - 163- INFO: test003:断言响应体字段值;期望结果:2;实际结果：0
2025-03-22 17:12:33,071 - testExample.py - test_baiDuSerach_csv - 168- INFO: test003:断言响应时间;期望结果:200;实际结果：113
2025-03-22 17:12:33,097 - Example.py - baiDuSerachToken - 49- INFO: 用例id：test004:接口名称：baiDuSerach;传递token：[[129]];传递参数：python4;用例备注：测试示例断言失败
2025-03-22 17:12:33,220 - testExample.py - test_baiDuSerach_csv - 158- INFO: test004:断言响应状态码;期望结果：200;实际结果：200
2025-03-22 17:12:33,229 - testExample.py - test_baiDuSerach_csv - 163- INFO: test004:断言响应体字段值;期望结果:3;实际结果：0
2025-03-22 17:12:33,236 - testExample.py - test_baiDuSerach_csv - 168- INFO: test004:断言响应时间;期望结果:200;实际结果：119
2025-03-22 17:12:33,263 - Example.py - baiDuSerachToken - 49- INFO: 用例id：test005:接口名称：baiDuSerach;传递token：[[129]];传递参数：python5;用例备注：测试示例断言失败
2025-03-22 17:12:33,384 - testExample.py - test_baiDuSerach_csv - 158- INFO: test005:断言响应状态码;期望结果：200;实际结果：200
2025-03-22 17:12:33,391 - testExample.py - test_baiDuSerach_csv - 163- INFO: test005:断言响应体字段值;期望结果:4;实际结果：0
2025-03-22 17:12:33,398 - testExample.py - test_baiDuSerach_csv - 168- INFO: test005:断言响应时间;期望结果:200;实际结果：117
2025-03-22 17:12:33,425 - Example.py - baiDuSerachToken - 49- INFO: 用例id：test006:接口名称：baiDuSerach;传递token：[[129]];传递参数：python6;用例备注：测试示例断言失败
2025-03-22 17:12:33,551 - testExample.py - test_baiDuSerach_csv - 158- INFO: test006:断言响应状态码;期望结果：200;实际结果：200
2025-03-22 17:12:33,559 - testExample.py - test_baiDuSerach_csv - 163- INFO: test006:断言响应体字段值;期望结果:5;实际结果：0
2025-03-22 17:12:33,566 - testExample.py - test_baiDuSerach_csv - 168- INFO: test006:断言响应时间;期望结果:200;实际结果：122
2025-03-22 17:12:33,593 - Example.py - baiDuSerachToken - 49- INFO: 用例id：test007:接口名称：baiDuSerach;传递token：[[129]];传递参数：python7;用例备注：测试示例断言失败
2025-03-22 17:12:33,718 - testExample.py - test_baiDuSerach_csv - 158- INFO: test007:断言响应状态码;期望结果：200;实际结果：200
2025-03-22 17:12:33,726 - testExample.py - test_baiDuSerach_csv - 163- INFO: test007:断言响应体字段值;期望结果:6;实际结果：0
2025-03-22 17:12:33,733 - testExample.py - test_baiDuSerach_csv - 168- INFO: test007:断言响应时间;期望结果:200;实际结果：121
2025-03-22 17:12:33,803 - Example.py - baiDuSerachToken - 49- INFO: 用例id：test008:接口名称：baiDuSerach;传递token：[[129]];传递参数：python8;用例备注：测试示例断言失败
2025-03-22 17:12:33,928 - testExample.py - test_baiDuSerach_csv - 158- INFO: test008:断言响应状态码;期望结果：200;实际结果：200
2025-03-22 17:12:33,935 - testExample.py - test_baiDuSerach_csv - 163- INFO: test008:断言响应体字段值;期望结果:7;实际结果：0
2025-03-22 17:12:33,942 - testExample.py - test_baiDuSerach_csv - 168- INFO: test008:断言响应时间;期望结果:200;实际结果：121
2025-03-22 17:12:33,970 - Example.py - baiDuSerachToken - 49- INFO: 用例id：test009:接口名称：baiDuSerach;传递token：[[129]];传递参数：python9;用例备注：测试示例断言失败
2025-03-22 17:12:34,098 - testExample.py - test_baiDuSerach_csv - 158- INFO: test009:断言响应状态码;期望结果：200;实际结果：200
2025-03-22 17:12:34,105 - testExample.py - test_baiDuSerach_csv - 163- INFO: test009:断言响应体字段值;期望结果:8;实际结果：0
2025-03-22 17:12:34,112 - testExample.py - test_baiDuSerach_csv - 168- INFO: test009:断言响应时间;期望结果:200;实际结果：124
2025-03-22 17:12:34,139 - Example.py - baiDuSerachToken - 49- INFO: 用例id：test010:接口名称：baiDuSerach;传递token：[[129]];传递参数：python10;用例备注：测试示例断言失败
2025-03-22 17:12:34,258 - testExample.py - test_baiDuSerach_csv - 158- INFO: test010:断言响应状态码;期望结果：200;实际结果：200
2025-03-22 17:12:34,266 - testExample.py - test_baiDuSerach_csv - 163- INFO: test010:断言响应体字段值;期望结果:9;实际结果：0
2025-03-22 17:12:34,274 - testExample.py - test_baiDuSerach_csv - 168- INFO: test010:断言响应时间;期望结果:200;实际结果：115
2025-03-22 17:12:34,305 - Example.py - baiDuSerachToken - 49- INFO: 用例id：test011:接口名称：baiDuSerach;传递token：[[129]];传递参数：python11;用例备注：测试示例断言失败
2025-03-22 17:12:34,428 - testExample.py - test_baiDuSerach_csv - 158- INFO: test011:断言响应状态码;期望结果：200;实际结果：200
2025-03-22 17:12:34,436 - testExample.py - test_baiDuSerach_csv - 163- INFO: test011:断言响应体字段值;期望结果:10;实际结果：0
2025-03-22 17:12:34,443 - testExample.py - test_baiDuSerach_csv - 168- INFO: test011:断言响应时间;期望结果:200;实际结果：119
2025-03-22 17:12:34,470 - Example.py - baiDuSerachToken - 49- INFO: 用例id：test012:接口名称：baiDuSerach;传递token：[[129]];传递参数：python12;用例备注：测试示例断言失败
2025-03-22 17:12:34,594 - testExample.py - test_baiDuSerach_csv - 158- INFO: test012:断言响应状态码;期望结果：200;实际结果：200
2025-03-22 17:12:34,601 - testExample.py - test_baiDuSerach_csv - 163- INFO: test012:断言响应体字段值;期望结果:11;实际结果：0
2025-03-22 17:12:34,608 - testExample.py - test_baiDuSerach_csv - 168- INFO: test012:断言响应时间;期望结果:200;实际结果：120
2025-03-22 17:12:34,636 - Example.py - baiDuSerachToken - 49- INFO: 用例id：test013:接口名称：baiDuSerach;传递token：[[129]];传递参数：python13;用例备注：测试示例断言失败
2025-03-22 17:12:34,762 - testExample.py - test_baiDuSerach_csv - 158- INFO: test013:断言响应状态码;期望结果：200;实际结果：200
2025-03-22 17:12:34,769 - testExample.py - test_baiDuSerach_csv - 163- INFO: test013:断言响应体字段值;期望结果:12;实际结果：0
2025-03-22 17:12:34,777 - testExample.py - test_baiDuSerach_csv - 168- INFO: test013:断言响应时间;期望结果:200;实际结果：123
2025-03-22 17:12:34,804 - Example.py - baiDuSerachToken - 49- INFO: 用例id：test014:接口名称：baiDuSerach;传递token：[[129]];传递参数：python14;用例备注：测试示例断言失败
2025-03-22 17:12:34,938 - testExample.py - test_baiDuSerach_csv - 158- INFO: test014:断言响应状态码;期望结果：200;实际结果：200
2025-03-22 17:12:34,945 - testExample.py - test_baiDuSerach_csv - 163- INFO: test014:断言响应体字段值;期望结果:13;实际结果：0
2025-03-22 17:12:34,952 - testExample.py - test_baiDuSerach_csv - 168- INFO: test014:断言响应时间;期望结果:200;实际结果：130
2025-03-22 17:12:34,980 - Example.py - baiDuSerachToken - 49- INFO: 用例id：test015:接口名称：baiDuSerach;传递token：[[129]];传递参数：python15;用例备注：测试示例断言失败
2025-03-22 17:12:35,110 - testExample.py - test_baiDuSerach_csv - 158- INFO: test015:断言响应状态码;期望结果：200;实际结果：200
2025-03-22 17:12:35,119 - testExample.py - test_baiDuSerach_csv - 163- INFO: test015:断言响应体字段值;期望结果:14;实际结果：0
2025-03-22 17:12:35,125 - testExample.py - test_baiDuSerach_csv - 168- INFO: test015:断言响应时间;期望结果:200;实际结果：127
2025-03-22 17:12:35,153 - Example.py - baiDuSerachToken - 49- INFO: 用例id：test016:接口名称：baiDuSerach;传递token：[[129]];传递参数：python16;用例备注：测试示例断言失败
2025-03-22 17:12:35,277 - testExample.py - test_baiDuSerach_csv - 158- INFO: test016:断言响应状态码;期望结果：200;实际结果：200
2025-03-22 17:12:35,284 - testExample.py - test_baiDuSerach_csv - 163- INFO: test016:断言响应体字段值;期望结果:15;实际结果：0
2025-03-22 17:12:35,291 - testExample.py - test_baiDuSerach_csv - 168- INFO: test016:断言响应时间;期望结果:200;实际结果：121
2025-03-22 17:12:35,319 - Example.py - baiDuSerachToken - 49- INFO: 用例id：test017:接口名称：baiDuSerach;传递token：[[129]];传递参数：python17;用例备注：测试示例断言失败
2025-03-22 17:12:35,440 - testExample.py - test_baiDuSerach_csv - 158- INFO: test017:断言响应状态码;期望结果：200;实际结果：200
2025-03-22 17:12:35,448 - testExample.py - test_baiDuSerach_csv - 163- INFO: test017:断言响应体字段值;期望结果:16;实际结果：0
2025-03-22 17:12:35,456 - testExample.py - test_baiDuSerach_csv - 168- INFO: test017:断言响应时间;期望结果:200;实际结果：118
2025-03-22 17:12:35,483 - Example.py - baiDuSerachToken - 49- INFO: 用例id：test018:接口名称：baiDuSerach;传递token：[[129]];传递参数：python18;用例备注：测试示例断言失败
2025-03-22 17:12:35,605 - testExample.py - test_baiDuSerach_csv - 158- INFO: test018:断言响应状态码;期望结果：200;实际结果：200
2025-03-22 17:12:35,613 - testExample.py - test_baiDuSerach_csv - 163- INFO: test018:断言响应体字段值;期望结果:17;实际结果：0
2025-03-22 17:12:35,620 - testExample.py - test_baiDuSerach_csv - 168- INFO: test018:断言响应时间;期望结果:200;实际结果：119
2025-03-22 17:12:35,647 - Example.py - baiDuSerachToken - 49- INFO: 用例id：test019:接口名称：baiDuSerach;传递token：[[129]];传递参数：python19;用例备注：测试示例断言失败
2025-03-22 17:12:35,766 - testExample.py - test_baiDuSerach_csv - 158- INFO: test019:断言响应状态码;期望结果：200;实际结果：200
2025-03-22 17:12:35,774 - testExample.py - test_baiDuSerach_csv - 163- INFO: test019:断言响应体字段值;期望结果:18;实际结果：0
2025-03-22 17:12:35,781 - testExample.py - test_baiDuSerach_csv - 168- INFO: test019:断言响应时间;期望结果:200;实际结果：116
2025-03-22 17:12:35,851 - Example.py - baiDuSerachToken - 49- INFO: 用例id：test020:接口名称：baiDuSerach;传递token：[[129]];传递参数：python20;用例备注：测试示例断言失败
2025-03-22 17:12:35,977 - testExample.py - test_baiDuSerach_csv - 158- INFO: test020:断言响应状态码;期望结果：200;实际结果：200
2025-03-22 17:12:35,983 - testExample.py - test_baiDuSerach_csv - 163- INFO: test020:断言响应体字段值;期望结果:19;实际结果：0
2025-03-22 17:12:35,991 - testExample.py - test_baiDuSerach_csv - 168- INFO: test020:断言响应时间;期望结果:200;实际结果：122
2025-03-22 17:12:36,018 - Example.py - baiDuSerachToken - 49- INFO: 用例id：test021:接口名称：baiDuSerach;传递token：[[129]];传递参数：python21;用例备注：测试示例断言失败
2025-03-22 17:12:36,142 - testExample.py - test_baiDuSerach_csv - 158- INFO: test021:断言响应状态码;期望结果：200;实际结果：200
2025-03-22 17:12:36,149 - testExample.py - test_baiDuSerach_csv - 163- INFO: test021:断言响应体字段值;期望结果:20;实际结果：0
2025-03-22 17:12:36,157 - testExample.py - test_baiDuSerach_csv - 168- INFO: test021:断言响应时间;期望结果:200;实际结果：120
2025-03-22 17:12:36,184 - Example.py - baiDuSerachToken - 49- INFO: 用例id：test022:接口名称：baiDuSerach;传递token：[[129]];传递参数：python22;用例备注：测试示例断言失败
2025-03-22 17:12:36,305 - testExample.py - test_baiDuSerach_csv - 158- INFO: test022:断言响应状态码;期望结果：200;实际结果：200
2025-03-22 17:12:36,313 - testExample.py - test_baiDuSerach_csv - 163- INFO: test022:断言响应体字段值;期望结果:21;实际结果：0
2025-03-22 17:12:36,320 - testExample.py - test_baiDuSerach_csv - 168- INFO: test022:断言响应时间;期望结果:200;实际结果：117
2025-03-22 17:12:36,347 - Example.py - baiDuSerachToken - 49- INFO: 用例id：test023:接口名称：baiDuSerach;传递token：[[129]];传递参数：python23;用例备注：测试示例断言失败
2025-03-22 17:12:36,469 - testExample.py - test_baiDuSerach_csv - 158- INFO: test023:断言响应状态码;期望结果：200;实际结果：200
2025-03-22 17:12:36,477 - testExample.py - test_baiDuSerach_csv - 163- INFO: test023:断言响应体字段值;期望结果:22;实际结果：0
2025-03-22 17:12:36,484 - testExample.py - test_baiDuSerach_csv - 168- INFO: test023:断言响应时间;期望结果:200;实际结果：118
2025-03-22 17:12:36,512 - Example.py - baiDuSerachToken - 49- INFO: 用例id：test024:接口名称：baiDuSerach;传递token：[[129]];传递参数：python24;用例备注：测试示例断言失败
2025-03-22 17:12:36,639 - testExample.py - test_baiDuSerach_csv - 158- INFO: test024:断言响应状态码;期望结果：200;实际结果：200
2025-03-22 17:12:36,647 - testExample.py - test_baiDuSerach_csv - 163- INFO: test024:断言响应体字段值;期望结果:23;实际结果：0
2025-03-22 17:12:36,654 - testExample.py - test_baiDuSerach_csv - 168- INFO: test024:断言响应时间;期望结果:200;实际结果：124
2025-03-22 17:12:36,682 - Example.py - baiDuSerachToken - 49- INFO: 用例id：test025:接口名称：baiDuSerach;传递token：[[129]];传递参数：python25;用例备注：测试示例断言失败
2025-03-22 17:12:36,803 - testExample.py - test_baiDuSerach_csv - 158- INFO: test025:断言响应状态码;期望结果：200;实际结果：200
2025-03-22 17:12:36,812 - testExample.py - test_baiDuSerach_csv - 163- INFO: test025:断言响应体字段值;期望结果:24;实际结果：0
2025-03-22 17:12:36,818 - testExample.py - test_baiDuSerach_csv - 168- INFO: test025:断言响应时间;期望结果:200;实际结果：117
2025-03-22 17:12:36,846 - Example.py - baiDuSerachToken - 49- INFO: 用例id：test026:接口名称：baiDuSerach;传递token：[[129]];传递参数：python26;用例备注：测试示例断言失败
2025-03-22 17:12:36,969 - testExample.py - test_baiDuSerach_csv - 158- INFO: test026:断言响应状态码;期望结果：200;实际结果：200
2025-03-22 17:12:36,976 - testExample.py - test_baiDuSerach_csv - 163- INFO: test026:断言响应体字段值;期望结果:25;实际结果：0
2025-03-22 17:12:36,983 - testExample.py - test_baiDuSerach_csv - 168- INFO: test026:断言响应时间;期望结果:200;实际结果：119
2025-03-22 17:12:37,011 - Example.py - baiDuSerachToken - 49- INFO: 用例id：test027:接口名称：baiDuSerach;传递token：[[129]];传递参数：python27;用例备注：测试示例断言失败
2025-03-22 17:12:37,131 - testExample.py - test_baiDuSerach_csv - 158- INFO: test027:断言响应状态码;期望结果：200;实际结果：200
2025-03-22 17:12:37,139 - testExample.py - test_baiDuSerach_csv - 163- INFO: test027:断言响应体字段值;期望结果:26;实际结果：0
2025-03-22 17:12:37,147 - testExample.py - test_baiDuSerach_csv - 168- INFO: test027:断言响应时间;期望结果:200;实际结果：117
2025-03-22 17:12:37,174 - Example.py - baiDuSerachToken - 49- INFO: 用例id：test028:接口名称：baiDuSerach;传递token：[[129]];传递参数：python28;用例备注：测试示例断言失败
2025-03-22 17:12:37,297 - testExample.py - test_baiDuSerach_csv - 158- INFO: test028:断言响应状态码;期望结果：200;实际结果：200
2025-03-22 17:12:37,305 - testExample.py - test_baiDuSerach_csv - 163- INFO: test028:断言响应体字段值;期望结果:27;实际结果：0
2025-03-22 17:12:37,312 - testExample.py - test_baiDuSerach_csv - 168- INFO: test028:断言响应时间;期望结果:200;实际结果：119
2025-03-22 17:12:37,341 - Example.py - baiDuSerachToken - 49- INFO: 用例id：test029:接口名称：baiDuSerach;传递token：[[129]];传递参数：python29;用例备注：测试示例断言失败
2025-03-22 17:12:37,490 - testExample.py - test_baiDuSerach_csv - 158- INFO: test029:断言响应状态码;期望结果：200;实际结果：200
2025-03-22 17:12:37,501 - testExample.py - test_baiDuSerach_csv - 163- INFO: test029:断言响应体字段值;期望结果:28;实际结果：0
2025-03-22 17:12:37,509 - testExample.py - test_baiDuSerach_csv - 168- INFO: test029:断言响应时间;期望结果:200;实际结果：145
2025-03-22 17:12:37,537 - Example.py - baiDuSerachToken - 49- INFO: 用例id：test030:接口名称：baiDuSerach;传递token：[[129]];传递参数：python30;用例备注：测试示例断言失败
2025-03-22 17:12:37,675 - testExample.py - test_baiDuSerach_csv - 158- INFO: test030:断言响应状态码;期望结果：200;实际结果：200
2025-03-22 17:12:37,687 - testExample.py - test_baiDuSerach_csv - 163- INFO: test030:断言响应体字段值;期望结果:29;实际结果：0
2025-03-22 17:12:37,695 - testExample.py - test_baiDuSerach_csv - 168- INFO: test030:断言响应时间;期望结果:200;实际结果：135
2025-03-22 17:12:37,727 - Example.py - baiDuSerachToken - 49- INFO: 用例id：test031:接口名称：baiDuSerach;传递token：[[129]];传递参数：python31;用例备注：测试示例断言失败
2025-03-22 17:12:37,851 - testExample.py - test_baiDuSerach_csv - 158- INFO: test031:断言响应状态码;期望结果：200;实际结果：200
2025-03-22 17:12:37,861 - testExample.py - test_baiDuSerach_csv - 163- INFO: test031:断言响应体字段值;期望结果:30;实际结果：0
2025-03-22 17:12:37,870 - testExample.py - test_baiDuSerach_csv - 168- INFO: test031:断言响应时间;期望结果:200;实际结果：119
2025-03-22 17:12:37,948 - Example.py - baiDuSerachToken - 49- INFO: 用例id：test032:接口名称：baiDuSerach;传递token：[[129]];传递参数：python32;用例备注：测试示例断言失败
2025-03-22 17:12:38,076 - testExample.py - test_baiDuSerach_csv - 158- INFO: test032:断言响应状态码;期望结果：200;实际结果：200
2025-03-22 17:12:38,085 - testExample.py - test_baiDuSerach_csv - 163- INFO: test032:断言响应体字段值;期望结果:31;实际结果：0
2025-03-22 17:12:38,095 - testExample.py - test_baiDuSerach_csv - 168- INFO: test032:断言响应时间;期望结果:200;实际结果：124
2025-03-22 17:12:38,126 - Example.py - baiDuSerachToken - 49- INFO: 用例id：test033:接口名称：baiDuSerach;传递token：[[129]];传递参数：python33;用例备注：测试示例断言失败
2025-03-22 17:12:38,271 - testExample.py - test_baiDuSerach_csv - 158- INFO: test033:断言响应状态码;期望结果：200;实际结果：200
2025-03-22 17:12:38,280 - testExample.py - test_baiDuSerach_csv - 163- INFO: test033:断言响应体字段值;期望结果:32;实际结果：0
2025-03-22 17:12:38,290 - testExample.py - test_baiDuSerach_csv - 168- INFO: test033:断言响应时间;期望结果:200;实际结果：141
2025-03-22 17:12:38,322 - Example.py - baiDuSerachToken - 49- INFO: 用例id：test034:接口名称：baiDuSerach;传递token：[[129]];传递参数：python34;用例备注：测试示例断言失败
2025-03-22 17:12:38,463 - testExample.py - test_baiDuSerach_csv - 158- INFO: test034:断言响应状态码;期望结果：200;实际结果：200
2025-03-22 17:12:38,471 - testExample.py - test_baiDuSerach_csv - 163- INFO: test034:断言响应体字段值;期望结果:33;实际结果：0
2025-03-22 17:12:38,482 - testExample.py - test_baiDuSerach_csv - 168- INFO: test034:断言响应时间;期望结果:200;实际结果：137
2025-03-22 17:12:38,515 - Example.py - baiDuSerachToken - 49- INFO: 用例id：test035:接口名称：baiDuSerach;传递token：[[129]];传递参数：python35;用例备注：测试示例断言失败
2025-03-22 17:12:38,678 - testExample.py - test_baiDuSerach_csv - 158- INFO: test035:断言响应状态码;期望结果：200;实际结果：200
2025-03-22 17:12:38,686 - testExample.py - test_baiDuSerach_csv - 163- INFO: test035:断言响应体字段值;期望结果:34;实际结果：0
2025-03-22 17:12:38,694 - testExample.py - test_baiDuSerach_csv - 168- INFO: test035:断言响应时间;期望结果:200;实际结果：159
2025-03-22 17:12:38,722 - Example.py - baiDuSerachToken - 49- INFO: 用例id：test036:接口名称：baiDuSerach;传递token：[[129]];传递参数：python36;用例备注：测试示例断言失败
2025-03-22 17:12:38,878 - testExample.py - test_baiDuSerach_csv - 158- INFO: test036:断言响应状态码;期望结果：200;实际结果：200
2025-03-22 17:12:38,886 - testExample.py - test_baiDuSerach_csv - 163- INFO: test036:断言响应体字段值;期望结果:35;实际结果：0
2025-03-22 17:12:38,893 - testExample.py - test_baiDuSerach_csv - 168- INFO: test036:断言响应时间;期望结果:200;实际结果：151
2025-03-22 17:12:38,920 - Example.py - baiDuSerachToken - 49- INFO: 用例id：test037:接口名称：baiDuSerach;传递token：[[129]];传递参数：python37;用例备注：测试示例断言失败
2025-03-22 17:12:39,050 - testExample.py - test_baiDuSerach_csv - 158- INFO: test037:断言响应状态码;期望结果：200;实际结果：200
2025-03-22 17:12:39,060 - testExample.py - test_baiDuSerach_csv - 163- INFO: test037:断言响应体字段值;期望结果:36;实际结果：0
2025-03-22 17:12:39,069 - testExample.py - test_baiDuSerach_csv - 168- INFO: test037:断言响应时间;期望结果:200;实际结果：127
2025-03-22 17:12:39,100 - Example.py - baiDuSerachToken - 49- INFO: 用例id：test038:接口名称：baiDuSerach;传递token：[[129]];传递参数：python38;用例备注：测试示例断言失败
2025-03-22 17:12:39,231 - testExample.py - test_baiDuSerach_csv - 158- INFO: test038:断言响应状态码;期望结果：200;实际结果：200
2025-03-22 17:12:39,239 - testExample.py - test_baiDuSerach_csv - 163- INFO: test038:断言响应体字段值;期望结果:37;实际结果：0
2025-03-22 17:12:39,248 - testExample.py - test_baiDuSerach_csv - 168- INFO: test038:断言响应时间;期望结果:200;实际结果：126
2025-03-22 17:12:39,276 - Example.py - baiDuSerachToken - 49- INFO: 用例id：test039:接口名称：baiDuSerach;传递token：[[129]];传递参数：python39;用例备注：测试示例断言失败
2025-03-22 17:12:39,408 - testExample.py - test_baiDuSerach_csv - 158- INFO: test039:断言响应状态码;期望结果：200;实际结果：200
2025-03-22 17:12:39,417 - testExample.py - test_baiDuSerach_csv - 163- INFO: test039:断言响应体字段值;期望结果:38;实际结果：0
2025-03-22 17:12:39,424 - testExample.py - test_baiDuSerach_csv - 168- INFO: test039:断言响应时间;期望结果:200;实际结果：128
2025-03-22 17:12:39,452 - Example.py - baiDuSerachToken - 49- INFO: 用例id：test040:接口名称：baiDuSerach;传递token：[[129]];传递参数：python40;用例备注：测试示例断言失败
2025-03-22 17:12:39,591 - testExample.py - test_baiDuSerach_csv - 158- INFO: test040:断言响应状态码;期望结果：200;实际结果：200
2025-03-22 17:12:39,598 - testExample.py - test_baiDuSerach_csv - 163- INFO: test040:断言响应体字段值;期望结果:39;实际结果：0
2025-03-22 17:12:39,605 - testExample.py - test_baiDuSerach_csv - 168- INFO: test040:断言响应时间;期望结果:200;实际结果：135
2025-03-22 17:12:39,632 - Example.py - baiDuSerachToken - 49- INFO: 用例id：test041:接口名称：baiDuSerach;传递token：[[129]];传递参数：python41;用例备注：测试示例断言失败
2025-03-22 17:12:39,758 - testExample.py - test_baiDuSerach_csv - 158- INFO: test041:断言响应状态码;期望结果：200;实际结果：200
2025-03-22 17:12:39,766 - testExample.py - test_baiDuSerach_csv - 163- INFO: test041:断言响应体字段值;期望结果:40;实际结果：0
2025-03-22 17:12:39,774 - testExample.py - test_baiDuSerach_csv - 168- INFO: test041:断言响应时间;期望结果:200;实际结果：122
2025-03-22 17:12:39,800 - Example.py - baiDuSerachToken - 49- INFO: 用例id：test042:接口名称：baiDuSerach;传递token：[[129]];传递参数：python42;用例备注：测试示例断言失败
2025-03-22 17:12:39,927 - testExample.py - test_baiDuSerach_csv - 158- INFO: test042:断言响应状态码;期望结果：200;实际结果：200
2025-03-22 17:12:39,935 - testExample.py - test_baiDuSerach_csv - 163- INFO: test042:断言响应体字段值;期望结果:41;实际结果：0
2025-03-22 17:12:39,943 - testExample.py - test_baiDuSerach_csv - 168- INFO: test042:断言响应时间;期望结果:200;实际结果：123
2025-03-22 17:12:39,970 - Example.py - baiDuSerachToken - 49- INFO: 用例id：test043:接口名称：baiDuSerach;传递token：[[129]];传递参数：python43;用例备注：测试示例断言失败
2025-03-22 17:12:40,095 - testExample.py - test_baiDuSerach_csv - 158- INFO: test043:断言响应状态码;期望结果：200;实际结果：200
2025-03-22 17:12:40,102 - testExample.py - test_baiDuSerach_csv - 163- INFO: test043:断言响应体字段值;期望结果:42;实际结果：0
2025-03-22 17:12:40,109 - testExample.py - test_baiDuSerach_csv - 168- INFO: test043:断言响应时间;期望结果:200;实际结果：121
2025-03-22 17:12:40,184 - Example.py - baiDuSerachToken - 49- INFO: 用例id：test044:接口名称：baiDuSerach;传递token：[[129]];传递参数：python44;用例备注：测试示例断言失败
2025-03-22 17:12:40,304 - testExample.py - test_baiDuSerach_csv - 158- INFO: test044:断言响应状态码;期望结果：200;实际结果：200
2025-03-22 17:12:40,312 - testExample.py - test_baiDuSerach_csv - 163- INFO: test044:断言响应体字段值;期望结果:43;实际结果：0
2025-03-22 17:12:40,320 - testExample.py - test_baiDuSerach_csv - 168- INFO: test044:断言响应时间;期望结果:200;实际结果：116
2025-03-22 17:12:40,347 - Example.py - baiDuSerachToken - 49- INFO: 用例id：test045:接口名称：baiDuSerach;传递token：[[129]];传递参数：python45;用例备注：测试示例断言失败
2025-03-22 17:12:41,473 - testExample.py - test_baiDuSerach_csv - 158- INFO: test045:断言响应状态码;期望结果：200;实际结果：200
2025-03-22 17:12:41,480 - testExample.py - test_baiDuSerach_csv - 163- INFO: test045:断言响应体字段值;期望结果:44;实际结果：0
2025-03-22 17:12:41,489 - testExample.py - test_baiDuSerach_csv - 168- INFO: test045:断言响应时间;期望结果:200;实际结果：121
2025-03-22 17:12:41,520 - Example.py - baiDuSerachToken - 49- INFO: 用例id：test046:接口名称：baiDuSerach;传递token：[[129]];传递参数：python46;用例备注：测试示例断言失败
2025-03-22 17:12:41,642 - testExample.py - test_baiDuSerach_csv - 158- INFO: test046:断言响应状态码;期望结果：200;实际结果：200
2025-03-22 17:12:41,651 - testExample.py - test_baiDuSerach_csv - 163- INFO: test046:断言响应体字段值;期望结果:45;实际结果：0
2025-03-22 17:12:41,661 - testExample.py - test_baiDuSerach_csv - 168- INFO: test046:断言响应时间;期望结果:200;实际结果：118
2025-03-22 17:12:41,689 - Example.py - baiDuSerachToken - 49- INFO: 用例id：test047:接口名称：baiDuSerach;传递token：[[129]];传递参数：python47;用例备注：测试示例断言失败
2025-03-22 17:12:41,814 - testExample.py - test_baiDuSerach_csv - 158- INFO: test047:断言响应状态码;期望结果：200;实际结果：200
2025-03-22 17:12:41,823 - testExample.py - test_baiDuSerach_csv - 163- INFO: test047:断言响应体字段值;期望结果:46;实际结果：0
2025-03-22 17:12:41,831 - testExample.py - test_baiDuSerach_csv - 168- INFO: test047:断言响应时间;期望结果:200;实际结果：122
2025-03-22 17:12:41,862 - Example.py - baiDuSerachToken - 49- INFO: 用例id：test048:接口名称：baiDuSerach;传递token：[[129]];传递参数：python48;用例备注：测试示例断言失败
2025-03-22 17:12:41,987 - testExample.py - test_baiDuSerach_csv - 158- INFO: test048:断言响应状态码;期望结果：200;实际结果：200
2025-03-22 17:12:41,995 - testExample.py - test_baiDuSerach_csv - 163- INFO: test048:断言响应体字段值;期望结果:47;实际结果：0
2025-03-22 17:12:42,001 - testExample.py - test_baiDuSerach_csv - 168- INFO: test048:断言响应时间;期望结果:200;实际结果：121
2025-03-22 17:12:42,029 - Example.py - baiDuSerachToken - 49- INFO: 用例id：test049:接口名称：baiDuSerach;传递token：[[129]];传递参数：python49;用例备注：测试示例断言失败
2025-03-22 17:12:42,155 - testExample.py - test_baiDuSerach_csv - 158- INFO: test049:断言响应状态码;期望结果：200;实际结果：200
2025-03-22 17:12:42,163 - testExample.py - test_baiDuSerach_csv - 163- INFO: test049:断言响应体字段值;期望结果:48;实际结果：0
2025-03-22 17:12:42,170 - testExample.py - test_baiDuSerach_csv - 168- INFO: test049:断言响应时间;期望结果:200;实际结果：123
2025-03-22 17:12:42,197 - Example.py - baiDuSerachToken - 49- INFO: 用例id：test050:接口名称：baiDuSerach;传递token：[[129]];传递参数：python50;用例备注：测试示例断言失败
2025-03-22 17:12:42,328 - testExample.py - test_baiDuSerach_csv - 158- INFO: test050:断言响应状态码;期望结果：200;实际结果：200
2025-03-22 17:12:42,335 - testExample.py - test_baiDuSerach_csv - 163- INFO: test050:断言响应体字段值;期望结果:49;实际结果：0
2025-03-22 17:12:42,343 - testExample.py - test_baiDuSerach_csv - 168- INFO: test050:断言响应时间;期望结果:200;实际结果：126
2025-03-22 17:12:42,370 - Example.py - baiDuSerachToken - 49- INFO: 用例id：test051:接口名称：baiDuSerach;传递token：[[129]];传递参数：python51;用例备注：测试示例断言失败
2025-03-22 17:12:42,488 - testExample.py - test_baiDuSerach_csv - 158- INFO: test051:断言响应状态码;期望结果：200;实际结果：200
2025-03-22 17:12:42,496 - testExample.py - test_baiDuSerach_csv - 163- INFO: test051:断言响应体字段值;期望结果:50;实际结果：0
2025-03-22 17:12:42,503 - testExample.py - test_baiDuSerach_csv - 168- INFO: test051:断言响应时间;期望结果:200;实际结果：115
2025-03-22 17:12:42,530 - Example.py - baiDuSerachToken - 49- INFO: 用例id：test052:接口名称：baiDuSerach;传递token：[[129]];传递参数：python52;用例备注：测试示例断言失败
2025-03-22 17:12:42,650 - testExample.py - test_baiDuSerach_csv - 158- INFO: test052:断言响应状态码;期望结果：200;实际结果：200
2025-03-22 17:12:42,657 - testExample.py - test_baiDuSerach_csv - 163- INFO: test052:断言响应体字段值;期望结果:51;实际结果：0
2025-03-22 17:12:42,664 - testExample.py - test_baiDuSerach_csv - 168- INFO: test052:断言响应时间;期望结果:200;实际结果：116
2025-03-22 17:12:42,696 - Example.py - baiDuSerachToken - 49- INFO: 用例id：test053:接口名称：baiDuSerach;传递token：[[129]];传递参数：python53;用例备注：测试示例断言失败
2025-03-22 17:12:42,819 - testExample.py - test_baiDuSerach_csv - 158- INFO: test053:断言响应状态码;期望结果：200;实际结果：200
2025-03-22 17:12:42,828 - testExample.py - test_baiDuSerach_csv - 163- INFO: test053:断言响应体字段值;期望结果:52;实际结果：0
2025-03-22 17:12:42,837 - testExample.py - test_baiDuSerach_csv - 168- INFO: test053:断言响应时间;期望结果:200;实际结果：119
2025-03-22 17:12:42,864 - Example.py - baiDuSerachToken - 49- INFO: 用例id：test054:接口名称：baiDuSerach;传递token：[[129]];传递参数：python54;用例备注：测试示例断言失败
2025-03-22 17:12:42,986 - testExample.py - test_baiDuSerach_csv - 158- INFO: test054:断言响应状态码;期望结果：200;实际结果：200
2025-03-22 17:12:42,994 - testExample.py - test_baiDuSerach_csv - 163- INFO: test054:断言响应体字段值;期望结果:53;实际结果：0
2025-03-22 17:12:43,002 - testExample.py - test_baiDuSerach_csv - 168- INFO: test054:断言响应时间;期望结果:200;实际结果：118
2025-03-22 17:12:43,028 - Example.py - baiDuSerachToken - 49- INFO: 用例id：test055:接口名称：baiDuSerach;传递token：[[129]];传递参数：python55;用例备注：测试示例断言失败
2025-03-22 17:12:43,149 - testExample.py - test_baiDuSerach_csv - 158- INFO: test055:断言响应状态码;期望结果：200;实际结果：200
2025-03-22 17:12:43,156 - testExample.py - test_baiDuSerach_csv - 163- INFO: test055:断言响应体字段值;期望结果:54;实际结果：0
2025-03-22 17:12:43,165 - testExample.py - test_baiDuSerach_csv - 168- INFO: test055:断言响应时间;期望结果:200;实际结果：117
2025-03-22 17:12:43,244 - Example.py - baiDuSerachToken - 49- INFO: 用例id：test056:接口名称：baiDuSerach;传递token：[[129]];传递参数：python56;用例备注：测试示例断言失败
2025-03-22 17:12:43,370 - testExample.py - test_baiDuSerach_csv - 158- INFO: test056:断言响应状态码;期望结果：200;实际结果：200
2025-03-22 17:12:43,377 - testExample.py - test_baiDuSerach_csv - 163- INFO: test056:断言响应体字段值;期望结果:55;实际结果：0
2025-03-22 17:12:43,385 - testExample.py - test_baiDuSerach_csv - 168- INFO: test056:断言响应时间;期望结果:200;实际结果：122
2025-03-22 17:12:43,414 - Example.py - baiDuSerachToken - 49- INFO: 用例id：test057:接口名称：baiDuSerach;传递token：[[129]];传递参数：python57;用例备注：测试示例断言失败
2025-03-22 17:12:43,532 - testExample.py - test_baiDuSerach_csv - 158- INFO: test057:断言响应状态码;期望结果：200;实际结果：200
2025-03-22 17:12:43,540 - testExample.py - test_baiDuSerach_csv - 163- INFO: test057:断言响应体字段值;期望结果:56;实际结果：0
2025-03-22 17:12:43,548 - testExample.py - test_baiDuSerach_csv - 168- INFO: test057:断言响应时间;期望结果:200;实际结果：115
2025-03-22 17:12:43,576 - Example.py - baiDuSerachToken - 49- INFO: 用例id：test058:接口名称：baiDuSerach;传递token：[[129]];传递参数：python58;用例备注：测试示例断言失败
2025-03-22 17:12:43,693 - testExample.py - test_baiDuSerach_csv - 158- INFO: test058:断言响应状态码;期望结果：200;实际结果：200
2025-03-22 17:12:43,700 - testExample.py - test_baiDuSerach_csv - 163- INFO: test058:断言响应体字段值;期望结果:57;实际结果：0
2025-03-22 17:12:43,709 - testExample.py - test_baiDuSerach_csv - 168- INFO: test058:断言响应时间;期望结果:200;实际结果：114
2025-03-22 17:12:43,736 - Example.py - baiDuSerachToken - 49- INFO: 用例id：test059:接口名称：baiDuSerach;传递token：[[129]];传递参数：python59;用例备注：测试示例断言失败
2025-03-22 17:12:43,876 - testExample.py - test_baiDuSerach_csv - 158- INFO: test059:断言响应状态码;期望结果：200;实际结果：200
2025-03-22 17:12:43,883 - testExample.py - test_baiDuSerach_csv - 163- INFO: test059:断言响应体字段值;期望结果:58;实际结果：0
2025-03-22 17:12:43,891 - testExample.py - test_baiDuSerach_csv - 168- INFO: test059:断言响应时间;期望结果:200;实际结果：135
2025-03-22 17:12:43,918 - Example.py - baiDuSerachToken - 49- INFO: 用例id：test060:接口名称：baiDuSerach;传递token：[[129]];传递参数：python60;用例备注：测试示例断言失败
2025-03-22 17:12:44,040 - testExample.py - test_baiDuSerach_csv - 158- INFO: test060:断言响应状态码;期望结果：200;实际结果：200
2025-03-22 17:12:44,049 - testExample.py - test_baiDuSerach_csv - 163- INFO: test060:断言响应体字段值;期望结果:59;实际结果：0
2025-03-22 17:12:44,058 - testExample.py - test_baiDuSerach_csv - 168- INFO: test060:断言响应时间;期望结果:200;实际结果：119
2025-03-22 17:12:44,087 - Example.py - baiDuSerachToken - 49- INFO: 用例id：test061:接口名称：baiDuSerach;传递token：[[129]];传递参数：python61;用例备注：测试示例断言失败
2025-03-22 17:12:44,210 - testExample.py - test_baiDuSerach_csv - 158- INFO: test061:断言响应状态码;期望结果：200;实际结果：200
2025-03-22 17:12:44,218 - testExample.py - test_baiDuSerach_csv - 163- INFO: test061:断言响应体字段值;期望结果:60;实际结果：0
2025-03-22 17:12:44,226 - testExample.py - test_baiDuSerach_csv - 168- INFO: test061:断言响应时间;期望结果:200;实际结果：119
2025-03-22 17:12:44,253 - Example.py - baiDuSerachToken - 49- INFO: 用例id：test062:接口名称：baiDuSerach;传递token：[[129]];传递参数：python62;用例备注：测试示例断言失败
2025-03-22 17:12:44,370 - testExample.py - test_baiDuSerach_csv - 158- INFO: test062:断言响应状态码;期望结果：200;实际结果：200
2025-03-22 17:12:44,378 - testExample.py - test_baiDuSerach_csv - 163- INFO: test062:断言响应体字段值;期望结果:61;实际结果：0
2025-03-22 17:12:44,386 - testExample.py - test_baiDuSerach_csv - 168- INFO: test062:断言响应时间;期望结果:200;实际结果：113
2025-03-22 17:12:44,413 - Example.py - baiDuSerachToken - 49- INFO: 用例id：test063:接口名称：baiDuSerach;传递token：[[129]];传递参数：python63;用例备注：测试示例断言失败
2025-03-22 17:12:44,537 - testExample.py - test_baiDuSerach_csv - 158- INFO: test063:断言响应状态码;期望结果：200;实际结果：200
2025-03-22 17:12:44,546 - testExample.py - test_baiDuSerach_csv - 163- INFO: test063:断言响应体字段值;期望结果:62;实际结果：0
2025-03-22 17:12:44,555 - testExample.py - test_baiDuSerach_csv - 168- INFO: test063:断言响应时间;期望结果:200;实际结果：121
2025-03-22 17:12:44,584 - Example.py - baiDuSerachToken - 49- INFO: 用例id：test064:接口名称：baiDuSerach;传递token：[[129]];传递参数：python64;用例备注：测试示例断言失败
2025-03-22 17:12:44,713 - testExample.py - test_baiDuSerach_csv - 158- INFO: test064:断言响应状态码;期望结果：200;实际结果：200
2025-03-22 17:12:44,721 - testExample.py - test_baiDuSerach_csv - 163- INFO: test064:断言响应体字段值;期望结果:63;实际结果：0
2025-03-22 17:12:44,728 - testExample.py - test_baiDuSerach_csv - 168- INFO: test064:断言响应时间;期望结果:200;实际结果：125
2025-03-22 17:12:44,756 - Example.py - baiDuSerachToken - 49- INFO: 用例id：test065:接口名称：baiDuSerach;传递token：[[129]];传递参数：python65;用例备注：测试示例断言失败
2025-03-22 17:12:44,877 - testExample.py - test_baiDuSerach_csv - 158- INFO: test065:断言响应状态码;期望结果：200;实际结果：200
2025-03-22 17:12:44,885 - testExample.py - test_baiDuSerach_csv - 163- INFO: test065:断言响应体字段值;期望结果:64;实际结果：0
2025-03-22 17:12:44,893 - testExample.py - test_baiDuSerach_csv - 168- INFO: test065:断言响应时间;期望结果:200;实际结果：118
2025-03-22 17:12:44,919 - Example.py - baiDuSerachToken - 49- INFO: 用例id：test066:接口名称：baiDuSerach;传递token：[[129]];传递参数：python66;用例备注：测试示例断言失败
2025-03-22 17:12:45,038 - testExample.py - test_baiDuSerach_csv - 158- INFO: test066:断言响应状态码;期望结果：200;实际结果：200
2025-03-22 17:12:45,046 - testExample.py - test_baiDuSerach_csv - 163- INFO: test066:断言响应体字段值;期望结果:65;实际结果：0
2025-03-22 17:12:45,054 - testExample.py - test_baiDuSerach_csv - 168- INFO: test066:断言响应时间;期望结果:200;实际结果：115
2025-03-22 17:12:45,080 - Example.py - baiDuSerachToken - 49- INFO: 用例id：test067:接口名称：baiDuSerach;传递token：[[129]];传递参数：python67;用例备注：测试示例断言失败
2025-03-22 17:12:45,218 - testExample.py - test_baiDuSerach_csv - 158- INFO: test067:断言响应状态码;期望结果：200;实际结果：200
2025-03-22 17:12:45,227 - testExample.py - test_baiDuSerach_csv - 163- INFO: test067:断言响应体字段值;期望结果:66;实际结果：0
2025-03-22 17:12:45,234 - testExample.py - test_baiDuSerach_csv - 168- INFO: test067:断言响应时间;期望结果:200;实际结果：135
2025-03-22 17:12:45,306 - Example.py - baiDuSerachToken - 49- INFO: 用例id：test068:接口名称：baiDuSerach;传递token：[[129]];传递参数：python68;用例备注：测试示例断言失败
2025-03-22 17:12:45,431 - testExample.py - test_baiDuSerach_csv - 158- INFO: test068:断言响应状态码;期望结果：200;实际结果：200
2025-03-22 17:12:45,438 - testExample.py - test_baiDuSerach_csv - 163- INFO: test068:断言响应体字段值;期望结果:67;实际结果：0
2025-03-22 17:12:45,446 - testExample.py - test_baiDuSerach_csv - 168- INFO: test068:断言响应时间;期望结果:200;实际结果：121
2025-03-22 17:12:45,472 - Example.py - baiDuSerachToken - 49- INFO: 用例id：test069:接口名称：baiDuSerach;传递token：[[129]];传递参数：python69;用例备注：测试示例断言失败
2025-03-22 17:12:45,594 - testExample.py - test_baiDuSerach_csv - 158- INFO: test069:断言响应状态码;期望结果：200;实际结果：200
2025-03-22 17:12:45,603 - testExample.py - test_baiDuSerach_csv - 163- INFO: test069:断言响应体字段值;期望结果:68;实际结果：0
2025-03-22 17:12:45,611 - testExample.py - test_baiDuSerach_csv - 168- INFO: test069:断言响应时间;期望结果:200;实际结果：118
2025-03-22 17:12:45,637 - Example.py - baiDuSerachToken - 49- INFO: 用例id：test070:接口名称：baiDuSerach;传递token：[[129]];传递参数：python70;用例备注：测试示例断言失败
2025-03-22 17:12:45,760 - testExample.py - test_baiDuSerach_csv - 158- INFO: test070:断言响应状态码;期望结果：200;实际结果：200
2025-03-22 17:12:45,767 - testExample.py - test_baiDuSerach_csv - 163- INFO: test070:断言响应体字段值;期望结果:69;实际结果：0
2025-03-22 17:12:45,775 - testExample.py - test_baiDuSerach_csv - 168- INFO: test070:断言响应时间;期望结果:200;实际结果：118
