2025-03-21 15:53:05,244 - Example.py - baiDuSerach - 67- INFO: 用例id：test001:接口名称：baiDuSerach;传递token：None;传递参数：python1;用例备注：测试示例断言成功
2025-03-21 15:53:05,376 - testExample.py - test_baiDuSerach_sheetOne - 47- INFO: test001:断言响应状态码;期望结果：200;实际结果：200
2025-03-21 15:53:05,477 - testExample.py - test_baiDuSerach_sheetOne - 52- INFO: test001:断言响应体字段值;期望结果:0;实际结果：0
2025-03-21 15:53:05,485 - testExample.py - test_baiDuSerach_sheetOne - 57- INFO: test001:断言响应时间;期望结果:200;实际结果：126
2025-03-21 15:53:05,496 - Example.py - baiDuSerach - 67- INFO: 用例id：test002:接口名称：baiDuSerach;传递token：None;传递参数：python2;用例备注：
2025-03-21 15:53:05,920 - testExample.py - test_baiDuSerach_sheetOne - 47- INFO: test002:断言响应状态码;期望结果：200;实际结果：200
2025-03-21 15:53:05,928 - testExample.py - test_baiDuSerach_sheetOne - 52- INFO: test002:断言响应体字段值;期望结果:1;实际结果：0
2025-03-21 15:53:05,935 - testExample.py - test_baiDuSerach_sheetOne - 57- INFO: test002:断言响应时间;期望结果:200;实际结果：419
2025-03-21 15:53:05,966 - Example.py - baiDuSerach - 67- INFO: 用例id：test003:接口名称：baiDuSerach;传递token：None;传递参数：python3;用例备注：测试示例断言失败
2025-03-21 15:53:06,090 - testExample.py - test_baiDuSerach_sheetOne - 47- INFO: test003:断言响应状态码;期望结果：200;实际结果：200
2025-03-21 15:53:06,098 - testExample.py - test_baiDuSerach_sheetOne - 52- INFO: test003:断言响应体字段值;期望结果:2;实际结果：0
2025-03-21 15:53:06,106 - testExample.py - test_baiDuSerach_sheetOne - 57- INFO: test003:断言响应时间;期望结果:200;实际结果：120
2025-03-21 15:53:06,136 - Example.py - baiDuSerach - 67- INFO: 用例id：test004:接口名称：baiDuSerach;传递token：None;传递参数：python4;用例备注：测试示例断言失败
2025-03-21 15:53:06,274 - testExample.py - test_baiDuSerach_sheetOne - 47- INFO: test004:断言响应状态码;期望结果：200;实际结果：200
2025-03-21 15:53:06,281 - testExample.py - test_baiDuSerach_sheetOne - 52- INFO: test004:断言响应体字段值;期望结果:3;实际结果：0
2025-03-21 15:53:06,289 - testExample.py - test_baiDuSerach_sheetOne - 57- INFO: test004:断言响应时间;期望结果:200;实际结果：134
2025-03-21 15:53:06,319 - Example.py - baiDuSerach - 67- INFO: 用例id：test005:接口名称：baiDuSerach;传递token：None;传递参数：python5;用例备注：测试示例断言失败
2025-03-21 15:53:06,444 - testExample.py - test_baiDuSerach_sheetOne - 47- INFO: test005:断言响应状态码;期望结果：200;实际结果：200
2025-03-21 15:53:06,452 - testExample.py - test_baiDuSerach_sheetOne - 52- INFO: test005:断言响应体字段值;期望结果:4;实际结果：0
2025-03-21 15:53:06,461 - testExample.py - test_baiDuSerach_sheetOne - 57- INFO: test005:断言响应时间;期望结果:200;实际结果：122
2025-03-21 15:53:06,488 - Example.py - baiDuSerach - 67- INFO: 用例id：test006:接口名称：baiDuSerach;传递token：None;传递参数：python6;用例备注：测试示例断言失败
2025-03-21 15:53:06,628 - testExample.py - test_baiDuSerach_sheetOne - 47- INFO: test006:断言响应状态码;期望结果：200;实际结果：200
2025-03-21 15:53:06,635 - testExample.py - test_baiDuSerach_sheetOne - 52- INFO: test006:断言响应体字段值;期望结果:5;实际结果：0
2025-03-21 15:53:06,643 - testExample.py - test_baiDuSerach_sheetOne - 57- INFO: test006:断言响应时间;期望结果:200;实际结果：136
2025-03-21 15:53:06,669 - Example.py - baiDuSerach - 67- INFO: 用例id：test007:接口名称：baiDuSerach;传递token：None;传递参数：python7;用例备注：测试示例断言失败
2025-03-21 15:53:06,794 - testExample.py - test_baiDuSerach_sheetOne - 47- INFO: test007:断言响应状态码;期望结果：200;实际结果：200
2025-03-21 15:53:06,802 - testExample.py - test_baiDuSerach_sheetOne - 52- INFO: test007:断言响应体字段值;期望结果:6;实际结果：0
2025-03-21 15:53:06,810 - testExample.py - test_baiDuSerach_sheetOne - 57- INFO: test007:断言响应时间;期望结果:200;实际结果：120
2025-03-21 15:53:06,839 - Example.py - baiDuSerach - 67- INFO: 用例id：test008:接口名称：baiDuSerach;传递token：None;传递参数：python8;用例备注：测试示例断言失败
2025-03-21 15:53:06,965 - testExample.py - test_baiDuSerach_sheetOne - 47- INFO: test008:断言响应状态码;期望结果：200;实际结果：200
2025-03-21 15:53:06,972 - testExample.py - test_baiDuSerach_sheetOne - 52- INFO: test008:断言响应体字段值;期望结果:7;实际结果：0
2025-03-21 15:53:06,980 - testExample.py - test_baiDuSerach_sheetOne - 57- INFO: test008:断言响应时间;期望结果:200;实际结果：121
2025-03-21 15:53:07,007 - Example.py - baiDuSerach - 67- INFO: 用例id：test009:接口名称：baiDuSerach;传递token：None;传递参数：python9;用例备注：测试示例断言失败
2025-03-21 15:53:07,131 - testExample.py - test_baiDuSerach_sheetOne - 47- INFO: test009:断言响应状态码;期望结果：200;实际结果：200
2025-03-21 15:53:07,140 - testExample.py - test_baiDuSerach_sheetOne - 52- INFO: test009:断言响应体字段值;期望结果:8;实际结果：0
2025-03-21 15:53:07,147 - testExample.py - test_baiDuSerach_sheetOne - 57- INFO: test009:断言响应时间;期望结果:200;实际结果：120
2025-03-21 15:53:07,218 - Example.py - baiDuSerach - 67- INFO: 用例id：test010:接口名称：baiDuSerach;传递token：None;传递参数：python10;用例备注：测试示例断言失败
2025-03-21 15:53:07,337 - testExample.py - test_baiDuSerach_sheetOne - 47- INFO: test010:断言响应状态码;期望结果：200;实际结果：200
2025-03-21 15:53:07,345 - testExample.py - test_baiDuSerach_sheetOne - 52- INFO: test010:断言响应体字段值;期望结果:9;实际结果：0
2025-03-21 15:53:07,352 - testExample.py - test_baiDuSerach_sheetOne - 57- INFO: test010:断言响应时间;期望结果:200;实际结果：115
2025-03-21 15:53:07,382 - Example.py - baiDuSerach - 67- INFO: 用例id：test011:接口名称：baiDuSerach;传递token：None;传递参数：python11;用例备注：测试示例断言失败
2025-03-21 15:53:07,499 - testExample.py - test_baiDuSerach_sheetOne - 47- INFO: test011:断言响应状态码;期望结果：200;实际结果：200
2025-03-21 15:53:07,507 - testExample.py - test_baiDuSerach_sheetOne - 52- INFO: test011:断言响应体字段值;期望结果:10;实际结果：0
2025-03-21 15:53:07,515 - testExample.py - test_baiDuSerach_sheetOne - 57- INFO: test011:断言响应时间;期望结果:200;实际结果：114
2025-03-21 15:53:07,543 - Example.py - baiDuSerach - 67- INFO: 用例id：test012:接口名称：baiDuSerach;传递token：None;传递参数：python12;用例备注：测试示例断言失败
2025-03-21 15:53:07,663 - testExample.py - test_baiDuSerach_sheetOne - 47- INFO: test012:断言响应状态码;期望结果：200;实际结果：200
2025-03-21 15:53:07,671 - testExample.py - test_baiDuSerach_sheetOne - 52- INFO: test012:断言响应体字段值;期望结果:11;实际结果：0
2025-03-21 15:53:07,679 - testExample.py - test_baiDuSerach_sheetOne - 57- INFO: test012:断言响应时间;期望结果:200;实际结果：116
2025-03-21 15:53:07,706 - Example.py - baiDuSerach - 67- INFO: 用例id：test013:接口名称：baiDuSerach;传递token：None;传递参数：python13;用例备注：测试示例断言失败
2025-03-21 15:53:07,829 - testExample.py - test_baiDuSerach_sheetOne - 47- INFO: test013:断言响应状态码;期望结果：200;实际结果：200
2025-03-21 15:53:07,837 - testExample.py - test_baiDuSerach_sheetOne - 52- INFO: test013:断言响应体字段值;期望结果:12;实际结果：0
2025-03-21 15:53:07,844 - testExample.py - test_baiDuSerach_sheetOne - 57- INFO: test013:断言响应时间;期望结果:200;实际结果：120
2025-03-21 15:53:07,871 - Example.py - baiDuSerach - 67- INFO: 用例id：test014:接口名称：baiDuSerach;传递token：None;传递参数：python14;用例备注：测试示例断言失败
2025-03-21 15:53:07,996 - testExample.py - test_baiDuSerach_sheetOne - 47- INFO: test014:断言响应状态码;期望结果：200;实际结果：200
2025-03-21 15:53:08,004 - testExample.py - test_baiDuSerach_sheetOne - 52- INFO: test014:断言响应体字段值;期望结果:13;实际结果：0
2025-03-21 15:53:08,012 - testExample.py - test_baiDuSerach_sheetOne - 57- INFO: test014:断言响应时间;期望结果:200;实际结果：121
2025-03-21 15:53:08,040 - Example.py - baiDuSerach - 67- INFO: 用例id：test015:接口名称：baiDuSerach;传递token：None;传递参数：python15;用例备注：测试示例断言失败
2025-03-21 15:53:08,161 - testExample.py - test_baiDuSerach_sheetOne - 47- INFO: test015:断言响应状态码;期望结果：200;实际结果：200
2025-03-21 15:53:08,168 - testExample.py - test_baiDuSerach_sheetOne - 52- INFO: test015:断言响应体字段值;期望结果:14;实际结果：0
2025-03-21 15:53:08,176 - testExample.py - test_baiDuSerach_sheetOne - 57- INFO: test015:断言响应时间;期望结果:200;实际结果：118
2025-03-21 15:53:08,204 - Example.py - baiDuSerach - 67- INFO: 用例id：test016:接口名称：baiDuSerach;传递token：None;传递参数：python16;用例备注：测试示例断言失败
2025-03-21 15:53:08,326 - testExample.py - test_baiDuSerach_sheetOne - 47- INFO: test016:断言响应状态码;期望结果：200;实际结果：200
2025-03-21 15:53:08,334 - testExample.py - test_baiDuSerach_sheetOne - 52- INFO: test016:断言响应体字段值;期望结果:15;实际结果：0
2025-03-21 15:53:08,341 - testExample.py - test_baiDuSerach_sheetOne - 57- INFO: test016:断言响应时间;期望结果:200;实际结果：118
2025-03-21 15:53:08,368 - Example.py - baiDuSerach - 67- INFO: 用例id：test017:接口名称：baiDuSerach;传递token：None;传递参数：python17;用例备注：测试示例断言失败
2025-03-21 15:53:08,488 - testExample.py - test_baiDuSerach_sheetOne - 47- INFO: test017:断言响应状态码;期望结果：200;实际结果：200
2025-03-21 15:53:08,495 - testExample.py - test_baiDuSerach_sheetOne - 52- INFO: test017:断言响应体字段值;期望结果:16;实际结果：0
2025-03-21 15:53:08,504 - testExample.py - test_baiDuSerach_sheetOne - 57- INFO: test017:断言响应时间;期望结果:200;实际结果：115
2025-03-21 15:53:08,533 - Example.py - baiDuSerach - 67- INFO: 用例id：test018:接口名称：baiDuSerach;传递token：None;传递参数：python18;用例备注：测试示例断言失败
2025-03-21 15:53:08,656 - testExample.py - test_baiDuSerach_sheetOne - 47- INFO: test018:断言响应状态码;期望结果：200;实际结果：200
2025-03-21 15:53:08,664 - testExample.py - test_baiDuSerach_sheetOne - 52- INFO: test018:断言响应体字段值;期望结果:17;实际结果：0
2025-03-21 15:53:08,672 - testExample.py - test_baiDuSerach_sheetOne - 57- INFO: test018:断言响应时间;期望结果:200;实际结果：120
2025-03-21 15:53:08,698 - Example.py - baiDuSerach - 67- INFO: 用例id：test019:接口名称：baiDuSerach;传递token：None;传递参数：python19;用例备注：测试示例断言失败
2025-03-21 15:53:08,822 - testExample.py - test_baiDuSerach_sheetOne - 47- INFO: test019:断言响应状态码;期望结果：200;实际结果：200
2025-03-21 15:53:08,830 - testExample.py - test_baiDuSerach_sheetOne - 52- INFO: test019:断言响应体字段值;期望结果:18;实际结果：0
2025-03-21 15:53:08,839 - testExample.py - test_baiDuSerach_sheetOne - 57- INFO: test019:断言响应时间;期望结果:200;实际结果：120
2025-03-21 15:53:08,866 - Example.py - baiDuSerach - 67- INFO: 用例id：test020:接口名称：baiDuSerach;传递token：None;传递参数：python20;用例备注：测试示例断言失败
2025-03-21 15:53:08,992 - testExample.py - test_baiDuSerach_sheetOne - 47- INFO: test020:断言响应状态码;期望结果：200;实际结果：200
2025-03-21 15:53:09,000 - testExample.py - test_baiDuSerach_sheetOne - 52- INFO: test020:断言响应体字段值;期望结果:19;实际结果：0
2025-03-21 15:53:09,008 - testExample.py - test_baiDuSerach_sheetOne - 57- INFO: test020:断言响应时间;期望结果:200;实际结果：123
2025-03-21 15:53:09,035 - Example.py - baiDuSerach - 67- INFO: 用例id：test021:接口名称：baiDuSerach;传递token：None;传递参数：python21;用例备注：测试示例断言失败
2025-03-21 15:53:09,162 - testExample.py - test_baiDuSerach_sheetOne - 47- INFO: test021:断言响应状态码;期望结果：200;实际结果：200
2025-03-21 15:53:09,171 - testExample.py - test_baiDuSerach_sheetOne - 52- INFO: test021:断言响应体字段值;期望结果:20;实际结果：0
2025-03-21 15:53:09,178 - testExample.py - test_baiDuSerach_sheetOne - 57- INFO: test021:断言响应时间;期望结果:200;实际结果：124
2025-03-21 15:53:09,240 - Example.py - baiDuSerach - 67- INFO: 用例id：test022:接口名称：baiDuSerach;传递token：None;传递参数：python22;用例备注：测试示例断言失败
2025-03-21 15:53:09,364 - testExample.py - test_baiDuSerach_sheetOne - 47- INFO: test022:断言响应状态码;期望结果：200;实际结果：200
2025-03-21 15:53:09,372 - testExample.py - test_baiDuSerach_sheetOne - 52- INFO: test022:断言响应体字段值;期望结果:21;实际结果：0
2025-03-21 15:53:09,380 - testExample.py - test_baiDuSerach_sheetOne - 57- INFO: test022:断言响应时间;期望结果:200;实际结果：120
2025-03-21 15:53:09,407 - Example.py - baiDuSerach - 67- INFO: 用例id：test023:接口名称：baiDuSerach;传递token：None;传递参数：python23;用例备注：测试示例断言失败
2025-03-21 15:53:09,531 - testExample.py - test_baiDuSerach_sheetOne - 47- INFO: test023:断言响应状态码;期望结果：200;实际结果：200
2025-03-21 15:53:09,538 - testExample.py - test_baiDuSerach_sheetOne - 52- INFO: test023:断言响应体字段值;期望结果:22;实际结果：0
2025-03-21 15:53:09,547 - testExample.py - test_baiDuSerach_sheetOne - 57- INFO: test023:断言响应时间;期望结果:200;实际结果：120
2025-03-21 15:53:09,574 - Example.py - baiDuSerach - 67- INFO: 用例id：test024:接口名称：baiDuSerach;传递token：None;传递参数：python24;用例备注：测试示例断言失败
2025-03-21 15:53:09,692 - testExample.py - test_baiDuSerach_sheetOne - 47- INFO: test024:断言响应状态码;期望结果：200;实际结果：200
2025-03-21 15:53:09,700 - testExample.py - test_baiDuSerach_sheetOne - 52- INFO: test024:断言响应体字段值;期望结果:23;实际结果：0
2025-03-21 15:53:09,708 - testExample.py - test_baiDuSerach_sheetOne - 57- INFO: test024:断言响应时间;期望结果:200;实际结果：115
2025-03-21 15:53:09,735 - Example.py - baiDuSerach - 67- INFO: 用例id：test025:接口名称：baiDuSerach;传递token：None;传递参数：python25;用例备注：测试示例断言失败
2025-03-21 15:53:09,861 - testExample.py - test_baiDuSerach_sheetOne - 47- INFO: test025:断言响应状态码;期望结果：200;实际结果：200
2025-03-21 15:53:09,869 - testExample.py - test_baiDuSerach_sheetOne - 52- INFO: test025:断言响应体字段值;期望结果:24;实际结果：0
2025-03-21 15:53:09,877 - testExample.py - test_baiDuSerach_sheetOne - 57- INFO: test025:断言响应时间;期望结果:200;实际结果：121
2025-03-21 15:53:09,904 - Example.py - baiDuSerach - 67- INFO: 用例id：test026:接口名称：baiDuSerach;传递token：None;传递参数：python26;用例备注：测试示例断言失败
2025-03-21 15:53:10,030 - testExample.py - test_baiDuSerach_sheetOne - 47- INFO: test026:断言响应状态码;期望结果：200;实际结果：200
2025-03-21 15:53:10,037 - testExample.py - test_baiDuSerach_sheetOne - 52- INFO: test026:断言响应体字段值;期望结果:25;实际结果：0
2025-03-21 15:53:10,046 - testExample.py - test_baiDuSerach_sheetOne - 57- INFO: test026:断言响应时间;期望结果:200;实际结果：121
2025-03-21 15:53:10,073 - Example.py - baiDuSerach - 67- INFO: 用例id：test027:接口名称：baiDuSerach;传递token：None;传递参数：python27;用例备注：测试示例断言失败
2025-03-21 15:53:10,196 - testExample.py - test_baiDuSerach_sheetOne - 47- INFO: test027:断言响应状态码;期望结果：200;实际结果：200
2025-03-21 15:53:10,205 - testExample.py - test_baiDuSerach_sheetOne - 52- INFO: test027:断言响应体字段值;期望结果:26;实际结果：0
2025-03-21 15:53:10,214 - testExample.py - test_baiDuSerach_sheetOne - 57- INFO: test027:断言响应时间;期望结果:200;实际结果：120
2025-03-21 15:53:10,241 - Example.py - baiDuSerach - 67- INFO: 用例id：test028:接口名称：baiDuSerach;传递token：None;传递参数：python28;用例备注：测试示例断言失败
2025-03-21 15:53:10,364 - testExample.py - test_baiDuSerach_sheetOne - 47- INFO: test028:断言响应状态码;期望结果：200;实际结果：200
2025-03-21 15:53:10,371 - testExample.py - test_baiDuSerach_sheetOne - 52- INFO: test028:断言响应体字段值;期望结果:27;实际结果：0
2025-03-21 15:53:10,380 - testExample.py - test_baiDuSerach_sheetOne - 57- INFO: test028:断言响应时间;期望结果:200;实际结果：119
2025-03-21 15:53:10,408 - Example.py - baiDuSerach - 67- INFO: 用例id：test029:接口名称：baiDuSerach;传递token：None;传递参数：python29;用例备注：测试示例断言失败
2025-03-21 15:53:10,529 - testExample.py - test_baiDuSerach_sheetOne - 47- INFO: test029:断言响应状态码;期望结果：200;实际结果：200
2025-03-21 15:53:10,537 - testExample.py - test_baiDuSerach_sheetOne - 52- INFO: test029:断言响应体字段值;期望结果:28;实际结果：0
2025-03-21 15:53:10,544 - testExample.py - test_baiDuSerach_sheetOne - 57- INFO: test029:断言响应时间;期望结果:200;实际结果：117
2025-03-21 15:53:10,571 - Example.py - baiDuSerach - 67- INFO: 用例id：test030:接口名称：baiDuSerach;传递token：None;传递参数：python30;用例备注：测试示例断言失败
2025-03-21 15:53:10,697 - testExample.py - test_baiDuSerach_sheetOne - 47- INFO: test030:断言响应状态码;期望结果：200;实际结果：200
2025-03-21 15:53:10,705 - testExample.py - test_baiDuSerach_sheetOne - 52- INFO: test030:断言响应体字段值;期望结果:29;实际结果：0
2025-03-21 15:53:10,713 - testExample.py - test_baiDuSerach_sheetOne - 57- INFO: test030:断言响应时间;期望结果:200;实际结果：122
2025-03-21 15:53:10,741 - Example.py - baiDuSerach - 67- INFO: 用例id：test031:接口名称：baiDuSerach;传递token：None;传递参数：python31;用例备注：测试示例断言失败
2025-03-21 15:53:10,863 - testExample.py - test_baiDuSerach_sheetOne - 47- INFO: test031:断言响应状态码;期望结果：200;实际结果：200
2025-03-21 15:53:10,871 - testExample.py - test_baiDuSerach_sheetOne - 52- INFO: test031:断言响应体字段值;期望结果:30;实际结果：0
2025-03-21 15:53:10,879 - testExample.py - test_baiDuSerach_sheetOne - 57- INFO: test031:断言响应时间;期望结果:200;实际结果：118
2025-03-21 15:53:10,906 - Example.py - baiDuSerach - 67- INFO: 用例id：test032:接口名称：baiDuSerach;传递token：None;传递参数：python32;用例备注：测试示例断言失败
2025-03-21 15:53:12,035 - testExample.py - test_baiDuSerach_sheetOne - 47- INFO: test032:断言响应状态码;期望结果：200;实际结果：200
2025-03-21 15:53:12,043 - testExample.py - test_baiDuSerach_sheetOne - 52- INFO: test032:断言响应体字段值;期望结果:31;实际结果：0
2025-03-21 15:53:12,051 - testExample.py - test_baiDuSerach_sheetOne - 57- INFO: test032:断言响应时间;期望结果:200;实际结果：125
2025-03-21 15:53:12,078 - Example.py - baiDuSerach - 67- INFO: 用例id：test033:接口名称：baiDuSerach;传递token：None;传递参数：python33;用例备注：测试示例断言失败
2025-03-21 15:53:12,213 - testExample.py - test_baiDuSerach_sheetOne - 47- INFO: test033:断言响应状态码;期望结果：200;实际结果：200
2025-03-21 15:53:12,221 - testExample.py - test_baiDuSerach_sheetOne - 52- INFO: test033:断言响应体字段值;期望结果:32;实际结果：0
2025-03-21 15:53:12,229 - testExample.py - test_baiDuSerach_sheetOne - 57- INFO: test033:断言响应时间;期望结果:200;实际结果：131
2025-03-21 15:53:12,297 - Example.py - baiDuSerach - 67- INFO: 用例id：test034:接口名称：baiDuSerach;传递token：None;传递参数：python34;用例备注：测试示例断言失败
2025-03-21 15:53:12,416 - testExample.py - test_baiDuSerach_sheetOne - 47- INFO: test034:断言响应状态码;期望结果：200;实际结果：200
2025-03-21 15:53:12,424 - testExample.py - test_baiDuSerach_sheetOne - 52- INFO: test034:断言响应体字段值;期望结果:33;实际结果：0
2025-03-21 15:53:12,432 - testExample.py - test_baiDuSerach_sheetOne - 57- INFO: test034:断言响应时间;期望结果:200;实际结果：116
2025-03-21 15:53:12,459 - Example.py - baiDuSerach - 67- INFO: 用例id：test035:接口名称：baiDuSerach;传递token：None;传递参数：python35;用例备注：测试示例断言失败
2025-03-21 15:53:12,581 - testExample.py - test_baiDuSerach_sheetOne - 47- INFO: test035:断言响应状态码;期望结果：200;实际结果：200
2025-03-21 15:53:12,589 - testExample.py - test_baiDuSerach_sheetOne - 52- INFO: test035:断言响应体字段值;期望结果:34;实际结果：0
2025-03-21 15:53:12,597 - testExample.py - test_baiDuSerach_sheetOne - 57- INFO: test035:断言响应时间;期望结果:200;实际结果：118
2025-03-21 15:53:12,625 - Example.py - baiDuSerach - 67- INFO: 用例id：test036:接口名称：baiDuSerach;传递token：None;传递参数：python36;用例备注：测试示例断言失败
2025-03-21 15:53:12,746 - testExample.py - test_baiDuSerach_sheetOne - 47- INFO: test036:断言响应状态码;期望结果：200;实际结果：200
2025-03-21 15:53:12,755 - testExample.py - test_baiDuSerach_sheetOne - 52- INFO: test036:断言响应体字段值;期望结果:35;实际结果：0
2025-03-21 15:53:12,762 - testExample.py - test_baiDuSerach_sheetOne - 57- INFO: test036:断言响应时间;期望结果:200;实际结果：117
2025-03-21 15:53:12,791 - Example.py - baiDuSerach - 67- INFO: 用例id：test037:接口名称：baiDuSerach;传递token：None;传递参数：python37;用例备注：测试示例断言失败
2025-03-21 15:53:12,913 - testExample.py - test_baiDuSerach_sheetOne - 47- INFO: test037:断言响应状态码;期望结果：200;实际结果：200
2025-03-21 15:53:12,921 - testExample.py - test_baiDuSerach_sheetOne - 52- INFO: test037:断言响应体字段值;期望结果:36;实际结果：0
2025-03-21 15:53:12,929 - testExample.py - test_baiDuSerach_sheetOne - 57- INFO: test037:断言响应时间;期望结果:200;实际结果：118
2025-03-21 15:53:12,956 - Example.py - baiDuSerach - 67- INFO: 用例id：test038:接口名称：baiDuSerach;传递token：None;传递参数：python38;用例备注：测试示例断言失败
2025-03-21 15:53:13,075 - testExample.py - test_baiDuSerach_sheetOne - 47- INFO: test038:断言响应状态码;期望结果：200;实际结果：200
2025-03-21 15:53:13,082 - testExample.py - test_baiDuSerach_sheetOne - 52- INFO: test038:断言响应体字段值;期望结果:37;实际结果：0
2025-03-21 15:53:13,090 - testExample.py - test_baiDuSerach_sheetOne - 57- INFO: test038:断言响应时间;期望结果:200;实际结果：115
2025-03-21 15:53:13,119 - Example.py - baiDuSerach - 67- INFO: 用例id：test039:接口名称：baiDuSerach;传递token：None;传递参数：python39;用例备注：测试示例断言失败
2025-03-21 15:53:13,253 - testExample.py - test_baiDuSerach_sheetOne - 47- INFO: test039:断言响应状态码;期望结果：200;实际结果：200
2025-03-21 15:53:13,261 - testExample.py - test_baiDuSerach_sheetOne - 52- INFO: test039:断言响应体字段值;期望结果:38;实际结果：0
2025-03-21 15:53:13,269 - testExample.py - test_baiDuSerach_sheetOne - 57- INFO: test039:断言响应时间;期望结果:200;实际结果：130
2025-03-21 15:53:13,296 - Example.py - baiDuSerach - 67- INFO: 用例id：test040:接口名称：baiDuSerach;传递token：None;传递参数：python40;用例备注：测试示例断言失败
2025-03-21 15:53:13,426 - testExample.py - test_baiDuSerach_sheetOne - 47- INFO: test040:断言响应状态码;期望结果：200;实际结果：200
2025-03-21 15:53:13,434 - testExample.py - test_baiDuSerach_sheetOne - 52- INFO: test040:断言响应体字段值;期望结果:39;实际结果：0
2025-03-21 15:53:13,441 - testExample.py - test_baiDuSerach_sheetOne - 57- INFO: test040:断言响应时间;期望结果:200;实际结果：126
2025-03-21 15:53:13,468 - Example.py - baiDuSerach - 67- INFO: 用例id：test041:接口名称：baiDuSerach;传递token：None;传递参数：python41;用例备注：测试示例断言失败
2025-03-21 15:53:13,590 - testExample.py - test_baiDuSerach_sheetOne - 47- INFO: test041:断言响应状态码;期望结果：200;实际结果：200
2025-03-21 15:53:13,598 - testExample.py - test_baiDuSerach_sheetOne - 52- INFO: test041:断言响应体字段值;期望结果:40;实际结果：0
2025-03-21 15:53:13,605 - testExample.py - test_baiDuSerach_sheetOne - 57- INFO: test041:断言响应时间;期望结果:200;实际结果：118
2025-03-21 15:53:13,633 - Example.py - baiDuSerach - 67- INFO: 用例id：test042:接口名称：baiDuSerach;传递token：None;传递参数：python42;用例备注：测试示例断言失败
2025-03-21 15:53:13,754 - testExample.py - test_baiDuSerach_sheetOne - 47- INFO: test042:断言响应状态码;期望结果：200;实际结果：200
2025-03-21 15:53:13,764 - testExample.py - test_baiDuSerach_sheetOne - 52- INFO: test042:断言响应体字段值;期望结果:41;实际结果：0
2025-03-21 15:53:13,773 - testExample.py - test_baiDuSerach_sheetOne - 57- INFO: test042:断言响应时间;期望结果:200;实际结果：118
2025-03-21 15:53:13,800 - Example.py - baiDuSerach - 67- INFO: 用例id：test043:接口名称：baiDuSerach;传递token：None;传递参数：python43;用例备注：测试示例断言失败
2025-03-21 15:53:13,925 - testExample.py - test_baiDuSerach_sheetOne - 47- INFO: test043:断言响应状态码;期望结果：200;实际结果：200
2025-03-21 15:53:13,932 - testExample.py - test_baiDuSerach_sheetOne - 52- INFO: test043:断言响应体字段值;期望结果:42;实际结果：0
2025-03-21 15:53:13,941 - testExample.py - test_baiDuSerach_sheetOne - 57- INFO: test043:断言响应时间;期望结果:200;实际结果：121
2025-03-21 15:53:13,969 - Example.py - baiDuSerach - 67- INFO: 用例id：test044:接口名称：baiDuSerach;传递token：None;传递参数：python44;用例备注：测试示例断言失败
2025-03-21 15:53:14,095 - testExample.py - test_baiDuSerach_sheetOne - 47- INFO: test044:断言响应状态码;期望结果：200;实际结果：200
2025-03-21 15:53:14,103 - testExample.py - test_baiDuSerach_sheetOne - 52- INFO: test044:断言响应体字段值;期望结果:43;实际结果：0
2025-03-21 15:53:14,111 - testExample.py - test_baiDuSerach_sheetOne - 57- INFO: test044:断言响应时间;期望结果:200;实际结果：122
2025-03-21 15:53:14,138 - Example.py - baiDuSerach - 67- INFO: 用例id：test045:接口名称：baiDuSerach;传递token：None;传递参数：python45;用例备注：测试示例断言失败
2025-03-21 15:53:14,269 - testExample.py - test_baiDuSerach_sheetOne - 47- INFO: test045:断言响应状态码;期望结果：200;实际结果：200
2025-03-21 15:53:14,277 - testExample.py - test_baiDuSerach_sheetOne - 52- INFO: test045:断言响应体字段值;期望结果:44;实际结果：0
2025-03-21 15:53:14,285 - testExample.py - test_baiDuSerach_sheetOne - 57- INFO: test045:断言响应时间;期望结果:200;实际结果：127
2025-03-21 15:53:14,312 - Example.py - baiDuSerach - 67- INFO: 用例id：test046:接口名称：baiDuSerach;传递token：None;传递参数：python46;用例备注：测试示例断言失败
2025-03-21 15:53:14,434 - testExample.py - test_baiDuSerach_sheetOne - 47- INFO: test046:断言响应状态码;期望结果：200;实际结果：200
2025-03-21 15:53:14,442 - testExample.py - test_baiDuSerach_sheetOne - 52- INFO: test046:断言响应体字段值;期望结果:45;实际结果：0
2025-03-21 15:53:14,449 - testExample.py - test_baiDuSerach_sheetOne - 57- INFO: test046:断言响应时间;期望结果:200;实际结果：119
2025-03-21 15:53:14,515 - Example.py - baiDuSerach - 67- INFO: 用例id：test047:接口名称：baiDuSerach;传递token：None;传递参数：python47;用例备注：测试示例断言失败
2025-03-21 15:53:14,637 - testExample.py - test_baiDuSerach_sheetOne - 47- INFO: test047:断言响应状态码;期望结果：200;实际结果：200
2025-03-21 15:53:14,645 - testExample.py - test_baiDuSerach_sheetOne - 52- INFO: test047:断言响应体字段值;期望结果:46;实际结果：0
2025-03-21 15:53:14,653 - testExample.py - test_baiDuSerach_sheetOne - 57- INFO: test047:断言响应时间;期望结果:200;实际结果：117
2025-03-21 15:53:14,680 - Example.py - baiDuSerach - 67- INFO: 用例id：test048:接口名称：baiDuSerach;传递token：None;传递参数：python48;用例备注：测试示例断言失败
2025-03-21 15:53:14,797 - testExample.py - test_baiDuSerach_sheetOne - 47- INFO: test048:断言响应状态码;期望结果：200;实际结果：200
2025-03-21 15:53:14,805 - testExample.py - test_baiDuSerach_sheetOne - 52- INFO: test048:断言响应体字段值;期望结果:47;实际结果：0
2025-03-21 15:53:14,813 - testExample.py - test_baiDuSerach_sheetOne - 57- INFO: test048:断言响应时间;期望结果:200;实际结果：114
2025-03-21 15:53:14,840 - Example.py - baiDuSerach - 67- INFO: 用例id：test049:接口名称：baiDuSerach;传递token：None;传递参数：python49;用例备注：测试示例断言失败
2025-03-21 15:53:14,961 - testExample.py - test_baiDuSerach_sheetOne - 47- INFO: test049:断言响应状态码;期望结果：200;实际结果：200
2025-03-21 15:53:14,970 - testExample.py - test_baiDuSerach_sheetOne - 52- INFO: test049:断言响应体字段值;期望结果:48;实际结果：0
2025-03-21 15:53:14,980 - testExample.py - test_baiDuSerach_sheetOne - 57- INFO: test049:断言响应时间;期望结果:200;实际结果：117
2025-03-21 15:53:15,010 - Example.py - baiDuSerach - 67- INFO: 用例id：test050:接口名称：baiDuSerach;传递token：None;传递参数：python50;用例备注：测试示例断言失败
2025-03-21 15:53:15,136 - testExample.py - test_baiDuSerach_sheetOne - 47- INFO: test050:断言响应状态码;期望结果：200;实际结果：200
2025-03-21 15:53:15,144 - testExample.py - test_baiDuSerach_sheetOne - 52- INFO: test050:断言响应体字段值;期望结果:49;实际结果：0
2025-03-21 15:53:15,152 - testExample.py - test_baiDuSerach_sheetOne - 57- INFO: test050:断言响应时间;期望结果:200;实际结果：122
2025-03-21 15:53:15,182 - Example.py - baiDuSerach - 67- INFO: 用例id：test051:接口名称：baiDuSerach;传递token：None;传递参数：python51;用例备注：测试示例断言失败
2025-03-21 15:53:15,304 - testExample.py - test_baiDuSerach_sheetOne - 47- INFO: test051:断言响应状态码;期望结果：200;实际结果：200
2025-03-21 15:53:15,313 - testExample.py - test_baiDuSerach_sheetOne - 52- INFO: test051:断言响应体字段值;期望结果:50;实际结果：0
2025-03-21 15:53:15,322 - testExample.py - test_baiDuSerach_sheetOne - 57- INFO: test051:断言响应时间;期望结果:200;实际结果：119
2025-03-21 15:53:15,350 - Example.py - baiDuSerach - 67- INFO: 用例id：test052:接口名称：baiDuSerach;传递token：None;传递参数：python52;用例备注：测试示例断言失败
2025-03-21 15:53:15,472 - testExample.py - test_baiDuSerach_sheetOne - 47- INFO: test052:断言响应状态码;期望结果：200;实际结果：200
2025-03-21 15:53:15,481 - testExample.py - test_baiDuSerach_sheetOne - 52- INFO: test052:断言响应体字段值;期望结果:51;实际结果：0
2025-03-21 15:53:15,489 - testExample.py - test_baiDuSerach_sheetOne - 57- INFO: test052:断言响应时间;期望结果:200;实际结果：119
2025-03-21 15:53:15,519 - Example.py - baiDuSerach - 67- INFO: 用例id：test053:接口名称：baiDuSerach;传递token：None;传递参数：python53;用例备注：测试示例断言失败
2025-03-21 15:53:15,643 - testExample.py - test_baiDuSerach_sheetOne - 47- INFO: test053:断言响应状态码;期望结果：200;实际结果：200
2025-03-21 15:53:15,650 - testExample.py - test_baiDuSerach_sheetOne - 52- INFO: test053:断言响应体字段值;期望结果:52;实际结果：0
2025-03-21 15:53:15,659 - testExample.py - test_baiDuSerach_sheetOne - 57- INFO: test053:断言响应时间;期望结果:200;实际结果：119
2025-03-21 15:53:15,686 - Example.py - baiDuSerach - 67- INFO: 用例id：test054:接口名称：baiDuSerach;传递token：None;传递参数：python54;用例备注：测试示例断言失败
2025-03-21 15:53:15,821 - testExample.py - test_baiDuSerach_sheetOne - 47- INFO: test054:断言响应状态码;期望结果：200;实际结果：200
2025-03-21 15:53:15,828 - testExample.py - test_baiDuSerach_sheetOne - 52- INFO: test054:断言响应体字段值;期望结果:53;实际结果：0
2025-03-21 15:53:15,837 - testExample.py - test_baiDuSerach_sheetOne - 57- INFO: test054:断言响应时间;期望结果:200;实际结果：131
2025-03-21 15:53:15,864 - Example.py - baiDuSerach - 67- INFO: 用例id：test055:接口名称：baiDuSerach;传递token：None;传递参数：python55;用例备注：测试示例断言失败
2025-03-21 15:53:16,003 - testExample.py - test_baiDuSerach_sheetOne - 47- INFO: test055:断言响应状态码;期望结果：200;实际结果：200
2025-03-21 15:53:16,012 - testExample.py - test_baiDuSerach_sheetOne - 52- INFO: test055:断言响应体字段值;期望结果:54;实际结果：0
2025-03-21 15:53:16,020 - testExample.py - test_baiDuSerach_sheetOne - 57- INFO: test055:断言响应时间;期望结果:200;实际结果：136
2025-03-21 15:53:16,049 - Example.py - baiDuSerach - 67- INFO: 用例id：test056:接口名称：baiDuSerach;传递token：None;传递参数：python56;用例备注：测试示例断言失败
2025-03-21 15:53:16,400 - testExample.py - test_baiDuSerach_sheetOne - 47- INFO: test056:断言响应状态码;期望结果：200;实际结果：200
2025-03-21 15:53:16,408 - testExample.py - test_baiDuSerach_sheetOne - 52- INFO: test056:断言响应体字段值;期望结果:55;实际结果：0
2025-03-21 15:53:16,416 - testExample.py - test_baiDuSerach_sheetOne - 57- INFO: test056:断言响应时间;期望结果:200;实际结果：348
2025-03-21 15:53:16,443 - Example.py - baiDuSerach - 67- INFO: 用例id：test057:接口名称：baiDuSerach;传递token：None;传递参数：python57;用例备注：测试示例断言失败
2025-03-21 15:53:16,563 - testExample.py - test_baiDuSerach_sheetOne - 47- INFO: test057:断言响应状态码;期望结果：200;实际结果：200
2025-03-21 15:53:16,570 - testExample.py - test_baiDuSerach_sheetOne - 52- INFO: test057:断言响应体字段值;期望结果:56;实际结果：0
2025-03-21 15:53:16,578 - testExample.py - test_baiDuSerach_sheetOne - 57- INFO: test057:断言响应时间;期望结果:200;实际结果：115
2025-03-21 15:53:16,605 - Example.py - baiDuSerach - 67- INFO: 用例id：test058:接口名称：baiDuSerach;传递token：None;传递参数：python58;用例备注：测试示例断言失败
2025-03-21 15:53:16,733 - testExample.py - test_baiDuSerach_sheetOne - 47- INFO: test058:断言响应状态码;期望结果：200;实际结果：200
2025-03-21 15:53:16,741 - testExample.py - test_baiDuSerach_sheetOne - 52- INFO: test058:断言响应体字段值;期望结果:57;实际结果：0
2025-03-21 15:53:16,749 - testExample.py - test_baiDuSerach_sheetOne - 57- INFO: test058:断言响应时间;期望结果:200;实际结果：124
2025-03-21 15:53:16,813 - Example.py - baiDuSerach - 67- INFO: 用例id：test059:接口名称：baiDuSerach;传递token：None;传递参数：python59;用例备注：测试示例断言失败
2025-03-21 15:53:16,935 - testExample.py - test_baiDuSerach_sheetOne - 47- INFO: test059:断言响应状态码;期望结果：200;实际结果：200
2025-03-21 15:53:16,943 - testExample.py - test_baiDuSerach_sheetOne - 52- INFO: test059:断言响应体字段值;期望结果:58;实际结果：0
2025-03-21 15:53:16,951 - testExample.py - test_baiDuSerach_sheetOne - 57- INFO: test059:断言响应时间;期望结果:200;实际结果：118
2025-03-21 15:53:16,978 - Example.py - baiDuSerach - 67- INFO: 用例id：test060:接口名称：baiDuSerach;传递token：None;传递参数：python60;用例备注：测试示例断言失败
2025-03-21 15:53:17,101 - testExample.py - test_baiDuSerach_sheetOne - 47- INFO: test060:断言响应状态码;期望结果：200;实际结果：200
2025-03-21 15:53:17,108 - testExample.py - test_baiDuSerach_sheetOne - 52- INFO: test060:断言响应体字段值;期望结果:59;实际结果：0
2025-03-21 15:53:17,116 - testExample.py - test_baiDuSerach_sheetOne - 57- INFO: test060:断言响应时间;期望结果:200;实际结果：118
2025-03-21 15:53:17,144 - Example.py - baiDuSerach - 67- INFO: 用例id：test061:接口名称：baiDuSerach;传递token：None;传递参数：python61;用例备注：测试示例断言失败
2025-03-21 15:53:17,270 - testExample.py - test_baiDuSerach_sheetOne - 47- INFO: test061:断言响应状态码;期望结果：200;实际结果：200
2025-03-21 15:53:17,277 - testExample.py - test_baiDuSerach_sheetOne - 52- INFO: test061:断言响应体字段值;期望结果:60;实际结果：0
2025-03-21 15:53:17,285 - testExample.py - test_baiDuSerach_sheetOne - 57- INFO: test061:断言响应时间;期望结果:200;实际结果：122
2025-03-21 15:53:17,312 - Example.py - baiDuSerach - 67- INFO: 用例id：test062:接口名称：baiDuSerach;传递token：None;传递参数：python62;用例备注：测试示例断言失败
2025-03-21 15:53:17,438 - testExample.py - test_baiDuSerach_sheetOne - 47- INFO: test062:断言响应状态码;期望结果：200;实际结果：200
2025-03-21 15:53:17,445 - testExample.py - test_baiDuSerach_sheetOne - 52- INFO: test062:断言响应体字段值;期望结果:61;实际结果：0
2025-03-21 15:53:17,452 - testExample.py - test_baiDuSerach_sheetOne - 57- INFO: test062:断言响应时间;期望结果:200;实际结果：121
2025-03-21 15:53:17,480 - Example.py - baiDuSerach - 67- INFO: 用例id：test063:接口名称：baiDuSerach;传递token：None;传递参数：python63;用例备注：测试示例断言失败
2025-03-21 15:53:17,603 - testExample.py - test_baiDuSerach_sheetOne - 47- INFO: test063:断言响应状态码;期望结果：200;实际结果：200
2025-03-21 15:53:17,611 - testExample.py - test_baiDuSerach_sheetOne - 52- INFO: test063:断言响应体字段值;期望结果:62;实际结果：0
2025-03-21 15:53:17,619 - testExample.py - test_baiDuSerach_sheetOne - 57- INFO: test063:断言响应时间;期望结果:200;实际结果：119
2025-03-21 15:53:17,646 - Example.py - baiDuSerach - 67- INFO: 用例id：test064:接口名称：baiDuSerach;传递token：None;传递参数：python64;用例备注：测试示例断言失败
2025-03-21 15:53:17,767 - testExample.py - test_baiDuSerach_sheetOne - 47- INFO: test064:断言响应状态码;期望结果：200;实际结果：200
2025-03-21 15:53:17,776 - testExample.py - test_baiDuSerach_sheetOne - 52- INFO: test064:断言响应体字段值;期望结果:63;实际结果：0
2025-03-21 15:53:17,784 - testExample.py - test_baiDuSerach_sheetOne - 57- INFO: test064:断言响应时间;期望结果:200;实际结果：117
2025-03-21 15:53:17,811 - Example.py - baiDuSerach - 67- INFO: 用例id：test065:接口名称：baiDuSerach;传递token：None;传递参数：python65;用例备注：测试示例断言失败
2025-03-21 15:53:17,933 - testExample.py - test_baiDuSerach_sheetOne - 47- INFO: test065:断言响应状态码;期望结果：200;实际结果：200
2025-03-21 15:53:17,940 - testExample.py - test_baiDuSerach_sheetOne - 52- INFO: test065:断言响应体字段值;期望结果:64;实际结果：0
2025-03-21 15:53:17,949 - testExample.py - test_baiDuSerach_sheetOne - 57- INFO: test065:断言响应时间;期望结果:200;实际结果：118
2025-03-21 15:53:17,976 - Example.py - baiDuSerach - 67- INFO: 用例id：test066:接口名称：baiDuSerach;传递token：None;传递参数：python66;用例备注：测试示例断言失败
2025-03-21 15:53:18,102 - testExample.py - test_baiDuSerach_sheetOne - 47- INFO: test066:断言响应状态码;期望结果：200;实际结果：200
2025-03-21 15:53:18,110 - testExample.py - test_baiDuSerach_sheetOne - 52- INFO: test066:断言响应体字段值;期望结果:65;实际结果：0
2025-03-21 15:53:18,119 - testExample.py - test_baiDuSerach_sheetOne - 57- INFO: test066:断言响应时间;期望结果:200;实际结果：121
2025-03-21 15:53:18,146 - Example.py - baiDuSerach - 67- INFO: 用例id：test067:接口名称：baiDuSerach;传递token：None;传递参数：python67;用例备注：测试示例断言失败
2025-03-21 15:53:18,276 - testExample.py - test_baiDuSerach_sheetOne - 47- INFO: test067:断言响应状态码;期望结果：200;实际结果：200
2025-03-21 15:53:18,284 - testExample.py - test_baiDuSerach_sheetOne - 52- INFO: test067:断言响应体字段值;期望结果:66;实际结果：0
2025-03-21 15:53:18,292 - testExample.py - test_baiDuSerach_sheetOne - 57- INFO: test067:断言响应时间;期望结果:200;实际结果：126
2025-03-21 15:53:18,320 - Example.py - baiDuSerach - 67- INFO: 用例id：test068:接口名称：baiDuSerach;传递token：None;传递参数：python68;用例备注：测试示例断言失败
2025-03-21 15:53:18,447 - testExample.py - test_baiDuSerach_sheetOne - 47- INFO: test068:断言响应状态码;期望结果：200;实际结果：200
2025-03-21 15:53:18,455 - testExample.py - test_baiDuSerach_sheetOne - 52- INFO: test068:断言响应体字段值;期望结果:67;实际结果：0
2025-03-21 15:53:18,463 - testExample.py - test_baiDuSerach_sheetOne - 57- INFO: test068:断言响应时间;期望结果:200;实际结果：124
2025-03-21 15:53:18,492 - Example.py - baiDuSerach - 67- INFO: 用例id：test069:接口名称：baiDuSerach;传递token：None;传递参数：python69;用例备注：测试示例断言失败
2025-03-21 15:53:18,611 - testExample.py - test_baiDuSerach_sheetOne - 47- INFO: test069:断言响应状态码;期望结果：200;实际结果：200
2025-03-21 15:53:18,621 - testExample.py - test_baiDuSerach_sheetOne - 52- INFO: test069:断言响应体字段值;期望结果:68;实际结果：0
2025-03-21 15:53:18,629 - testExample.py - test_baiDuSerach_sheetOne - 57- INFO: test069:断言响应时间;期望结果:200;实际结果：116
2025-03-21 15:53:18,661 - Example.py - baiDuSerach - 67- INFO: 用例id：test070:接口名称：baiDuSerach;传递token：None;传递参数：python70;用例备注：测试示例断言失败
2025-03-21 15:53:18,783 - testExample.py - test_baiDuSerach_sheetOne - 47- INFO: test070:断言响应状态码;期望结果：200;实际结果：200
2025-03-21 15:53:18,791 - testExample.py - test_baiDuSerach_sheetOne - 52- INFO: test070:断言响应体字段值;期望结果:69;实际结果：0
2025-03-21 15:53:18,799 - testExample.py - test_baiDuSerach_sheetOne - 57- INFO: test070:断言响应时间;期望结果:200;实际结果：119
2025-03-21 15:53:18,863 - Example.py - baiDuSerachToken - 49- INFO: 用例id：1:接口名称：baiDuSerach;传递token：[[126]];传递参数：python12;用例备注：测试示例断言成功
2025-03-21 15:53:18,987 - testExample.py - test_baiDuSerach_sheetTwo - 83- INFO: 1:断言响应状态码;期望结果：200;实际结果：200
2025-03-21 15:53:18,996 - testExample.py - test_baiDuSerach_sheetTwo - 88- INFO: 1:断言响应体字段值;期望结果:0;实际结果：0
2025-03-21 15:53:19,004 - testExample.py - test_baiDuSerach_sheetTwo - 93- INFO: 1:断言响应时间;期望结果:200;实际结果：121
2025-03-21 15:53:19,014 - Example.py - baiDuSerachToken - 49- INFO: 用例id：2:接口名称：baiDuSerach;传递token：[[126]];传递参数：python22;用例备注：测试示例断言失败
2025-03-21 15:53:19,135 - testExample.py - test_baiDuSerach_sheetTwo - 83- INFO: 2:断言响应状态码;期望结果：200;实际结果：200
2025-03-21 15:53:19,144 - testExample.py - test_baiDuSerach_sheetTwo - 88- INFO: 2:断言响应体字段值;期望结果:1;实际结果：0
2025-03-21 15:53:19,151 - testExample.py - test_baiDuSerach_sheetTwo - 93- INFO: 2:断言响应时间;期望结果:200;实际结果：118
2025-03-21 15:53:19,179 - Example.py - baiDuSerachToken - 49- INFO: 用例id：3:接口名称：baiDuSerach;传递token：[[126]];传递参数：python32;用例备注：
2025-03-21 15:53:19,301 - testExample.py - test_baiDuSerach_sheetTwo - 83- INFO: 3:断言响应状态码;期望结果：200;实际结果：200
2025-03-21 15:53:19,309 - testExample.py - test_baiDuSerach_sheetTwo - 88- INFO: 3:断言响应体字段值;期望结果:2;实际结果：0
2025-03-21 15:53:19,317 - testExample.py - test_baiDuSerach_sheetTwo - 93- INFO: 3:断言响应时间;期望结果:201;实际结果：119
2025-03-21 15:53:19,345 - Example.py - baiDuSerachToken - 49- INFO: 用例id：4:接口名称：baiDuSerach;传递token：[[126]];传递参数：python33;用例备注：测试示例断言失败
2025-03-21 15:53:19,473 - testExample.py - test_baiDuSerach_sheetTwo - 83- INFO: 4:断言响应状态码;期望结果：200;实际结果：200
2025-03-21 15:53:19,480 - testExample.py - test_baiDuSerach_sheetTwo - 88- INFO: 4:断言响应体字段值;期望结果:3;实际结果：0
2025-03-21 15:53:19,488 - testExample.py - test_baiDuSerach_sheetTwo - 93- INFO: 4:断言响应时间;期望结果:202;实际结果：124
2025-03-21 15:53:19,517 - Example.py - baiDuSerachToken - 49- INFO: 用例id：5:接口名称：baiDuSerach;传递token：[[126]];传递参数：python34;用例备注：测试示例断言失败
2025-03-21 15:53:19,636 - testExample.py - test_baiDuSerach_sheetTwo - 83- INFO: 5:断言响应状态码;期望结果：200;实际结果：200
2025-03-21 15:53:19,643 - testExample.py - test_baiDuSerach_sheetTwo - 88- INFO: 5:断言响应体字段值;期望结果:4;实际结果：0
2025-03-21 15:53:19,652 - testExample.py - test_baiDuSerach_sheetTwo - 93- INFO: 5:断言响应时间;期望结果:203;实际结果：115
2025-03-21 15:53:19,679 - Example.py - baiDuSerachToken - 49- INFO: 用例id：6:接口名称：baiDuSerach;传递token：[[126]];传递参数：python35;用例备注：测试示例断言失败
2025-03-21 15:53:19,801 - testExample.py - test_baiDuSerach_sheetTwo - 83- INFO: 6:断言响应状态码;期望结果：200;实际结果：200
2025-03-21 15:53:19,809 - testExample.py - test_baiDuSerach_sheetTwo - 88- INFO: 6:断言响应体字段值;期望结果:5;实际结果：0
2025-03-21 15:53:19,817 - testExample.py - test_baiDuSerach_sheetTwo - 93- INFO: 6:断言响应时间;期望结果:204;实际结果：119
2025-03-21 15:53:19,846 - Example.py - baiDuSerachToken - 49- INFO: 用例id：7:接口名称：baiDuSerach;传递token：[[126]];传递参数：python36;用例备注：测试示例断言失败
2025-03-21 15:53:19,967 - testExample.py - test_baiDuSerach_sheetTwo - 83- INFO: 7:断言响应状态码;期望结果：200;实际结果：200
2025-03-21 15:53:19,975 - testExample.py - test_baiDuSerach_sheetTwo - 88- INFO: 7:断言响应体字段值;期望结果:6;实际结果：0
2025-03-21 15:53:19,982 - testExample.py - test_baiDuSerach_sheetTwo - 93- INFO: 7:断言响应时间;期望结果:205;实际结果：118
2025-03-21 15:53:20,011 - Example.py - baiDuSerachToken - 49- INFO: 用例id：8:接口名称：baiDuSerach;传递token：[[126]];传递参数：python37;用例备注：测试示例断言失败
2025-03-21 15:53:20,136 - testExample.py - test_baiDuSerach_sheetTwo - 83- INFO: 8:断言响应状态码;期望结果：200;实际结果：200
2025-03-21 15:53:20,144 - testExample.py - test_baiDuSerach_sheetTwo - 88- INFO: 8:断言响应体字段值;期望结果:7;实际结果：0
2025-03-21 15:53:20,153 - testExample.py - test_baiDuSerach_sheetTwo - 93- INFO: 8:断言响应时间;期望结果:206;实际结果：122
2025-03-21 15:53:20,180 - Example.py - baiDuSerachToken - 49- INFO: 用例id：9:接口名称：baiDuSerach;传递token：[[126]];传递参数：python38;用例备注：测试示例断言失败
2025-03-21 15:53:20,516 - testExample.py - test_baiDuSerach_sheetTwo - 83- INFO: 9:断言响应状态码;期望结果：200;实际结果：200
2025-03-21 15:53:20,523 - testExample.py - test_baiDuSerach_sheetTwo - 88- INFO: 9:断言响应体字段值;期望结果:8;实际结果：0
2025-03-21 15:53:20,531 - testExample.py - test_baiDuSerach_sheetTwo - 93- INFO: 9:断言响应时间;期望结果:207;实际结果：332
2025-03-21 15:53:20,560 - Example.py - baiDuSerachToken - 49- INFO: 用例id：10:接口名称：baiDuSerach;传递token：[[126]];传递参数：python39;用例备注：测试示例断言失败
2025-03-21 15:53:20,682 - testExample.py - test_baiDuSerach_sheetTwo - 83- INFO: 10:断言响应状态码;期望结果：200;实际结果：200
2025-03-21 15:53:20,690 - testExample.py - test_baiDuSerach_sheetTwo - 88- INFO: 10:断言响应体字段值;期望结果:9;实际结果：0
2025-03-21 15:53:20,698 - testExample.py - test_baiDuSerach_sheetTwo - 93- INFO: 10:断言响应时间;期望结果:208;实际结果：119
2025-03-21 15:53:20,725 - Example.py - baiDuSerachToken - 49- INFO: 用例id：11:接口名称：baiDuSerach;传递token：[[126]];传递参数：python40;用例备注：测试示例断言失败
2025-03-21 15:53:20,847 - testExample.py - test_baiDuSerach_sheetTwo - 83- INFO: 11:断言响应状态码;期望结果：200;实际结果：200
2025-03-21 15:53:20,855 - testExample.py - test_baiDuSerach_sheetTwo - 88- INFO: 11:断言响应体字段值;期望结果:10;实际结果：0
2025-03-21 15:53:20,862 - testExample.py - test_baiDuSerach_sheetTwo - 93- INFO: 11:断言响应时间;期望结果:209;实际结果：117
2025-03-21 15:53:20,889 - Example.py - baiDuSerachToken - 49- INFO: 用例id：12:接口名称：baiDuSerach;传递token：[[126]];传递参数：python41;用例备注：测试示例断言失败
2025-03-21 15:53:21,010 - testExample.py - test_baiDuSerach_sheetTwo - 83- INFO: 12:断言响应状态码;期望结果：200;实际结果：200
2025-03-21 15:53:21,018 - testExample.py - test_baiDuSerach_sheetTwo - 88- INFO: 12:断言响应体字段值;期望结果:11;实际结果：0
2025-03-21 15:53:21,026 - testExample.py - test_baiDuSerach_sheetTwo - 93- INFO: 12:断言响应时间;期望结果:210;实际结果：117
2025-03-21 15:53:21,052 - Example.py - baiDuSerachToken - 49- INFO: 用例id：13:接口名称：baiDuSerach;传递token：[[126]];传递参数：python42;用例备注：测试示例断言失败
2025-03-21 15:53:21,173 - testExample.py - test_baiDuSerach_sheetTwo - 83- INFO: 13:断言响应状态码;期望结果：200;实际结果：200
2025-03-21 15:53:21,182 - testExample.py - test_baiDuSerach_sheetTwo - 88- INFO: 13:断言响应体字段值;期望结果:12;实际结果：0
2025-03-21 15:53:21,190 - testExample.py - test_baiDuSerach_sheetTwo - 93- INFO: 13:断言响应时间;期望结果:211;实际结果：117
2025-03-21 15:53:21,254 - Example.py - baiDuSerachToken - 49- INFO: 用例id：14:接口名称：baiDuSerach;传递token：[[126]];传递参数：python43;用例备注：测试示例断言失败
2025-03-21 15:53:21,375 - testExample.py - test_baiDuSerach_sheetTwo - 83- INFO: 14:断言响应状态码;期望结果：200;实际结果：200
2025-03-21 15:53:21,383 - testExample.py - test_baiDuSerach_sheetTwo - 88- INFO: 14:断言响应体字段值;期望结果:13;实际结果：0
2025-03-21 15:53:21,391 - testExample.py - test_baiDuSerach_sheetTwo - 93- INFO: 14:断言响应时间;期望结果:212;实际结果：118
2025-03-21 15:53:21,418 - Example.py - baiDuSerachToken - 49- INFO: 用例id：15:接口名称：baiDuSerach;传递token：[[126]];传递参数：python44;用例备注：测试示例断言失败
2025-03-21 15:53:21,553 - testExample.py - test_baiDuSerach_sheetTwo - 83- INFO: 15:断言响应状态码;期望结果：200;实际结果：200
2025-03-21 15:53:21,561 - testExample.py - test_baiDuSerach_sheetTwo - 88- INFO: 15:断言响应体字段值;期望结果:14;实际结果：0
2025-03-21 15:53:21,569 - testExample.py - test_baiDuSerach_sheetTwo - 93- INFO: 15:断言响应时间;期望结果:213;实际结果：131
2025-03-21 15:53:21,596 - Example.py - baiDuSerachToken - 49- INFO: 用例id：16:接口名称：baiDuSerach;传递token：[[126]];传递参数：python45;用例备注：测试示例断言失败
2025-03-21 15:53:21,722 - testExample.py - test_baiDuSerach_sheetTwo - 83- INFO: 16:断言响应状态码;期望结果：200;实际结果：200
2025-03-21 15:53:21,729 - testExample.py - test_baiDuSerach_sheetTwo - 88- INFO: 16:断言响应体字段值;期望结果:15;实际结果：0
2025-03-21 15:53:21,737 - testExample.py - test_baiDuSerach_sheetTwo - 93- INFO: 16:断言响应时间;期望结果:214;实际结果：123
2025-03-21 15:53:21,765 - Example.py - baiDuSerachToken - 49- INFO: 用例id：17:接口名称：baiDuSerach;传递token：[[126]];传递参数：python46;用例备注：测试示例断言失败
2025-03-21 15:53:21,888 - testExample.py - test_baiDuSerach_sheetTwo - 83- INFO: 17:断言响应状态码;期望结果：200;实际结果：200
2025-03-21 15:53:21,895 - testExample.py - test_baiDuSerach_sheetTwo - 88- INFO: 17:断言响应体字段值;期望结果:16;实际结果：0
2025-03-21 15:53:21,903 - testExample.py - test_baiDuSerach_sheetTwo - 93- INFO: 17:断言响应时间;期望结果:215;实际结果：119
2025-03-21 15:53:21,931 - Example.py - baiDuSerachToken - 49- INFO: 用例id：18:接口名称：baiDuSerach;传递token：[[126]];传递参数：python47;用例备注：测试示例断言失败
2025-03-21 15:53:22,052 - testExample.py - test_baiDuSerach_sheetTwo - 83- INFO: 18:断言响应状态码;期望结果：200;实际结果：200
2025-03-21 15:53:22,060 - testExample.py - test_baiDuSerach_sheetTwo - 88- INFO: 18:断言响应体字段值;期望结果:17;实际结果：0
2025-03-21 15:53:22,068 - testExample.py - test_baiDuSerach_sheetTwo - 93- INFO: 18:断言响应时间;期望结果:216;实际结果：118
2025-03-21 15:53:22,096 - Example.py - baiDuSerachToken - 49- INFO: 用例id：19:接口名称：baiDuSerach;传递token：[[126]];传递参数：python48;用例备注：测试示例断言失败
2025-03-21 15:53:22,221 - testExample.py - test_baiDuSerach_sheetTwo - 83- INFO: 19:断言响应状态码;期望结果：200;实际结果：200
2025-03-21 15:53:22,229 - testExample.py - test_baiDuSerach_sheetTwo - 88- INFO: 19:断言响应体字段值;期望结果:18;实际结果：0
2025-03-21 15:53:22,237 - testExample.py - test_baiDuSerach_sheetTwo - 93- INFO: 19:断言响应时间;期望结果:217;实际结果：122
2025-03-21 15:53:22,265 - Example.py - baiDuSerachToken - 49- INFO: 用例id：20:接口名称：baiDuSerach;传递token：[[126]];传递参数：python49;用例备注：测试示例断言失败
2025-03-21 15:53:22,391 - testExample.py - test_baiDuSerach_sheetTwo - 83- INFO: 20:断言响应状态码;期望结果：200;实际结果：200
2025-03-21 15:53:22,399 - testExample.py - test_baiDuSerach_sheetTwo - 88- INFO: 20:断言响应体字段值;期望结果:19;实际结果：0
2025-03-21 15:53:22,407 - testExample.py - test_baiDuSerach_sheetTwo - 93- INFO: 20:断言响应时间;期望结果:218;实际结果：123
2025-03-21 15:53:22,435 - Example.py - baiDuSerachToken - 49- INFO: 用例id：21:接口名称：baiDuSerach;传递token：[[126]];传递参数：python50;用例备注：测试示例断言失败
2025-03-21 15:53:22,558 - testExample.py - test_baiDuSerach_sheetTwo - 83- INFO: 21:断言响应状态码;期望结果：200;实际结果：200
2025-03-21 15:53:22,566 - testExample.py - test_baiDuSerach_sheetTwo - 88- INFO: 21:断言响应体字段值;期望结果:20;实际结果：0
2025-03-21 15:53:22,574 - testExample.py - test_baiDuSerach_sheetTwo - 93- INFO: 21:断言响应时间;期望结果:219;实际结果：119
2025-03-21 15:53:22,602 - Example.py - baiDuSerachToken - 49- INFO: 用例id：22:接口名称：baiDuSerach;传递token：[[126]];传递参数：python51;用例备注：测试示例断言失败
2025-03-21 15:53:22,726 - testExample.py - test_baiDuSerach_sheetTwo - 83- INFO: 22:断言响应状态码;期望结果：200;实际结果：200
2025-03-21 15:53:22,733 - testExample.py - test_baiDuSerach_sheetTwo - 88- INFO: 22:断言响应体字段值;期望结果:21;实际结果：0
2025-03-21 15:53:22,742 - testExample.py - test_baiDuSerach_sheetTwo - 93- INFO: 22:断言响应时间;期望结果:220;实际结果：121
2025-03-21 15:53:22,769 - Example.py - baiDuSerachToken - 49- INFO: 用例id：23:接口名称：baiDuSerach;传递token：[[126]];传递参数：python52;用例备注：测试示例断言失败
2025-03-21 15:53:22,890 - testExample.py - test_baiDuSerach_sheetTwo - 83- INFO: 23:断言响应状态码;期望结果：200;实际结果：200
2025-03-21 15:53:22,898 - testExample.py - test_baiDuSerach_sheetTwo - 88- INFO: 23:断言响应体字段值;期望结果:22;实际结果：0
2025-03-21 15:53:22,905 - testExample.py - test_baiDuSerach_sheetTwo - 93- INFO: 23:断言响应时间;期望结果:221;实际结果：117
2025-03-21 15:53:22,933 - Example.py - baiDuSerachToken - 49- INFO: 用例id：24:接口名称：baiDuSerach;传递token：[[126]];传递参数：python53;用例备注：测试示例断言失败
2025-03-21 15:53:23,058 - testExample.py - test_baiDuSerach_sheetTwo - 83- INFO: 24:断言响应状态码;期望结果：200;实际结果：200
2025-03-21 15:53:23,066 - testExample.py - test_baiDuSerach_sheetTwo - 88- INFO: 24:断言响应体字段值;期望结果:23;实际结果：0
2025-03-21 15:53:23,073 - testExample.py - test_baiDuSerach_sheetTwo - 93- INFO: 24:断言响应时间;期望结果:222;实际结果：121
2025-03-21 15:53:23,101 - Example.py - baiDuSerachToken - 49- INFO: 用例id：25:接口名称：baiDuSerach;传递token：[[126]];传递参数：python54;用例备注：测试示例断言失败
2025-03-21 15:53:23,225 - testExample.py - test_baiDuSerach_sheetTwo - 83- INFO: 25:断言响应状态码;期望结果：200;实际结果：200
2025-03-21 15:53:23,233 - testExample.py - test_baiDuSerach_sheetTwo - 88- INFO: 25:断言响应体字段值;期望结果:24;实际结果：0
2025-03-21 15:53:23,241 - testExample.py - test_baiDuSerach_sheetTwo - 93- INFO: 25:断言响应时间;期望结果:223;实际结果：121
2025-03-21 15:53:23,311 - Example.py - baiDuSerachToken - 49- INFO: 用例id：26:接口名称：baiDuSerach;传递token：[[126]];传递参数：python55;用例备注：测试示例断言失败
2025-03-21 15:53:23,433 - testExample.py - test_baiDuSerach_sheetTwo - 83- INFO: 26:断言响应状态码;期望结果：200;实际结果：200
2025-03-21 15:53:23,441 - testExample.py - test_baiDuSerach_sheetTwo - 88- INFO: 26:断言响应体字段值;期望结果:25;实际结果：0
2025-03-21 15:53:23,449 - testExample.py - test_baiDuSerach_sheetTwo - 93- INFO: 26:断言响应时间;期望结果:224;实际结果：118
2025-03-21 15:53:23,477 - Example.py - baiDuSerachToken - 49- INFO: 用例id：27:接口名称：baiDuSerach;传递token：[[126]];传递参数：python56;用例备注：测试示例断言失败
2025-03-21 15:53:23,600 - testExample.py - test_baiDuSerach_sheetTwo - 83- INFO: 27:断言响应状态码;期望结果：200;实际结果：200
2025-03-21 15:53:23,609 - testExample.py - test_baiDuSerach_sheetTwo - 88- INFO: 27:断言响应体字段值;期望结果:26;实际结果：0
2025-03-21 15:53:23,616 - testExample.py - test_baiDuSerach_sheetTwo - 93- INFO: 27:断言响应时间;期望结果:225;实际结果：120
2025-03-21 15:53:23,643 - Example.py - baiDuSerachToken - 49- INFO: 用例id：28:接口名称：baiDuSerach;传递token：[[126]];传递参数：python57;用例备注：测试示例断言失败
2025-03-21 15:53:23,776 - testExample.py - test_baiDuSerach_sheetTwo - 83- INFO: 28:断言响应状态码;期望结果：200;实际结果：200
2025-03-21 15:53:23,783 - testExample.py - test_baiDuSerach_sheetTwo - 88- INFO: 28:断言响应体字段值;期望结果:27;实际结果：0
2025-03-21 15:53:23,791 - testExample.py - test_baiDuSerach_sheetTwo - 93- INFO: 28:断言响应时间;期望结果:226;实际结果：129
2025-03-21 15:53:23,820 - Example.py - baiDuSerachToken - 49- INFO: 用例id：29:接口名称：baiDuSerach;传递token：[[126]];传递参数：python58;用例备注：测试示例断言失败
2025-03-21 15:53:23,951 - testExample.py - test_baiDuSerach_sheetTwo - 83- INFO: 29:断言响应状态码;期望结果：200;实际结果：200
2025-03-21 15:53:23,959 - testExample.py - test_baiDuSerach_sheetTwo - 88- INFO: 29:断言响应体字段值;期望结果:28;实际结果：0
2025-03-21 15:53:23,968 - testExample.py - test_baiDuSerach_sheetTwo - 93- INFO: 29:断言响应时间;期望结果:227;实际结果：127
2025-03-21 15:53:23,995 - Example.py - baiDuSerachToken - 49- INFO: 用例id：30:接口名称：baiDuSerach;传递token：[[126]];传递参数：python59;用例备注：测试示例断言失败
2025-03-21 15:53:24,117 - testExample.py - test_baiDuSerach_sheetTwo - 83- INFO: 30:断言响应状态码;期望结果：200;实际结果：200
2025-03-21 15:53:24,126 - testExample.py - test_baiDuSerach_sheetTwo - 88- INFO: 30:断言响应体字段值;期望结果:29;实际结果：0
2025-03-21 15:53:24,133 - testExample.py - test_baiDuSerach_sheetTwo - 93- INFO: 30:断言响应时间;期望结果:228;实际结果：119
2025-03-21 15:53:24,163 - Example.py - baiDuSerachToken - 49- INFO: 用例id：test001:接口名称：baiDuSerach;传递token：[[126]];传递参数：python1;用例备注：测试示例断言成功
2025-03-21 15:53:24,286 - testExample.py - test_baiDuSerach_csv - 119- INFO: test001:断言响应状态码;期望结果：200;实际结果：200
2025-03-21 15:53:24,295 - testExample.py - test_baiDuSerach_csv - 124- INFO: test001:断言响应体字段值;期望结果:0;实际结果：0
2025-03-21 15:53:24,303 - testExample.py - test_baiDuSerach_csv - 129- INFO: test001:断言响应时间;期望结果:200;实际结果：119
2025-03-21 15:53:24,313 - Example.py - baiDuSerachToken - 49- INFO: 用例id：test002:接口名称：baiDuSerach;传递token：[[126]];传递参数：python2;用例备注：
2025-03-21 15:53:24,444 - testExample.py - test_baiDuSerach_csv - 119- INFO: test002:断言响应状态码;期望结果：200;实际结果：200
2025-03-21 15:53:24,452 - testExample.py - test_baiDuSerach_csv - 124- INFO: test002:断言响应体字段值;期望结果:1;实际结果：0
2025-03-21 15:53:24,460 - testExample.py - test_baiDuSerach_csv - 129- INFO: test002:断言响应时间;期望结果:200;实际结果：127
2025-03-21 15:53:24,487 - Example.py - baiDuSerachToken - 49- INFO: 用例id：test003:接口名称：baiDuSerach;传递token：[[126]];传递参数：python3;用例备注：测试示例断言失败
2025-03-21 15:53:24,609 - testExample.py - test_baiDuSerach_csv - 119- INFO: test003:断言响应状态码;期望结果：200;实际结果：200
2025-03-21 15:53:24,617 - testExample.py - test_baiDuSerach_csv - 124- INFO: test003:断言响应体字段值;期望结果:2;实际结果：0
2025-03-21 15:53:24,624 - testExample.py - test_baiDuSerach_csv - 129- INFO: test003:断言响应时间;期望结果:200;实际结果：118
2025-03-21 15:53:24,654 - Example.py - baiDuSerachToken - 49- INFO: 用例id：test004:接口名称：baiDuSerach;传递token：[[126]];传递参数：python4;用例备注：测试示例断言失败
2025-03-21 15:53:24,782 - testExample.py - test_baiDuSerach_csv - 119- INFO: test004:断言响应状态码;期望结果：200;实际结果：200
2025-03-21 15:53:24,789 - testExample.py - test_baiDuSerach_csv - 124- INFO: test004:断言响应体字段值;期望结果:3;实际结果：0
2025-03-21 15:53:24,797 - testExample.py - test_baiDuSerach_csv - 129- INFO: test004:断言响应时间;期望结果:200;实际结果：124
2025-03-21 15:53:24,825 - Example.py - baiDuSerachToken - 49- INFO: 用例id：test005:接口名称：baiDuSerach;传递token：[[126]];传递参数：python5;用例备注：测试示例断言失败
2025-03-21 15:53:24,944 - testExample.py - test_baiDuSerach_csv - 119- INFO: test005:断言响应状态码;期望结果：200;实际结果：200
2025-03-21 15:53:24,952 - testExample.py - test_baiDuSerach_csv - 124- INFO: test005:断言响应体字段值;期望结果:4;实际结果：0
2025-03-21 15:53:24,961 - testExample.py - test_baiDuSerach_csv - 129- INFO: test005:断言响应时间;期望结果:200;实际结果：116
2025-03-21 15:53:24,989 - Example.py - baiDuSerachToken - 49- INFO: 用例id：test006:接口名称：baiDuSerach;传递token：[[126]];传递参数：python6;用例备注：测试示例断言失败
2025-03-21 15:53:25,114 - testExample.py - test_baiDuSerach_csv - 119- INFO: test006:断言响应状态码;期望结果：200;实际结果：200
2025-03-21 15:53:25,124 - testExample.py - test_baiDuSerach_csv - 124- INFO: test006:断言响应体字段值;期望结果:5;实际结果：0
2025-03-21 15:53:25,132 - testExample.py - test_baiDuSerach_csv - 129- INFO: test006:断言响应时间;期望结果:200;实际结果：121
2025-03-21 15:53:25,161 - Example.py - baiDuSerachToken - 49- INFO: 用例id：test007:接口名称：baiDuSerach;传递token：[[126]];传递参数：python7;用例备注：测试示例断言失败
2025-03-21 15:53:25,290 - testExample.py - test_baiDuSerach_csv - 119- INFO: test007:断言响应状态码;期望结果：200;实际结果：200
2025-03-21 15:53:25,299 - testExample.py - test_baiDuSerach_csv - 124- INFO: test007:断言响应体字段值;期望结果:6;实际结果：0
2025-03-21 15:53:25,306 - testExample.py - test_baiDuSerach_csv - 129- INFO: test007:断言响应时间;期望结果:200;实际结果：126
2025-03-21 15:53:25,334 - Example.py - baiDuSerachToken - 49- INFO: 用例id：test008:接口名称：baiDuSerach;传递token：[[126]];传递参数：python8;用例备注：测试示例断言失败
2025-03-21 15:53:25,452 - testExample.py - test_baiDuSerach_csv - 119- INFO: test008:断言响应状态码;期望结果：200;实际结果：200
2025-03-21 15:53:25,460 - testExample.py - test_baiDuSerach_csv - 124- INFO: test008:断言响应体字段值;期望结果:7;实际结果：0
2025-03-21 15:53:25,469 - testExample.py - test_baiDuSerach_csv - 129- INFO: test008:断言响应时间;期望结果:200;实际结果：115
2025-03-21 15:53:25,543 - Example.py - baiDuSerachToken - 49- INFO: 用例id：test009:接口名称：baiDuSerach;传递token：[[126]];传递参数：python9;用例备注：测试示例断言失败
2025-03-21 15:53:25,662 - testExample.py - test_baiDuSerach_csv - 119- INFO: test009:断言响应状态码;期望结果：200;实际结果：200
2025-03-21 15:53:25,671 - testExample.py - test_baiDuSerach_csv - 124- INFO: test009:断言响应体字段值;期望结果:8;实际结果：0
2025-03-21 15:53:25,681 - testExample.py - test_baiDuSerach_csv - 129- INFO: test009:断言响应时间;期望结果:200;实际结果：114
2025-03-21 15:53:25,711 - Example.py - baiDuSerachToken - 49- INFO: 用例id：test010:接口名称：baiDuSerach;传递token：[[126]];传递参数：python10;用例备注：测试示例断言失败
2025-03-21 15:53:25,837 - testExample.py - test_baiDuSerach_csv - 119- INFO: test010:断言响应状态码;期望结果：200;实际结果：200
2025-03-21 15:53:25,844 - testExample.py - test_baiDuSerach_csv - 124- INFO: test010:断言响应体字段值;期望结果:9;实际结果：0
2025-03-21 15:53:25,853 - testExample.py - test_baiDuSerach_csv - 129- INFO: test010:断言响应时间;期望结果:200;实际结果：122
2025-03-21 15:53:25,880 - Example.py - baiDuSerachToken - 49- INFO: 用例id：test011:接口名称：baiDuSerach;传递token：[[126]];传递参数：python11;用例备注：测试示例断言失败
2025-03-21 15:53:26,002 - testExample.py - test_baiDuSerach_csv - 119- INFO: test011:断言响应状态码;期望结果：200;实际结果：200
2025-03-21 15:53:26,011 - testExample.py - test_baiDuSerach_csv - 124- INFO: test011:断言响应体字段值;期望结果:10;实际结果：0
2025-03-21 15:53:26,021 - testExample.py - test_baiDuSerach_csv - 129- INFO: test011:断言响应时间;期望结果:200;实际结果：118
2025-03-21 15:53:26,052 - Example.py - baiDuSerachToken - 49- INFO: 用例id：test012:接口名称：baiDuSerach;传递token：[[126]];传递参数：python12;用例备注：测试示例断言失败
2025-03-21 15:53:26,188 - testExample.py - test_baiDuSerach_csv - 119- INFO: test012:断言响应状态码;期望结果：200;实际结果：200
2025-03-21 15:53:26,197 - testExample.py - test_baiDuSerach_csv - 124- INFO: test012:断言响应体字段值;期望结果:11;实际结果：0
2025-03-21 15:53:26,205 - testExample.py - test_baiDuSerach_csv - 129- INFO: test012:断言响应时间;期望结果:200;实际结果：133
2025-03-21 15:53:26,233 - Example.py - baiDuSerachToken - 49- INFO: 用例id：test013:接口名称：baiDuSerach;传递token：[[126]];传递参数：python13;用例备注：测试示例断言失败
2025-03-21 15:53:26,359 - testExample.py - test_baiDuSerach_csv - 119- INFO: test013:断言响应状态码;期望结果：200;实际结果：200
2025-03-21 15:53:26,367 - testExample.py - test_baiDuSerach_csv - 124- INFO: test013:断言响应体字段值;期望结果:12;实际结果：0
2025-03-21 15:53:26,375 - testExample.py - test_baiDuSerach_csv - 129- INFO: test013:断言响应时间;期望结果:200;实际结果：122
2025-03-21 15:53:26,402 - Example.py - baiDuSerachToken - 49- INFO: 用例id：test014:接口名称：baiDuSerach;传递token：[[126]];传递参数：python14;用例备注：测试示例断言失败
2025-03-21 15:53:26,529 - testExample.py - test_baiDuSerach_csv - 119- INFO: test014:断言响应状态码;期望结果：200;实际结果：200
2025-03-21 15:53:26,537 - testExample.py - test_baiDuSerach_csv - 124- INFO: test014:断言响应体字段值;期望结果:13;实际结果：0
2025-03-21 15:53:26,544 - testExample.py - test_baiDuSerach_csv - 129- INFO: test014:断言响应时间;期望结果:200;实际结果：122
2025-03-21 15:53:26,572 - Example.py - baiDuSerachToken - 49- INFO: 用例id：test015:接口名称：baiDuSerach;传递token：[[126]];传递参数：python15;用例备注：测试示例断言失败
2025-03-21 15:53:26,701 - testExample.py - test_baiDuSerach_csv - 119- INFO: test015:断言响应状态码;期望结果：200;实际结果：200
2025-03-21 15:53:26,708 - testExample.py - test_baiDuSerach_csv - 124- INFO: test015:断言响应体字段值;期望结果:14;实际结果：0
2025-03-21 15:53:26,717 - testExample.py - test_baiDuSerach_csv - 129- INFO: test015:断言响应时间;期望结果:200;实际结果：124
2025-03-21 15:53:26,744 - Example.py - baiDuSerachToken - 49- INFO: 用例id：test016:接口名称：baiDuSerach;传递token：[[126]];传递参数：python16;用例备注：测试示例断言失败
2025-03-21 15:53:26,868 - testExample.py - test_baiDuSerach_csv - 119- INFO: test016:断言响应状态码;期望结果：200;实际结果：200
2025-03-21 15:53:26,875 - testExample.py - test_baiDuSerach_csv - 124- INFO: test016:断言响应体字段值;期望结果:15;实际结果：0
2025-03-21 15:53:26,883 - testExample.py - test_baiDuSerach_csv - 129- INFO: test016:断言响应时间;期望结果:200;实际结果：120
2025-03-21 15:53:26,911 - Example.py - baiDuSerachToken - 49- INFO: 用例id：test017:接口名称：baiDuSerach;传递token：[[126]];传递参数：python17;用例备注：测试示例断言失败
2025-03-21 15:53:27,034 - testExample.py - test_baiDuSerach_csv - 119- INFO: test017:断言响应状态码;期望结果：200;实际结果：200
2025-03-21 15:53:27,041 - testExample.py - test_baiDuSerach_csv - 124- INFO: test017:断言响应体字段值;期望结果:16;实际结果：0
2025-03-21 15:53:27,050 - testExample.py - test_baiDuSerach_csv - 129- INFO: test017:断言响应时间;期望结果:200;实际结果：120
2025-03-21 15:53:27,079 - Example.py - baiDuSerachToken - 49- INFO: 用例id：test018:接口名称：baiDuSerach;传递token：[[126]];传递参数：python18;用例备注：测试示例断言失败
2025-03-21 15:53:27,214 - testExample.py - test_baiDuSerach_csv - 119- INFO: test018:断言响应状态码;期望结果：200;实际结果：200
2025-03-21 15:53:27,222 - testExample.py - test_baiDuSerach_csv - 124- INFO: test018:断言响应体字段值;期望结果:17;实际结果：0
2025-03-21 15:53:27,230 - testExample.py - test_baiDuSerach_csv - 129- INFO: test018:断言响应时间;期望结果:200;实际结果：131
2025-03-21 15:53:27,258 - Example.py - baiDuSerachToken - 49- INFO: 用例id：test019:接口名称：baiDuSerach;传递token：[[126]];传递参数：python19;用例备注：测试示例断言失败
2025-03-21 15:53:27,378 - testExample.py - test_baiDuSerach_csv - 119- INFO: test019:断言响应状态码;期望结果：200;实际结果：200
2025-03-21 15:53:27,386 - testExample.py - test_baiDuSerach_csv - 124- INFO: test019:断言响应体字段值;期望结果:18;实际结果：0
2025-03-21 15:53:27,393 - testExample.py - test_baiDuSerach_csv - 129- INFO: test019:断言响应时间;期望结果:200;实际结果：117
2025-03-21 15:53:27,421 - Example.py - baiDuSerachToken - 49- INFO: 用例id：test020:接口名称：baiDuSerach;传递token：[[126]];传递参数：python20;用例备注：测试示例断言失败
2025-03-21 15:53:27,552 - testExample.py - test_baiDuSerach_csv - 119- INFO: test020:断言响应状态码;期望结果：200;实际结果：200
2025-03-21 15:53:27,561 - testExample.py - test_baiDuSerach_csv - 124- INFO: test020:断言响应体字段值;期望结果:19;实际结果：0
2025-03-21 15:53:27,568 - testExample.py - test_baiDuSerach_csv - 129- INFO: test020:断言响应时间;期望结果:200;实际结果：127
2025-03-21 15:53:27,637 - Example.py - baiDuSerachToken - 49- INFO: 用例id：test021:接口名称：baiDuSerach;传递token：[[126]];传递参数：python21;用例备注：测试示例断言失败
2025-03-21 15:53:27,762 - testExample.py - test_baiDuSerach_csv - 119- INFO: test021:断言响应状态码;期望结果：200;实际结果：200
2025-03-21 15:53:27,769 - testExample.py - test_baiDuSerach_csv - 124- INFO: test021:断言响应体字段值;期望结果:20;实际结果：0
2025-03-21 15:53:27,777 - testExample.py - test_baiDuSerach_csv - 129- INFO: test021:断言响应时间;期望结果:200;实际结果：121
2025-03-21 15:53:27,804 - Example.py - baiDuSerachToken - 49- INFO: 用例id：test022:接口名称：baiDuSerach;传递token：[[126]];传递参数：python22;用例备注：测试示例断言失败
2025-03-21 15:53:27,935 - testExample.py - test_baiDuSerach_csv - 119- INFO: test022:断言响应状态码;期望结果：200;实际结果：200
2025-03-21 15:53:27,943 - testExample.py - test_baiDuSerach_csv - 124- INFO: test022:断言响应体字段值;期望结果:21;实际结果：0
2025-03-21 15:53:27,951 - testExample.py - test_baiDuSerach_csv - 129- INFO: test022:断言响应时间;期望结果:200;实际结果：127
2025-03-21 15:53:27,980 - Example.py - baiDuSerachToken - 49- INFO: 用例id：test023:接口名称：baiDuSerach;传递token：[[126]];传递参数：python23;用例备注：测试示例断言失败
2025-03-21 15:53:28,105 - testExample.py - test_baiDuSerach_csv - 119- INFO: test023:断言响应状态码;期望结果：200;实际结果：200
2025-03-21 15:53:28,114 - testExample.py - test_baiDuSerach_csv - 124- INFO: test023:断言响应体字段值;期望结果:22;实际结果：0
2025-03-21 15:53:28,122 - testExample.py - test_baiDuSerach_csv - 129- INFO: test023:断言响应时间;期望结果:200;实际结果：122
2025-03-21 15:53:28,151 - Example.py - baiDuSerachToken - 49- INFO: 用例id：test024:接口名称：baiDuSerach;传递token：[[126]];传递参数：python24;用例备注：测试示例断言失败
2025-03-21 15:53:28,274 - testExample.py - test_baiDuSerach_csv - 119- INFO: test024:断言响应状态码;期望结果：200;实际结果：200
2025-03-21 15:53:28,282 - testExample.py - test_baiDuSerach_csv - 124- INFO: test024:断言响应体字段值;期望结果:23;实际结果：0
2025-03-21 15:53:28,290 - testExample.py - test_baiDuSerach_csv - 129- INFO: test024:断言响应时间;期望结果:200;实际结果：119
2025-03-21 15:53:28,317 - Example.py - baiDuSerachToken - 49- INFO: 用例id：test025:接口名称：baiDuSerach;传递token：[[126]];传递参数：python25;用例备注：测试示例断言失败
2025-03-21 15:53:28,442 - testExample.py - test_baiDuSerach_csv - 119- INFO: test025:断言响应状态码;期望结果：200;实际结果：200
2025-03-21 15:53:28,451 - testExample.py - test_baiDuSerach_csv - 124- INFO: test025:断言响应体字段值;期望结果:24;实际结果：0
2025-03-21 15:53:28,458 - testExample.py - test_baiDuSerach_csv - 129- INFO: test025:断言响应时间;期望结果:200;实际结果：121
2025-03-21 15:53:28,486 - Example.py - baiDuSerachToken - 49- INFO: 用例id：test026:接口名称：baiDuSerach;传递token：[[126]];传递参数：python26;用例备注：测试示例断言失败
2025-03-21 15:53:28,617 - testExample.py - test_baiDuSerach_csv - 119- INFO: test026:断言响应状态码;期望结果：200;实际结果：200
2025-03-21 15:53:28,624 - testExample.py - test_baiDuSerach_csv - 124- INFO: test026:断言响应体字段值;期望结果:25;实际结果：0
2025-03-21 15:53:28,632 - testExample.py - test_baiDuSerach_csv - 129- INFO: test026:断言响应时间;期望结果:200;实际结果：127
2025-03-21 15:53:28,658 - Example.py - baiDuSerachToken - 49- INFO: 用例id：test027:接口名称：baiDuSerach;传递token：[[126]];传递参数：python27;用例备注：测试示例断言失败
2025-03-21 15:53:28,787 - testExample.py - test_baiDuSerach_csv - 119- INFO: test027:断言响应状态码;期望结果：200;实际结果：200
2025-03-21 15:53:28,795 - testExample.py - test_baiDuSerach_csv - 124- INFO: test027:断言响应体字段值;期望结果:26;实际结果：0
2025-03-21 15:53:28,803 - testExample.py - test_baiDuSerach_csv - 129- INFO: test027:断言响应时间;期望结果:200;实际结果：125
2025-03-21 15:53:28,831 - Example.py - baiDuSerachToken - 49- INFO: 用例id：test028:接口名称：baiDuSerach;传递token：[[126]];传递参数：python28;用例备注：测试示例断言失败
2025-03-21 15:53:28,956 - testExample.py - test_baiDuSerach_csv - 119- INFO: test028:断言响应状态码;期望结果：200;实际结果：200
2025-03-21 15:53:28,963 - testExample.py - test_baiDuSerach_csv - 124- INFO: test028:断言响应体字段值;期望结果:27;实际结果：0
2025-03-21 15:53:28,971 - testExample.py - test_baiDuSerach_csv - 129- INFO: test028:断言响应时间;期望结果:200;实际结果：121
2025-03-21 15:53:28,999 - Example.py - baiDuSerachToken - 49- INFO: 用例id：test029:接口名称：baiDuSerach;传递token：[[126]];传递参数：python29;用例备注：测试示例断言失败
2025-03-21 15:53:29,123 - testExample.py - test_baiDuSerach_csv - 119- INFO: test029:断言响应状态码;期望结果：200;实际结果：200
2025-03-21 15:53:29,131 - testExample.py - test_baiDuSerach_csv - 124- INFO: test029:断言响应体字段值;期望结果:28;实际结果：0
2025-03-21 15:53:29,139 - testExample.py - test_baiDuSerach_csv - 129- INFO: test029:断言响应时间;期望结果:200;实际结果：121
2025-03-21 15:53:29,166 - Example.py - baiDuSerachToken - 49- INFO: 用例id：test030:接口名称：baiDuSerach;传递token：[[126]];传递参数：python30;用例备注：测试示例断言失败
2025-03-21 15:53:29,296 - testExample.py - test_baiDuSerach_csv - 119- INFO: test030:断言响应状态码;期望结果：200;实际结果：200
2025-03-21 15:53:29,304 - testExample.py - test_baiDuSerach_csv - 124- INFO: test030:断言响应体字段值;期望结果:29;实际结果：0
2025-03-21 15:53:29,312 - testExample.py - test_baiDuSerach_csv - 129- INFO: test030:断言响应时间;期望结果:200;实际结果：125
2025-03-21 15:53:29,339 - Example.py - baiDuSerachToken - 49- INFO: 用例id：test031:接口名称：baiDuSerach;传递token：[[126]];传递参数：python31;用例备注：测试示例断言失败
2025-03-21 15:53:29,456 - testExample.py - test_baiDuSerach_csv - 119- INFO: test031:断言响应状态码;期望结果：200;实际结果：200
2025-03-21 15:53:29,464 - testExample.py - test_baiDuSerach_csv - 124- INFO: test031:断言响应体字段值;期望结果:30;实际结果：0
2025-03-21 15:53:29,472 - testExample.py - test_baiDuSerach_csv - 129- INFO: test031:断言响应时间;期望结果:200;实际结果：114
2025-03-21 15:53:29,499 - Example.py - baiDuSerachToken - 49- INFO: 用例id：test032:接口名称：baiDuSerach;传递token：[[126]];传递参数：python32;用例备注：测试示例断言失败
2025-03-21 15:53:29,619 - testExample.py - test_baiDuSerach_csv - 119- INFO: test032:断言响应状态码;期望结果：200;实际结果：200
2025-03-21 15:53:29,628 - testExample.py - test_baiDuSerach_csv - 124- INFO: test032:断言响应体字段值;期望结果:31;实际结果：0
2025-03-21 15:53:29,636 - testExample.py - test_baiDuSerach_csv - 129- INFO: test032:断言响应时间;期望结果:200;实际结果：117
2025-03-21 15:53:29,702 - Example.py - baiDuSerachToken - 49- INFO: 用例id：test033:接口名称：baiDuSerach;传递token：[[126]];传递参数：python33;用例备注：测试示例断言失败
2025-03-21 15:53:29,824 - testExample.py - test_baiDuSerach_csv - 119- INFO: test033:断言响应状态码;期望结果：200;实际结果：200
2025-03-21 15:53:29,833 - testExample.py - test_baiDuSerach_csv - 124- INFO: test033:断言响应体字段值;期望结果:32;实际结果：0
2025-03-21 15:53:29,840 - testExample.py - test_baiDuSerach_csv - 129- INFO: test033:断言响应时间;期望结果:200;实际结果：119
2025-03-21 15:53:29,868 - Example.py - baiDuSerachToken - 49- INFO: 用例id：test034:接口名称：baiDuSerach;传递token：[[126]];传递参数：python34;用例备注：测试示例断言失败
2025-03-21 15:53:30,003 - testExample.py - test_baiDuSerach_csv - 119- INFO: test034:断言响应状态码;期望结果：200;实际结果：200
2025-03-21 15:53:30,012 - testExample.py - test_baiDuSerach_csv - 124- INFO: test034:断言响应体字段值;期望结果:33;实际结果：0
2025-03-21 15:53:30,020 - testExample.py - test_baiDuSerach_csv - 129- INFO: test034:断言响应时间;期望结果:200;实际结果：132
2025-03-21 15:53:30,050 - Example.py - baiDuSerachToken - 49- INFO: 用例id：test035:接口名称：baiDuSerach;传递token：[[126]];传递参数：python35;用例备注：测试示例断言失败
2025-03-21 15:53:30,172 - testExample.py - test_baiDuSerach_csv - 119- INFO: test035:断言响应状态码;期望结果：200;实际结果：200
2025-03-21 15:53:30,181 - testExample.py - test_baiDuSerach_csv - 124- INFO: test035:断言响应体字段值;期望结果:34;实际结果：0
2025-03-21 15:53:30,188 - testExample.py - test_baiDuSerach_csv - 129- INFO: test035:断言响应时间;期望结果:200;实际结果：120
2025-03-21 15:53:30,216 - Example.py - baiDuSerachToken - 49- INFO: 用例id：test036:接口名称：baiDuSerach;传递token：[[126]];传递参数：python36;用例备注：测试示例断言失败
2025-03-21 15:53:30,335 - testExample.py - test_baiDuSerach_csv - 119- INFO: test036:断言响应状态码;期望结果：200;实际结果：200
2025-03-21 15:53:30,343 - testExample.py - test_baiDuSerach_csv - 124- INFO: test036:断言响应体字段值;期望结果:35;实际结果：0
2025-03-21 15:53:30,351 - testExample.py - test_baiDuSerach_csv - 129- INFO: test036:断言响应时间;期望结果:200;实际结果：114
2025-03-21 15:53:30,378 - Example.py - baiDuSerachToken - 49- INFO: 用例id：test037:接口名称：baiDuSerach;传递token：[[126]];传递参数：python37;用例备注：测试示例断言失败
2025-03-21 15:53:30,503 - testExample.py - test_baiDuSerach_csv - 119- INFO: test037:断言响应状态码;期望结果：200;实际结果：200
2025-03-21 15:53:30,510 - testExample.py - test_baiDuSerach_csv - 124- INFO: test037:断言响应体字段值;期望结果:36;实际结果：0
2025-03-21 15:53:30,518 - testExample.py - test_baiDuSerach_csv - 129- INFO: test037:断言响应时间;期望结果:200;实际结果：120
2025-03-21 15:53:30,556 - Example.py - baiDuSerachToken - 49- INFO: 用例id：test038:接口名称：baiDuSerach;传递token：[[126]];传递参数：python38;用例备注：测试示例断言失败
2025-03-21 15:53:30,681 - testExample.py - test_baiDuSerach_csv - 119- INFO: test038:断言响应状态码;期望结果：200;实际结果：200
2025-03-21 15:53:30,689 - testExample.py - test_baiDuSerach_csv - 124- INFO: test038:断言响应体字段值;期望结果:37;实际结果：0
2025-03-21 15:53:30,697 - testExample.py - test_baiDuSerach_csv - 129- INFO: test038:断言响应时间;期望结果:200;实际结果：122
2025-03-21 15:53:30,723 - Example.py - baiDuSerachToken - 49- INFO: 用例id：test039:接口名称：baiDuSerach;传递token：[[126]];传递参数：python39;用例备注：测试示例断言失败
2025-03-21 15:53:30,846 - testExample.py - test_baiDuSerach_csv - 119- INFO: test039:断言响应状态码;期望结果：200;实际结果：200
2025-03-21 15:53:30,854 - testExample.py - test_baiDuSerach_csv - 124- INFO: test039:断言响应体字段值;期望结果:38;实际结果：0
2025-03-21 15:53:30,862 - testExample.py - test_baiDuSerach_csv - 129- INFO: test039:断言响应时间;期望结果:200;实际结果：119
2025-03-21 15:53:30,888 - Example.py - baiDuSerachToken - 49- INFO: 用例id：test040:接口名称：baiDuSerach;传递token：[[126]];传递参数：python40;用例备注：测试示例断言失败
2025-03-21 15:53:31,018 - testExample.py - test_baiDuSerach_csv - 119- INFO: test040:断言响应状态码;期望结果：200;实际结果：200
2025-03-21 15:53:31,025 - testExample.py - test_baiDuSerach_csv - 124- INFO: test040:断言响应体字段值;期望结果:39;实际结果：0
2025-03-21 15:53:31,033 - testExample.py - test_baiDuSerach_csv - 129- INFO: test040:断言响应时间;期望结果:200;实际结果：126
2025-03-21 15:53:31,060 - Example.py - baiDuSerachToken - 49- INFO: 用例id：test041:接口名称：baiDuSerach;传递token：[[126]];传递参数：python41;用例备注：测试示例断言失败
2025-03-21 15:53:31,193 - testExample.py - test_baiDuSerach_csv - 119- INFO: test041:断言响应状态码;期望结果：200;实际结果：200
2025-03-21 15:53:31,203 - testExample.py - test_baiDuSerach_csv - 124- INFO: test041:断言响应体字段值;期望结果:40;实际结果：0
2025-03-21 15:53:31,214 - testExample.py - test_baiDuSerach_csv - 129- INFO: test041:断言响应时间;期望结果:200;实际结果：128
2025-03-21 15:53:31,242 - Example.py - baiDuSerachToken - 49- INFO: 用例id：test042:接口名称：baiDuSerach;传递token：[[126]];传递参数：python42;用例备注：测试示例断言失败
2025-03-21 15:53:31,367 - testExample.py - test_baiDuSerach_csv - 119- INFO: test042:断言响应状态码;期望结果：200;实际结果：200
2025-03-21 15:53:31,376 - testExample.py - test_baiDuSerach_csv - 124- INFO: test042:断言响应体字段值;期望结果:41;实际结果：0
2025-03-21 15:53:31,383 - testExample.py - test_baiDuSerach_csv - 129- INFO: test042:断言响应时间;期望结果:200;实际结果：122
2025-03-21 15:53:31,411 - Example.py - baiDuSerachToken - 49- INFO: 用例id：test043:接口名称：baiDuSerach;传递token：[[126]];传递参数：python43;用例备注：测试示例断言失败
2025-03-21 15:53:31,536 - testExample.py - test_baiDuSerach_csv - 119- INFO: test043:断言响应状态码;期望结果：200;实际结果：200
2025-03-21 15:53:31,544 - testExample.py - test_baiDuSerach_csv - 124- INFO: test043:断言响应体字段值;期望结果:42;实际结果：0
2025-03-21 15:53:31,552 - testExample.py - test_baiDuSerach_csv - 129- INFO: test043:断言响应时间;期望结果:200;实际结果：121
2025-03-21 15:53:31,580 - Example.py - baiDuSerachToken - 49- INFO: 用例id：test044:接口名称：baiDuSerach;传递token：[[126]];传递参数：python44;用例备注：测试示例断言失败
2025-03-21 15:53:31,703 - testExample.py - test_baiDuSerach_csv - 119- INFO: test044:断言响应状态码;期望结果：200;实际结果：200
2025-03-21 15:53:31,711 - testExample.py - test_baiDuSerach_csv - 124- INFO: test044:断言响应体字段值;期望结果:43;实际结果：0
2025-03-21 15:53:31,720 - testExample.py - test_baiDuSerach_csv - 129- INFO: test044:断言响应时间;期望结果:200;实际结果：120
2025-03-21 15:53:31,793 - Example.py - baiDuSerachToken - 49- INFO: 用例id：test045:接口名称：baiDuSerach;传递token：[[126]];传递参数：python45;用例备注：测试示例断言失败
2025-03-21 15:53:31,920 - testExample.py - test_baiDuSerach_csv - 119- INFO: test045:断言响应状态码;期望结果：200;实际结果：200
2025-03-21 15:53:31,927 - testExample.py - test_baiDuSerach_csv - 124- INFO: test045:断言响应体字段值;期望结果:44;实际结果：0
2025-03-21 15:53:31,935 - testExample.py - test_baiDuSerach_csv - 129- INFO: test045:断言响应时间;期望结果:200;实际结果：123
2025-03-21 15:53:31,964 - Example.py - baiDuSerachToken - 49- INFO: 用例id：test046:接口名称：baiDuSerach;传递token：[[126]];传递参数：python46;用例备注：测试示例断言失败
2025-03-21 15:53:32,089 - testExample.py - test_baiDuSerach_csv - 119- INFO: test046:断言响应状态码;期望结果：200;实际结果：200
2025-03-21 15:53:32,096 - testExample.py - test_baiDuSerach_csv - 124- INFO: test046:断言响应体字段值;期望结果:45;实际结果：0
2025-03-21 15:53:32,103 - testExample.py - test_baiDuSerach_csv - 129- INFO: test046:断言响应时间;期望结果:200;实际结果：121
2025-03-21 15:53:32,132 - Example.py - baiDuSerachToken - 49- INFO: 用例id：test047:接口名称：baiDuSerach;传递token：[[126]];传递参数：python47;用例备注：测试示例断言失败
2025-03-21 15:53:32,270 - testExample.py - test_baiDuSerach_csv - 119- INFO: test047:断言响应状态码;期望结果：200;实际结果：200
2025-03-21 15:53:32,278 - testExample.py - test_baiDuSerach_csv - 124- INFO: test047:断言响应体字段值;期望结果:46;实际结果：0
2025-03-21 15:53:32,285 - testExample.py - test_baiDuSerach_csv - 129- INFO: test047:断言响应时间;期望结果:200;实际结果：135
2025-03-21 15:53:32,314 - Example.py - baiDuSerachToken - 49- INFO: 用例id：test048:接口名称：baiDuSerach;传递token：[[126]];传递参数：python48;用例备注：测试示例断言失败
2025-03-21 15:53:32,435 - testExample.py - test_baiDuSerach_csv - 119- INFO: test048:断言响应状态码;期望结果：200;实际结果：200
2025-03-21 15:53:32,445 - testExample.py - test_baiDuSerach_csv - 124- INFO: test048:断言响应体字段值;期望结果:47;实际结果：0
2025-03-21 15:53:32,453 - testExample.py - test_baiDuSerach_csv - 129- INFO: test048:断言响应时间;期望结果:200;实际结果：118
2025-03-21 15:53:32,482 - Example.py - baiDuSerachToken - 49- INFO: 用例id：test049:接口名称：baiDuSerach;传递token：[[126]];传递参数：python49;用例备注：测试示例断言失败
2025-03-21 15:53:32,605 - testExample.py - test_baiDuSerach_csv - 119- INFO: test049:断言响应状态码;期望结果：200;实际结果：200
2025-03-21 15:53:32,612 - testExample.py - test_baiDuSerach_csv - 124- INFO: test049:断言响应体字段值;期望结果:48;实际结果：0
2025-03-21 15:53:32,621 - testExample.py - test_baiDuSerach_csv - 129- INFO: test049:断言响应时间;期望结果:200;实际结果：120
2025-03-21 15:53:32,649 - Example.py - baiDuSerachToken - 49- INFO: 用例id：test050:接口名称：baiDuSerach;传递token：[[126]];传递参数：python50;用例备注：测试示例断言失败
2025-03-21 15:53:32,774 - testExample.py - test_baiDuSerach_csv - 119- INFO: test050:断言响应状态码;期望结果：200;实际结果：200
2025-03-21 15:53:32,782 - testExample.py - test_baiDuSerach_csv - 124- INFO: test050:断言响应体字段值;期望结果:49;实际结果：0
2025-03-21 15:53:32,790 - testExample.py - test_baiDuSerach_csv - 129- INFO: test050:断言响应时间;期望结果:200;实际结果：121
2025-03-21 15:53:32,816 - Example.py - baiDuSerachToken - 49- INFO: 用例id：test051:接口名称：baiDuSerach;传递token：[[126]];传递参数：python51;用例备注：测试示例断言失败
2025-03-21 15:53:32,943 - testExample.py - test_baiDuSerach_csv - 119- INFO: test051:断言响应状态码;期望结果：200;实际结果：200
2025-03-21 15:53:32,950 - testExample.py - test_baiDuSerach_csv - 124- INFO: test051:断言响应体字段值;期望结果:50;实际结果：0
2025-03-21 15:53:32,959 - testExample.py - test_baiDuSerach_csv - 129- INFO: test051:断言响应时间;期望结果:200;实际结果：123
2025-03-21 15:53:32,986 - Example.py - baiDuSerachToken - 49- INFO: 用例id：test052:接口名称：baiDuSerach;传递token：[[126]];传递参数：python52;用例备注：测试示例断言失败
2025-03-21 15:53:33,112 - testExample.py - test_baiDuSerach_csv - 119- INFO: test052:断言响应状态码;期望结果：200;实际结果：200
2025-03-21 15:53:33,120 - testExample.py - test_baiDuSerach_csv - 124- INFO: test052:断言响应体字段值;期望结果:51;实际结果：0
2025-03-21 15:53:33,128 - testExample.py - test_baiDuSerach_csv - 129- INFO: test052:断言响应时间;期望结果:200;实际结果：123
2025-03-21 15:53:33,155 - Example.py - baiDuSerachToken - 49- INFO: 用例id：test053:接口名称：baiDuSerach;传递token：[[126]];传递参数：python53;用例备注：测试示例断言失败
2025-03-21 15:53:33,274 - testExample.py - test_baiDuSerach_csv - 119- INFO: test053:断言响应状态码;期望结果：200;实际结果：200
2025-03-21 15:53:33,281 - testExample.py - test_baiDuSerach_csv - 124- INFO: test053:断言响应体字段值;期望结果:52;实际结果：0
2025-03-21 15:53:33,289 - testExample.py - test_baiDuSerach_csv - 129- INFO: test053:断言响应时间;期望结果:200;实际结果：115
2025-03-21 15:53:33,318 - Example.py - baiDuSerachToken - 49- INFO: 用例id：test054:接口名称：baiDuSerach;传递token：[[126]];传递参数：python54;用例备注：测试示例断言失败
2025-03-21 15:53:33,442 - testExample.py - test_baiDuSerach_csv - 119- INFO: test054:断言响应状态码;期望结果：200;实际结果：200
2025-03-21 15:53:33,449 - testExample.py - test_baiDuSerach_csv - 124- INFO: test054:断言响应体字段值;期望结果:53;实际结果：0
2025-03-21 15:53:33,457 - testExample.py - test_baiDuSerach_csv - 129- INFO: test054:断言响应时间;期望结果:200;实际结果：120
2025-03-21 15:53:33,485 - Example.py - baiDuSerachToken - 49- INFO: 用例id：test055:接口名称：baiDuSerach;传递token：[[126]];传递参数：python55;用例备注：测试示例断言失败
2025-03-21 15:53:33,611 - testExample.py - test_baiDuSerach_csv - 119- INFO: test055:断言响应状态码;期望结果：200;实际结果：200
2025-03-21 15:53:33,621 - testExample.py - test_baiDuSerach_csv - 124- INFO: test055:断言响应体字段值;期望结果:54;实际结果：0
2025-03-21 15:53:33,630 - testExample.py - test_baiDuSerach_csv - 129- INFO: test055:断言响应时间;期望结果:200;实际结果：122
2025-03-21 15:53:33,660 - Example.py - baiDuSerachToken - 49- INFO: 用例id：test056:接口名称：baiDuSerach;传递token：[[126]];传递参数：python56;用例备注：测试示例断言失败
2025-03-21 15:53:33,780 - testExample.py - test_baiDuSerach_csv - 119- INFO: test056:断言响应状态码;期望结果：200;实际结果：200
2025-03-21 15:53:33,788 - testExample.py - test_baiDuSerach_csv - 124- INFO: test056:断言响应体字段值;期望结果:55;实际结果：0
2025-03-21 15:53:33,795 - testExample.py - test_baiDuSerach_csv - 129- INFO: test056:断言响应时间;期望结果:200;实际结果：116
2025-03-21 15:53:33,865 - Example.py - baiDuSerachToken - 49- INFO: 用例id：test057:接口名称：baiDuSerach;传递token：[[126]];传递参数：python57;用例备注：测试示例断言失败
2025-03-21 15:53:33,985 - testExample.py - test_baiDuSerach_csv - 119- INFO: test057:断言响应状态码;期望结果：200;实际结果：200
2025-03-21 15:53:33,994 - testExample.py - test_baiDuSerach_csv - 124- INFO: test057:断言响应体字段值;期望结果:56;实际结果：0
2025-03-21 15:53:34,001 - testExample.py - test_baiDuSerach_csv - 129- INFO: test057:断言响应时间;期望结果:200;实际结果：116
2025-03-21 15:53:34,029 - Example.py - baiDuSerachToken - 49- INFO: 用例id：test058:接口名称：baiDuSerach;传递token：[[126]];传递参数：python58;用例备注：测试示例断言失败
2025-03-21 15:53:34,149 - testExample.py - test_baiDuSerach_csv - 119- INFO: test058:断言响应状态码;期望结果：200;实际结果：200
2025-03-21 15:53:34,157 - testExample.py - test_baiDuSerach_csv - 124- INFO: test058:断言响应体字段值;期望结果:57;实际结果：0
2025-03-21 15:53:34,165 - testExample.py - test_baiDuSerach_csv - 129- INFO: test058:断言响应时间;期望结果:200;实际结果：116
2025-03-21 15:53:34,193 - Example.py - baiDuSerachToken - 49- INFO: 用例id：test059:接口名称：baiDuSerach;传递token：[[126]];传递参数：python59;用例备注：测试示例断言失败
2025-03-21 15:53:34,327 - testExample.py - test_baiDuSerach_csv - 119- INFO: test059:断言响应状态码;期望结果：200;实际结果：200
2025-03-21 15:53:34,334 - testExample.py - test_baiDuSerach_csv - 124- INFO: test059:断言响应体字段值;期望结果:58;实际结果：0
2025-03-21 15:53:34,343 - testExample.py - test_baiDuSerach_csv - 129- INFO: test059:断言响应时间;期望结果:200;实际结果：130
2025-03-21 15:53:34,369 - Example.py - baiDuSerachToken - 49- INFO: 用例id：test060:接口名称：baiDuSerach;传递token：[[126]];传递参数：python60;用例备注：测试示例断言失败
2025-03-21 15:53:34,492 - testExample.py - test_baiDuSerach_csv - 119- INFO: test060:断言响应状态码;期望结果：200;实际结果：200
2025-03-21 15:53:34,500 - testExample.py - test_baiDuSerach_csv - 124- INFO: test060:断言响应体字段值;期望结果:59;实际结果：0
2025-03-21 15:53:34,508 - testExample.py - test_baiDuSerach_csv - 129- INFO: test060:断言响应时间;期望结果:200;实际结果：119
2025-03-21 15:53:34,539 - Example.py - baiDuSerachToken - 49- INFO: 用例id：test061:接口名称：baiDuSerach;传递token：[[126]];传递参数：python61;用例备注：测试示例断言失败
2025-03-21 15:53:34,666 - testExample.py - test_baiDuSerach_csv - 119- INFO: test061:断言响应状态码;期望结果：200;实际结果：200
2025-03-21 15:53:34,675 - testExample.py - test_baiDuSerach_csv - 124- INFO: test061:断言响应体字段值;期望结果:60;实际结果：0
2025-03-21 15:53:34,683 - testExample.py - test_baiDuSerach_csv - 129- INFO: test061:断言响应时间;期望结果:200;实际结果：123
2025-03-21 15:53:34,711 - Example.py - baiDuSerachToken - 49- INFO: 用例id：test062:接口名称：baiDuSerach;传递token：[[126]];传递参数：python62;用例备注：测试示例断言失败
2025-03-21 15:53:34,839 - testExample.py - test_baiDuSerach_csv - 119- INFO: test062:断言响应状态码;期望结果：200;实际结果：200
2025-03-21 15:53:34,847 - testExample.py - test_baiDuSerach_csv - 124- INFO: test062:断言响应体字段值;期望结果:61;实际结果：0
2025-03-21 15:53:34,855 - testExample.py - test_baiDuSerach_csv - 129- INFO: test062:断言响应时间;期望结果:200;实际结果：125
2025-03-21 15:53:34,883 - Example.py - baiDuSerachToken - 49- INFO: 用例id：test063:接口名称：baiDuSerach;传递token：[[126]];传递参数：python63;用例备注：测试示例断言失败
2025-03-21 15:53:35,008 - testExample.py - test_baiDuSerach_csv - 119- INFO: test063:断言响应状态码;期望结果：200;实际结果：200
2025-03-21 15:53:35,015 - testExample.py - test_baiDuSerach_csv - 124- INFO: test063:断言响应体字段值;期望结果:62;实际结果：0
2025-03-21 15:53:35,023 - testExample.py - test_baiDuSerach_csv - 129- INFO: test063:断言响应时间;期望结果:200;实际结果：121
2025-03-21 15:53:35,049 - Example.py - baiDuSerachToken - 49- INFO: 用例id：test064:接口名称：baiDuSerach;传递token：[[126]];传递参数：python64;用例备注：测试示例断言失败
2025-03-21 15:53:35,183 - testExample.py - test_baiDuSerach_csv - 119- INFO: test064:断言响应状态码;期望结果：200;实际结果：200
2025-03-21 15:53:35,191 - testExample.py - test_baiDuSerach_csv - 124- INFO: test064:断言响应体字段值;期望结果:63;实际结果：0
2025-03-21 15:53:35,199 - testExample.py - test_baiDuSerach_csv - 129- INFO: test064:断言响应时间;期望结果:200;实际结果：130
2025-03-21 15:53:35,232 - Example.py - baiDuSerachToken - 49- INFO: 用例id：test065:接口名称：baiDuSerach;传递token：[[126]];传递参数：python65;用例备注：测试示例断言失败
2025-03-21 15:53:35,360 - testExample.py - test_baiDuSerach_csv - 119- INFO: test065:断言响应状态码;期望结果：200;实际结果：200
2025-03-21 15:53:35,368 - testExample.py - test_baiDuSerach_csv - 124- INFO: test065:断言响应体字段值;期望结果:64;实际结果：0
2025-03-21 15:53:35,375 - testExample.py - test_baiDuSerach_csv - 129- INFO: test065:断言响应时间;期望结果:200;实际结果：125
2025-03-21 15:53:35,403 - Example.py - baiDuSerachToken - 49- INFO: 用例id：test066:接口名称：baiDuSerach;传递token：[[126]];传递参数：python66;用例备注：测试示例断言失败
2025-03-21 15:53:35,531 - testExample.py - test_baiDuSerach_csv - 119- INFO: test066:断言响应状态码;期望结果：200;实际结果：200
2025-03-21 15:53:35,539 - testExample.py - test_baiDuSerach_csv - 124- INFO: test066:断言响应体字段值;期望结果:65;实际结果：0
2025-03-21 15:53:35,547 - testExample.py - test_baiDuSerach_csv - 129- INFO: test066:断言响应时间;期望结果:200;实际结果：125
2025-03-21 15:53:35,574 - Example.py - baiDuSerachToken - 49- INFO: 用例id：test067:接口名称：baiDuSerach;传递token：[[126]];传递参数：python67;用例备注：测试示例断言失败
2025-03-21 15:53:35,695 - testExample.py - test_baiDuSerach_csv - 119- INFO: test067:断言响应状态码;期望结果：200;实际结果：200
2025-03-21 15:53:35,702 - testExample.py - test_baiDuSerach_csv - 124- INFO: test067:断言响应体字段值;期望结果:66;实际结果：0
2025-03-21 15:53:35,710 - testExample.py - test_baiDuSerach_csv - 129- INFO: test067:断言响应时间;期望结果:200;实际结果：117
2025-03-21 15:53:35,738 - Example.py - baiDuSerachToken - 49- INFO: 用例id：test068:接口名称：baiDuSerach;传递token：[[126]];传递参数：python68;用例备注：测试示例断言失败
2025-03-21 15:53:35,859 - testExample.py - test_baiDuSerach_csv - 119- INFO: test068:断言响应状态码;期望结果：200;实际结果：200
2025-03-21 15:53:35,867 - testExample.py - test_baiDuSerach_csv - 124- INFO: test068:断言响应体字段值;期望结果:67;实际结果：0
2025-03-21 15:53:35,875 - testExample.py - test_baiDuSerach_csv - 129- INFO: test068:断言响应时间;期望结果:200;实际结果：118
2025-03-21 15:53:35,949 - Example.py - baiDuSerachToken - 49- INFO: 用例id：test069:接口名称：baiDuSerach;传递token：[[126]];传递参数：python69;用例备注：测试示例断言失败
2025-03-21 15:53:36,067 - testExample.py - test_baiDuSerach_csv - 119- INFO: test069:断言响应状态码;期望结果：200;实际结果：200
2025-03-21 15:53:36,076 - testExample.py - test_baiDuSerach_csv - 124- INFO: test069:断言响应体字段值;期望结果:68;实际结果：0
2025-03-21 15:53:36,083 - testExample.py - test_baiDuSerach_csv - 129- INFO: test069:断言响应时间;期望结果:200;实际结果：115
2025-03-21 15:53:36,111 - Example.py - baiDuSerachToken - 49- INFO: 用例id：test070:接口名称：baiDuSerach;传递token：[[126]];传递参数：python70;用例备注：测试示例断言失败
2025-03-21 15:53:36,236 - testExample.py - test_baiDuSerach_csv - 119- INFO: test070:断言响应状态码;期望结果：200;实际结果：200
2025-03-21 15:53:36,244 - testExample.py - test_baiDuSerach_csv - 124- INFO: test070:断言响应体字段值;期望结果:69;实际结果：0
2025-03-21 15:53:36,251 - testExample.py - test_baiDuSerach_csv - 129- INFO: test070:断言响应时间;期望结果:200;实际结果：120
