2025-03-21 16:44:26,319 - Example.py - baiDuSerach - 67- INFO: 用例id：test001:接口名称：baiDuSerach;传递token：None;传递参数：python1;用例备注：测试示例断言成功
2025-03-21 16:44:26,445 - testExample.py - test_baiDuSerach_sheetOne - 47- INFO: test001:断言响应状态码;期望结果：200;实际结果：200
2025-03-21 16:44:26,533 - testExample.py - test_baiDuSerach_sheetOne - 52- INFO: test001:断言响应体字段值;期望结果:0;实际结果：0
2025-03-21 16:44:26,540 - testExample.py - test_baiDuSerach_sheetOne - 57- INFO: test001:断言响应时间;期望结果:200;实际结果：122
2025-03-21 16:44:26,552 - Example.py - baiDuSerach - 67- INFO: 用例id：test002:接口名称：baiDuSerach;传递token：None;传递参数：python2;用例备注：
2025-03-21 16:44:26,671 - testExample.py - test_baiDuSerach_sheetOne - 47- INFO: test002:断言响应状态码;期望结果：200;实际结果：200
2025-03-21 16:44:26,679 - testExample.py - test_baiDuSerach_sheetOne - 52- INFO: test002:断言响应体字段值;期望结果:1;实际结果：0
2025-03-21 16:44:26,686 - testExample.py - test_baiDuSerach_sheetOne - 57- INFO: test002:断言响应时间;期望结果:200;实际结果：115
2025-03-21 16:44:26,717 - Example.py - baiDuSerach - 67- INFO: 用例id：test003:接口名称：baiDuSerach;传递token：None;传递参数：python3;用例备注：测试示例断言失败
2025-03-21 16:44:26,839 - testExample.py - test_baiDuSerach_sheetOne - 47- INFO: test003:断言响应状态码;期望结果：200;实际结果：200
2025-03-21 16:44:26,848 - testExample.py - test_baiDuSerach_sheetOne - 52- INFO: test003:断言响应体字段值;期望结果:2;实际结果：0
2025-03-21 16:44:26,858 - testExample.py - test_baiDuSerach_sheetOne - 57- INFO: test003:断言响应时间;期望结果:200;实际结果：118
2025-03-21 16:44:26,887 - Example.py - baiDuSerach - 67- INFO: 用例id：test004:接口名称：baiDuSerach;传递token：None;传递参数：python4;用例备注：测试示例断言失败
2025-03-21 16:44:27,007 - testExample.py - test_baiDuSerach_sheetOne - 47- INFO: test004:断言响应状态码;期望结果：200;实际结果：200
2025-03-21 16:44:27,015 - testExample.py - test_baiDuSerach_sheetOne - 52- INFO: test004:断言响应体字段值;期望结果:3;实际结果：0
2025-03-21 16:44:27,022 - testExample.py - test_baiDuSerach_sheetOne - 57- INFO: test004:断言响应时间;期望结果:200;实际结果：117
2025-03-21 16:44:27,051 - Example.py - baiDuSerach - 67- INFO: 用例id：test005:接口名称：baiDuSerach;传递token：None;传递参数：python5;用例备注：测试示例断言失败
2025-03-21 16:44:27,175 - testExample.py - test_baiDuSerach_sheetOne - 47- INFO: test005:断言响应状态码;期望结果：200;实际结果：200
2025-03-21 16:44:27,182 - testExample.py - test_baiDuSerach_sheetOne - 52- INFO: test005:断言响应体字段值;期望结果:4;实际结果：0
2025-03-21 16:44:27,191 - testExample.py - test_baiDuSerach_sheetOne - 57- INFO: test005:断言响应时间;期望结果:200;实际结果：120
2025-03-21 16:44:27,218 - Example.py - baiDuSerach - 67- INFO: 用例id：test006:接口名称：baiDuSerach;传递token：None;传递参数：python6;用例备注：测试示例断言失败
2025-03-21 16:44:27,342 - testExample.py - test_baiDuSerach_sheetOne - 47- INFO: test006:断言响应状态码;期望结果：200;实际结果：200
2025-03-21 16:44:27,350 - testExample.py - test_baiDuSerach_sheetOne - 52- INFO: test006:断言响应体字段值;期望结果:5;实际结果：0
2025-03-21 16:44:27,358 - testExample.py - test_baiDuSerach_sheetOne - 57- INFO: test006:断言响应时间;期望结果:200;实际结果：120
2025-03-21 16:44:27,384 - Example.py - baiDuSerach - 67- INFO: 用例id：test007:接口名称：baiDuSerach;传递token：None;传递参数：python7;用例备注：测试示例断言失败
2025-03-21 16:44:27,505 - testExample.py - test_baiDuSerach_sheetOne - 47- INFO: test007:断言响应状态码;期望结果：200;实际结果：200
2025-03-21 16:44:27,513 - testExample.py - test_baiDuSerach_sheetOne - 52- INFO: test007:断言响应体字段值;期望结果:6;实际结果：0
2025-03-21 16:44:27,521 - testExample.py - test_baiDuSerach_sheetOne - 57- INFO: test007:断言响应时间;期望结果:200;实际结果：117
2025-03-21 16:44:27,549 - Example.py - baiDuSerach - 67- INFO: 用例id：test008:接口名称：baiDuSerach;传递token：None;传递参数：python8;用例备注：测试示例断言失败
2025-03-21 16:44:27,675 - testExample.py - test_baiDuSerach_sheetOne - 47- INFO: test008:断言响应状态码;期望结果：200;实际结果：200
2025-03-21 16:44:27,682 - testExample.py - test_baiDuSerach_sheetOne - 52- INFO: test008:断言响应体字段值;期望结果:7;实际结果：0
2025-03-21 16:44:27,689 - testExample.py - test_baiDuSerach_sheetOne - 57- INFO: test008:断言响应时间;期望结果:200;实际结果：121
2025-03-21 16:44:27,717 - Example.py - baiDuSerach - 67- INFO: 用例id：test009:接口名称：baiDuSerach;传递token：None;传递参数：python9;用例备注：测试示例断言失败
2025-03-21 16:44:27,838 - testExample.py - test_baiDuSerach_sheetOne - 47- INFO: test009:断言响应状态码;期望结果：200;实际结果：200
2025-03-21 16:44:27,846 - testExample.py - test_baiDuSerach_sheetOne - 52- INFO: test009:断言响应体字段值;期望结果:8;实际结果：0
2025-03-21 16:44:27,853 - testExample.py - test_baiDuSerach_sheetOne - 57- INFO: test009:断言响应时间;期望结果:200;实际结果：118
2025-03-21 16:44:27,910 - Example.py - baiDuSerach - 67- INFO: 用例id：test010:接口名称：baiDuSerach;传递token：None;传递参数：python10;用例备注：测试示例断言失败
2025-03-21 16:44:28,043 - testExample.py - test_baiDuSerach_sheetOne - 47- INFO: test010:断言响应状态码;期望结果：200;实际结果：200
2025-03-21 16:44:28,051 - testExample.py - test_baiDuSerach_sheetOne - 52- INFO: test010:断言响应体字段值;期望结果:9;实际结果：0
2025-03-21 16:44:28,058 - testExample.py - test_baiDuSerach_sheetOne - 57- INFO: test010:断言响应时间;期望结果:200;实际结果：130
2025-03-21 16:44:28,085 - Example.py - baiDuSerach - 67- INFO: 用例id：test011:接口名称：baiDuSerach;传递token：None;传递参数：python11;用例备注：测试示例断言失败
2025-03-21 16:44:28,212 - testExample.py - test_baiDuSerach_sheetOne - 47- INFO: test011:断言响应状态码;期望结果：200;实际结果：200
2025-03-21 16:44:28,220 - testExample.py - test_baiDuSerach_sheetOne - 52- INFO: test011:断言响应体字段值;期望结果:10;实际结果：0
2025-03-21 16:44:28,228 - testExample.py - test_baiDuSerach_sheetOne - 57- INFO: test011:断言响应时间;期望结果:200;实际结果：123
2025-03-21 16:44:28,255 - Example.py - baiDuSerach - 67- INFO: 用例id：test012:接口名称：baiDuSerach;传递token：None;传递参数：python12;用例备注：测试示例断言失败
2025-03-21 16:44:28,384 - testExample.py - test_baiDuSerach_sheetOne - 47- INFO: test012:断言响应状态码;期望结果：200;实际结果：200
2025-03-21 16:44:28,392 - testExample.py - test_baiDuSerach_sheetOne - 52- INFO: test012:断言响应体字段值;期望结果:11;实际结果：0
2025-03-21 16:44:28,400 - testExample.py - test_baiDuSerach_sheetOne - 57- INFO: test012:断言响应时间;期望结果:200;实际结果：125
2025-03-21 16:44:28,427 - Example.py - baiDuSerach - 67- INFO: 用例id：test013:接口名称：baiDuSerach;传递token：None;传递参数：python13;用例备注：测试示例断言失败
2025-03-21 16:44:28,551 - testExample.py - test_baiDuSerach_sheetOne - 47- INFO: test013:断言响应状态码;期望结果：200;实际结果：200
2025-03-21 16:44:28,559 - testExample.py - test_baiDuSerach_sheetOne - 52- INFO: test013:断言响应体字段值;期望结果:12;实际结果：0
2025-03-21 16:44:28,567 - testExample.py - test_baiDuSerach_sheetOne - 57- INFO: test013:断言响应时间;期望结果:200;实际结果：120
2025-03-21 16:44:28,593 - Example.py - baiDuSerach - 67- INFO: 用例id：test014:接口名称：baiDuSerach;传递token：None;传递参数：python14;用例备注：测试示例断言失败
2025-03-21 16:44:28,716 - testExample.py - test_baiDuSerach_sheetOne - 47- INFO: test014:断言响应状态码;期望结果：200;实际结果：200
2025-03-21 16:44:28,724 - testExample.py - test_baiDuSerach_sheetOne - 52- INFO: test014:断言响应体字段值;期望结果:13;实际结果：0
2025-03-21 16:44:28,731 - testExample.py - test_baiDuSerach_sheetOne - 57- INFO: test014:断言响应时间;期望结果:200;实际结果：120
2025-03-21 16:44:28,759 - Example.py - baiDuSerach - 67- INFO: 用例id：test015:接口名称：baiDuSerach;传递token：None;传递参数：python15;用例备注：测试示例断言失败
2025-03-21 16:44:28,887 - testExample.py - test_baiDuSerach_sheetOne - 47- INFO: test015:断言响应状态码;期望结果：200;实际结果：200
2025-03-21 16:44:28,895 - testExample.py - test_baiDuSerach_sheetOne - 52- INFO: test015:断言响应体字段值;期望结果:14;实际结果：0
2025-03-21 16:44:28,902 - testExample.py - test_baiDuSerach_sheetOne - 57- INFO: test015:断言响应时间;期望结果:200;实际结果：125
2025-03-21 16:44:28,930 - Example.py - baiDuSerach - 67- INFO: 用例id：test016:接口名称：baiDuSerach;传递token：None;传递参数：python16;用例备注：测试示例断言失败
2025-03-21 16:44:29,046 - testExample.py - test_baiDuSerach_sheetOne - 47- INFO: test016:断言响应状态码;期望结果：200;实际结果：200
2025-03-21 16:44:29,054 - testExample.py - test_baiDuSerach_sheetOne - 52- INFO: test016:断言响应体字段值;期望结果:15;实际结果：0
2025-03-21 16:44:29,061 - testExample.py - test_baiDuSerach_sheetOne - 57- INFO: test016:断言响应时间;期望结果:200;实际结果：113
2025-03-21 16:44:29,088 - Example.py - baiDuSerach - 67- INFO: 用例id：test017:接口名称：baiDuSerach;传递token：None;传递参数：python17;用例备注：测试示例断言失败
2025-03-21 16:44:29,209 - testExample.py - test_baiDuSerach_sheetOne - 47- INFO: test017:断言响应状态码;期望结果：200;实际结果：200
2025-03-21 16:44:29,216 - testExample.py - test_baiDuSerach_sheetOne - 52- INFO: test017:断言响应体字段值;期望结果:16;实际结果：0
2025-03-21 16:44:29,224 - testExample.py - test_baiDuSerach_sheetOne - 57- INFO: test017:断言响应时间;期望结果:200;实际结果：117
2025-03-21 16:44:29,251 - Example.py - baiDuSerach - 67- INFO: 用例id：test018:接口名称：baiDuSerach;传递token：None;传递参数：python18;用例备注：测试示例断言失败
2025-03-21 16:44:29,377 - testExample.py - test_baiDuSerach_sheetOne - 47- INFO: test018:断言响应状态码;期望结果：200;实际结果：200
2025-03-21 16:44:29,385 - testExample.py - test_baiDuSerach_sheetOne - 52- INFO: test018:断言响应体字段值;期望结果:17;实际结果：0
2025-03-21 16:44:29,393 - testExample.py - test_baiDuSerach_sheetOne - 57- INFO: test018:断言响应时间;期望结果:200;实际结果：122
2025-03-21 16:44:29,421 - Example.py - baiDuSerach - 67- INFO: 用例id：test019:接口名称：baiDuSerach;传递token：None;传递参数：python19;用例备注：测试示例断言失败
2025-03-21 16:44:29,552 - testExample.py - test_baiDuSerach_sheetOne - 47- INFO: test019:断言响应状态码;期望结果：200;实际结果：200
2025-03-21 16:44:29,560 - testExample.py - test_baiDuSerach_sheetOne - 52- INFO: test019:断言响应体字段值;期望结果:18;实际结果：0
2025-03-21 16:44:29,568 - testExample.py - test_baiDuSerach_sheetOne - 57- INFO: test019:断言响应时间;期望结果:200;实际结果：127
2025-03-21 16:44:29,594 - Example.py - baiDuSerach - 67- INFO: 用例id：test020:接口名称：baiDuSerach;传递token：None;传递参数：python20;用例备注：测试示例断言失败
2025-03-21 16:44:29,718 - testExample.py - test_baiDuSerach_sheetOne - 47- INFO: test020:断言响应状态码;期望结果：200;实际结果：200
2025-03-21 16:44:29,726 - testExample.py - test_baiDuSerach_sheetOne - 52- INFO: test020:断言响应体字段值;期望结果:19;实际结果：0
2025-03-21 16:44:29,735 - testExample.py - test_baiDuSerach_sheetOne - 57- INFO: test020:断言响应时间;期望结果:200;实际结果：121
2025-03-21 16:44:29,761 - Example.py - baiDuSerach - 67- INFO: 用例id：test021:接口名称：baiDuSerach;传递token：None;传递参数：python21;用例备注：测试示例断言失败
2025-03-21 16:44:29,883 - testExample.py - test_baiDuSerach_sheetOne - 47- INFO: test021:断言响应状态码;期望结果：200;实际结果：200
2025-03-21 16:44:29,891 - testExample.py - test_baiDuSerach_sheetOne - 52- INFO: test021:断言响应体字段值;期望结果:20;实际结果：0
2025-03-21 16:44:29,899 - testExample.py - test_baiDuSerach_sheetOne - 57- INFO: test021:断言响应时间;期望结果:200;实际结果：119
2025-03-21 16:44:29,960 - Example.py - baiDuSerach - 67- INFO: 用例id：test022:接口名称：baiDuSerach;传递token：None;传递参数：python22;用例备注：测试示例断言失败
2025-03-21 16:44:30,079 - testExample.py - test_baiDuSerach_sheetOne - 47- INFO: test022:断言响应状态码;期望结果：200;实际结果：200
2025-03-21 16:44:30,086 - testExample.py - test_baiDuSerach_sheetOne - 52- INFO: test022:断言响应体字段值;期望结果:21;实际结果：0
2025-03-21 16:44:30,095 - testExample.py - test_baiDuSerach_sheetOne - 57- INFO: test022:断言响应时间;期望结果:200;实际结果：115
2025-03-21 16:44:30,125 - Example.py - baiDuSerach - 67- INFO: 用例id：test023:接口名称：baiDuSerach;传递token：None;传递参数：python23;用例备注：测试示例断言失败
2025-03-21 16:44:30,255 - testExample.py - test_baiDuSerach_sheetOne - 47- INFO: test023:断言响应状态码;期望结果：200;实际结果：200
2025-03-21 16:44:30,263 - testExample.py - test_baiDuSerach_sheetOne - 52- INFO: test023:断言响应体字段值;期望结果:22;实际结果：0
2025-03-21 16:44:30,271 - testExample.py - test_baiDuSerach_sheetOne - 57- INFO: test023:断言响应时间;期望结果:200;实际结果：126
2025-03-21 16:44:30,298 - Example.py - baiDuSerach - 67- INFO: 用例id：test024:接口名称：baiDuSerach;传递token：None;传递参数：python24;用例备注：测试示例断言失败
2025-03-21 16:44:30,418 - testExample.py - test_baiDuSerach_sheetOne - 47- INFO: test024:断言响应状态码;期望结果：200;实际结果：200
2025-03-21 16:44:30,425 - testExample.py - test_baiDuSerach_sheetOne - 52- INFO: test024:断言响应体字段值;期望结果:23;实际结果：0
2025-03-21 16:44:30,433 - testExample.py - test_baiDuSerach_sheetOne - 57- INFO: test024:断言响应时间;期望结果:200;实际结果：116
2025-03-21 16:44:30,460 - Example.py - baiDuSerach - 67- INFO: 用例id：test025:接口名称：baiDuSerach;传递token：None;传递参数：python25;用例备注：测试示例断言失败
2025-03-21 16:44:30,582 - testExample.py - test_baiDuSerach_sheetOne - 47- INFO: test025:断言响应状态码;期望结果：200;实际结果：200
2025-03-21 16:44:30,591 - testExample.py - test_baiDuSerach_sheetOne - 52- INFO: test025:断言响应体字段值;期望结果:24;实际结果：0
2025-03-21 16:44:30,600 - testExample.py - test_baiDuSerach_sheetOne - 57- INFO: test025:断言响应时间;期望结果:200;实际结果：119
2025-03-21 16:44:30,630 - Example.py - baiDuSerach - 67- INFO: 用例id：test026:接口名称：baiDuSerach;传递token：None;传递参数：python26;用例备注：测试示例断言失败
2025-03-21 16:44:30,754 - testExample.py - test_baiDuSerach_sheetOne - 47- INFO: test026:断言响应状态码;期望结果：200;实际结果：200
2025-03-21 16:44:30,763 - testExample.py - test_baiDuSerach_sheetOne - 52- INFO: test026:断言响应体字段值;期望结果:25;实际结果：0
2025-03-21 16:44:30,771 - testExample.py - test_baiDuSerach_sheetOne - 57- INFO: test026:断言响应时间;期望结果:200;实际结果：120
2025-03-21 16:44:30,798 - Example.py - baiDuSerach - 67- INFO: 用例id：test027:接口名称：baiDuSerach;传递token：None;传递参数：python27;用例备注：测试示例断言失败
2025-03-21 16:44:31,234 - testExample.py - test_baiDuSerach_sheetOne - 47- INFO: test027:断言响应状态码;期望结果：200;实际结果：200
2025-03-21 16:44:31,241 - testExample.py - test_baiDuSerach_sheetOne - 52- INFO: test027:断言响应体字段值;期望结果:26;实际结果：0
2025-03-21 16:44:31,249 - testExample.py - test_baiDuSerach_sheetOne - 57- INFO: test027:断言响应时间;期望结果:200;实际结果：433
2025-03-21 16:44:31,276 - Example.py - baiDuSerach - 67- INFO: 用例id：test028:接口名称：baiDuSerach;传递token：None;传递参数：python28;用例备注：测试示例断言失败
2025-03-21 16:44:31,400 - testExample.py - test_baiDuSerach_sheetOne - 47- INFO: test028:断言响应状态码;期望结果：200;实际结果：200
2025-03-21 16:44:31,407 - testExample.py - test_baiDuSerach_sheetOne - 52- INFO: test028:断言响应体字段值;期望结果:27;实际结果：0
2025-03-21 16:44:31,417 - testExample.py - test_baiDuSerach_sheetOne - 57- INFO: test028:断言响应时间;期望结果:200;实际结果：119
2025-03-21 16:44:31,444 - Example.py - baiDuSerach - 67- INFO: 用例id：test029:接口名称：baiDuSerach;传递token：None;传递参数：python29;用例备注：测试示例断言失败
2025-03-21 16:44:31,570 - testExample.py - test_baiDuSerach_sheetOne - 47- INFO: test029:断言响应状态码;期望结果：200;实际结果：200
2025-03-21 16:44:31,578 - testExample.py - test_baiDuSerach_sheetOne - 52- INFO: test029:断言响应体字段值;期望结果:28;实际结果：0
2025-03-21 16:44:31,586 - testExample.py - test_baiDuSerach_sheetOne - 57- INFO: test029:断言响应时间;期望结果:200;实际结果：123
2025-03-21 16:44:31,612 - Example.py - baiDuSerach - 67- INFO: 用例id：test030:接口名称：baiDuSerach;传递token：None;传递参数：python30;用例备注：测试示例断言失败
2025-03-21 16:44:31,731 - testExample.py - test_baiDuSerach_sheetOne - 47- INFO: test030:断言响应状态码;期望结果：200;实际结果：200
2025-03-21 16:44:31,739 - testExample.py - test_baiDuSerach_sheetOne - 52- INFO: test030:断言响应体字段值;期望结果:29;实际结果：0
2025-03-21 16:44:31,748 - testExample.py - test_baiDuSerach_sheetOne - 57- INFO: test030:断言响应时间;期望结果:200;实际结果：115
2025-03-21 16:44:31,780 - Example.py - baiDuSerach - 67- INFO: 用例id：test031:接口名称：baiDuSerach;传递token：None;传递参数：python31;用例备注：测试示例断言失败
2025-03-21 16:44:31,907 - testExample.py - test_baiDuSerach_sheetOne - 47- INFO: test031:断言响应状态码;期望结果：200;实际结果：200
2025-03-21 16:44:31,915 - testExample.py - test_baiDuSerach_sheetOne - 52- INFO: test031:断言响应体字段值;期望结果:30;实际结果：0
2025-03-21 16:44:31,926 - testExample.py - test_baiDuSerach_sheetOne - 57- INFO: test031:断言响应时间;期望结果:200;实际结果：123
2025-03-21 16:44:31,953 - Example.py - baiDuSerach - 67- INFO: 用例id：test032:接口名称：baiDuSerach;传递token：None;传递参数：python32;用例备注：测试示例断言失败
2025-03-21 16:44:32,072 - testExample.py - test_baiDuSerach_sheetOne - 47- INFO: test032:断言响应状态码;期望结果：200;实际结果：200
2025-03-21 16:44:32,080 - testExample.py - test_baiDuSerach_sheetOne - 52- INFO: test032:断言响应体字段值;期望结果:31;实际结果：0
2025-03-21 16:44:32,088 - testExample.py - test_baiDuSerach_sheetOne - 57- INFO: test032:断言响应时间;期望结果:200;实际结果：116
2025-03-21 16:44:32,114 - Example.py - baiDuSerach - 67- INFO: 用例id：test033:接口名称：baiDuSerach;传递token：None;传递参数：python33;用例备注：测试示例断言失败
2025-03-21 16:44:32,239 - testExample.py - test_baiDuSerach_sheetOne - 47- INFO: test033:断言响应状态码;期望结果：200;实际结果：200
2025-03-21 16:44:32,247 - testExample.py - test_baiDuSerach_sheetOne - 52- INFO: test033:断言响应体字段值;期望结果:32;实际结果：0
2025-03-21 16:44:32,254 - testExample.py - test_baiDuSerach_sheetOne - 57- INFO: test033:断言响应时间;期望结果:200;实际结果：121
2025-03-21 16:44:32,314 - Example.py - baiDuSerach - 67- INFO: 用例id：test034:接口名称：baiDuSerach;传递token：None;传递参数：python34;用例备注：测试示例断言失败
2025-03-21 16:44:32,432 - testExample.py - test_baiDuSerach_sheetOne - 47- INFO: test034:断言响应状态码;期望结果：200;实际结果：200
2025-03-21 16:44:32,440 - testExample.py - test_baiDuSerach_sheetOne - 52- INFO: test034:断言响应体字段值;期望结果:33;实际结果：0
2025-03-21 16:44:32,448 - testExample.py - test_baiDuSerach_sheetOne - 57- INFO: test034:断言响应时间;期望结果:200;实际结果：114
2025-03-21 16:44:32,474 - Example.py - baiDuSerach - 67- INFO: 用例id：test035:接口名称：baiDuSerach;传递token：None;传递参数：python35;用例备注：测试示例断言失败
2025-03-21 16:44:32,600 - testExample.py - test_baiDuSerach_sheetOne - 47- INFO: test035:断言响应状态码;期望结果：200;实际结果：200
2025-03-21 16:44:32,608 - testExample.py - test_baiDuSerach_sheetOne - 52- INFO: test035:断言响应体字段值;期望结果:34;实际结果：0
2025-03-21 16:44:32,616 - testExample.py - test_baiDuSerach_sheetOne - 57- INFO: test035:断言响应时间;期望结果:200;实际结果：122
2025-03-21 16:44:32,642 - Example.py - baiDuSerach - 67- INFO: 用例id：test036:接口名称：baiDuSerach;传递token：None;传递参数：python36;用例备注：测试示例断言失败
2025-03-21 16:44:32,783 - testExample.py - test_baiDuSerach_sheetOne - 47- INFO: test036:断言响应状态码;期望结果：200;实际结果：200
2025-03-21 16:44:32,790 - testExample.py - test_baiDuSerach_sheetOne - 52- INFO: test036:断言响应体字段值;期望结果:35;实际结果：0
2025-03-21 16:44:32,798 - testExample.py - test_baiDuSerach_sheetOne - 57- INFO: test036:断言响应时间;期望结果:200;实际结果：136
2025-03-21 16:44:32,824 - Example.py - baiDuSerach - 67- INFO: 用例id：test037:接口名称：baiDuSerach;传递token：None;传递参数：python37;用例备注：测试示例断言失败
2025-03-21 16:44:32,942 - testExample.py - test_baiDuSerach_sheetOne - 47- INFO: test037:断言响应状态码;期望结果：200;实际结果：200
2025-03-21 16:44:32,950 - testExample.py - test_baiDuSerach_sheetOne - 52- INFO: test037:断言响应体字段值;期望结果:36;实际结果：0
2025-03-21 16:44:32,959 - testExample.py - test_baiDuSerach_sheetOne - 57- INFO: test037:断言响应时间;期望结果:200;实际结果：114
2025-03-21 16:44:32,986 - Example.py - baiDuSerach - 67- INFO: 用例id：test038:接口名称：baiDuSerach;传递token：None;传递参数：python38;用例备注：测试示例断言失败
2025-03-21 16:44:33,108 - testExample.py - test_baiDuSerach_sheetOne - 47- INFO: test038:断言响应状态码;期望结果：200;实际结果：200
2025-03-21 16:44:33,116 - testExample.py - test_baiDuSerach_sheetOne - 52- INFO: test038:断言响应体字段值;期望结果:37;实际结果：0
2025-03-21 16:44:33,125 - testExample.py - test_baiDuSerach_sheetOne - 57- INFO: test038:断言响应时间;期望结果:200;实际结果：118
2025-03-21 16:44:33,152 - Example.py - baiDuSerach - 67- INFO: 用例id：test039:接口名称：baiDuSerach;传递token：None;传递参数：python39;用例备注：测试示例断言失败
2025-03-21 16:44:33,279 - testExample.py - test_baiDuSerach_sheetOne - 47- INFO: test039:断言响应状态码;期望结果：200;实际结果：200
2025-03-21 16:44:33,287 - testExample.py - test_baiDuSerach_sheetOne - 52- INFO: test039:断言响应体字段值;期望结果:38;实际结果：0
2025-03-21 16:44:33,294 - testExample.py - test_baiDuSerach_sheetOne - 57- INFO: test039:断言响应时间;期望结果:200;实际结果：123
2025-03-21 16:44:33,321 - Example.py - baiDuSerach - 67- INFO: 用例id：test040:接口名称：baiDuSerach;传递token：None;传递参数：python40;用例备注：测试示例断言失败
2025-03-21 16:44:33,454 - testExample.py - test_baiDuSerach_sheetOne - 47- INFO: test040:断言响应状态码;期望结果：200;实际结果：200
2025-03-21 16:44:33,463 - testExample.py - test_baiDuSerach_sheetOne - 52- INFO: test040:断言响应体字段值;期望结果:39;实际结果：0
2025-03-21 16:44:33,471 - testExample.py - test_baiDuSerach_sheetOne - 57- INFO: test040:断言响应时间;期望结果:200;实际结果：129
2025-03-21 16:44:33,498 - Example.py - baiDuSerach - 67- INFO: 用例id：test041:接口名称：baiDuSerach;传递token：None;传递参数：python41;用例备注：测试示例断言失败
2025-03-21 16:44:33,629 - testExample.py - test_baiDuSerach_sheetOne - 47- INFO: test041:断言响应状态码;期望结果：200;实际结果：200
2025-03-21 16:44:33,637 - testExample.py - test_baiDuSerach_sheetOne - 52- INFO: test041:断言响应体字段值;期望结果:40;实际结果：0
2025-03-21 16:44:33,644 - testExample.py - test_baiDuSerach_sheetOne - 57- INFO: test041:断言响应时间;期望结果:200;实际结果：127
2025-03-21 16:44:33,671 - Example.py - baiDuSerach - 67- INFO: 用例id：test042:接口名称：baiDuSerach;传递token：None;传递参数：python42;用例备注：测试示例断言失败
2025-03-21 16:44:33,794 - testExample.py - test_baiDuSerach_sheetOne - 47- INFO: test042:断言响应状态码;期望结果：200;实际结果：200
2025-03-21 16:44:33,802 - testExample.py - test_baiDuSerach_sheetOne - 52- INFO: test042:断言响应体字段值;期望结果:41;实际结果：0
2025-03-21 16:44:33,810 - testExample.py - test_baiDuSerach_sheetOne - 57- INFO: test042:断言响应时间;期望结果:200;实际结果：119
2025-03-21 16:44:33,837 - Example.py - baiDuSerach - 67- INFO: 用例id：test043:接口名称：baiDuSerach;传递token：None;传递参数：python43;用例备注：测试示例断言失败
2025-03-21 16:44:33,962 - testExample.py - test_baiDuSerach_sheetOne - 47- INFO: test043:断言响应状态码;期望结果：200;实际结果：200
2025-03-21 16:44:33,971 - testExample.py - test_baiDuSerach_sheetOne - 52- INFO: test043:断言响应体字段值;期望结果:42;实际结果：0
2025-03-21 16:44:33,978 - testExample.py - test_baiDuSerach_sheetOne - 57- INFO: test043:断言响应时间;期望结果:200;实际结果：121
2025-03-21 16:44:34,008 - Example.py - baiDuSerach - 67- INFO: 用例id：test044:接口名称：baiDuSerach;传递token：None;传递参数：python44;用例备注：测试示例断言失败
2025-03-21 16:44:34,136 - testExample.py - test_baiDuSerach_sheetOne - 47- INFO: test044:断言响应状态码;期望结果：200;实际结果：200
2025-03-21 16:44:34,144 - testExample.py - test_baiDuSerach_sheetOne - 52- INFO: test044:断言响应体字段值;期望结果:43;实际结果：0
2025-03-21 16:44:34,152 - testExample.py - test_baiDuSerach_sheetOne - 57- INFO: test044:断言响应时间;期望结果:200;实际结果：124
2025-03-21 16:44:34,179 - Example.py - baiDuSerach - 67- INFO: 用例id：test045:接口名称：baiDuSerach;传递token：None;传递参数：python45;用例备注：测试示例断言失败
2025-03-21 16:44:34,392 - testExample.py - test_baiDuSerach_sheetOne - 47- INFO: test045:断言响应状态码;期望结果：200;实际结果：200
2025-03-21 16:44:34,400 - testExample.py - test_baiDuSerach_sheetOne - 52- INFO: test045:断言响应体字段值;期望结果:44;实际结果：0
2025-03-21 16:44:34,408 - testExample.py - test_baiDuSerach_sheetOne - 57- INFO: test045:断言响应时间;期望结果:200;实际结果：209
2025-03-21 16:44:34,435 - Example.py - baiDuSerach - 67- INFO: 用例id：test046:接口名称：baiDuSerach;传递token：None;传递参数：python46;用例备注：测试示例断言失败
2025-03-21 16:44:34,557 - testExample.py - test_baiDuSerach_sheetOne - 47- INFO: test046:断言响应状态码;期望结果：200;实际结果：200
2025-03-21 16:44:34,564 - testExample.py - test_baiDuSerach_sheetOne - 52- INFO: test046:断言响应体字段值;期望结果:45;实际结果：0
2025-03-21 16:44:34,572 - testExample.py - test_baiDuSerach_sheetOne - 57- INFO: test046:断言响应时间;期望结果:200;实际结果：118
2025-03-21 16:44:34,634 - Example.py - baiDuSerach - 67- INFO: 用例id：test047:接口名称：baiDuSerach;传递token：None;传递参数：python47;用例备注：测试示例断言失败
2025-03-21 16:44:34,762 - testExample.py - test_baiDuSerach_sheetOne - 47- INFO: test047:断言响应状态码;期望结果：200;实际结果：200
2025-03-21 16:44:34,770 - testExample.py - test_baiDuSerach_sheetOne - 52- INFO: test047:断言响应体字段值;期望结果:46;实际结果：0
2025-03-21 16:44:34,777 - testExample.py - test_baiDuSerach_sheetOne - 57- INFO: test047:断言响应时间;期望结果:200;实际结果：124
2025-03-21 16:44:34,805 - Example.py - baiDuSerach - 67- INFO: 用例id：test048:接口名称：baiDuSerach;传递token：None;传递参数：python48;用例备注：测试示例断言失败
2025-03-21 16:44:34,929 - testExample.py - test_baiDuSerach_sheetOne - 47- INFO: test048:断言响应状态码;期望结果：200;实际结果：200
2025-03-21 16:44:34,936 - testExample.py - test_baiDuSerach_sheetOne - 52- INFO: test048:断言响应体字段值;期望结果:47;实际结果：0
2025-03-21 16:44:34,944 - testExample.py - test_baiDuSerach_sheetOne - 57- INFO: test048:断言响应时间;期望结果:200;实际结果：121
2025-03-21 16:44:34,971 - Example.py - baiDuSerach - 67- INFO: 用例id：test049:接口名称：baiDuSerach;传递token：None;传递参数：python49;用例备注：测试示例断言失败
2025-03-21 16:44:35,101 - testExample.py - test_baiDuSerach_sheetOne - 47- INFO: test049:断言响应状态码;期望结果：200;实际结果：200
2025-03-21 16:44:35,109 - testExample.py - test_baiDuSerach_sheetOne - 52- INFO: test049:断言响应体字段值;期望结果:48;实际结果：0
2025-03-21 16:44:35,118 - testExample.py - test_baiDuSerach_sheetOne - 57- INFO: test049:断言响应时间;期望结果:200;实际结果：127
2025-03-21 16:44:35,145 - Example.py - baiDuSerach - 67- INFO: 用例id：test050:接口名称：baiDuSerach;传递token：None;传递参数：python50;用例备注：测试示例断言失败
2025-03-21 16:44:35,268 - testExample.py - test_baiDuSerach_sheetOne - 47- INFO: test050:断言响应状态码;期望结果：200;实际结果：200
2025-03-21 16:44:35,276 - testExample.py - test_baiDuSerach_sheetOne - 52- INFO: test050:断言响应体字段值;期望结果:49;实际结果：0
2025-03-21 16:44:35,285 - testExample.py - test_baiDuSerach_sheetOne - 57- INFO: test050:断言响应时间;期望结果:200;实际结果：120
2025-03-21 16:44:35,312 - Example.py - baiDuSerach - 67- INFO: 用例id：test051:接口名称：baiDuSerach;传递token：None;传递参数：python51;用例备注：测试示例断言失败
2025-03-21 16:44:35,448 - testExample.py - test_baiDuSerach_sheetOne - 47- INFO: test051:断言响应状态码;期望结果：200;实际结果：200
2025-03-21 16:44:35,456 - testExample.py - test_baiDuSerach_sheetOne - 52- INFO: test051:断言响应体字段值;期望结果:50;实际结果：0
2025-03-21 16:44:35,464 - testExample.py - test_baiDuSerach_sheetOne - 57- INFO: test051:断言响应时间;期望结果:200;实际结果：132
2025-03-21 16:44:35,492 - Example.py - baiDuSerach - 67- INFO: 用例id：test052:接口名称：baiDuSerach;传递token：None;传递参数：python52;用例备注：测试示例断言失败
2025-03-21 16:44:35,613 - testExample.py - test_baiDuSerach_sheetOne - 47- INFO: test052:断言响应状态码;期望结果：200;实际结果：200
2025-03-21 16:44:35,621 - testExample.py - test_baiDuSerach_sheetOne - 52- INFO: test052:断言响应体字段值;期望结果:51;实际结果：0
2025-03-21 16:44:35,629 - testExample.py - test_baiDuSerach_sheetOne - 57- INFO: test052:断言响应时间;期望结果:200;实际结果：119
2025-03-21 16:44:35,656 - Example.py - baiDuSerach - 67- INFO: 用例id：test053:接口名称：baiDuSerach;传递token：None;传递参数：python53;用例备注：测试示例断言失败
2025-03-21 16:44:35,800 - testExample.py - test_baiDuSerach_sheetOne - 47- INFO: test053:断言响应状态码;期望结果：200;实际结果：200
2025-03-21 16:44:35,807 - testExample.py - test_baiDuSerach_sheetOne - 52- INFO: test053:断言响应体字段值;期望结果:52;实际结果：0
2025-03-21 16:44:35,815 - testExample.py - test_baiDuSerach_sheetOne - 57- INFO: test053:断言响应时间;期望结果:200;实际结果：140
2025-03-21 16:44:35,843 - Example.py - baiDuSerach - 67- INFO: 用例id：test054:接口名称：baiDuSerach;传递token：None;传递参数：python54;用例备注：测试示例断言失败
2025-03-21 16:44:35,963 - testExample.py - test_baiDuSerach_sheetOne - 47- INFO: test054:断言响应状态码;期望结果：200;实际结果：200
2025-03-21 16:44:35,971 - testExample.py - test_baiDuSerach_sheetOne - 52- INFO: test054:断言响应体字段值;期望结果:53;实际结果：0
2025-03-21 16:44:35,979 - testExample.py - test_baiDuSerach_sheetOne - 57- INFO: test054:断言响应时间;期望结果:200;实际结果：117
2025-03-21 16:44:36,006 - Example.py - baiDuSerach - 67- INFO: 用例id：test055:接口名称：baiDuSerach;传递token：None;传递参数：python55;用例备注：测试示例断言失败
2025-03-21 16:44:36,132 - testExample.py - test_baiDuSerach_sheetOne - 47- INFO: test055:断言响应状态码;期望结果：200;实际结果：200
2025-03-21 16:44:36,139 - testExample.py - test_baiDuSerach_sheetOne - 52- INFO: test055:断言响应体字段值;期望结果:54;实际结果：0
2025-03-21 16:44:36,147 - testExample.py - test_baiDuSerach_sheetOne - 57- INFO: test055:断言响应时间;期望结果:200;实际结果：122
2025-03-21 16:44:36,174 - Example.py - baiDuSerach - 67- INFO: 用例id：test056:接口名称：baiDuSerach;传递token：None;传递参数：python56;用例备注：测试示例断言失败
2025-03-21 16:44:36,296 - testExample.py - test_baiDuSerach_sheetOne - 47- INFO: test056:断言响应状态码;期望结果：200;实际结果：200
2025-03-21 16:44:36,303 - testExample.py - test_baiDuSerach_sheetOne - 52- INFO: test056:断言响应体字段值;期望结果:55;实际结果：0
2025-03-21 16:44:36,310 - testExample.py - test_baiDuSerach_sheetOne - 57- INFO: test056:断言响应时间;期望结果:200;实际结果：118
2025-03-21 16:44:36,339 - Example.py - baiDuSerach - 67- INFO: 用例id：test057:接口名称：baiDuSerach;传递token：None;传递参数：python57;用例备注：测试示例断言失败
2025-03-21 16:44:36,461 - testExample.py - test_baiDuSerach_sheetOne - 47- INFO: test057:断言响应状态码;期望结果：200;实际结果：200
2025-03-21 16:44:36,469 - testExample.py - test_baiDuSerach_sheetOne - 52- INFO: test057:断言响应体字段值;期望结果:56;实际结果：0
2025-03-21 16:44:36,476 - testExample.py - test_baiDuSerach_sheetOne - 57- INFO: test057:断言响应时间;期望结果:200;实际结果：118
2025-03-21 16:44:36,503 - Example.py - baiDuSerach - 67- INFO: 用例id：test058:接口名称：baiDuSerach;传递token：None;传递参数：python58;用例备注：测试示例断言失败
2025-03-21 16:44:36,621 - testExample.py - test_baiDuSerach_sheetOne - 47- INFO: test058:断言响应状态码;期望结果：200;实际结果：200
2025-03-21 16:44:36,629 - testExample.py - test_baiDuSerach_sheetOne - 52- INFO: test058:断言响应体字段值;期望结果:57;实际结果：0
2025-03-21 16:44:36,636 - testExample.py - test_baiDuSerach_sheetOne - 57- INFO: test058:断言响应时间;期望结果:200;实际结果：114
2025-03-21 16:44:36,702 - Example.py - baiDuSerach - 67- INFO: 用例id：test059:接口名称：baiDuSerach;传递token：None;传递参数：python59;用例备注：测试示例断言失败
2025-03-21 16:44:36,850 - testExample.py - test_baiDuSerach_sheetOne - 47- INFO: test059:断言响应状态码;期望结果：200;实际结果：200
2025-03-21 16:44:36,857 - testExample.py - test_baiDuSerach_sheetOne - 52- INFO: test059:断言响应体字段值;期望结果:58;实际结果：0
2025-03-21 16:44:36,865 - testExample.py - test_baiDuSerach_sheetOne - 57- INFO: test059:断言响应时间;期望结果:200;实际结果：143
2025-03-21 16:44:36,891 - Example.py - baiDuSerach - 67- INFO: 用例id：test060:接口名称：baiDuSerach;传递token：None;传递参数：python60;用例备注：测试示例断言失败
2025-03-21 16:44:37,012 - testExample.py - test_baiDuSerach_sheetOne - 47- INFO: test060:断言响应状态码;期望结果：200;实际结果：200
2025-03-21 16:44:37,019 - testExample.py - test_baiDuSerach_sheetOne - 52- INFO: test060:断言响应体字段值;期望结果:59;实际结果：0
2025-03-21 16:44:37,027 - testExample.py - test_baiDuSerach_sheetOne - 57- INFO: test060:断言响应时间;期望结果:200;实际结果：116
2025-03-21 16:44:37,053 - Example.py - baiDuSerach - 67- INFO: 用例id：test061:接口名称：baiDuSerach;传递token：None;传递参数：python61;用例备注：测试示例断言失败
2025-03-21 16:44:37,178 - testExample.py - test_baiDuSerach_sheetOne - 47- INFO: test061:断言响应状态码;期望结果：200;实际结果：200
2025-03-21 16:44:37,186 - testExample.py - test_baiDuSerach_sheetOne - 52- INFO: test061:断言响应体字段值;期望结果:60;实际结果：0
2025-03-21 16:44:37,193 - testExample.py - test_baiDuSerach_sheetOne - 57- INFO: test061:断言响应时间;期望结果:200;实际结果：121
2025-03-21 16:44:37,222 - Example.py - baiDuSerach - 67- INFO: 用例id：test062:接口名称：baiDuSerach;传递token：None;传递参数：python62;用例备注：测试示例断言失败
2025-03-21 16:44:37,342 - testExample.py - test_baiDuSerach_sheetOne - 47- INFO: test062:断言响应状态码;期望结果：200;实际结果：200
2025-03-21 16:44:37,350 - testExample.py - test_baiDuSerach_sheetOne - 52- INFO: test062:断言响应体字段值;期望结果:61;实际结果：0
2025-03-21 16:44:37,358 - testExample.py - test_baiDuSerach_sheetOne - 57- INFO: test062:断言响应时间;期望结果:200;实际结果：117
2025-03-21 16:44:37,384 - Example.py - baiDuSerach - 67- INFO: 用例id：test063:接口名称：baiDuSerach;传递token：None;传递参数：python63;用例备注：测试示例断言失败
2025-03-21 16:44:37,505 - testExample.py - test_baiDuSerach_sheetOne - 47- INFO: test063:断言响应状态码;期望结果：200;实际结果：200
2025-03-21 16:44:37,513 - testExample.py - test_baiDuSerach_sheetOne - 52- INFO: test063:断言响应体字段值;期望结果:62;实际结果：0
2025-03-21 16:44:37,521 - testExample.py - test_baiDuSerach_sheetOne - 57- INFO: test063:断言响应时间;期望结果:200;实际结果：117
2025-03-21 16:44:37,548 - Example.py - baiDuSerach - 67- INFO: 用例id：test064:接口名称：baiDuSerach;传递token：None;传递参数：python64;用例备注：测试示例断言失败
2025-03-21 16:44:37,669 - testExample.py - test_baiDuSerach_sheetOne - 47- INFO: test064:断言响应状态码;期望结果：200;实际结果：200
2025-03-21 16:44:37,677 - testExample.py - test_baiDuSerach_sheetOne - 52- INFO: test064:断言响应体字段值;期望结果:63;实际结果：0
2025-03-21 16:44:37,685 - testExample.py - test_baiDuSerach_sheetOne - 57- INFO: test064:断言响应时间;期望结果:200;实际结果：118
2025-03-21 16:44:37,712 - Example.py - baiDuSerach - 67- INFO: 用例id：test065:接口名称：baiDuSerach;传递token：None;传递参数：python65;用例备注：测试示例断言失败
2025-03-21 16:44:37,830 - testExample.py - test_baiDuSerach_sheetOne - 47- INFO: test065:断言响应状态码;期望结果：200;实际结果：200
2025-03-21 16:44:37,839 - testExample.py - test_baiDuSerach_sheetOne - 52- INFO: test065:断言响应体字段值;期望结果:64;实际结果：0
2025-03-21 16:44:37,846 - testExample.py - test_baiDuSerach_sheetOne - 57- INFO: test065:断言响应时间;期望结果:200;实际结果：115
2025-03-21 16:44:37,873 - Example.py - baiDuSerach - 67- INFO: 用例id：test066:接口名称：baiDuSerach;传递token：None;传递参数：python66;用例备注：测试示例断言失败
2025-03-21 16:44:37,996 - testExample.py - test_baiDuSerach_sheetOne - 47- INFO: test066:断言响应状态码;期望结果：200;实际结果：200
2025-03-21 16:44:38,004 - testExample.py - test_baiDuSerach_sheetOne - 52- INFO: test066:断言响应体字段值;期望结果:65;实际结果：0
2025-03-21 16:44:38,011 - testExample.py - test_baiDuSerach_sheetOne - 57- INFO: test066:断言响应时间;期望结果:200;实际结果：119
2025-03-21 16:44:38,039 - Example.py - baiDuSerach - 67- INFO: 用例id：test067:接口名称：baiDuSerach;传递token：None;传递参数：python67;用例备注：测试示例断言失败
2025-03-21 16:44:38,163 - testExample.py - test_baiDuSerach_sheetOne - 47- INFO: test067:断言响应状态码;期望结果：200;实际结果：200
2025-03-21 16:44:38,171 - testExample.py - test_baiDuSerach_sheetOne - 52- INFO: test067:断言响应体字段值;期望结果:66;实际结果：0
2025-03-21 16:44:38,179 - testExample.py - test_baiDuSerach_sheetOne - 57- INFO: test067:断言响应时间;期望结果:200;实际结果：121
2025-03-21 16:44:38,207 - Example.py - baiDuSerach - 67- INFO: 用例id：test068:接口名称：baiDuSerach;传递token：None;传递参数：python68;用例备注：测试示例断言失败
2025-03-21 16:44:38,330 - testExample.py - test_baiDuSerach_sheetOne - 47- INFO: test068:断言响应状态码;期望结果：200;实际结果：200
2025-03-21 16:44:38,338 - testExample.py - test_baiDuSerach_sheetOne - 52- INFO: test068:断言响应体字段值;期望结果:67;实际结果：0
2025-03-21 16:44:38,345 - testExample.py - test_baiDuSerach_sheetOne - 57- INFO: test068:断言响应时间;期望结果:200;实际结果：119
2025-03-21 16:44:38,372 - Example.py - baiDuSerach - 67- INFO: 用例id：test069:接口名称：baiDuSerach;传递token：None;传递参数：python69;用例备注：测试示例断言失败
2025-03-21 16:44:38,498 - testExample.py - test_baiDuSerach_sheetOne - 47- INFO: test069:断言响应状态码;期望结果：200;实际结果：200
2025-03-21 16:44:38,506 - testExample.py - test_baiDuSerach_sheetOne - 52- INFO: test069:断言响应体字段值;期望结果:68;实际结果：0
2025-03-21 16:44:38,513 - testExample.py - test_baiDuSerach_sheetOne - 57- INFO: test069:断言响应时间;期望结果:200;实际结果：123
2025-03-21 16:44:38,540 - Example.py - baiDuSerach - 67- INFO: 用例id：test070:接口名称：baiDuSerach;传递token：None;传递参数：python70;用例备注：测试示例断言失败
2025-03-21 16:44:38,669 - testExample.py - test_baiDuSerach_sheetOne - 47- INFO: test070:断言响应状态码;期望结果：200;实际结果：200
2025-03-21 16:44:38,677 - testExample.py - test_baiDuSerach_sheetOne - 52- INFO: test070:断言响应体字段值;期望结果:69;实际结果：0
2025-03-21 16:44:38,685 - testExample.py - test_baiDuSerach_sheetOne - 57- INFO: test070:断言响应时间;期望结果:200;实际结果：125
2025-03-21 16:44:38,746 - Example.py - baiDuSerachToken - 49- INFO: 用例id：1:接口名称：baiDuSerach;传递token：[[128]];传递参数：python12;用例备注：测试示例断言成功
2025-03-21 16:44:38,872 - testExample.py - test_baiDuSerach_sheetTwo - 83- INFO: 1:断言响应状态码;期望结果：200;实际结果：200
2025-03-21 16:44:38,879 - testExample.py - test_baiDuSerach_sheetTwo - 88- INFO: 1:断言响应体字段值;期望结果:0;实际结果：0
2025-03-21 16:44:38,887 - testExample.py - test_baiDuSerach_sheetTwo - 93- INFO: 1:断言响应时间;期望结果:200;实际结果：122
2025-03-21 16:44:38,898 - Example.py - baiDuSerachToken - 49- INFO: 用例id：2:接口名称：baiDuSerach;传递token：[[128]];传递参数：python22;用例备注：测试示例断言失败
2025-03-21 16:44:39,027 - testExample.py - test_baiDuSerach_sheetTwo - 83- INFO: 2:断言响应状态码;期望结果：200;实际结果：200
2025-03-21 16:44:39,035 - testExample.py - test_baiDuSerach_sheetTwo - 88- INFO: 2:断言响应体字段值;期望结果:1;实际结果：0
2025-03-21 16:44:39,043 - testExample.py - test_baiDuSerach_sheetTwo - 93- INFO: 2:断言响应时间;期望结果:200;实际结果：125
2025-03-21 16:44:39,069 - Example.py - baiDuSerachToken - 49- INFO: 用例id：3:接口名称：baiDuSerach;传递token：[[128]];传递参数：python32;用例备注：
2025-03-21 16:44:39,190 - testExample.py - test_baiDuSerach_sheetTwo - 83- INFO: 3:断言响应状态码;期望结果：200;实际结果：200
2025-03-21 16:44:39,200 - testExample.py - test_baiDuSerach_sheetTwo - 88- INFO: 3:断言响应体字段值;期望结果:2;实际结果：0
2025-03-21 16:44:39,207 - testExample.py - test_baiDuSerach_sheetTwo - 93- INFO: 3:断言响应时间;期望结果:201;实际结果：118
2025-03-21 16:44:39,234 - Example.py - baiDuSerachToken - 49- INFO: 用例id：4:接口名称：baiDuSerach;传递token：[[128]];传递参数：python33;用例备注：测试示例断言失败
2025-03-21 16:44:39,562 - testExample.py - test_baiDuSerach_sheetTwo - 83- INFO: 4:断言响应状态码;期望结果：200;实际结果：200
2025-03-21 16:44:39,569 - testExample.py - test_baiDuSerach_sheetTwo - 88- INFO: 4:断言响应体字段值;期望结果:3;实际结果：0
2025-03-21 16:44:39,577 - testExample.py - test_baiDuSerach_sheetTwo - 93- INFO: 4:断言响应时间;期望结果:202;实际结果：324
2025-03-21 16:44:39,604 - Example.py - baiDuSerachToken - 49- INFO: 用例id：5:接口名称：baiDuSerach;传递token：[[128]];传递参数：python34;用例备注：测试示例断言失败
2025-03-21 16:44:39,732 - testExample.py - test_baiDuSerach_sheetTwo - 83- INFO: 5:断言响应状态码;期望结果：200;实际结果：200
2025-03-21 16:44:39,739 - testExample.py - test_baiDuSerach_sheetTwo - 88- INFO: 5:断言响应体字段值;期望结果:4;实际结果：0
2025-03-21 16:44:39,747 - testExample.py - test_baiDuSerach_sheetTwo - 93- INFO: 5:断言响应时间;期望结果:203;实际结果：124
2025-03-21 16:44:39,774 - Example.py - baiDuSerachToken - 49- INFO: 用例id：6:接口名称：baiDuSerach;传递token：[[128]];传递参数：python35;用例备注：测试示例断言失败
2025-03-21 16:44:39,899 - testExample.py - test_baiDuSerach_sheetTwo - 83- INFO: 6:断言响应状态码;期望结果：200;实际结果：200
2025-03-21 16:44:39,906 - testExample.py - test_baiDuSerach_sheetTwo - 88- INFO: 6:断言响应体字段值;期望结果:5;实际结果：0
2025-03-21 16:44:39,916 - testExample.py - test_baiDuSerach_sheetTwo - 93- INFO: 6:断言响应时间;期望结果:204;实际结果：121
2025-03-21 16:44:39,944 - Example.py - baiDuSerachToken - 49- INFO: 用例id：7:接口名称：baiDuSerach;传递token：[[128]];传递参数：python36;用例备注：测试示例断言失败
2025-03-21 16:44:40,063 - testExample.py - test_baiDuSerach_sheetTwo - 83- INFO: 7:断言响应状态码;期望结果：200;实际结果：200
2025-03-21 16:44:40,071 - testExample.py - test_baiDuSerach_sheetTwo - 88- INFO: 7:断言响应体字段值;期望结果:6;实际结果：0
2025-03-21 16:44:40,079 - testExample.py - test_baiDuSerach_sheetTwo - 93- INFO: 7:断言响应时间;期望结果:205;实际结果：116
2025-03-21 16:44:40,105 - Example.py - baiDuSerachToken - 49- INFO: 用例id：8:接口名称：baiDuSerach;传递token：[[128]];传递参数：python37;用例备注：测试示例断言失败
2025-03-21 16:44:40,227 - testExample.py - test_baiDuSerach_sheetTwo - 83- INFO: 8:断言响应状态码;期望结果：200;实际结果：200
2025-03-21 16:44:40,235 - testExample.py - test_baiDuSerach_sheetTwo - 88- INFO: 8:断言响应体字段值;期望结果:7;实际结果：0
2025-03-21 16:44:40,242 - testExample.py - test_baiDuSerach_sheetTwo - 93- INFO: 8:断言响应时间;期望结果:206;实际结果：118
2025-03-21 16:44:40,270 - Example.py - baiDuSerachToken - 49- INFO: 用例id：9:接口名称：baiDuSerach;传递token：[[128]];传递参数：python38;用例备注：测试示例断言失败
2025-03-21 16:44:40,395 - testExample.py - test_baiDuSerach_sheetTwo - 83- INFO: 9:断言响应状态码;期望结果：200;实际结果：200
2025-03-21 16:44:40,403 - testExample.py - test_baiDuSerach_sheetTwo - 88- INFO: 9:断言响应体字段值;期望结果:8;实际结果：0
2025-03-21 16:44:40,410 - testExample.py - test_baiDuSerach_sheetTwo - 93- INFO: 9:断言响应时间;期望结果:207;实际结果：121
2025-03-21 16:44:40,438 - Example.py - baiDuSerachToken - 49- INFO: 用例id：10:接口名称：baiDuSerach;传递token：[[128]];传递参数：python39;用例备注：测试示例断言失败
2025-03-21 16:44:40,559 - testExample.py - test_baiDuSerach_sheetTwo - 83- INFO: 10:断言响应状态码;期望结果：200;实际结果：200
2025-03-21 16:44:40,567 - testExample.py - test_baiDuSerach_sheetTwo - 88- INFO: 10:断言响应体字段值;期望结果:9;实际结果：0
2025-03-21 16:44:40,575 - testExample.py - test_baiDuSerach_sheetTwo - 93- INFO: 10:断言响应时间;期望结果:208;实际结果：118
2025-03-21 16:44:40,602 - Example.py - baiDuSerachToken - 49- INFO: 用例id：11:接口名称：baiDuSerach;传递token：[[128]];传递参数：python40;用例备注：测试示例断言失败
2025-03-21 16:44:40,721 - testExample.py - test_baiDuSerach_sheetTwo - 83- INFO: 11:断言响应状态码;期望结果：200;实际结果：200
2025-03-21 16:44:40,728 - testExample.py - test_baiDuSerach_sheetTwo - 88- INFO: 11:断言响应体字段值;期望结果:10;实际结果：0
2025-03-21 16:44:40,736 - testExample.py - test_baiDuSerach_sheetTwo - 93- INFO: 11:断言响应时间;期望结果:209;实际结果：115
2025-03-21 16:44:40,763 - Example.py - baiDuSerachToken - 49- INFO: 用例id：12:接口名称：baiDuSerach;传递token：[[128]];传递参数：python41;用例备注：测试示例断言失败
2025-03-21 16:44:40,888 - testExample.py - test_baiDuSerach_sheetTwo - 83- INFO: 12:断言响应状态码;期望结果：200;实际结果：200
2025-03-21 16:44:40,896 - testExample.py - test_baiDuSerach_sheetTwo - 88- INFO: 12:断言响应体字段值;期望结果:11;实际结果：0
2025-03-21 16:44:40,904 - testExample.py - test_baiDuSerach_sheetTwo - 93- INFO: 12:断言响应时间;期望结果:210;实际结果：121
2025-03-21 16:44:40,930 - Example.py - baiDuSerachToken - 49- INFO: 用例id：13:接口名称：baiDuSerach;传递token：[[128]];传递参数：python42;用例备注：测试示例断言失败
2025-03-21 16:44:41,063 - testExample.py - test_baiDuSerach_sheetTwo - 83- INFO: 13:断言响应状态码;期望结果：200;实际结果：200
2025-03-21 16:44:41,072 - testExample.py - test_baiDuSerach_sheetTwo - 88- INFO: 13:断言响应体字段值;期望结果:12;实际结果：0
2025-03-21 16:44:41,080 - testExample.py - test_baiDuSerach_sheetTwo - 93- INFO: 13:断言响应时间;期望结果:211;实际结果：129
2025-03-21 16:44:41,145 - Example.py - baiDuSerachToken - 49- INFO: 用例id：14:接口名称：baiDuSerach;传递token：[[128]];传递参数：python43;用例备注：测试示例断言失败
2025-03-21 16:44:41,269 - testExample.py - test_baiDuSerach_sheetTwo - 83- INFO: 14:断言响应状态码;期望结果：200;实际结果：200
2025-03-21 16:44:41,278 - testExample.py - test_baiDuSerach_sheetTwo - 88- INFO: 14:断言响应体字段值;期望结果:13;实际结果：0
2025-03-21 16:44:41,285 - testExample.py - test_baiDuSerach_sheetTwo - 93- INFO: 14:断言响应时间;期望结果:212;实际结果：121
2025-03-21 16:44:41,313 - Example.py - baiDuSerachToken - 49- INFO: 用例id：15:接口名称：baiDuSerach;传递token：[[128]];传递参数：python44;用例备注：测试示例断言失败
2025-03-21 16:44:41,450 - testExample.py - test_baiDuSerach_sheetTwo - 83- INFO: 15:断言响应状态码;期望结果：200;实际结果：200
2025-03-21 16:44:41,457 - testExample.py - test_baiDuSerach_sheetTwo - 88- INFO: 15:断言响应体字段值;期望结果:14;实际结果：0
2025-03-21 16:44:41,464 - testExample.py - test_baiDuSerach_sheetTwo - 93- INFO: 15:断言响应时间;期望结果:213;实际结果：132
2025-03-21 16:44:41,492 - Example.py - baiDuSerachToken - 49- INFO: 用例id：16:接口名称：baiDuSerach;传递token：[[128]];传递参数：python45;用例备注：测试示例断言失败
2025-03-21 16:44:41,630 - testExample.py - test_baiDuSerach_sheetTwo - 83- INFO: 16:断言响应状态码;期望结果：200;实际结果：200
2025-03-21 16:44:41,637 - testExample.py - test_baiDuSerach_sheetTwo - 88- INFO: 16:断言响应体字段值;期望结果:15;实际结果：0
2025-03-21 16:44:41,645 - testExample.py - test_baiDuSerach_sheetTwo - 93- INFO: 16:断言响应时间;期望结果:214;实际结果：134
2025-03-21 16:44:41,672 - Example.py - baiDuSerachToken - 49- INFO: 用例id：17:接口名称：baiDuSerach;传递token：[[128]];传递参数：python46;用例备注：测试示例断言失败
2025-03-21 16:44:41,797 - testExample.py - test_baiDuSerach_sheetTwo - 83- INFO: 17:断言响应状态码;期望结果：200;实际结果：200
2025-03-21 16:44:41,804 - testExample.py - test_baiDuSerach_sheetTwo - 88- INFO: 17:断言响应体字段值;期望结果:16;实际结果：0
2025-03-21 16:44:41,812 - testExample.py - test_baiDuSerach_sheetTwo - 93- INFO: 17:断言响应时间;期望结果:215;实际结果：121
2025-03-21 16:44:41,839 - Example.py - baiDuSerachToken - 49- INFO: 用例id：18:接口名称：baiDuSerach;传递token：[[128]];传递参数：python47;用例备注：测试示例断言失败
2025-03-21 16:44:41,961 - testExample.py - test_baiDuSerach_sheetTwo - 83- INFO: 18:断言响应状态码;期望结果：200;实际结果：200
2025-03-21 16:44:41,969 - testExample.py - test_baiDuSerach_sheetTwo - 88- INFO: 18:断言响应体字段值;期望结果:17;实际结果：0
2025-03-21 16:44:41,977 - testExample.py - test_baiDuSerach_sheetTwo - 93- INFO: 18:断言响应时间;期望结果:216;实际结果：119
2025-03-21 16:44:42,004 - Example.py - baiDuSerachToken - 49- INFO: 用例id：19:接口名称：baiDuSerach;传递token：[[128]];传递参数：python48;用例备注：测试示例断言失败
2025-03-21 16:44:42,126 - testExample.py - test_baiDuSerach_sheetTwo - 83- INFO: 19:断言响应状态码;期望结果：200;实际结果：200
2025-03-21 16:44:42,134 - testExample.py - test_baiDuSerach_sheetTwo - 88- INFO: 19:断言响应体字段值;期望结果:18;实际结果：0
2025-03-21 16:44:42,141 - testExample.py - test_baiDuSerach_sheetTwo - 93- INFO: 19:断言响应时间;期望结果:217;实际结果：118
2025-03-21 16:44:42,170 - Example.py - baiDuSerachToken - 49- INFO: 用例id：20:接口名称：baiDuSerach;传递token：[[128]];传递参数：python49;用例备注：测试示例断言失败
2025-03-21 16:44:42,296 - testExample.py - test_baiDuSerach_sheetTwo - 83- INFO: 20:断言响应状态码;期望结果：200;实际结果：200
2025-03-21 16:44:42,304 - testExample.py - test_baiDuSerach_sheetTwo - 88- INFO: 20:断言响应体字段值;期望结果:19;实际结果：0
2025-03-21 16:44:42,312 - testExample.py - test_baiDuSerach_sheetTwo - 93- INFO: 20:断言响应时间;期望结果:218;实际结果：122
2025-03-21 16:44:42,339 - Example.py - baiDuSerachToken - 49- INFO: 用例id：21:接口名称：baiDuSerach;传递token：[[128]];传递参数：python50;用例备注：测试示例断言失败
2025-03-21 16:44:42,471 - testExample.py - test_baiDuSerach_sheetTwo - 83- INFO: 21:断言响应状态码;期望结果：200;实际结果：200
2025-03-21 16:44:42,479 - testExample.py - test_baiDuSerach_sheetTwo - 88- INFO: 21:断言响应体字段值;期望结果:20;实际结果：0
2025-03-21 16:44:42,487 - testExample.py - test_baiDuSerach_sheetTwo - 93- INFO: 21:断言响应时间;期望结果:219;实际结果：129
2025-03-21 16:44:42,516 - Example.py - baiDuSerachToken - 49- INFO: 用例id：22:接口名称：baiDuSerach;传递token：[[128]];传递参数：python51;用例备注：测试示例断言失败
2025-03-21 16:44:42,645 - testExample.py - test_baiDuSerach_sheetTwo - 83- INFO: 22:断言响应状态码;期望结果：200;实际结果：200
2025-03-21 16:44:42,653 - testExample.py - test_baiDuSerach_sheetTwo - 88- INFO: 22:断言响应体字段值;期望结果:21;实际结果：0
2025-03-21 16:44:42,661 - testExample.py - test_baiDuSerach_sheetTwo - 93- INFO: 22:断言响应时间;期望结果:220;实际结果：126
2025-03-21 16:44:42,687 - Example.py - baiDuSerachToken - 49- INFO: 用例id：23:接口名称：baiDuSerach;传递token：[[128]];传递参数：python52;用例备注：测试示例断言失败
2025-03-21 16:44:42,817 - testExample.py - test_baiDuSerach_sheetTwo - 83- INFO: 23:断言响应状态码;期望结果：200;实际结果：200
2025-03-21 16:44:42,825 - testExample.py - test_baiDuSerach_sheetTwo - 88- INFO: 23:断言响应体字段值;期望结果:22;实际结果：0
2025-03-21 16:44:42,835 - testExample.py - test_baiDuSerach_sheetTwo - 93- INFO: 23:断言响应时间;期望结果:221;实际结果：125
2025-03-21 16:44:42,863 - Example.py - baiDuSerachToken - 49- INFO: 用例id：24:接口名称：baiDuSerach;传递token：[[128]];传递参数：python53;用例备注：测试示例断言失败
2025-03-21 16:44:42,992 - testExample.py - test_baiDuSerach_sheetTwo - 83- INFO: 24:断言响应状态码;期望结果：200;实际结果：200
2025-03-21 16:44:42,999 - testExample.py - test_baiDuSerach_sheetTwo - 88- INFO: 24:断言响应体字段值;期望结果:23;实际结果：0
2025-03-21 16:44:43,008 - testExample.py - test_baiDuSerach_sheetTwo - 93- INFO: 24:断言响应时间;期望结果:222;实际结果：125
2025-03-21 16:44:43,035 - Example.py - baiDuSerachToken - 49- INFO: 用例id：25:接口名称：baiDuSerach;传递token：[[128]];传递参数：python54;用例备注：测试示例断言失败
2025-03-21 16:44:43,151 - testExample.py - test_baiDuSerach_sheetTwo - 83- INFO: 25:断言响应状态码;期望结果：200;实际结果：200
2025-03-21 16:44:43,159 - testExample.py - test_baiDuSerach_sheetTwo - 88- INFO: 25:断言响应体字段值;期望结果:24;实际结果：0
2025-03-21 16:44:43,166 - testExample.py - test_baiDuSerach_sheetTwo - 93- INFO: 25:断言响应时间;期望结果:223;实际结果：113
2025-03-21 16:44:43,232 - Example.py - baiDuSerachToken - 49- INFO: 用例id：26:接口名称：baiDuSerach;传递token：[[128]];传递参数：python55;用例备注：测试示例断言失败
2025-03-21 16:44:43,353 - testExample.py - test_baiDuSerach_sheetTwo - 83- INFO: 26:断言响应状态码;期望结果：200;实际结果：200
2025-03-21 16:44:43,361 - testExample.py - test_baiDuSerach_sheetTwo - 88- INFO: 26:断言响应体字段值;期望结果:25;实际结果：0
2025-03-21 16:44:43,368 - testExample.py - test_baiDuSerach_sheetTwo - 93- INFO: 26:断言响应时间;期望结果:224;实际结果：116
2025-03-21 16:44:43,395 - Example.py - baiDuSerachToken - 49- INFO: 用例id：27:接口名称：baiDuSerach;传递token：[[128]];传递参数：python56;用例备注：测试示例断言失败
2025-03-21 16:44:43,517 - testExample.py - test_baiDuSerach_sheetTwo - 83- INFO: 27:断言响应状态码;期望结果：200;实际结果：200
2025-03-21 16:44:43,524 - testExample.py - test_baiDuSerach_sheetTwo - 88- INFO: 27:断言响应体字段值;期望结果:26;实际结果：0
2025-03-21 16:44:43,533 - testExample.py - test_baiDuSerach_sheetTwo - 93- INFO: 27:断言响应时间;期望结果:225;实际结果：118
2025-03-21 16:44:43,560 - Example.py - baiDuSerachToken - 49- INFO: 用例id：28:接口名称：baiDuSerach;传递token：[[128]];传递参数：python57;用例备注：测试示例断言失败
2025-03-21 16:44:43,690 - testExample.py - test_baiDuSerach_sheetTwo - 83- INFO: 28:断言响应状态码;期望结果：200;实际结果：200
2025-03-21 16:44:43,697 - testExample.py - test_baiDuSerach_sheetTwo - 88- INFO: 28:断言响应体字段值;期望结果:27;实际结果：0
2025-03-21 16:44:43,705 - testExample.py - test_baiDuSerach_sheetTwo - 93- INFO: 28:断言响应时间;期望结果:226;实际结果：126
2025-03-21 16:44:43,733 - Example.py - baiDuSerachToken - 49- INFO: 用例id：29:接口名称：baiDuSerach;传递token：[[128]];传递参数：python58;用例备注：测试示例断言失败
2025-03-21 16:44:43,853 - testExample.py - test_baiDuSerach_sheetTwo - 83- INFO: 29:断言响应状态码;期望结果：200;实际结果：200
2025-03-21 16:44:43,861 - testExample.py - test_baiDuSerach_sheetTwo - 88- INFO: 29:断言响应体字段值;期望结果:28;实际结果：0
2025-03-21 16:44:43,869 - testExample.py - test_baiDuSerach_sheetTwo - 93- INFO: 29:断言响应时间;期望结果:227;实际结果：117
2025-03-21 16:44:43,896 - Example.py - baiDuSerachToken - 49- INFO: 用例id：30:接口名称：baiDuSerach;传递token：[[128]];传递参数：python59;用例备注：测试示例断言失败
2025-03-21 16:44:44,019 - testExample.py - test_baiDuSerach_sheetTwo - 83- INFO: 30:断言响应状态码;期望结果：200;实际结果：200
2025-03-21 16:44:44,026 - testExample.py - test_baiDuSerach_sheetTwo - 88- INFO: 30:断言响应体字段值;期望结果:29;实际结果：0
2025-03-21 16:44:44,034 - testExample.py - test_baiDuSerach_sheetTwo - 93- INFO: 30:断言响应时间;期望结果:228;实际结果：119
2025-03-21 16:44:44,061 - Example.py - baiDuSerachToken - 49- INFO: 用例id：test001:接口名称：baiDuSerach;传递token：[[128]];传递参数：python1;用例备注：测试示例断言成功
2025-03-21 16:44:44,187 - testExample.py - test_baiDuSerach_csv - 119- INFO: test001:断言响应状态码;期望结果：200;实际结果：200
2025-03-21 16:44:44,195 - testExample.py - test_baiDuSerach_csv - 124- INFO: test001:断言响应体字段值;期望结果:0;实际结果：0
2025-03-21 16:44:44,202 - testExample.py - test_baiDuSerach_csv - 129- INFO: test001:断言响应时间;期望结果:200;实际结果：122
2025-03-21 16:44:44,214 - Example.py - baiDuSerachToken - 49- INFO: 用例id：test002:接口名称：baiDuSerach;传递token：[[128]];传递参数：python2;用例备注：
2025-03-21 16:44:44,334 - testExample.py - test_baiDuSerach_csv - 119- INFO: test002:断言响应状态码;期望结果：200;实际结果：200
2025-03-21 16:44:44,343 - testExample.py - test_baiDuSerach_csv - 124- INFO: test002:断言响应体字段值;期望结果:1;实际结果：0
2025-03-21 16:44:44,352 - testExample.py - test_baiDuSerach_csv - 129- INFO: test002:断言响应时间;期望结果:200;实际结果：117
2025-03-21 16:44:44,380 - Example.py - baiDuSerachToken - 49- INFO: 用例id：test003:接口名称：baiDuSerach;传递token：[[128]];传递参数：python3;用例备注：测试示例断言失败
2025-03-21 16:44:44,502 - testExample.py - test_baiDuSerach_csv - 119- INFO: test003:断言响应状态码;期望结果：200;实际结果：200
2025-03-21 16:44:44,510 - testExample.py - test_baiDuSerach_csv - 124- INFO: test003:断言响应体字段值;期望结果:2;实际结果：0
2025-03-21 16:44:44,518 - testExample.py - test_baiDuSerach_csv - 129- INFO: test003:断言响应时间;期望结果:200;实际结果：117
2025-03-21 16:44:44,544 - Example.py - baiDuSerachToken - 49- INFO: 用例id：test004:接口名称：baiDuSerach;传递token：[[128]];传递参数：python4;用例备注：测试示例断言失败
2025-03-21 16:44:44,662 - testExample.py - test_baiDuSerach_csv - 119- INFO: test004:断言响应状态码;期望结果：200;实际结果：200
2025-03-21 16:44:44,670 - testExample.py - test_baiDuSerach_csv - 124- INFO: test004:断言响应体字段值;期望结果:3;实际结果：0
2025-03-21 16:44:44,678 - testExample.py - test_baiDuSerach_csv - 129- INFO: test004:断言响应时间;期望结果:200;实际结果：115
2025-03-21 16:44:44,705 - Example.py - baiDuSerachToken - 49- INFO: 用例id：test005:接口名称：baiDuSerach;传递token：[[128]];传递参数：python5;用例备注：测试示例断言失败
2025-03-21 16:44:44,844 - testExample.py - test_baiDuSerach_csv - 119- INFO: test005:断言响应状态码;期望结果：200;实际结果：200
2025-03-21 16:44:44,852 - testExample.py - test_baiDuSerach_csv - 124- INFO: test005:断言响应体字段值;期望结果:4;实际结果：0
2025-03-21 16:44:44,860 - testExample.py - test_baiDuSerach_csv - 129- INFO: test005:断言响应时间;期望结果:200;实际结果：135
2025-03-21 16:44:44,886 - Example.py - baiDuSerachToken - 49- INFO: 用例id：test006:接口名称：baiDuSerach;传递token：[[128]];传递参数：python6;用例备注：测试示例断言失败
2025-03-21 16:44:45,012 - testExample.py - test_baiDuSerach_csv - 119- INFO: test006:断言响应状态码;期望结果：200;实际结果：200
2025-03-21 16:44:45,019 - testExample.py - test_baiDuSerach_csv - 124- INFO: test006:断言响应体字段值;期望结果:5;实际结果：0
2025-03-21 16:44:45,027 - testExample.py - test_baiDuSerach_csv - 129- INFO: test006:断言响应时间;期望结果:200;实际结果：121
2025-03-21 16:44:45,054 - Example.py - baiDuSerachToken - 49- INFO: 用例id：test007:接口名称：baiDuSerach;传递token：[[128]];传递参数：python7;用例备注：测试示例断言失败
2025-03-21 16:44:45,178 - testExample.py - test_baiDuSerach_csv - 119- INFO: test007:断言响应状态码;期望结果：200;实际结果：200
2025-03-21 16:44:45,185 - testExample.py - test_baiDuSerach_csv - 124- INFO: test007:断言响应体字段值;期望结果:6;实际结果：0
2025-03-21 16:44:45,193 - testExample.py - test_baiDuSerach_csv - 129- INFO: test007:断言响应时间;期望结果:200;实际结果：120
2025-03-21 16:44:45,221 - Example.py - baiDuSerachToken - 49- INFO: 用例id：test008:接口名称：baiDuSerach;传递token：[[128]];传递参数：python8;用例备注：测试示例断言失败
2025-03-21 16:44:45,340 - testExample.py - test_baiDuSerach_csv - 119- INFO: test008:断言响应状态码;期望结果：200;实际结果：200
2025-03-21 16:44:45,347 - testExample.py - test_baiDuSerach_csv - 124- INFO: test008:断言响应体字段值;期望结果:7;实际结果：0
2025-03-21 16:44:45,356 - testExample.py - test_baiDuSerach_csv - 129- INFO: test008:断言响应时间;期望结果:200;实际结果：114
2025-03-21 16:44:45,422 - Example.py - baiDuSerachToken - 49- INFO: 用例id：test009:接口名称：baiDuSerach;传递token：[[128]];传递参数：python9;用例备注：测试示例断言失败
2025-03-21 16:44:45,543 - testExample.py - test_baiDuSerach_csv - 119- INFO: test009:断言响应状态码;期望结果：200;实际结果：200
2025-03-21 16:44:45,551 - testExample.py - test_baiDuSerach_csv - 124- INFO: test009:断言响应体字段值;期望结果:8;实际结果：0
2025-03-21 16:44:45,558 - testExample.py - test_baiDuSerach_csv - 129- INFO: test009:断言响应时间;期望结果:200;实际结果：117
2025-03-21 16:44:45,585 - Example.py - baiDuSerachToken - 49- INFO: 用例id：test010:接口名称：baiDuSerach;传递token：[[128]];传递参数：python10;用例备注：测试示例断言失败
2025-03-21 16:44:45,705 - testExample.py - test_baiDuSerach_csv - 119- INFO: test010:断言响应状态码;期望结果：200;实际结果：200
2025-03-21 16:44:45,713 - testExample.py - test_baiDuSerach_csv - 124- INFO: test010:断言响应体字段值;期望结果:9;实际结果：0
2025-03-21 16:44:45,723 - testExample.py - test_baiDuSerach_csv - 129- INFO: test010:断言响应时间;期望结果:200;实际结果：116
2025-03-21 16:44:45,754 - Example.py - baiDuSerachToken - 49- INFO: 用例id：test011:接口名称：baiDuSerach;传递token：[[128]];传递参数：python11;用例备注：测试示例断言失败
2025-03-21 16:44:45,873 - testExample.py - test_baiDuSerach_csv - 119- INFO: test011:断言响应状态码;期望结果：200;实际结果：200
2025-03-21 16:44:45,882 - testExample.py - test_baiDuSerach_csv - 124- INFO: test011:断言响应体字段值;期望结果:10;实际结果：0
2025-03-21 16:44:45,891 - testExample.py - test_baiDuSerach_csv - 129- INFO: test011:断言响应时间;期望结果:200;实际结果：115
2025-03-21 16:44:45,919 - Example.py - baiDuSerachToken - 49- INFO: 用例id：test012:接口名称：baiDuSerach;传递token：[[128]];传递参数：python12;用例备注：测试示例断言失败
2025-03-21 16:44:46,049 - testExample.py - test_baiDuSerach_csv - 119- INFO: test012:断言响应状态码;期望结果：200;实际结果：200
2025-03-21 16:44:46,057 - testExample.py - test_baiDuSerach_csv - 124- INFO: test012:断言响应体字段值;期望结果:11;实际结果：0
2025-03-21 16:44:46,065 - testExample.py - test_baiDuSerach_csv - 129- INFO: test012:断言响应时间;期望结果:200;实际结果：126
2025-03-21 16:44:46,093 - Example.py - baiDuSerachToken - 49- INFO: 用例id：test013:接口名称：baiDuSerach;传递token：[[128]];传递参数：python13;用例备注：测试示例断言失败
2025-03-21 16:44:46,216 - testExample.py - test_baiDuSerach_csv - 119- INFO: test013:断言响应状态码;期望结果：200;实际结果：200
2025-03-21 16:44:46,224 - testExample.py - test_baiDuSerach_csv - 124- INFO: test013:断言响应体字段值;期望结果:12;实际结果：0
2025-03-21 16:44:46,231 - testExample.py - test_baiDuSerach_csv - 129- INFO: test013:断言响应时间;期望结果:200;实际结果：119
2025-03-21 16:44:46,259 - Example.py - baiDuSerachToken - 49- INFO: 用例id：test014:接口名称：baiDuSerach;传递token：[[128]];传递参数：python14;用例备注：测试示例断言失败
2025-03-21 16:44:46,383 - testExample.py - test_baiDuSerach_csv - 119- INFO: test014:断言响应状态码;期望结果：200;实际结果：200
2025-03-21 16:44:46,390 - testExample.py - test_baiDuSerach_csv - 124- INFO: test014:断言响应体字段值;期望结果:13;实际结果：0
2025-03-21 16:44:46,398 - testExample.py - test_baiDuSerach_csv - 129- INFO: test014:断言响应时间;期望结果:200;实际结果：120
2025-03-21 16:44:46,425 - Example.py - baiDuSerachToken - 49- INFO: 用例id：test015:接口名称：baiDuSerach;传递token：[[128]];传递参数：python15;用例备注：测试示例断言失败
2025-03-21 16:44:46,547 - testExample.py - test_baiDuSerach_csv - 119- INFO: test015:断言响应状态码;期望结果：200;实际结果：200
2025-03-21 16:44:46,554 - testExample.py - test_baiDuSerach_csv - 124- INFO: test015:断言响应体字段值;期望结果:14;实际结果：0
2025-03-21 16:44:46,563 - testExample.py - test_baiDuSerach_csv - 129- INFO: test015:断言响应时间;期望结果:200;实际结果：118
2025-03-21 16:44:46,589 - Example.py - baiDuSerachToken - 49- INFO: 用例id：test016:接口名称：baiDuSerach;传递token：[[128]];传递参数：python16;用例备注：测试示例断言失败
2025-03-21 16:44:46,711 - testExample.py - test_baiDuSerach_csv - 119- INFO: test016:断言响应状态码;期望结果：200;实际结果：200
2025-03-21 16:44:46,719 - testExample.py - test_baiDuSerach_csv - 124- INFO: test016:断言响应体字段值;期望结果:15;实际结果：0
2025-03-21 16:44:46,726 - testExample.py - test_baiDuSerach_csv - 129- INFO: test016:断言响应时间;期望结果:200;实际结果：118
2025-03-21 16:44:46,754 - Example.py - baiDuSerachToken - 49- INFO: 用例id：test017:接口名称：baiDuSerach;传递token：[[128]];传递参数：python17;用例备注：测试示例断言失败
2025-03-21 16:44:46,876 - testExample.py - test_baiDuSerach_csv - 119- INFO: test017:断言响应状态码;期望结果：200;实际结果：200
2025-03-21 16:44:46,883 - testExample.py - test_baiDuSerach_csv - 124- INFO: test017:断言响应体字段值;期望结果:16;实际结果：0
2025-03-21 16:44:46,892 - testExample.py - test_baiDuSerach_csv - 129- INFO: test017:断言响应时间;期望结果:200;实际结果：119
2025-03-21 16:44:46,918 - Example.py - baiDuSerachToken - 49- INFO: 用例id：test018:接口名称：baiDuSerach;传递token：[[128]];传递参数：python18;用例备注：测试示例断言失败
2025-03-21 16:44:47,051 - testExample.py - test_baiDuSerach_csv - 119- INFO: test018:断言响应状态码;期望结果：200;实际结果：200
2025-03-21 16:44:47,059 - testExample.py - test_baiDuSerach_csv - 124- INFO: test018:断言响应体字段值;期望结果:17;实际结果：0
2025-03-21 16:44:47,067 - testExample.py - test_baiDuSerach_csv - 129- INFO: test018:断言响应时间;期望结果:200;实际结果：129
2025-03-21 16:44:47,093 - Example.py - baiDuSerachToken - 49- INFO: 用例id：test019:接口名称：baiDuSerach;传递token：[[128]];传递参数：python19;用例备注：测试示例断言失败
2025-03-21 16:44:47,217 - testExample.py - test_baiDuSerach_csv - 119- INFO: test019:断言响应状态码;期望结果：200;实际结果：200
2025-03-21 16:44:47,225 - testExample.py - test_baiDuSerach_csv - 124- INFO: test019:断言响应体字段值;期望结果:18;实际结果：0
2025-03-21 16:44:47,233 - testExample.py - test_baiDuSerach_csv - 129- INFO: test019:断言响应时间;期望结果:200;实际结果：120
2025-03-21 16:44:47,259 - Example.py - baiDuSerachToken - 49- INFO: 用例id：test020:接口名称：baiDuSerach;传递token：[[128]];传递参数：python20;用例备注：测试示例断言失败
2025-03-21 16:44:47,389 - testExample.py - test_baiDuSerach_csv - 119- INFO: test020:断言响应状态码;期望结果：200;实际结果：200
2025-03-21 16:44:47,397 - testExample.py - test_baiDuSerach_csv - 124- INFO: test020:断言响应体字段值;期望结果:19;实际结果：0
2025-03-21 16:44:47,405 - testExample.py - test_baiDuSerach_csv - 129- INFO: test020:断言响应时间;期望结果:200;实际结果：125
2025-03-21 16:44:47,473 - Example.py - baiDuSerachToken - 49- INFO: 用例id：test021:接口名称：baiDuSerach;传递token：[[128]];传递参数：python21;用例备注：测试示例断言失败
2025-03-21 16:44:47,595 - testExample.py - test_baiDuSerach_csv - 119- INFO: test021:断言响应状态码;期望结果：200;实际结果：200
2025-03-21 16:44:47,602 - testExample.py - test_baiDuSerach_csv - 124- INFO: test021:断言响应体字段值;期望结果:20;实际结果：0
2025-03-21 16:44:47,610 - testExample.py - test_baiDuSerach_csv - 129- INFO: test021:断言响应时间;期望结果:200;实际结果：117
2025-03-21 16:44:47,636 - Example.py - baiDuSerachToken - 49- INFO: 用例id：test022:接口名称：baiDuSerach;传递token：[[128]];传递参数：python22;用例备注：测试示例断言失败
2025-03-21 16:44:47,758 - testExample.py - test_baiDuSerach_csv - 119- INFO: test022:断言响应状态码;期望结果：200;实际结果：200
2025-03-21 16:44:47,766 - testExample.py - test_baiDuSerach_csv - 124- INFO: test022:断言响应体字段值;期望结果:21;实际结果：0
2025-03-21 16:44:47,774 - testExample.py - test_baiDuSerach_csv - 129- INFO: test022:断言响应时间;期望结果:200;实际结果：118
2025-03-21 16:44:47,801 - Example.py - baiDuSerachToken - 49- INFO: 用例id：test023:接口名称：baiDuSerach;传递token：[[128]];传递参数：python23;用例备注：测试示例断言失败
2025-03-21 16:44:47,925 - testExample.py - test_baiDuSerach_csv - 119- INFO: test023:断言响应状态码;期望结果：200;实际结果：200
2025-03-21 16:44:47,933 - testExample.py - test_baiDuSerach_csv - 124- INFO: test023:断言响应体字段值;期望结果:22;实际结果：0
2025-03-21 16:44:47,941 - testExample.py - test_baiDuSerach_csv - 129- INFO: test023:断言响应时间;期望结果:200;实际结果：121
2025-03-21 16:44:47,968 - Example.py - baiDuSerachToken - 49- INFO: 用例id：test024:接口名称：baiDuSerach;传递token：[[128]];传递参数：python24;用例备注：测试示例断言失败
2025-03-21 16:44:48,088 - testExample.py - test_baiDuSerach_csv - 119- INFO: test024:断言响应状态码;期望结果：200;实际结果：200
2025-03-21 16:44:48,095 - testExample.py - test_baiDuSerach_csv - 124- INFO: test024:断言响应体字段值;期望结果:23;实际结果：0
2025-03-21 16:44:48,104 - testExample.py - test_baiDuSerach_csv - 129- INFO: test024:断言响应时间;期望结果:200;实际结果：115
2025-03-21 16:44:48,131 - Example.py - baiDuSerachToken - 49- INFO: 用例id：test025:接口名称：baiDuSerach;传递token：[[128]];传递参数：python25;用例备注：测试示例断言失败
2025-03-21 16:44:48,256 - testExample.py - test_baiDuSerach_csv - 119- INFO: test025:断言响应状态码;期望结果：200;实际结果：200
2025-03-21 16:44:48,265 - testExample.py - test_baiDuSerach_csv - 124- INFO: test025:断言响应体字段值;期望结果:24;实际结果：0
2025-03-21 16:44:48,272 - testExample.py - test_baiDuSerach_csv - 129- INFO: test025:断言响应时间;期望结果:200;实际结果：122
2025-03-21 16:44:48,300 - Example.py - baiDuSerachToken - 49- INFO: 用例id：test026:接口名称：baiDuSerach;传递token：[[128]];传递参数：python26;用例备注：测试示例断言失败
2025-03-21 16:44:48,421 - testExample.py - test_baiDuSerach_csv - 119- INFO: test026:断言响应状态码;期望结果：200;实际结果：200
2025-03-21 16:44:48,428 - testExample.py - test_baiDuSerach_csv - 124- INFO: test026:断言响应体字段值;期望结果:25;实际结果：0
2025-03-21 16:44:48,436 - testExample.py - test_baiDuSerach_csv - 129- INFO: test026:断言响应时间;期望结果:200;实际结果：118
2025-03-21 16:44:48,467 - Example.py - baiDuSerachToken - 49- INFO: 用例id：test027:接口名称：baiDuSerach;传递token：[[128]];传递参数：python27;用例备注：测试示例断言失败
2025-03-21 16:44:48,589 - testExample.py - test_baiDuSerach_csv - 119- INFO: test027:断言响应状态码;期望结果：200;实际结果：200
2025-03-21 16:44:48,596 - testExample.py - test_baiDuSerach_csv - 124- INFO: test027:断言响应体字段值;期望结果:26;实际结果：0
2025-03-21 16:44:48,604 - testExample.py - test_baiDuSerach_csv - 129- INFO: test027:断言响应时间;期望结果:200;实际结果：117
2025-03-21 16:44:48,631 - Example.py - baiDuSerachToken - 49- INFO: 用例id：test028:接口名称：baiDuSerach;传递token：[[128]];传递参数：python28;用例备注：测试示例断言失败
2025-03-21 16:44:48,752 - testExample.py - test_baiDuSerach_csv - 119- INFO: test028:断言响应状态码;期望结果：200;实际结果：200
2025-03-21 16:44:48,760 - testExample.py - test_baiDuSerach_csv - 124- INFO: test028:断言响应体字段值;期望结果:27;实际结果：0
2025-03-21 16:44:48,768 - testExample.py - test_baiDuSerach_csv - 129- INFO: test028:断言响应时间;期望结果:200;实际结果：119
2025-03-21 16:44:48,795 - Example.py - baiDuSerachToken - 49- INFO: 用例id：test029:接口名称：baiDuSerach;传递token：[[128]];传递参数：python29;用例备注：测试示例断言失败
2025-03-21 16:44:48,920 - testExample.py - test_baiDuSerach_csv - 119- INFO: test029:断言响应状态码;期望结果：200;实际结果：200
2025-03-21 16:44:48,927 - testExample.py - test_baiDuSerach_csv - 124- INFO: test029:断言响应体字段值;期望结果:28;实际结果：0
2025-03-21 16:44:48,936 - testExample.py - test_baiDuSerach_csv - 129- INFO: test029:断言响应时间;期望结果:200;实际结果：121
2025-03-21 16:44:48,964 - Example.py - baiDuSerachToken - 49- INFO: 用例id：test030:接口名称：baiDuSerach;传递token：[[128]];传递参数：python30;用例备注：测试示例断言失败
2025-03-21 16:44:49,088 - testExample.py - test_baiDuSerach_csv - 119- INFO: test030:断言响应状态码;期望结果：200;实际结果：200
2025-03-21 16:44:49,096 - testExample.py - test_baiDuSerach_csv - 124- INFO: test030:断言响应体字段值;期望结果:29;实际结果：0
2025-03-21 16:44:49,105 - testExample.py - test_baiDuSerach_csv - 129- INFO: test030:断言响应时间;期望结果:200;实际结果：120
2025-03-21 16:44:49,131 - Example.py - baiDuSerachToken - 49- INFO: 用例id：test031:接口名称：baiDuSerach;传递token：[[128]];传递参数：python31;用例备注：测试示例断言失败
2025-03-21 16:44:49,267 - testExample.py - test_baiDuSerach_csv - 119- INFO: test031:断言响应状态码;期望结果：200;实际结果：200
2025-03-21 16:44:49,276 - testExample.py - test_baiDuSerach_csv - 124- INFO: test031:断言响应体字段值;期望结果:30;实际结果：0
2025-03-21 16:44:49,285 - testExample.py - test_baiDuSerach_csv - 129- INFO: test031:断言响应时间;期望结果:200;实际结果：132
2025-03-21 16:44:49,316 - Example.py - baiDuSerachToken - 49- INFO: 用例id：test032:接口名称：baiDuSerach;传递token：[[128]];传递参数：python32;用例备注：测试示例断言失败
2025-03-21 16:44:49,444 - testExample.py - test_baiDuSerach_csv - 119- INFO: test032:断言响应状态码;期望结果：200;实际结果：200
2025-03-21 16:44:49,452 - testExample.py - test_baiDuSerach_csv - 124- INFO: test032:断言响应体字段值;期望结果:31;实际结果：0
2025-03-21 16:44:49,460 - testExample.py - test_baiDuSerach_csv - 129- INFO: test032:断言响应时间;期望结果:200;实际结果：125
2025-03-21 16:44:49,529 - Example.py - baiDuSerachToken - 49- INFO: 用例id：test033:接口名称：baiDuSerach;传递token：[[128]];传递参数：python33;用例备注：测试示例断言失败
2025-03-21 16:44:49,653 - testExample.py - test_baiDuSerach_csv - 119- INFO: test033:断言响应状态码;期望结果：200;实际结果：200
2025-03-21 16:44:49,661 - testExample.py - test_baiDuSerach_csv - 124- INFO: test033:断言响应体字段值;期望结果:32;实际结果：0
2025-03-21 16:44:49,668 - testExample.py - test_baiDuSerach_csv - 129- INFO: test033:断言响应时间;期望结果:200;实际结果：120
2025-03-21 16:44:49,696 - Example.py - baiDuSerachToken - 49- INFO: 用例id：test034:接口名称：baiDuSerach;传递token：[[128]];传递参数：python34;用例备注：测试示例断言失败
2025-03-21 16:44:49,824 - testExample.py - test_baiDuSerach_csv - 119- INFO: test034:断言响应状态码;期望结果：200;实际结果：200
2025-03-21 16:44:49,832 - testExample.py - test_baiDuSerach_csv - 124- INFO: test034:断言响应体字段值;期望结果:33;实际结果：0
2025-03-21 16:44:49,839 - testExample.py - test_baiDuSerach_csv - 129- INFO: test034:断言响应时间;期望结果:200;实际结果：124
2025-03-21 16:44:49,866 - Example.py - baiDuSerachToken - 49- INFO: 用例id：test035:接口名称：baiDuSerach;传递token：[[128]];传递参数：python35;用例备注：测试示例断言失败
2025-03-21 16:44:49,988 - testExample.py - test_baiDuSerach_csv - 119- INFO: test035:断言响应状态码;期望结果：200;实际结果：200
2025-03-21 16:44:49,996 - testExample.py - test_baiDuSerach_csv - 124- INFO: test035:断言响应体字段值;期望结果:34;实际结果：0
2025-03-21 16:44:50,004 - testExample.py - test_baiDuSerach_csv - 129- INFO: test035:断言响应时间;期望结果:200;实际结果：118
2025-03-21 16:44:50,032 - Example.py - baiDuSerachToken - 49- INFO: 用例id：test036:接口名称：baiDuSerach;传递token：[[128]];传递参数：python36;用例备注：测试示例断言失败
2025-03-21 16:44:50,155 - testExample.py - test_baiDuSerach_csv - 119- INFO: test036:断言响应状态码;期望结果：200;实际结果：200
2025-03-21 16:44:50,163 - testExample.py - test_baiDuSerach_csv - 124- INFO: test036:断言响应体字段值;期望结果:35;实际结果：0
2025-03-21 16:44:50,170 - testExample.py - test_baiDuSerach_csv - 129- INFO: test036:断言响应时间;期望结果:200;实际结果：120
2025-03-21 16:44:50,198 - Example.py - baiDuSerachToken - 49- INFO: 用例id：test037:接口名称：baiDuSerach;传递token：[[128]];传递参数：python37;用例备注：测试示例断言失败
2025-03-21 16:44:50,326 - testExample.py - test_baiDuSerach_csv - 119- INFO: test037:断言响应状态码;期望结果：200;实际结果：200
2025-03-21 16:44:50,334 - testExample.py - test_baiDuSerach_csv - 124- INFO: test037:断言响应体字段值;期望结果:36;实际结果：0
2025-03-21 16:44:50,342 - testExample.py - test_baiDuSerach_csv - 129- INFO: test037:断言响应时间;期望结果:200;实际结果：124
2025-03-21 16:44:50,369 - Example.py - baiDuSerachToken - 49- INFO: 用例id：test038:接口名称：baiDuSerach;传递token：[[128]];传递参数：python38;用例备注：测试示例断言失败
2025-03-21 16:44:50,493 - testExample.py - test_baiDuSerach_csv - 119- INFO: test038:断言响应状态码;期望结果：200;实际结果：200
2025-03-21 16:44:50,502 - testExample.py - test_baiDuSerach_csv - 124- INFO: test038:断言响应体字段值;期望结果:37;实际结果：0
2025-03-21 16:44:50,510 - testExample.py - test_baiDuSerach_csv - 129- INFO: test038:断言响应时间;期望结果:200;实际结果：121
2025-03-21 16:44:50,539 - Example.py - baiDuSerachToken - 49- INFO: 用例id：test039:接口名称：baiDuSerach;传递token：[[128]];传递参数：python39;用例备注：测试示例断言失败
2025-03-21 16:44:50,658 - testExample.py - test_baiDuSerach_csv - 119- INFO: test039:断言响应状态码;期望结果：200;实际结果：200
2025-03-21 16:44:50,666 - testExample.py - test_baiDuSerach_csv - 124- INFO: test039:断言响应体字段值;期望结果:38;实际结果：0
2025-03-21 16:44:50,674 - testExample.py - test_baiDuSerach_csv - 129- INFO: test039:断言响应时间;期望结果:200;实际结果：116
2025-03-21 16:44:50,700 - Example.py - baiDuSerachToken - 49- INFO: 用例id：test040:接口名称：baiDuSerach;传递token：[[128]];传递参数：python40;用例备注：测试示例断言失败
2025-03-21 16:44:50,819 - testExample.py - test_baiDuSerach_csv - 119- INFO: test040:断言响应状态码;期望结果：200;实际结果：200
2025-03-21 16:44:50,827 - testExample.py - test_baiDuSerach_csv - 124- INFO: test040:断言响应体字段值;期望结果:39;实际结果：0
2025-03-21 16:44:50,834 - testExample.py - test_baiDuSerach_csv - 129- INFO: test040:断言响应时间;期望结果:200;实际结果：115
2025-03-21 16:44:50,861 - Example.py - baiDuSerachToken - 49- INFO: 用例id：test041:接口名称：baiDuSerach;传递token：[[128]];传递参数：python41;用例备注：测试示例断言失败
2025-03-21 16:44:50,981 - testExample.py - test_baiDuSerach_csv - 119- INFO: test041:断言响应状态码;期望结果：200;实际结果：200
2025-03-21 16:44:50,989 - testExample.py - test_baiDuSerach_csv - 124- INFO: test041:断言响应体字段值;期望结果:40;实际结果：0
2025-03-21 16:44:50,996 - testExample.py - test_baiDuSerach_csv - 129- INFO: test041:断言响应时间;期望结果:200;实际结果：116
2025-03-21 16:44:51,023 - Example.py - baiDuSerachToken - 49- INFO: 用例id：test042:接口名称：baiDuSerach;传递token：[[128]];传递参数：python42;用例备注：测试示例断言失败
2025-03-21 16:44:51,147 - testExample.py - test_baiDuSerach_csv - 119- INFO: test042:断言响应状态码;期望结果：200;实际结果：200
2025-03-21 16:44:51,155 - testExample.py - test_baiDuSerach_csv - 124- INFO: test042:断言响应体字段值;期望结果:41;实际结果：0
2025-03-21 16:44:51,162 - testExample.py - test_baiDuSerach_csv - 129- INFO: test042:断言响应时间;期望结果:200;实际结果：120
2025-03-21 16:44:51,190 - Example.py - baiDuSerachToken - 49- INFO: 用例id：test043:接口名称：baiDuSerach;传递token：[[128]];传递参数：python43;用例备注：测试示例断言失败
2025-03-21 16:44:51,311 - testExample.py - test_baiDuSerach_csv - 119- INFO: test043:断言响应状态码;期望结果：200;实际结果：200
2025-03-21 16:44:51,319 - testExample.py - test_baiDuSerach_csv - 124- INFO: test043:断言响应体字段值;期望结果:42;实际结果：0
2025-03-21 16:44:51,326 - testExample.py - test_baiDuSerach_csv - 129- INFO: test043:断言响应时间;期望结果:200;实际结果：117
2025-03-21 16:44:51,353 - Example.py - baiDuSerachToken - 49- INFO: 用例id：test044:接口名称：baiDuSerach;传递token：[[128]];传递参数：python44;用例备注：测试示例断言失败
2025-03-21 16:44:51,476 - testExample.py - test_baiDuSerach_csv - 119- INFO: test044:断言响应状态码;期望结果：200;实际结果：200
2025-03-21 16:44:51,483 - testExample.py - test_baiDuSerach_csv - 124- INFO: test044:断言响应体字段值;期望结果:43;实际结果：0
2025-03-21 16:44:51,491 - testExample.py - test_baiDuSerach_csv - 129- INFO: test044:断言响应时间;期望结果:200;实际结果：119
2025-03-21 16:44:51,561 - Example.py - baiDuSerachToken - 49- INFO: 用例id：test045:接口名称：baiDuSerach;传递token：[[128]];传递参数：python45;用例备注：测试示例断言失败
2025-03-21 16:44:51,690 - testExample.py - test_baiDuSerach_csv - 119- INFO: test045:断言响应状态码;期望结果：200;实际结果：200
2025-03-21 16:44:51,697 - testExample.py - test_baiDuSerach_csv - 124- INFO: test045:断言响应体字段值;期望结果:44;实际结果：0
2025-03-21 16:44:51,706 - testExample.py - test_baiDuSerach_csv - 129- INFO: test045:断言响应时间;期望结果:200;实际结果：125
2025-03-21 16:44:51,737 - Example.py - baiDuSerachToken - 49- INFO: 用例id：test046:接口名称：baiDuSerach;传递token：[[128]];传递参数：python46;用例备注：测试示例断言失败
2025-03-21 16:44:51,861 - testExample.py - test_baiDuSerach_csv - 119- INFO: test046:断言响应状态码;期望结果：200;实际结果：200
2025-03-21 16:44:51,869 - testExample.py - test_baiDuSerach_csv - 124- INFO: test046:断言响应体字段值;期望结果:45;实际结果：0
2025-03-21 16:44:51,876 - testExample.py - test_baiDuSerach_csv - 129- INFO: test046:断言响应时间;期望结果:200;实际结果：121
2025-03-21 16:44:51,906 - Example.py - baiDuSerachToken - 49- INFO: 用例id：test047:接口名称：baiDuSerach;传递token：[[128]];传递参数：python47;用例备注：测试示例断言失败
2025-03-21 16:44:52,034 - testExample.py - test_baiDuSerach_csv - 119- INFO: test047:断言响应状态码;期望结果：200;实际结果：200
2025-03-21 16:44:52,041 - testExample.py - test_baiDuSerach_csv - 124- INFO: test047:断言响应体字段值;期望结果:46;实际结果：0
2025-03-21 16:44:52,053 - testExample.py - test_baiDuSerach_csv - 129- INFO: test047:断言响应时间;期望结果:200;实际结果：124
2025-03-21 16:44:52,084 - Example.py - baiDuSerachToken - 49- INFO: 用例id：test048:接口名称：baiDuSerach;传递token：[[128]];传递参数：python48;用例备注：测试示例断言失败
2025-03-21 16:44:52,210 - testExample.py - test_baiDuSerach_csv - 119- INFO: test048:断言响应状态码;期望结果：200;实际结果：200
2025-03-21 16:44:52,218 - testExample.py - test_baiDuSerach_csv - 124- INFO: test048:断言响应体字段值;期望结果:47;实际结果：0
2025-03-21 16:44:52,226 - testExample.py - test_baiDuSerach_csv - 129- INFO: test048:断言响应时间;期望结果:200;实际结果：123
2025-03-21 16:44:52,254 - Example.py - baiDuSerachToken - 49- INFO: 用例id：test049:接口名称：baiDuSerach;传递token：[[128]];传递参数：python49;用例备注：测试示例断言失败
2025-03-21 16:44:52,371 - testExample.py - test_baiDuSerach_csv - 119- INFO: test049:断言响应状态码;期望结果：200;实际结果：200
2025-03-21 16:44:52,380 - testExample.py - test_baiDuSerach_csv - 124- INFO: test049:断言响应体字段值;期望结果:48;实际结果：0
2025-03-21 16:44:52,387 - testExample.py - test_baiDuSerach_csv - 129- INFO: test049:断言响应时间;期望结果:200;实际结果：115
2025-03-21 16:44:52,414 - Example.py - baiDuSerachToken - 49- INFO: 用例id：test050:接口名称：baiDuSerach;传递token：[[128]];传递参数：python50;用例备注：测试示例断言失败
2025-03-21 16:44:52,538 - testExample.py - test_baiDuSerach_csv - 119- INFO: test050:断言响应状态码;期望结果：200;实际结果：200
2025-03-21 16:44:52,547 - testExample.py - test_baiDuSerach_csv - 124- INFO: test050:断言响应体字段值;期望结果:49;实际结果：0
2025-03-21 16:44:52,554 - testExample.py - test_baiDuSerach_csv - 129- INFO: test050:断言响应时间;期望结果:200;实际结果：120
2025-03-21 16:44:52,581 - Example.py - baiDuSerachToken - 49- INFO: 用例id：test051:接口名称：baiDuSerach;传递token：[[128]];传递参数：python51;用例备注：测试示例断言失败
2025-03-21 16:44:52,703 - testExample.py - test_baiDuSerach_csv - 119- INFO: test051:断言响应状态码;期望结果：200;实际结果：200
2025-03-21 16:44:52,711 - testExample.py - test_baiDuSerach_csv - 124- INFO: test051:断言响应体字段值;期望结果:50;实际结果：0
2025-03-21 16:44:52,719 - testExample.py - test_baiDuSerach_csv - 129- INFO: test051:断言响应时间;期望结果:200;实际结果：119
2025-03-21 16:44:52,746 - Example.py - baiDuSerachToken - 49- INFO: 用例id：test052:接口名称：baiDuSerach;传递token：[[128]];传递参数：python52;用例备注：测试示例断言失败
2025-03-21 16:44:52,868 - testExample.py - test_baiDuSerach_csv - 119- INFO: test052:断言响应状态码;期望结果：200;实际结果：200
2025-03-21 16:44:52,875 - testExample.py - test_baiDuSerach_csv - 124- INFO: test052:断言响应体字段值;期望结果:51;实际结果：0
2025-03-21 16:44:52,884 - testExample.py - test_baiDuSerach_csv - 129- INFO: test052:断言响应时间;期望结果:200;实际结果：117
2025-03-21 16:44:52,911 - Example.py - baiDuSerachToken - 49- INFO: 用例id：test053:接口名称：baiDuSerach;传递token：[[128]];传递参数：python53;用例备注：测试示例断言失败
2025-03-21 16:44:53,034 - testExample.py - test_baiDuSerach_csv - 119- INFO: test053:断言响应状态码;期望结果：200;实际结果：200
2025-03-21 16:44:53,043 - testExample.py - test_baiDuSerach_csv - 124- INFO: test053:断言响应体字段值;期望结果:52;实际结果：0
2025-03-21 16:44:53,052 - testExample.py - test_baiDuSerach_csv - 129- INFO: test053:断言响应时间;期望结果:200;实际结果：119
2025-03-21 16:44:53,079 - Example.py - baiDuSerachToken - 49- INFO: 用例id：test054:接口名称：baiDuSerach;传递token：[[128]];传递参数：python54;用例备注：测试示例断言失败
2025-03-21 16:44:53,215 - testExample.py - test_baiDuSerach_csv - 119- INFO: test054:断言响应状态码;期望结果：200;实际结果：200
2025-03-21 16:44:53,223 - testExample.py - test_baiDuSerach_csv - 124- INFO: test054:断言响应体字段值;期望结果:53;实际结果：0
2025-03-21 16:44:53,231 - testExample.py - test_baiDuSerach_csv - 129- INFO: test054:断言响应时间;期望结果:200;实际结果：132
2025-03-21 16:44:53,259 - Example.py - baiDuSerachToken - 49- INFO: 用例id：test055:接口名称：baiDuSerach;传递token：[[128]];传递参数：python55;用例备注：测试示例断言失败
2025-03-21 16:44:53,384 - testExample.py - test_baiDuSerach_csv - 119- INFO: test055:断言响应状态码;期望结果：200;实际结果：200
2025-03-21 16:44:53,392 - testExample.py - test_baiDuSerach_csv - 124- INFO: test055:断言响应体字段值;期望结果:54;实际结果：0
2025-03-21 16:44:53,400 - testExample.py - test_baiDuSerach_csv - 129- INFO: test055:断言响应时间;期望结果:200;实际结果：121
2025-03-21 16:44:53,429 - Example.py - baiDuSerachToken - 49- INFO: 用例id：test056:接口名称：baiDuSerach;传递token：[[128]];传递参数：python56;用例备注：测试示例断言失败
2025-03-21 16:44:53,553 - testExample.py - test_baiDuSerach_csv - 119- INFO: test056:断言响应状态码;期望结果：200;实际结果：200
2025-03-21 16:44:53,561 - testExample.py - test_baiDuSerach_csv - 124- INFO: test056:断言响应体字段值;期望结果:55;实际结果：0
2025-03-21 16:44:53,569 - testExample.py - test_baiDuSerach_csv - 129- INFO: test056:断言响应时间;期望结果:200;实际结果：120
2025-03-21 16:44:53,639 - Example.py - baiDuSerachToken - 49- INFO: 用例id：test057:接口名称：baiDuSerach;传递token：[[128]];传递参数：python57;用例备注：测试示例断言失败
2025-03-21 16:44:53,767 - testExample.py - test_baiDuSerach_csv - 119- INFO: test057:断言响应状态码;期望结果：200;实际结果：200
2025-03-21 16:44:53,775 - testExample.py - test_baiDuSerach_csv - 124- INFO: test057:断言响应体字段值;期望结果:56;实际结果：0
2025-03-21 16:44:53,783 - testExample.py - test_baiDuSerach_csv - 129- INFO: test057:断言响应时间;期望结果:200;实际结果：125
2025-03-21 16:44:53,812 - Example.py - baiDuSerachToken - 49- INFO: 用例id：test058:接口名称：baiDuSerach;传递token：[[128]];传递参数：python58;用例备注：测试示例断言失败
2025-03-21 16:44:53,934 - testExample.py - test_baiDuSerach_csv - 119- INFO: test058:断言响应状态码;期望结果：200;实际结果：200
2025-03-21 16:44:53,941 - testExample.py - test_baiDuSerach_csv - 124- INFO: test058:断言响应体字段值;期望结果:57;实际结果：0
2025-03-21 16:44:53,949 - testExample.py - test_baiDuSerach_csv - 129- INFO: test058:断言响应时间;期望结果:200;实际结果：117
2025-03-21 16:44:53,977 - Example.py - baiDuSerachToken - 49- INFO: 用例id：test059:接口名称：baiDuSerach;传递token：[[128]];传递参数：python59;用例备注：测试示例断言失败
2025-03-21 16:44:54,100 - testExample.py - test_baiDuSerach_csv - 119- INFO: test059:断言响应状态码;期望结果：200;实际结果：200
2025-03-21 16:44:54,108 - testExample.py - test_baiDuSerach_csv - 124- INFO: test059:断言响应体字段值;期望结果:58;实际结果：0
2025-03-21 16:44:54,116 - testExample.py - test_baiDuSerach_csv - 129- INFO: test059:断言响应时间;期望结果:200;实际结果：119
2025-03-21 16:44:54,143 - Example.py - baiDuSerachToken - 49- INFO: 用例id：test060:接口名称：baiDuSerach;传递token：[[128]];传递参数：python60;用例备注：测试示例断言失败
2025-03-21 16:44:54,263 - testExample.py - test_baiDuSerach_csv - 119- INFO: test060:断言响应状态码;期望结果：200;实际结果：200
2025-03-21 16:44:54,271 - testExample.py - test_baiDuSerach_csv - 124- INFO: test060:断言响应体字段值;期望结果:59;实际结果：0
2025-03-21 16:44:54,279 - testExample.py - test_baiDuSerach_csv - 129- INFO: test060:断言响应时间;期望结果:200;实际结果：116
2025-03-21 16:44:54,305 - Example.py - baiDuSerachToken - 49- INFO: 用例id：test061:接口名称：baiDuSerach;传递token：[[128]];传递参数：python61;用例备注：测试示例断言失败
2025-03-21 16:44:54,432 - testExample.py - test_baiDuSerach_csv - 119- INFO: test061:断言响应状态码;期望结果：200;实际结果：200
2025-03-21 16:44:54,440 - testExample.py - test_baiDuSerach_csv - 124- INFO: test061:断言响应体字段值;期望结果:60;实际结果：0
2025-03-21 16:44:54,447 - testExample.py - test_baiDuSerach_csv - 129- INFO: test061:断言响应时间;期望结果:200;实际结果：123
2025-03-21 16:44:54,474 - Example.py - baiDuSerachToken - 49- INFO: 用例id：test062:接口名称：baiDuSerach;传递token：[[128]];传递参数：python62;用例备注：测试示例断言失败
2025-03-21 16:44:54,594 - testExample.py - test_baiDuSerach_csv - 119- INFO: test062:断言响应状态码;期望结果：200;实际结果：200
2025-03-21 16:44:54,602 - testExample.py - test_baiDuSerach_csv - 124- INFO: test062:断言响应体字段值;期望结果:61;实际结果：0
2025-03-21 16:44:54,610 - testExample.py - test_baiDuSerach_csv - 129- INFO: test062:断言响应时间;期望结果:200;实际结果：117
2025-03-21 16:44:54,637 - Example.py - baiDuSerachToken - 49- INFO: 用例id：test063:接口名称：baiDuSerach;传递token：[[128]];传递参数：python63;用例备注：测试示例断言失败
2025-03-21 16:44:54,762 - testExample.py - test_baiDuSerach_csv - 119- INFO: test063:断言响应状态码;期望结果：200;实际结果：200
2025-03-21 16:44:54,771 - testExample.py - test_baiDuSerach_csv - 124- INFO: test063:断言响应体字段值;期望结果:62;实际结果：0
2025-03-21 16:44:54,778 - testExample.py - test_baiDuSerach_csv - 129- INFO: test063:断言响应时间;期望结果:200;实际结果：121
2025-03-21 16:44:54,806 - Example.py - baiDuSerachToken - 49- INFO: 用例id：test064:接口名称：baiDuSerach;传递token：[[128]];传递参数：python64;用例备注：测试示例断言失败
2025-03-21 16:44:54,936 - testExample.py - test_baiDuSerach_csv - 119- INFO: test064:断言响应状态码;期望结果：200;实际结果：200
2025-03-21 16:44:54,943 - testExample.py - test_baiDuSerach_csv - 124- INFO: test064:断言响应体字段值;期望结果:63;实际结果：0
2025-03-21 16:44:54,951 - testExample.py - test_baiDuSerach_csv - 129- INFO: test064:断言响应时间;期望结果:200;实际结果：127
2025-03-21 16:44:54,978 - Example.py - baiDuSerachToken - 49- INFO: 用例id：test065:接口名称：baiDuSerach;传递token：[[128]];传递参数：python65;用例备注：测试示例断言失败
2025-03-21 16:44:55,113 - testExample.py - test_baiDuSerach_csv - 119- INFO: test065:断言响应状态码;期望结果：200;实际结果：200
2025-03-21 16:44:55,121 - testExample.py - test_baiDuSerach_csv - 124- INFO: test065:断言响应体字段值;期望结果:64;实际结果：0
2025-03-21 16:44:55,129 - testExample.py - test_baiDuSerach_csv - 129- INFO: test065:断言响应时间;期望结果:200;实际结果：132
2025-03-21 16:44:55,156 - Example.py - baiDuSerachToken - 49- INFO: 用例id：test066:接口名称：baiDuSerach;传递token：[[128]];传递参数：python66;用例备注：测试示例断言失败
2025-03-21 16:44:55,278 - testExample.py - test_baiDuSerach_csv - 119- INFO: test066:断言响应状态码;期望结果：200;实际结果：200
2025-03-21 16:44:55,286 - testExample.py - test_baiDuSerach_csv - 124- INFO: test066:断言响应体字段值;期望结果:65;实际结果：0
2025-03-21 16:44:55,294 - testExample.py - test_baiDuSerach_csv - 129- INFO: test066:断言响应时间;期望结果:200;实际结果：118
2025-03-21 16:44:55,321 - Example.py - baiDuSerachToken - 49- INFO: 用例id：test067:接口名称：baiDuSerach;传递token：[[128]];传递参数：python67;用例备注：测试示例断言失败
2025-03-21 16:44:55,448 - testExample.py - test_baiDuSerach_csv - 119- INFO: test067:断言响应状态码;期望结果：200;实际结果：200
2025-03-21 16:44:55,456 - testExample.py - test_baiDuSerach_csv - 124- INFO: test067:断言响应体字段值;期望结果:66;实际结果：0
2025-03-21 16:44:55,464 - testExample.py - test_baiDuSerach_csv - 129- INFO: test067:断言响应时间;期望结果:200;实际结果：123
2025-03-21 16:44:55,492 - Example.py - baiDuSerachToken - 49- INFO: 用例id：test068:接口名称：baiDuSerach;传递token：[[128]];传递参数：python68;用例备注：测试示例断言失败
2025-03-21 16:44:55,616 - testExample.py - test_baiDuSerach_csv - 119- INFO: test068:断言响应状态码;期望结果：200;实际结果：200
2025-03-21 16:44:55,624 - testExample.py - test_baiDuSerach_csv - 124- INFO: test068:断言响应体字段值;期望结果:67;实际结果：0
2025-03-21 16:44:55,632 - testExample.py - test_baiDuSerach_csv - 129- INFO: test068:断言响应时间;期望结果:200;实际结果：121
2025-03-21 16:44:55,704 - Example.py - baiDuSerachToken - 49- INFO: 用例id：test069:接口名称：baiDuSerach;传递token：[[128]];传递参数：python69;用例备注：测试示例断言失败
2025-03-21 16:44:55,823 - testExample.py - test_baiDuSerach_csv - 119- INFO: test069:断言响应状态码;期望结果：200;实际结果：200
2025-03-21 16:44:55,831 - testExample.py - test_baiDuSerach_csv - 124- INFO: test069:断言响应体字段值;期望结果:68;实际结果：0
2025-03-21 16:44:55,838 - testExample.py - test_baiDuSerach_csv - 129- INFO: test069:断言响应时间;期望结果:200;实际结果：116
2025-03-21 16:44:55,866 - Example.py - baiDuSerachToken - 49- INFO: 用例id：test070:接口名称：baiDuSerach;传递token：[[128]];传递参数：python70;用例备注：测试示例断言失败
2025-03-21 16:44:55,999 - testExample.py - test_baiDuSerach_csv - 119- INFO: test070:断言响应状态码;期望结果：200;实际结果：200
2025-03-21 16:44:56,008 - testExample.py - test_baiDuSerach_csv - 124- INFO: test070:断言响应体字段值;期望结果:69;实际结果：0
2025-03-21 16:44:56,015 - testExample.py - test_baiDuSerach_csv - 129- INFO: test070:断言响应时间;期望结果:200;实际结果：130
