2025-03-21 15:16:19,514 - Example.py - baiDuSerach - 67- INFO: 用例id：test001:接口名称：baiDuSerach;传递token：None;传递参数：python1;用例备注：测试示例断言成功
2025-03-21 15:16:19,635 - testExample.py - test_baiDuSerach_sheetOne - 47- INFO: test001:断言响应状态码;期望结果：200;实际结果：200
2025-03-21 15:16:19,723 - testExample.py - test_baiDuSerach_sheetOne - 52- INFO: test001:断言响应体字段值;期望结果:0;实际结果：0
2025-03-21 15:16:19,731 - testExample.py - test_baiDuSerach_sheetOne - 57- INFO: test001:断言响应时间;期望结果:200;实际结果：116
2025-03-21 15:16:19,742 - Example.py - baiDuSerach - 67- INFO: 用例id：test002:接口名称：baiDuSerach;传递token：None;传递参数：python2;用例备注：
2025-03-21 15:16:19,865 - testExample.py - test_baiDuSerach_sheetOne - 47- INFO: test002:断言响应状态码;期望结果：200;实际结果：200
2025-03-21 15:16:19,873 - testExample.py - test_baiDuSerach_sheetOne - 52- INFO: test002:断言响应体字段值;期望结果:1;实际结果：0
2025-03-21 15:16:19,882 - testExample.py - test_baiDuSerach_sheetOne - 57- INFO: test002:断言响应时间;期望结果:200;实际结果：119
2025-03-21 15:16:19,912 - Example.py - baiDuSerach - 67- INFO: 用例id：test003:接口名称：baiDuSerach;传递token：None;传递参数：python3;用例备注：测试示例断言失败
2025-03-21 15:16:20,035 - testExample.py - test_baiDuSerach_sheetOne - 47- INFO: test003:断言响应状态码;期望结果：200;实际结果：200
2025-03-21 15:16:20,043 - testExample.py - test_baiDuSerach_sheetOne - 52- INFO: test003:断言响应体字段值;期望结果:2;实际结果：0
2025-03-21 15:16:20,051 - testExample.py - test_baiDuSerach_sheetOne - 57- INFO: test003:断言响应时间;期望结果:200;实际结果：120
2025-03-21 15:16:20,078 - Example.py - baiDuSerach - 67- INFO: 用例id：test004:接口名称：baiDuSerach;传递token：None;传递参数：python4;用例备注：测试示例断言失败
2025-03-21 15:16:20,210 - testExample.py - test_baiDuSerach_sheetOne - 47- INFO: test004:断言响应状态码;期望结果：200;实际结果：200
2025-03-21 15:16:20,218 - testExample.py - test_baiDuSerach_sheetOne - 52- INFO: test004:断言响应体字段值;期望结果:3;实际结果：0
2025-03-21 15:16:20,227 - testExample.py - test_baiDuSerach_sheetOne - 57- INFO: test004:断言响应时间;期望结果:200;实际结果：129
2025-03-21 15:16:20,260 - Example.py - baiDuSerach - 67- INFO: 用例id：test005:接口名称：baiDuSerach;传递token：None;传递参数：python5;用例备注：测试示例断言失败
2025-03-21 15:16:20,387 - testExample.py - test_baiDuSerach_sheetOne - 47- INFO: test005:断言响应状态码;期望结果：200;实际结果：200
2025-03-21 15:16:20,395 - testExample.py - test_baiDuSerach_sheetOne - 52- INFO: test005:断言响应体字段值;期望结果:4;实际结果：0
2025-03-21 15:16:20,402 - testExample.py - test_baiDuSerach_sheetOne - 57- INFO: test005:断言响应时间;期望结果:200;实际结果：123
2025-03-21 15:16:20,432 - Example.py - baiDuSerach - 67- INFO: 用例id：test006:接口名称：baiDuSerach;传递token：None;传递参数：python6;用例备注：测试示例断言失败
2025-03-21 15:16:20,550 - testExample.py - test_baiDuSerach_sheetOne - 47- INFO: test006:断言响应状态码;期望结果：200;实际结果：200
2025-03-21 15:16:20,557 - testExample.py - test_baiDuSerach_sheetOne - 52- INFO: test006:断言响应体字段值;期望结果:5;实际结果：0
2025-03-21 15:16:20,565 - testExample.py - test_baiDuSerach_sheetOne - 57- INFO: test006:断言响应时间;期望结果:200;实际结果：113
2025-03-21 15:16:20,593 - Example.py - baiDuSerach - 67- INFO: 用例id：test007:接口名称：baiDuSerach;传递token：None;传递参数：python7;用例备注：测试示例断言失败
2025-03-21 15:16:20,713 - testExample.py - test_baiDuSerach_sheetOne - 47- INFO: test007:断言响应状态码;期望结果：200;实际结果：200
2025-03-21 15:16:20,722 - testExample.py - test_baiDuSerach_sheetOne - 52- INFO: test007:断言响应体字段值;期望结果:6;实际结果：0
2025-03-21 15:16:20,729 - testExample.py - test_baiDuSerach_sheetOne - 57- INFO: test007:断言响应时间;期望结果:200;实际结果：117
2025-03-21 15:16:20,756 - Example.py - baiDuSerach - 67- INFO: 用例id：test008:接口名称：baiDuSerach;传递token：None;传递参数：python8;用例备注：测试示例断言失败
2025-03-21 15:16:20,877 - testExample.py - test_baiDuSerach_sheetOne - 47- INFO: test008:断言响应状态码;期望结果：200;实际结果：200
2025-03-21 15:16:20,884 - testExample.py - test_baiDuSerach_sheetOne - 52- INFO: test008:断言响应体字段值;期望结果:7;实际结果：0
2025-03-21 15:16:20,892 - testExample.py - test_baiDuSerach_sheetOne - 57- INFO: test008:断言响应时间;期望结果:200;实际结果：116
2025-03-21 15:16:20,920 - Example.py - baiDuSerach - 67- INFO: 用例id：test009:接口名称：baiDuSerach;传递token：None;传递参数：python9;用例备注：测试示例断言失败
2025-03-21 15:16:21,044 - testExample.py - test_baiDuSerach_sheetOne - 47- INFO: test009:断言响应状态码;期望结果：200;实际结果：200
2025-03-21 15:16:21,051 - testExample.py - test_baiDuSerach_sheetOne - 52- INFO: test009:断言响应体字段值;期望结果:8;实际结果：0
2025-03-21 15:16:21,059 - testExample.py - test_baiDuSerach_sheetOne - 57- INFO: test009:断言响应时间;期望结果:200;实际结果：120
2025-03-21 15:16:21,119 - Example.py - baiDuSerach - 67- INFO: 用例id：test010:接口名称：baiDuSerach;传递token：None;传递参数：python10;用例备注：测试示例断言失败
2025-03-21 15:16:21,242 - testExample.py - test_baiDuSerach_sheetOne - 47- INFO: test010:断言响应状态码;期望结果：200;实际结果：200
2025-03-21 15:16:21,251 - testExample.py - test_baiDuSerach_sheetOne - 52- INFO: test010:断言响应体字段值;期望结果:9;实际结果：0
2025-03-21 15:16:21,259 - testExample.py - test_baiDuSerach_sheetOne - 57- INFO: test010:断言响应时间;期望结果:200;实际结果：119
2025-03-21 15:16:21,287 - Example.py - baiDuSerach - 67- INFO: 用例id：test011:接口名称：baiDuSerach;传递token：None;传递参数：python11;用例备注：测试示例断言失败
2025-03-21 15:16:21,406 - testExample.py - test_baiDuSerach_sheetOne - 47- INFO: test011:断言响应状态码;期望结果：200;实际结果：200
2025-03-21 15:16:21,414 - testExample.py - test_baiDuSerach_sheetOne - 52- INFO: test011:断言响应体字段值;期望结果:10;实际结果：0
2025-03-21 15:16:21,422 - testExample.py - test_baiDuSerach_sheetOne - 57- INFO: test011:断言响应时间;期望结果:200;实际结果：116
2025-03-21 15:16:21,451 - Example.py - baiDuSerach - 67- INFO: 用例id：test012:接口名称：baiDuSerach;传递token：None;传递参数：python12;用例备注：测试示例断言失败
2025-03-21 15:16:21,572 - testExample.py - test_baiDuSerach_sheetOne - 47- INFO: test012:断言响应状态码;期望结果：200;实际结果：200
2025-03-21 15:16:21,579 - testExample.py - test_baiDuSerach_sheetOne - 52- INFO: test012:断言响应体字段值;期望结果:11;实际结果：0
2025-03-21 15:16:21,588 - testExample.py - test_baiDuSerach_sheetOne - 57- INFO: test012:断言响应时间;期望结果:200;实际结果：117
2025-03-21 15:16:21,614 - Example.py - baiDuSerach - 67- INFO: 用例id：test013:接口名称：baiDuSerach;传递token：None;传递参数：python13;用例备注：测试示例断言失败
2025-03-21 15:16:21,737 - testExample.py - test_baiDuSerach_sheetOne - 47- INFO: test013:断言响应状态码;期望结果：200;实际结果：200
2025-03-21 15:16:21,745 - testExample.py - test_baiDuSerach_sheetOne - 52- INFO: test013:断言响应体字段值;期望结果:12;实际结果：0
2025-03-21 15:16:21,752 - testExample.py - test_baiDuSerach_sheetOne - 57- INFO: test013:断言响应时间;期望结果:200;实际结果：119
2025-03-21 15:16:21,781 - Example.py - baiDuSerach - 67- INFO: 用例id：test014:接口名称：baiDuSerach;传递token：None;传递参数：python14;用例备注：测试示例断言失败
2025-03-21 15:16:21,900 - testExample.py - test_baiDuSerach_sheetOne - 47- INFO: test014:断言响应状态码;期望结果：200;实际结果：200
2025-03-21 15:16:21,908 - testExample.py - test_baiDuSerach_sheetOne - 52- INFO: test014:断言响应体字段值;期望结果:13;实际结果：0
2025-03-21 15:16:21,917 - testExample.py - test_baiDuSerach_sheetOne - 57- INFO: test014:断言响应时间;期望结果:200;实际结果：116
2025-03-21 15:16:21,944 - Example.py - baiDuSerach - 67- INFO: 用例id：test015:接口名称：baiDuSerach;传递token：None;传递参数：python15;用例备注：测试示例断言失败
2025-03-21 15:16:22,070 - testExample.py - test_baiDuSerach_sheetOne - 47- INFO: test015:断言响应状态码;期望结果：200;实际结果：200
2025-03-21 15:16:22,078 - testExample.py - test_baiDuSerach_sheetOne - 52- INFO: test015:断言响应体字段值;期望结果:14;实际结果：0
2025-03-21 15:16:22,086 - testExample.py - test_baiDuSerach_sheetOne - 57- INFO: test015:断言响应时间;期望结果:200;实际结果：123
2025-03-21 15:16:22,113 - Example.py - baiDuSerach - 67- INFO: 用例id：test016:接口名称：baiDuSerach;传递token：None;传递参数：python16;用例备注：测试示例断言失败
2025-03-21 15:16:22,234 - testExample.py - test_baiDuSerach_sheetOne - 47- INFO: test016:断言响应状态码;期望结果：200;实际结果：200
2025-03-21 15:16:22,241 - testExample.py - test_baiDuSerach_sheetOne - 52- INFO: test016:断言响应体字段值;期望结果:15;实际结果：0
2025-03-21 15:16:22,249 - testExample.py - test_baiDuSerach_sheetOne - 57- INFO: test016:断言响应时间;期望结果:200;实际结果：117
2025-03-21 15:16:22,276 - Example.py - baiDuSerach - 67- INFO: 用例id：test017:接口名称：baiDuSerach;传递token：None;传递参数：python17;用例备注：测试示例断言失败
2025-03-21 15:16:22,412 - testExample.py - test_baiDuSerach_sheetOne - 47- INFO: test017:断言响应状态码;期望结果：200;实际结果：200
2025-03-21 15:16:22,424 - testExample.py - test_baiDuSerach_sheetOne - 52- INFO: test017:断言响应体字段值;期望结果:16;实际结果：0
2025-03-21 15:16:22,432 - testExample.py - test_baiDuSerach_sheetOne - 57- INFO: test017:断言响应时间;期望结果:200;实际结果：131
2025-03-21 15:16:22,459 - Example.py - baiDuSerach - 67- INFO: 用例id：test018:接口名称：baiDuSerach;传递token：None;传递参数：python18;用例备注：测试示例断言失败
2025-03-21 15:16:22,585 - testExample.py - test_baiDuSerach_sheetOne - 47- INFO: test018:断言响应状态码;期望结果：200;实际结果：200
2025-03-21 15:16:22,594 - testExample.py - test_baiDuSerach_sheetOne - 52- INFO: test018:断言响应体字段值;期望结果:17;实际结果：0
2025-03-21 15:16:22,601 - testExample.py - test_baiDuSerach_sheetOne - 57- INFO: test018:断言响应时间;期望结果:200;实际结果：123
2025-03-21 15:16:22,631 - Example.py - baiDuSerach - 67- INFO: 用例id：test019:接口名称：baiDuSerach;传递token：None;传递参数：python19;用例备注：测试示例断言失败
2025-03-21 15:16:22,753 - testExample.py - test_baiDuSerach_sheetOne - 47- INFO: test019:断言响应状态码;期望结果：200;实际结果：200
2025-03-21 15:16:22,761 - testExample.py - test_baiDuSerach_sheetOne - 52- INFO: test019:断言响应体字段值;期望结果:18;实际结果：0
2025-03-21 15:16:22,768 - testExample.py - test_baiDuSerach_sheetOne - 57- INFO: test019:断言响应时间;期望结果:200;实际结果：118
2025-03-21 15:16:22,796 - Example.py - baiDuSerach - 67- INFO: 用例id：test020:接口名称：baiDuSerach;传递token：None;传递参数：python20;用例备注：测试示例断言失败
2025-03-21 15:16:22,922 - testExample.py - test_baiDuSerach_sheetOne - 47- INFO: test020:断言响应状态码;期望结果：200;实际结果：200
2025-03-21 15:16:22,930 - testExample.py - test_baiDuSerach_sheetOne - 52- INFO: test020:断言响应体字段值;期望结果:19;实际结果：0
2025-03-21 15:16:22,938 - testExample.py - test_baiDuSerach_sheetOne - 57- INFO: test020:断言响应时间;期望结果:200;实际结果：123
2025-03-21 15:16:22,966 - Example.py - baiDuSerach - 67- INFO: 用例id：test021:接口名称：baiDuSerach;传递token：None;传递参数：python21;用例备注：测试示例断言失败
2025-03-21 15:16:23,088 - testExample.py - test_baiDuSerach_sheetOne - 47- INFO: test021:断言响应状态码;期望结果：200;实际结果：200
2025-03-21 15:16:23,096 - testExample.py - test_baiDuSerach_sheetOne - 52- INFO: test021:断言响应体字段值;期望结果:20;实际结果：0
2025-03-21 15:16:23,104 - testExample.py - test_baiDuSerach_sheetOne - 57- INFO: test021:断言响应时间;期望结果:200;实际结果：119
2025-03-21 15:16:23,174 - Example.py - baiDuSerach - 67- INFO: 用例id：test022:接口名称：baiDuSerach;传递token：None;传递参数：python22;用例备注：测试示例断言失败
2025-03-21 15:16:23,294 - testExample.py - test_baiDuSerach_sheetOne - 47- INFO: test022:断言响应状态码;期望结果：200;实际结果：200
2025-03-21 15:16:23,302 - testExample.py - test_baiDuSerach_sheetOne - 52- INFO: test022:断言响应体字段值;期望结果:21;实际结果：0
2025-03-21 15:16:23,309 - testExample.py - test_baiDuSerach_sheetOne - 57- INFO: test022:断言响应时间;期望结果:200;实际结果：116
2025-03-21 15:16:23,336 - Example.py - baiDuSerach - 67- INFO: 用例id：test023:接口名称：baiDuSerach;传递token：None;传递参数：python23;用例备注：测试示例断言失败
2025-03-21 15:16:23,454 - testExample.py - test_baiDuSerach_sheetOne - 47- INFO: test023:断言响应状态码;期望结果：200;实际结果：200
2025-03-21 15:16:23,462 - testExample.py - test_baiDuSerach_sheetOne - 52- INFO: test023:断言响应体字段值;期望结果:22;实际结果：0
2025-03-21 15:16:23,470 - testExample.py - test_baiDuSerach_sheetOne - 57- INFO: test023:断言响应时间;期望结果:200;实际结果：114
2025-03-21 15:16:23,496 - Example.py - baiDuSerach - 67- INFO: 用例id：test024:接口名称：baiDuSerach;传递token：None;传递参数：python24;用例备注：测试示例断言失败
2025-03-21 15:16:23,620 - testExample.py - test_baiDuSerach_sheetOne - 47- INFO: test024:断言响应状态码;期望结果：200;实际结果：200
2025-03-21 15:16:23,628 - testExample.py - test_baiDuSerach_sheetOne - 52- INFO: test024:断言响应体字段值;期望结果:23;实际结果：0
2025-03-21 15:16:23,635 - testExample.py - test_baiDuSerach_sheetOne - 57- INFO: test024:断言响应时间;期望结果:200;实际结果：119
2025-03-21 15:16:23,665 - Example.py - baiDuSerach - 67- INFO: 用例id：test025:接口名称：baiDuSerach;传递token：None;传递参数：python25;用例备注：测试示例断言失败
2025-03-21 15:16:23,788 - testExample.py - test_baiDuSerach_sheetOne - 47- INFO: test025:断言响应状态码;期望结果：200;实际结果：200
2025-03-21 15:16:23,796 - testExample.py - test_baiDuSerach_sheetOne - 52- INFO: test025:断言响应体字段值;期望结果:24;实际结果：0
2025-03-21 15:16:23,804 - testExample.py - test_baiDuSerach_sheetOne - 57- INFO: test025:断言响应时间;期望结果:200;实际结果：120
2025-03-21 15:16:23,832 - Example.py - baiDuSerach - 67- INFO: 用例id：test026:接口名称：baiDuSerach;传递token：None;传递参数：python26;用例备注：测试示例断言失败
2025-03-21 15:16:23,951 - testExample.py - test_baiDuSerach_sheetOne - 47- INFO: test026:断言响应状态码;期望结果：200;实际结果：200
2025-03-21 15:16:23,959 - testExample.py - test_baiDuSerach_sheetOne - 52- INFO: test026:断言响应体字段值;期望结果:25;实际结果：0
2025-03-21 15:16:23,967 - testExample.py - test_baiDuSerach_sheetOne - 57- INFO: test026:断言响应时间;期望结果:200;实际结果：116
2025-03-21 15:16:23,994 - Example.py - baiDuSerach - 67- INFO: 用例id：test027:接口名称：baiDuSerach;传递token：None;传递参数：python27;用例备注：测试示例断言失败
2025-03-21 15:16:24,118 - testExample.py - test_baiDuSerach_sheetOne - 47- INFO: test027:断言响应状态码;期望结果：200;实际结果：200
2025-03-21 15:16:24,126 - testExample.py - test_baiDuSerach_sheetOne - 52- INFO: test027:断言响应体字段值;期望结果:26;实际结果：0
2025-03-21 15:16:24,134 - testExample.py - test_baiDuSerach_sheetOne - 57- INFO: test027:断言响应时间;期望结果:200;实际结果：120
2025-03-21 15:16:24,162 - Example.py - baiDuSerach - 67- INFO: 用例id：test028:接口名称：baiDuSerach;传递token：None;传递参数：python28;用例备注：测试示例断言失败
2025-03-21 15:16:24,292 - testExample.py - test_baiDuSerach_sheetOne - 47- INFO: test028:断言响应状态码;期望结果：200;实际结果：200
2025-03-21 15:16:24,299 - testExample.py - test_baiDuSerach_sheetOne - 52- INFO: test028:断言响应体字段值;期望结果:27;实际结果：0
2025-03-21 15:16:24,308 - testExample.py - test_baiDuSerach_sheetOne - 57- INFO: test028:断言响应时间;期望结果:200;实际结果：126
2025-03-21 15:16:24,334 - Example.py - baiDuSerach - 67- INFO: 用例id：test029:接口名称：baiDuSerach;传递token：None;传递参数：python29;用例备注：测试示例断言失败
2025-03-21 15:16:24,771 - testExample.py - test_baiDuSerach_sheetOne - 47- INFO: test029:断言响应状态码;期望结果：200;实际结果：200
2025-03-21 15:16:24,779 - testExample.py - test_baiDuSerach_sheetOne - 52- INFO: test029:断言响应体字段值;期望结果:28;实际结果：0
2025-03-21 15:16:24,787 - testExample.py - test_baiDuSerach_sheetOne - 57- INFO: test029:断言响应时间;期望结果:200;实际结果：433
2025-03-21 15:16:24,817 - Example.py - baiDuSerach - 67- INFO: 用例id：test030:接口名称：baiDuSerach;传递token：None;传递参数：python30;用例备注：测试示例断言失败
2025-03-21 15:16:24,940 - testExample.py - test_baiDuSerach_sheetOne - 47- INFO: test030:断言响应状态码;期望结果：200;实际结果：200
2025-03-21 15:16:24,947 - testExample.py - test_baiDuSerach_sheetOne - 52- INFO: test030:断言响应体字段值;期望结果:29;实际结果：0
2025-03-21 15:16:24,955 - testExample.py - test_baiDuSerach_sheetOne - 57- INFO: test030:断言响应时间;期望结果:200;实际结果：119
2025-03-21 15:16:24,983 - Example.py - baiDuSerach - 67- INFO: 用例id：test031:接口名称：baiDuSerach;传递token：None;传递参数：python31;用例备注：测试示例断言失败
2025-03-21 15:16:25,107 - testExample.py - test_baiDuSerach_sheetOne - 47- INFO: test031:断言响应状态码;期望结果：200;实际结果：200
2025-03-21 15:16:25,115 - testExample.py - test_baiDuSerach_sheetOne - 52- INFO: test031:断言响应体字段值;期望结果:30;实际结果：0
2025-03-21 15:16:25,123 - testExample.py - test_baiDuSerach_sheetOne - 57- INFO: test031:断言响应时间;期望结果:200;实际结果：120
2025-03-21 15:16:25,150 - Example.py - baiDuSerach - 67- INFO: 用例id：test032:接口名称：baiDuSerach;传递token：None;传递参数：python32;用例备注：测试示例断言失败
2025-03-21 15:16:25,284 - testExample.py - test_baiDuSerach_sheetOne - 47- INFO: test032:断言响应状态码;期望结果：200;实际结果：200
2025-03-21 15:16:25,292 - testExample.py - test_baiDuSerach_sheetOne - 52- INFO: test032:断言响应体字段值;期望结果:31;实际结果：0
2025-03-21 15:16:25,299 - testExample.py - test_baiDuSerach_sheetOne - 57- INFO: test032:断言响应时间;期望结果:200;实际结果：130
2025-03-21 15:16:25,327 - Example.py - baiDuSerach - 67- INFO: 用例id：test033:接口名称：baiDuSerach;传递token：None;传递参数：python33;用例备注：测试示例断言失败
2025-03-21 15:16:25,451 - testExample.py - test_baiDuSerach_sheetOne - 47- INFO: test033:断言响应状态码;期望结果：200;实际结果：200
2025-03-21 15:16:25,459 - testExample.py - test_baiDuSerach_sheetOne - 52- INFO: test033:断言响应体字段值;期望结果:32;实际结果：0
2025-03-21 15:16:25,466 - testExample.py - test_baiDuSerach_sheetOne - 57- INFO: test033:断言响应时间;期望结果:200;实际结果：120
2025-03-21 15:16:25,529 - Example.py - baiDuSerach - 67- INFO: 用例id：test034:接口名称：baiDuSerach;传递token：None;传递参数：python34;用例备注：测试示例断言失败
2025-03-21 15:16:25,648 - testExample.py - test_baiDuSerach_sheetOne - 47- INFO: test034:断言响应状态码;期望结果：200;实际结果：200
2025-03-21 15:16:25,656 - testExample.py - test_baiDuSerach_sheetOne - 52- INFO: test034:断言响应体字段值;期望结果:33;实际结果：0
2025-03-21 15:16:25,664 - testExample.py - test_baiDuSerach_sheetOne - 57- INFO: test034:断言响应时间;期望结果:200;实际结果：115
2025-03-21 15:16:25,692 - Example.py - baiDuSerach - 67- INFO: 用例id：test035:接口名称：baiDuSerach;传递token：None;传递参数：python35;用例备注：测试示例断言失败
2025-03-21 15:16:25,812 - testExample.py - test_baiDuSerach_sheetOne - 47- INFO: test035:断言响应状态码;期望结果：200;实际结果：200
2025-03-21 15:16:25,823 - testExample.py - test_baiDuSerach_sheetOne - 52- INFO: test035:断言响应体字段值;期望结果:34;实际结果：0
2025-03-21 15:16:25,830 - testExample.py - test_baiDuSerach_sheetOne - 57- INFO: test035:断言响应时间;期望结果:200;实际结果：117
2025-03-21 15:16:25,857 - Example.py - baiDuSerach - 67- INFO: 用例id：test036:接口名称：baiDuSerach;传递token：None;传递参数：python36;用例备注：测试示例断言失败
2025-03-21 15:16:25,986 - testExample.py - test_baiDuSerach_sheetOne - 47- INFO: test036:断言响应状态码;期望结果：200;实际结果：200
2025-03-21 15:16:25,994 - testExample.py - test_baiDuSerach_sheetOne - 52- INFO: test036:断言响应体字段值;期望结果:35;实际结果：0
2025-03-21 15:16:26,001 - testExample.py - test_baiDuSerach_sheetOne - 57- INFO: test036:断言响应时间;期望结果:200;实际结果：125
2025-03-21 15:16:26,030 - Example.py - baiDuSerach - 67- INFO: 用例id：test037:接口名称：baiDuSerach;传递token：None;传递参数：python37;用例备注：测试示例断言失败
2025-03-21 15:16:26,151 - testExample.py - test_baiDuSerach_sheetOne - 47- INFO: test037:断言响应状态码;期望结果：200;实际结果：200
2025-03-21 15:16:26,160 - testExample.py - test_baiDuSerach_sheetOne - 52- INFO: test037:断言响应体字段值;期望结果:36;实际结果：0
2025-03-21 15:16:26,168 - testExample.py - test_baiDuSerach_sheetOne - 57- INFO: test037:断言响应时间;期望结果:200;实际结果：117
2025-03-21 15:16:26,195 - Example.py - baiDuSerach - 67- INFO: 用例id：test038:接口名称：baiDuSerach;传递token：None;传递参数：python38;用例备注：测试示例断言失败
2025-03-21 15:16:26,317 - testExample.py - test_baiDuSerach_sheetOne - 47- INFO: test038:断言响应状态码;期望结果：200;实际结果：200
2025-03-21 15:16:26,325 - testExample.py - test_baiDuSerach_sheetOne - 52- INFO: test038:断言响应体字段值;期望结果:37;实际结果：0
2025-03-21 15:16:26,333 - testExample.py - test_baiDuSerach_sheetOne - 57- INFO: test038:断言响应时间;期望结果:200;实际结果：119
2025-03-21 15:16:26,362 - Example.py - baiDuSerach - 67- INFO: 用例id：test039:接口名称：baiDuSerach;传递token：None;传递参数：python39;用例备注：测试示例断言失败
2025-03-21 15:16:26,491 - testExample.py - test_baiDuSerach_sheetOne - 47- INFO: test039:断言响应状态码;期望结果：200;实际结果：200
2025-03-21 15:16:26,500 - testExample.py - test_baiDuSerach_sheetOne - 52- INFO: test039:断言响应体字段值;期望结果:38;实际结果：0
2025-03-21 15:16:26,508 - testExample.py - test_baiDuSerach_sheetOne - 57- INFO: test039:断言响应时间;期望结果:200;实际结果：125
2025-03-21 15:16:26,535 - Example.py - baiDuSerach - 67- INFO: 用例id：test040:接口名称：baiDuSerach;传递token：None;传递参数：python40;用例备注：测试示例断言失败
2025-03-21 15:16:26,658 - testExample.py - test_baiDuSerach_sheetOne - 47- INFO: test040:断言响应状态码;期望结果：200;实际结果：200
2025-03-21 15:16:26,666 - testExample.py - test_baiDuSerach_sheetOne - 52- INFO: test040:断言响应体字段值;期望结果:39;实际结果：0
2025-03-21 15:16:26,673 - testExample.py - test_baiDuSerach_sheetOne - 57- INFO: test040:断言响应时间;期望结果:200;实际结果：118
2025-03-21 15:16:26,701 - Example.py - baiDuSerach - 67- INFO: 用例id：test041:接口名称：baiDuSerach;传递token：None;传递参数：python41;用例备注：测试示例断言失败
2025-03-21 15:16:26,832 - testExample.py - test_baiDuSerach_sheetOne - 47- INFO: test041:断言响应状态码;期望结果：200;实际结果：200
2025-03-21 15:16:26,841 - testExample.py - test_baiDuSerach_sheetOne - 52- INFO: test041:断言响应体字段值;期望结果:40;实际结果：0
2025-03-21 15:16:26,848 - testExample.py - test_baiDuSerach_sheetOne - 57- INFO: test041:断言响应时间;期望结果:200;实际结果：128
2025-03-21 15:16:26,876 - Example.py - baiDuSerach - 67- INFO: 用例id：test042:接口名称：baiDuSerach;传递token：None;传递参数：python42;用例备注：测试示例断言失败
2025-03-21 15:16:27,003 - testExample.py - test_baiDuSerach_sheetOne - 47- INFO: test042:断言响应状态码;期望结果：200;实际结果：200
2025-03-21 15:16:27,011 - testExample.py - test_baiDuSerach_sheetOne - 52- INFO: test042:断言响应体字段值;期望结果:41;实际结果：0
2025-03-21 15:16:27,019 - testExample.py - test_baiDuSerach_sheetOne - 57- INFO: test042:断言响应时间;期望结果:200;实际结果：123
2025-03-21 15:16:27,048 - Example.py - baiDuSerach - 67- INFO: 用例id：test043:接口名称：baiDuSerach;传递token：None;传递参数：python43;用例备注：测试示例断言失败
2025-03-21 15:16:27,183 - testExample.py - test_baiDuSerach_sheetOne - 47- INFO: test043:断言响应状态码;期望结果：200;实际结果：200
2025-03-21 15:16:27,192 - testExample.py - test_baiDuSerach_sheetOne - 52- INFO: test043:断言响应体字段值;期望结果:42;实际结果：0
2025-03-21 15:16:27,201 - testExample.py - test_baiDuSerach_sheetOne - 57- INFO: test043:断言响应时间;期望结果:200;实际结果：131
2025-03-21 15:16:27,234 - Example.py - baiDuSerach - 67- INFO: 用例id：test044:接口名称：baiDuSerach;传递token：None;传递参数：python44;用例备注：测试示例断言失败
2025-03-21 15:16:27,358 - testExample.py - test_baiDuSerach_sheetOne - 47- INFO: test044:断言响应状态码;期望结果：200;实际结果：200
2025-03-21 15:16:27,367 - testExample.py - test_baiDuSerach_sheetOne - 52- INFO: test044:断言响应体字段值;期望结果:43;实际结果：0
2025-03-21 15:16:27,374 - testExample.py - test_baiDuSerach_sheetOne - 57- INFO: test044:断言响应时间;期望结果:200;实际结果：121
2025-03-21 15:16:27,402 - Example.py - baiDuSerach - 67- INFO: 用例id：test045:接口名称：baiDuSerach;传递token：None;传递参数：python45;用例备注：测试示例断言失败
2025-03-21 15:16:27,521 - testExample.py - test_baiDuSerach_sheetOne - 47- INFO: test045:断言响应状态码;期望结果：200;实际结果：200
2025-03-21 15:16:27,529 - testExample.py - test_baiDuSerach_sheetOne - 52- INFO: test045:断言响应体字段值;期望结果:44;实际结果：0
2025-03-21 15:16:27,537 - testExample.py - test_baiDuSerach_sheetOne - 57- INFO: test045:断言响应时间;期望结果:200;实际结果：115
2025-03-21 15:16:27,565 - Example.py - baiDuSerach - 67- INFO: 用例id：test046:接口名称：baiDuSerach;传递token：None;传递参数：python46;用例备注：测试示例断言失败
2025-03-21 15:16:27,689 - testExample.py - test_baiDuSerach_sheetOne - 47- INFO: test046:断言响应状态码;期望结果：200;实际结果：200
2025-03-21 15:16:27,697 - testExample.py - test_baiDuSerach_sheetOne - 52- INFO: test046:断言响应体字段值;期望结果:45;实际结果：0
2025-03-21 15:16:27,704 - testExample.py - test_baiDuSerach_sheetOne - 57- INFO: test046:断言响应时间;期望结果:200;实际结果：121
2025-03-21 15:16:27,769 - Example.py - baiDuSerach - 67- INFO: 用例id：test047:接口名称：baiDuSerach;传递token：None;传递参数：python47;用例备注：测试示例断言失败
2025-03-21 15:16:27,891 - testExample.py - test_baiDuSerach_sheetOne - 47- INFO: test047:断言响应状态码;期望结果：200;实际结果：200
2025-03-21 15:16:27,899 - testExample.py - test_baiDuSerach_sheetOne - 52- INFO: test047:断言响应体字段值;期望结果:46;实际结果：0
2025-03-21 15:16:27,907 - testExample.py - test_baiDuSerach_sheetOne - 57- INFO: test047:断言响应时间;期望结果:200;实际结果：119
2025-03-21 15:16:27,935 - Example.py - baiDuSerach - 67- INFO: 用例id：test048:接口名称：baiDuSerach;传递token：None;传递参数：python48;用例备注：测试示例断言失败
2025-03-21 15:16:28,060 - testExample.py - test_baiDuSerach_sheetOne - 47- INFO: test048:断言响应状态码;期望结果：200;实际结果：200
2025-03-21 15:16:28,068 - testExample.py - test_baiDuSerach_sheetOne - 52- INFO: test048:断言响应体字段值;期望结果:47;实际结果：0
2025-03-21 15:16:28,076 - testExample.py - test_baiDuSerach_sheetOne - 57- INFO: test048:断言响应时间;期望结果:200;实际结果：122
2025-03-21 15:16:28,104 - Example.py - baiDuSerach - 67- INFO: 用例id：test049:接口名称：baiDuSerach;传递token：None;传递参数：python49;用例备注：测试示例断言失败
2025-03-21 15:16:28,227 - testExample.py - test_baiDuSerach_sheetOne - 47- INFO: test049:断言响应状态码;期望结果：200;实际结果：200
2025-03-21 15:16:28,235 - testExample.py - test_baiDuSerach_sheetOne - 52- INFO: test049:断言响应体字段值;期望结果:48;实际结果：0
2025-03-21 15:16:28,242 - testExample.py - test_baiDuSerach_sheetOne - 57- INFO: test049:断言响应时间;期望结果:200;实际结果：118
2025-03-21 15:16:28,269 - Example.py - baiDuSerach - 67- INFO: 用例id：test050:接口名称：baiDuSerach;传递token：None;传递参数：python50;用例备注：测试示例断言失败
2025-03-21 15:16:28,396 - testExample.py - test_baiDuSerach_sheetOne - 47- INFO: test050:断言响应状态码;期望结果：200;实际结果：200
2025-03-21 15:16:28,404 - testExample.py - test_baiDuSerach_sheetOne - 52- INFO: test050:断言响应体字段值;期望结果:49;实际结果：0
2025-03-21 15:16:28,411 - testExample.py - test_baiDuSerach_sheetOne - 57- INFO: test050:断言响应时间;期望结果:200;实际结果：123
2025-03-21 15:16:28,439 - Example.py - baiDuSerach - 67- INFO: 用例id：test051:接口名称：baiDuSerach;传递token：None;传递参数：python51;用例备注：测试示例断言失败
2025-03-21 15:16:28,557 - testExample.py - test_baiDuSerach_sheetOne - 47- INFO: test051:断言响应状态码;期望结果：200;实际结果：200
2025-03-21 15:16:28,566 - testExample.py - test_baiDuSerach_sheetOne - 52- INFO: test051:断言响应体字段值;期望结果:50;实际结果：0
2025-03-21 15:16:28,573 - testExample.py - test_baiDuSerach_sheetOne - 57- INFO: test051:断言响应时间;期望结果:200;实际结果：115
2025-03-21 15:16:28,601 - Example.py - baiDuSerach - 67- INFO: 用例id：test052:接口名称：baiDuSerach;传递token：None;传递参数：python52;用例备注：测试示例断言失败
2025-03-21 15:16:28,723 - testExample.py - test_baiDuSerach_sheetOne - 47- INFO: test052:断言响应状态码;期望结果：200;实际结果：200
2025-03-21 15:16:28,731 - testExample.py - test_baiDuSerach_sheetOne - 52- INFO: test052:断言响应体字段值;期望结果:51;实际结果：0
2025-03-21 15:16:28,738 - testExample.py - test_baiDuSerach_sheetOne - 57- INFO: test052:断言响应时间;期望结果:200;实际结果：118
2025-03-21 15:16:28,766 - Example.py - baiDuSerach - 67- INFO: 用例id：test053:接口名称：baiDuSerach;传递token：None;传递参数：python53;用例备注：测试示例断言失败
2025-03-21 15:16:28,890 - testExample.py - test_baiDuSerach_sheetOne - 47- INFO: test053:断言响应状态码;期望结果：200;实际结果：200
2025-03-21 15:16:28,898 - testExample.py - test_baiDuSerach_sheetOne - 52- INFO: test053:断言响应体字段值;期望结果:52;实际结果：0
2025-03-21 15:16:28,906 - testExample.py - test_baiDuSerach_sheetOne - 57- INFO: test053:断言响应时间;期望结果:200;实际结果：120
2025-03-21 15:16:28,933 - Example.py - baiDuSerach - 67- INFO: 用例id：test054:接口名称：baiDuSerach;传递token：None;传递参数：python54;用例备注：测试示例断言失败
2025-03-21 15:16:29,054 - testExample.py - test_baiDuSerach_sheetOne - 47- INFO: test054:断言响应状态码;期望结果：200;实际结果：200
2025-03-21 15:16:29,062 - testExample.py - test_baiDuSerach_sheetOne - 52- INFO: test054:断言响应体字段值;期望结果:53;实际结果：0
2025-03-21 15:16:29,071 - testExample.py - test_baiDuSerach_sheetOne - 57- INFO: test054:断言响应时间;期望结果:200;实际结果：117
2025-03-21 15:16:29,099 - Example.py - baiDuSerach - 67- INFO: 用例id：test055:接口名称：baiDuSerach;传递token：None;传递参数：python55;用例备注：测试示例断言失败
2025-03-21 15:16:29,225 - testExample.py - test_baiDuSerach_sheetOne - 47- INFO: test055:断言响应状态码;期望结果：200;实际结果：200
2025-03-21 15:16:29,233 - testExample.py - test_baiDuSerach_sheetOne - 52- INFO: test055:断言响应体字段值;期望结果:54;实际结果：0
2025-03-21 15:16:29,241 - testExample.py - test_baiDuSerach_sheetOne - 57- INFO: test055:断言响应时间;期望结果:200;实际结果：122
2025-03-21 15:16:29,268 - Example.py - baiDuSerach - 67- INFO: 用例id：test056:接口名称：baiDuSerach;传递token：None;传递参数：python56;用例备注：测试示例断言失败
2025-03-21 15:16:29,389 - testExample.py - test_baiDuSerach_sheetOne - 47- INFO: test056:断言响应状态码;期望结果：200;实际结果：200
2025-03-21 15:16:29,397 - testExample.py - test_baiDuSerach_sheetOne - 52- INFO: test056:断言响应体字段值;期望结果:55;实际结果：0
2025-03-21 15:16:29,405 - testExample.py - test_baiDuSerach_sheetOne - 57- INFO: test056:断言响应时间;期望结果:200;实际结果：118
2025-03-21 15:16:29,433 - Example.py - baiDuSerach - 67- INFO: 用例id：test057:接口名称：baiDuSerach;传递token：None;传递参数：python57;用例备注：测试示例断言失败
2025-03-21 15:16:29,554 - testExample.py - test_baiDuSerach_sheetOne - 47- INFO: test057:断言响应状态码;期望结果：200;实际结果：200
2025-03-21 15:16:29,561 - testExample.py - test_baiDuSerach_sheetOne - 52- INFO: test057:断言响应体字段值;期望结果:56;实际结果：0
2025-03-21 15:16:29,570 - testExample.py - test_baiDuSerach_sheetOne - 57- INFO: test057:断言响应时间;期望结果:200;实际结果：117
2025-03-21 15:16:29,596 - Example.py - baiDuSerach - 67- INFO: 用例id：test058:接口名称：baiDuSerach;传递token：None;传递参数：python58;用例备注：测试示例断言失败
2025-03-21 15:16:29,720 - testExample.py - test_baiDuSerach_sheetOne - 47- INFO: test058:断言响应状态码;期望结果：200;实际结果：200
2025-03-21 15:16:29,728 - testExample.py - test_baiDuSerach_sheetOne - 52- INFO: test058:断言响应体字段值;期望结果:57;实际结果：0
2025-03-21 15:16:29,735 - testExample.py - test_baiDuSerach_sheetOne - 57- INFO: test058:断言响应时间;期望结果:200;实际结果：121
2025-03-21 15:16:29,804 - Example.py - baiDuSerach - 67- INFO: 用例id：test059:接口名称：baiDuSerach;传递token：None;传递参数：python59;用例备注：测试示例断言失败
2025-03-21 15:16:29,929 - testExample.py - test_baiDuSerach_sheetOne - 47- INFO: test059:断言响应状态码;期望结果：200;实际结果：200
2025-03-21 15:16:29,938 - testExample.py - test_baiDuSerach_sheetOne - 52- INFO: test059:断言响应体字段值;期望结果:58;实际结果：0
2025-03-21 15:16:29,948 - testExample.py - test_baiDuSerach_sheetOne - 57- INFO: test059:断言响应时间;期望结果:200;实际结果：122
2025-03-21 15:16:29,978 - Example.py - baiDuSerach - 67- INFO: 用例id：test060:接口名称：baiDuSerach;传递token：None;传递参数：python60;用例备注：测试示例断言失败
2025-03-21 15:16:30,100 - testExample.py - test_baiDuSerach_sheetOne - 47- INFO: test060:断言响应状态码;期望结果：200;实际结果：200
2025-03-21 15:16:30,108 - testExample.py - test_baiDuSerach_sheetOne - 52- INFO: test060:断言响应体字段值;期望结果:59;实际结果：0
2025-03-21 15:16:30,116 - testExample.py - test_baiDuSerach_sheetOne - 57- INFO: test060:断言响应时间;期望结果:200;实际结果：119
2025-03-21 15:16:30,143 - Example.py - baiDuSerach - 67- INFO: 用例id：test061:接口名称：baiDuSerach;传递token：None;传递参数：python61;用例备注：测试示例断言失败
2025-03-21 15:16:30,266 - testExample.py - test_baiDuSerach_sheetOne - 47- INFO: test061:断言响应状态码;期望结果：200;实际结果：200
2025-03-21 15:16:30,274 - testExample.py - test_baiDuSerach_sheetOne - 52- INFO: test061:断言响应体字段值;期望结果:60;实际结果：0
2025-03-21 15:16:30,282 - testExample.py - test_baiDuSerach_sheetOne - 57- INFO: test061:断言响应时间;期望结果:200;实际结果：120
2025-03-21 15:16:30,309 - Example.py - baiDuSerach - 67- INFO: 用例id：test062:接口名称：baiDuSerach;传递token：None;传递参数：python62;用例备注：测试示例断言失败
2025-03-21 15:16:30,440 - testExample.py - test_baiDuSerach_sheetOne - 47- INFO: test062:断言响应状态码;期望结果：200;实际结果：200
2025-03-21 15:16:30,447 - testExample.py - test_baiDuSerach_sheetOne - 52- INFO: test062:断言响应体字段值;期望结果:61;实际结果：0
2025-03-21 15:16:30,455 - testExample.py - test_baiDuSerach_sheetOne - 57- INFO: test062:断言响应时间;期望结果:200;实际结果：126
2025-03-21 15:16:30,483 - Example.py - baiDuSerach - 67- INFO: 用例id：test063:接口名称：baiDuSerach;传递token：None;传递参数：python63;用例备注：测试示例断言失败
2025-03-21 15:16:30,610 - testExample.py - test_baiDuSerach_sheetOne - 47- INFO: test063:断言响应状态码;期望结果：200;实际结果：200
2025-03-21 15:16:30,620 - testExample.py - test_baiDuSerach_sheetOne - 52- INFO: test063:断言响应体字段值;期望结果:62;实际结果：0
2025-03-21 15:16:30,629 - testExample.py - test_baiDuSerach_sheetOne - 57- INFO: test063:断言响应时间;期望结果:200;实际结果：124
2025-03-21 15:16:30,660 - Example.py - baiDuSerach - 67- INFO: 用例id：test064:接口名称：baiDuSerach;传递token：None;传递参数：python64;用例备注：测试示例断言失败
2025-03-21 15:16:30,793 - testExample.py - test_baiDuSerach_sheetOne - 47- INFO: test064:断言响应状态码;期望结果：200;实际结果：200
2025-03-21 15:16:30,801 - testExample.py - test_baiDuSerach_sheetOne - 52- INFO: test064:断言响应体字段值;期望结果:63;实际结果：0
2025-03-21 15:16:30,810 - testExample.py - test_baiDuSerach_sheetOne - 57- INFO: test064:断言响应时间;期望结果:200;实际结果：130
2025-03-21 15:16:30,838 - Example.py - baiDuSerach - 67- INFO: 用例id：test065:接口名称：baiDuSerach;传递token：None;传递参数：python65;用例备注：测试示例断言失败
2025-03-21 15:16:31,159 - testExample.py - test_baiDuSerach_sheetOne - 47- INFO: test065:断言响应状态码;期望结果：200;实际结果：200
2025-03-21 15:16:31,167 - testExample.py - test_baiDuSerach_sheetOne - 52- INFO: test065:断言响应体字段值;期望结果:64;实际结果：0
2025-03-21 15:16:31,174 - testExample.py - test_baiDuSerach_sheetOne - 57- INFO: test065:断言响应时间;期望结果:200;实际结果：317
2025-03-21 15:16:31,203 - Example.py - baiDuSerach - 67- INFO: 用例id：test066:接口名称：baiDuSerach;传递token：None;传递参数：python66;用例备注：测试示例断言失败
2025-03-21 15:16:31,332 - testExample.py - test_baiDuSerach_sheetOne - 47- INFO: test066:断言响应状态码;期望结果：200;实际结果：200
2025-03-21 15:16:31,340 - testExample.py - test_baiDuSerach_sheetOne - 52- INFO: test066:断言响应体字段值;期望结果:65;实际结果：0
2025-03-21 15:16:31,347 - testExample.py - test_baiDuSerach_sheetOne - 57- INFO: test066:断言响应时间;期望结果:200;实际结果：125
2025-03-21 15:16:31,375 - Example.py - baiDuSerach - 67- INFO: 用例id：test067:接口名称：baiDuSerach;传递token：None;传递参数：python67;用例备注：测试示例断言失败
2025-03-21 15:16:31,506 - testExample.py - test_baiDuSerach_sheetOne - 47- INFO: test067:断言响应状态码;期望结果：200;实际结果：200
2025-03-21 15:16:31,514 - testExample.py - test_baiDuSerach_sheetOne - 52- INFO: test067:断言响应体字段值;期望结果:66;实际结果：0
2025-03-21 15:16:31,521 - testExample.py - test_baiDuSerach_sheetOne - 57- INFO: test067:断言响应时间;期望结果:200;实际结果：128
2025-03-21 15:16:31,551 - Example.py - baiDuSerach - 67- INFO: 用例id：test068:接口名称：baiDuSerach;传递token：None;传递参数：python68;用例备注：测试示例断言失败
2025-03-21 15:16:31,673 - testExample.py - test_baiDuSerach_sheetOne - 47- INFO: test068:断言响应状态码;期望结果：200;实际结果：200
2025-03-21 15:16:31,682 - testExample.py - test_baiDuSerach_sheetOne - 52- INFO: test068:断言响应体字段值;期望结果:67;实际结果：0
2025-03-21 15:16:31,690 - testExample.py - test_baiDuSerach_sheetOne - 57- INFO: test068:断言响应时间;期望结果:200;实际结果：119
2025-03-21 15:16:31,721 - Example.py - baiDuSerach - 67- INFO: 用例id：test069:接口名称：baiDuSerach;传递token：None;传递参数：python69;用例备注：测试示例断言失败
2025-03-21 15:16:31,856 - testExample.py - test_baiDuSerach_sheetOne - 47- INFO: test069:断言响应状态码;期望结果：200;实际结果：200
2025-03-21 15:16:31,864 - testExample.py - test_baiDuSerach_sheetOne - 52- INFO: test069:断言响应体字段值;期望结果:68;实际结果：0
2025-03-21 15:16:31,872 - testExample.py - test_baiDuSerach_sheetOne - 57- INFO: test069:断言响应时间;期望结果:200;实际结果：131
2025-03-21 15:16:31,899 - Example.py - baiDuSerach - 67- INFO: 用例id：test070:接口名称：baiDuSerach;传递token：None;传递参数：python70;用例备注：测试示例断言失败
2025-03-21 15:16:32,025 - testExample.py - test_baiDuSerach_sheetOne - 47- INFO: test070:断言响应状态码;期望结果：200;实际结果：200
2025-03-21 15:16:32,035 - testExample.py - test_baiDuSerach_sheetOne - 52- INFO: test070:断言响应体字段值;期望结果:69;实际结果：0
2025-03-21 15:16:32,043 - testExample.py - test_baiDuSerach_sheetOne - 57- INFO: test070:断言响应时间;期望结果:200;实际结果：123
2025-03-21 15:16:32,109 - Example.py - baiDuSerachToken - 49- INFO: 用例id：1:接口名称：baiDuSerach;传递token：[[133]];传递参数：python12;用例备注：测试示例断言成功
2025-03-21 15:16:32,228 - testExample.py - test_baiDuSerach_sheetTwo - 83- INFO: 1:断言响应状态码;期望结果：200;实际结果：200
2025-03-21 15:16:32,236 - testExample.py - test_baiDuSerach_sheetTwo - 88- INFO: 1:断言响应体字段值;期望结果:0;实际结果：0
2025-03-21 15:16:32,243 - testExample.py - test_baiDuSerach_sheetTwo - 93- INFO: 1:断言响应时间;期望结果:200;实际结果：116
2025-03-21 15:16:32,255 - Example.py - baiDuSerachToken - 49- INFO: 用例id：2:接口名称：baiDuSerach;传递token：[[133]];传递参数：python22;用例备注：测试示例断言失败
2025-03-21 15:16:32,376 - testExample.py - test_baiDuSerach_sheetTwo - 83- INFO: 2:断言响应状态码;期望结果：200;实际结果：200
2025-03-21 15:16:32,384 - testExample.py - test_baiDuSerach_sheetTwo - 88- INFO: 2:断言响应体字段值;期望结果:1;实际结果：0
2025-03-21 15:16:32,392 - testExample.py - test_baiDuSerach_sheetTwo - 93- INFO: 2:断言响应时间;期望结果:200;实际结果：118
2025-03-21 15:16:32,419 - Example.py - baiDuSerachToken - 49- INFO: 用例id：3:接口名称：baiDuSerach;传递token：[[133]];传递参数：python32;用例备注：
2025-03-21 15:16:32,542 - testExample.py - test_baiDuSerach_sheetTwo - 83- INFO: 3:断言响应状态码;期望结果：200;实际结果：200
2025-03-21 15:16:32,551 - testExample.py - test_baiDuSerach_sheetTwo - 88- INFO: 3:断言响应体字段值;期望结果:2;实际结果：0
2025-03-21 15:16:32,559 - testExample.py - test_baiDuSerach_sheetTwo - 93- INFO: 3:断言响应时间;期望结果:201;实际结果：120
2025-03-21 15:16:32,587 - Example.py - baiDuSerachToken - 49- INFO: 用例id：4:接口名称：baiDuSerach;传递token：[[133]];传递参数：python33;用例备注：测试示例断言失败
2025-03-21 15:16:32,711 - testExample.py - test_baiDuSerach_sheetTwo - 83- INFO: 4:断言响应状态码;期望结果：200;实际结果：200
2025-03-21 15:16:32,719 - testExample.py - test_baiDuSerach_sheetTwo - 88- INFO: 4:断言响应体字段值;期望结果:3;实际结果：0
2025-03-21 15:16:32,727 - testExample.py - test_baiDuSerach_sheetTwo - 93- INFO: 4:断言响应时间;期望结果:202;实际结果：121
2025-03-21 15:16:32,754 - Example.py - baiDuSerachToken - 49- INFO: 用例id：5:接口名称：baiDuSerach;传递token：[[133]];传递参数：python34;用例备注：测试示例断言失败
2025-03-21 15:16:32,873 - testExample.py - test_baiDuSerach_sheetTwo - 83- INFO: 5:断言响应状态码;期望结果：200;实际结果：200
2025-03-21 15:16:32,880 - testExample.py - test_baiDuSerach_sheetTwo - 88- INFO: 5:断言响应体字段值;期望结果:4;实际结果：0
2025-03-21 15:16:32,888 - testExample.py - test_baiDuSerach_sheetTwo - 93- INFO: 5:断言响应时间;期望结果:203;实际结果：114
2025-03-21 15:16:32,915 - Example.py - baiDuSerachToken - 49- INFO: 用例id：6:接口名称：baiDuSerach;传递token：[[133]];传递参数：python35;用例备注：测试示例断言失败
2025-03-21 15:16:33,038 - testExample.py - test_baiDuSerach_sheetTwo - 83- INFO: 6:断言响应状态码;期望结果：200;实际结果：200
2025-03-21 15:16:33,045 - testExample.py - test_baiDuSerach_sheetTwo - 88- INFO: 6:断言响应体字段值;期望结果:5;实际结果：0
2025-03-21 15:16:33,054 - testExample.py - test_baiDuSerach_sheetTwo - 93- INFO: 6:断言响应时间;期望结果:204;实际结果：119
2025-03-21 15:16:33,081 - Example.py - baiDuSerachToken - 49- INFO: 用例id：7:接口名称：baiDuSerach;传递token：[[133]];传递参数：python36;用例备注：测试示例断言失败
2025-03-21 15:16:33,207 - testExample.py - test_baiDuSerach_sheetTwo - 83- INFO: 7:断言响应状态码;期望结果：200;实际结果：200
2025-03-21 15:16:33,215 - testExample.py - test_baiDuSerach_sheetTwo - 88- INFO: 7:断言响应体字段值;期望结果:6;实际结果：0
2025-03-21 15:16:33,223 - testExample.py - test_baiDuSerach_sheetTwo - 93- INFO: 7:断言响应时间;期望结果:205;实际结果：122
2025-03-21 15:16:33,250 - Example.py - baiDuSerachToken - 49- INFO: 用例id：8:接口名称：baiDuSerach;传递token：[[133]];传递参数：python37;用例备注：测试示例断言失败
2025-03-21 15:16:33,374 - testExample.py - test_baiDuSerach_sheetTwo - 83- INFO: 8:断言响应状态码;期望结果：200;实际结果：200
2025-03-21 15:16:33,383 - testExample.py - test_baiDuSerach_sheetTwo - 88- INFO: 8:断言响应体字段值;期望结果:7;实际结果：0
2025-03-21 15:16:33,391 - testExample.py - test_baiDuSerach_sheetTwo - 93- INFO: 8:断言响应时间;期望结果:206;实际结果：121
2025-03-21 15:16:33,418 - Example.py - baiDuSerachToken - 49- INFO: 用例id：9:接口名称：baiDuSerach;传递token：[[133]];传递参数：python38;用例备注：测试示例断言失败
2025-03-21 15:16:33,550 - testExample.py - test_baiDuSerach_sheetTwo - 83- INFO: 9:断言响应状态码;期望结果：200;实际结果：200
2025-03-21 15:16:33,558 - testExample.py - test_baiDuSerach_sheetTwo - 88- INFO: 9:断言响应体字段值;期望结果:8;实际结果：0
2025-03-21 15:16:33,566 - testExample.py - test_baiDuSerach_sheetTwo - 93- INFO: 9:断言响应时间;期望结果:207;实际结果：128
2025-03-21 15:16:33,593 - Example.py - baiDuSerachToken - 49- INFO: 用例id：10:接口名称：baiDuSerach;传递token：[[133]];传递参数：python39;用例备注：测试示例断言失败
2025-03-21 15:16:33,712 - testExample.py - test_baiDuSerach_sheetTwo - 83- INFO: 10:断言响应状态码;期望结果：200;实际结果：200
2025-03-21 15:16:33,720 - testExample.py - test_baiDuSerach_sheetTwo - 88- INFO: 10:断言响应体字段值;期望结果:9;实际结果：0
2025-03-21 15:16:33,728 - testExample.py - test_baiDuSerach_sheetTwo - 93- INFO: 10:断言响应时间;期望结果:208;实际结果：116
2025-03-21 15:16:33,755 - Example.py - baiDuSerachToken - 49- INFO: 用例id：11:接口名称：baiDuSerach;传递token：[[133]];传递参数：python40;用例备注：测试示例断言失败
2025-03-21 15:16:33,891 - testExample.py - test_baiDuSerach_sheetTwo - 83- INFO: 11:断言响应状态码;期望结果：200;实际结果：200
2025-03-21 15:16:33,898 - testExample.py - test_baiDuSerach_sheetTwo - 88- INFO: 11:断言响应体字段值;期望结果:10;实际结果：0
2025-03-21 15:16:33,906 - testExample.py - test_baiDuSerach_sheetTwo - 93- INFO: 11:断言响应时间;期望结果:209;实际结果：131
2025-03-21 15:16:33,932 - Example.py - baiDuSerachToken - 49- INFO: 用例id：12:接口名称：baiDuSerach;传递token：[[133]];传递参数：python41;用例备注：测试示例断言失败
2025-03-21 15:16:34,052 - testExample.py - test_baiDuSerach_sheetTwo - 83- INFO: 12:断言响应状态码;期望结果：200;实际结果：200
2025-03-21 15:16:34,061 - testExample.py - test_baiDuSerach_sheetTwo - 88- INFO: 12:断言响应体字段值;期望结果:11;实际结果：0
2025-03-21 15:16:34,068 - testExample.py - test_baiDuSerach_sheetTwo - 93- INFO: 12:断言响应时间;期望结果:210;实际结果：116
2025-03-21 15:16:34,096 - Example.py - baiDuSerachToken - 49- INFO: 用例id：13:接口名称：baiDuSerach;传递token：[[133]];传递参数：python42;用例备注：测试示例断言失败
2025-03-21 15:16:34,228 - testExample.py - test_baiDuSerach_sheetTwo - 83- INFO: 13:断言响应状态码;期望结果：200;实际结果：200
2025-03-21 15:16:34,236 - testExample.py - test_baiDuSerach_sheetTwo - 88- INFO: 13:断言响应体字段值;期望结果:12;实际结果：0
2025-03-21 15:16:34,243 - testExample.py - test_baiDuSerach_sheetTwo - 93- INFO: 13:断言响应时间;期望结果:211;实际结果：127
2025-03-21 15:16:34,307 - Example.py - baiDuSerachToken - 49- INFO: 用例id：14:接口名称：baiDuSerach;传递token：[[133]];传递参数：python43;用例备注：测试示例断言失败
2025-03-21 15:16:34,433 - testExample.py - test_baiDuSerach_sheetTwo - 83- INFO: 14:断言响应状态码;期望结果：200;实际结果：200
2025-03-21 15:16:34,441 - testExample.py - test_baiDuSerach_sheetTwo - 88- INFO: 14:断言响应体字段值;期望结果:13;实际结果：0
2025-03-21 15:16:34,449 - testExample.py - test_baiDuSerach_sheetTwo - 93- INFO: 14:断言响应时间;期望结果:212;实际结果：122
2025-03-21 15:16:34,476 - Example.py - baiDuSerachToken - 49- INFO: 用例id：15:接口名称：baiDuSerach;传递token：[[133]];传递参数：python44;用例备注：测试示例断言失败
2025-03-21 15:16:34,600 - testExample.py - test_baiDuSerach_sheetTwo - 83- INFO: 15:断言响应状态码;期望结果：200;实际结果：200
2025-03-21 15:16:34,607 - testExample.py - test_baiDuSerach_sheetTwo - 88- INFO: 15:断言响应体字段值;期望结果:14;实际结果：0
2025-03-21 15:16:34,616 - testExample.py - test_baiDuSerach_sheetTwo - 93- INFO: 15:断言响应时间;期望结果:213;实际结果：119
2025-03-21 15:16:34,644 - Example.py - baiDuSerachToken - 49- INFO: 用例id：16:接口名称：baiDuSerach;传递token：[[133]];传递参数：python45;用例备注：测试示例断言失败
2025-03-21 15:16:34,770 - testExample.py - test_baiDuSerach_sheetTwo - 83- INFO: 16:断言响应状态码;期望结果：200;实际结果：200
2025-03-21 15:16:34,778 - testExample.py - test_baiDuSerach_sheetTwo - 88- INFO: 16:断言响应体字段值;期望结果:15;实际结果：0
2025-03-21 15:16:34,786 - testExample.py - test_baiDuSerach_sheetTwo - 93- INFO: 16:断言响应时间;期望结果:214;实际结果：122
2025-03-21 15:16:34,815 - Example.py - baiDuSerachToken - 49- INFO: 用例id：17:接口名称：baiDuSerach;传递token：[[133]];传递参数：python46;用例备注：测试示例断言失败
2025-03-21 15:16:34,953 - testExample.py - test_baiDuSerach_sheetTwo - 83- INFO: 17:断言响应状态码;期望结果：200;实际结果：200
2025-03-21 15:16:34,962 - testExample.py - test_baiDuSerach_sheetTwo - 88- INFO: 17:断言响应体字段值;期望结果:16;实际结果：0
2025-03-21 15:16:34,970 - testExample.py - test_baiDuSerach_sheetTwo - 93- INFO: 17:断言响应时间;期望结果:215;实际结果：134
2025-03-21 15:16:35,000 - Example.py - baiDuSerachToken - 49- INFO: 用例id：18:接口名称：baiDuSerach;传递token：[[133]];传递参数：python47;用例备注：测试示例断言失败
2025-03-21 15:16:35,124 - testExample.py - test_baiDuSerach_sheetTwo - 83- INFO: 18:断言响应状态码;期望结果：200;实际结果：200
2025-03-21 15:16:35,132 - testExample.py - test_baiDuSerach_sheetTwo - 88- INFO: 18:断言响应体字段值;期望结果:17;实际结果：0
2025-03-21 15:16:35,141 - testExample.py - test_baiDuSerach_sheetTwo - 93- INFO: 18:断言响应时间;期望结果:216;实际结果：120
2025-03-21 15:16:35,168 - Example.py - baiDuSerachToken - 49- INFO: 用例id：19:接口名称：baiDuSerach;传递token：[[133]];传递参数：python48;用例备注：测试示例断言失败
2025-03-21 15:16:35,290 - testExample.py - test_baiDuSerach_sheetTwo - 83- INFO: 19:断言响应状态码;期望结果：200;实际结果：200
2025-03-21 15:16:35,300 - testExample.py - test_baiDuSerach_sheetTwo - 88- INFO: 19:断言响应体字段值;期望结果:18;实际结果：0
2025-03-21 15:16:35,308 - testExample.py - test_baiDuSerach_sheetTwo - 93- INFO: 19:断言响应时间;期望结果:217;实际结果：118
2025-03-21 15:16:35,338 - Example.py - baiDuSerachToken - 49- INFO: 用例id：20:接口名称：baiDuSerach;传递token：[[133]];传递参数：python49;用例备注：测试示例断言失败
2025-03-21 15:16:35,460 - testExample.py - test_baiDuSerach_sheetTwo - 83- INFO: 20:断言响应状态码;期望结果：200;实际结果：200
2025-03-21 15:16:35,469 - testExample.py - test_baiDuSerach_sheetTwo - 88- INFO: 20:断言响应体字段值;期望结果:19;实际结果：0
2025-03-21 15:16:35,476 - testExample.py - test_baiDuSerach_sheetTwo - 93- INFO: 20:断言响应时间;期望结果:218;实际结果：118
2025-03-21 15:16:35,504 - Example.py - baiDuSerachToken - 49- INFO: 用例id：21:接口名称：baiDuSerach;传递token：[[133]];传递参数：python50;用例备注：测试示例断言失败
2025-03-21 15:16:35,622 - testExample.py - test_baiDuSerach_sheetTwo - 83- INFO: 21:断言响应状态码;期望结果：200;实际结果：200
2025-03-21 15:16:35,630 - testExample.py - test_baiDuSerach_sheetTwo - 88- INFO: 21:断言响应体字段值;期望结果:20;实际结果：0
2025-03-21 15:16:35,637 - testExample.py - test_baiDuSerach_sheetTwo - 93- INFO: 21:断言响应时间;期望结果:219;实际结果：114
2025-03-21 15:16:35,667 - Example.py - baiDuSerachToken - 49- INFO: 用例id：22:接口名称：baiDuSerach;传递token：[[133]];传递参数：python51;用例备注：测试示例断言失败
2025-03-21 15:16:35,790 - testExample.py - test_baiDuSerach_sheetTwo - 83- INFO: 22:断言响应状态码;期望结果：200;实际结果：200
2025-03-21 15:16:35,798 - testExample.py - test_baiDuSerach_sheetTwo - 88- INFO: 22:断言响应体字段值;期望结果:21;实际结果：0
2025-03-21 15:16:35,806 - testExample.py - test_baiDuSerach_sheetTwo - 93- INFO: 22:断言响应时间;期望结果:220;实际结果：119
2025-03-21 15:16:35,834 - Example.py - baiDuSerachToken - 49- INFO: 用例id：23:接口名称：baiDuSerach;传递token：[[133]];传递参数：python52;用例备注：测试示例断言失败
2025-03-21 15:16:35,956 - testExample.py - test_baiDuSerach_sheetTwo - 83- INFO: 23:断言响应状态码;期望结果：200;实际结果：200
2025-03-21 15:16:35,965 - testExample.py - test_baiDuSerach_sheetTwo - 88- INFO: 23:断言响应体字段值;期望结果:22;实际结果：0
2025-03-21 15:16:35,973 - testExample.py - test_baiDuSerach_sheetTwo - 93- INFO: 23:断言响应时间;期望结果:221;实际结果：120
2025-03-21 15:16:36,000 - Example.py - baiDuSerachToken - 49- INFO: 用例id：24:接口名称：baiDuSerach;传递token：[[133]];传递参数：python53;用例备注：测试示例断言失败
2025-03-21 15:16:36,124 - testExample.py - test_baiDuSerach_sheetTwo - 83- INFO: 24:断言响应状态码;期望结果：200;实际结果：200
2025-03-21 15:16:36,133 - testExample.py - test_baiDuSerach_sheetTwo - 88- INFO: 24:断言响应体字段值;期望结果:23;实际结果：0
2025-03-21 15:16:36,141 - testExample.py - test_baiDuSerach_sheetTwo - 93- INFO: 24:断言响应时间;期望结果:222;实际结果：120
2025-03-21 15:16:36,168 - Example.py - baiDuSerachToken - 49- INFO: 用例id：25:接口名称：baiDuSerach;传递token：[[133]];传递参数：python54;用例备注：测试示例断言失败
2025-03-21 15:16:36,292 - testExample.py - test_baiDuSerach_sheetTwo - 83- INFO: 25:断言响应状态码;期望结果：200;实际结果：200
2025-03-21 15:16:36,300 - testExample.py - test_baiDuSerach_sheetTwo - 88- INFO: 25:断言响应体字段值;期望结果:24;实际结果：0
2025-03-21 15:16:36,307 - testExample.py - test_baiDuSerach_sheetTwo - 93- INFO: 25:断言响应时间;期望结果:223;实际结果：120
2025-03-21 15:16:36,370 - Example.py - baiDuSerachToken - 49- INFO: 用例id：26:接口名称：baiDuSerach;传递token：[[133]];传递参数：python55;用例备注：测试示例断言失败
2025-03-21 15:16:36,491 - testExample.py - test_baiDuSerach_sheetTwo - 83- INFO: 26:断言响应状态码;期望结果：200;实际结果：200
2025-03-21 15:16:36,499 - testExample.py - test_baiDuSerach_sheetTwo - 88- INFO: 26:断言响应体字段值;期望结果:25;实际结果：0
2025-03-21 15:16:36,507 - testExample.py - test_baiDuSerach_sheetTwo - 93- INFO: 26:断言响应时间;期望结果:224;实际结果：117
2025-03-21 15:16:36,535 - Example.py - baiDuSerachToken - 49- INFO: 用例id：27:接口名称：baiDuSerach;传递token：[[133]];传递参数：python56;用例备注：测试示例断言失败
2025-03-21 15:16:36,653 - testExample.py - test_baiDuSerach_sheetTwo - 83- INFO: 27:断言响应状态码;期望结果：200;实际结果：200
2025-03-21 15:16:36,663 - testExample.py - test_baiDuSerach_sheetTwo - 88- INFO: 27:断言响应体字段值;期望结果:26;实际结果：0
2025-03-21 15:16:36,671 - testExample.py - test_baiDuSerach_sheetTwo - 93- INFO: 27:断言响应时间;期望结果:225;实际结果：114
2025-03-21 15:16:36,699 - Example.py - baiDuSerachToken - 49- INFO: 用例id：28:接口名称：baiDuSerach;传递token：[[133]];传递参数：python57;用例备注：测试示例断言失败
2025-03-21 15:16:36,827 - testExample.py - test_baiDuSerach_sheetTwo - 83- INFO: 28:断言响应状态码;期望结果：200;实际结果：200
2025-03-21 15:16:36,834 - testExample.py - test_baiDuSerach_sheetTwo - 88- INFO: 28:断言响应体字段值;期望结果:27;实际结果：0
2025-03-21 15:16:36,842 - testExample.py - test_baiDuSerach_sheetTwo - 93- INFO: 28:断言响应时间;期望结果:226;实际结果：123
2025-03-21 15:16:36,869 - Example.py - baiDuSerachToken - 49- INFO: 用例id：29:接口名称：baiDuSerach;传递token：[[133]];传递参数：python58;用例备注：测试示例断言失败
2025-03-21 15:16:37,004 - testExample.py - test_baiDuSerach_sheetTwo - 83- INFO: 29:断言响应状态码;期望结果：200;实际结果：200
2025-03-21 15:16:37,013 - testExample.py - test_baiDuSerach_sheetTwo - 88- INFO: 29:断言响应体字段值;期望结果:28;实际结果：0
2025-03-21 15:16:37,022 - testExample.py - test_baiDuSerach_sheetTwo - 93- INFO: 29:断言响应时间;期望结果:227;实际结果：132
2025-03-21 15:16:37,050 - Example.py - baiDuSerachToken - 49- INFO: 用例id：30:接口名称：baiDuSerach;传递token：[[133]];传递参数：python59;用例备注：测试示例断言失败
2025-03-21 15:16:37,176 - testExample.py - test_baiDuSerach_sheetTwo - 83- INFO: 30:断言响应状态码;期望结果：200;实际结果：200
2025-03-21 15:16:37,184 - testExample.py - test_baiDuSerach_sheetTwo - 88- INFO: 30:断言响应体字段值;期望结果:29;实际结果：0
2025-03-21 15:16:37,192 - testExample.py - test_baiDuSerach_sheetTwo - 93- INFO: 30:断言响应时间;期望结果:228;实际结果：122
2025-03-21 15:16:37,221 - Example.py - baiDuSerachToken - 49- INFO: 用例id：test001:接口名称：baiDuSerach;传递token：[[133]];传递参数：python1;用例备注：测试示例断言成功
2025-03-21 15:16:37,342 - testExample.py - test_baiDuSerach_csv - 119- INFO: test001:断言响应状态码;期望结果：200;实际结果：200
2025-03-21 15:16:37,349 - testExample.py - test_baiDuSerach_csv - 124- INFO: test001:断言响应体字段值;期望结果:0;实际结果：0
2025-03-21 15:16:37,357 - testExample.py - test_baiDuSerach_csv - 129- INFO: test001:断言响应时间;期望结果:200;实际结果：117
2025-03-21 15:16:37,368 - Example.py - baiDuSerachToken - 49- INFO: 用例id：test002:接口名称：baiDuSerach;传递token：[[133]];传递参数：python2;用例备注：
2025-03-21 15:16:37,493 - testExample.py - test_baiDuSerach_csv - 119- INFO: test002:断言响应状态码;期望结果：200;实际结果：200
2025-03-21 15:16:37,500 - testExample.py - test_baiDuSerach_csv - 124- INFO: test002:断言响应体字段值;期望结果:1;实际结果：0
2025-03-21 15:16:37,509 - testExample.py - test_baiDuSerach_csv - 129- INFO: test002:断言响应时间;期望结果:200;实际结果：121
2025-03-21 15:16:37,536 - Example.py - baiDuSerachToken - 49- INFO: 用例id：test003:接口名称：baiDuSerach;传递token：[[133]];传递参数：python3;用例备注：测试示例断言失败
2025-03-21 15:16:37,655 - testExample.py - test_baiDuSerach_csv - 119- INFO: test003:断言响应状态码;期望结果：200;实际结果：200
2025-03-21 15:16:37,663 - testExample.py - test_baiDuSerach_csv - 124- INFO: test003:断言响应体字段值;期望结果:2;实际结果：0
2025-03-21 15:16:37,671 - testExample.py - test_baiDuSerach_csv - 129- INFO: test003:断言响应时间;期望结果:200;实际结果：116
2025-03-21 15:16:37,699 - Example.py - baiDuSerachToken - 49- INFO: 用例id：test004:接口名称：baiDuSerach;传递token：[[133]];传递参数：python4;用例备注：测试示例断言失败
2025-03-21 15:16:37,828 - testExample.py - test_baiDuSerach_csv - 119- INFO: test004:断言响应状态码;期望结果：200;实际结果：200
2025-03-21 15:16:37,837 - testExample.py - test_baiDuSerach_csv - 124- INFO: test004:断言响应体字段值;期望结果:3;实际结果：0
2025-03-21 15:16:37,845 - testExample.py - test_baiDuSerach_csv - 129- INFO: test004:断言响应时间;期望结果:200;实际结果：124
2025-03-21 15:16:37,877 - Example.py - baiDuSerachToken - 49- INFO: 用例id：test005:接口名称：baiDuSerach;传递token：[[133]];传递参数：python5;用例备注：测试示例断言失败
2025-03-21 15:16:37,998 - testExample.py - test_baiDuSerach_csv - 119- INFO: test005:断言响应状态码;期望结果：200;实际结果：200
2025-03-21 15:16:38,007 - testExample.py - test_baiDuSerach_csv - 124- INFO: test005:断言响应体字段值;期望结果:4;实际结果：0
2025-03-21 15:16:38,014 - testExample.py - test_baiDuSerach_csv - 129- INFO: test005:断言响应时间;期望结果:200;实际结果：118
2025-03-21 15:16:38,041 - Example.py - baiDuSerachToken - 49- INFO: 用例id：test006:接口名称：baiDuSerach;传递token：[[133]];传递参数：python6;用例备注：测试示例断言失败
2025-03-21 15:16:38,168 - testExample.py - test_baiDuSerach_csv - 119- INFO: test006:断言响应状态码;期望结果：200;实际结果：200
2025-03-21 15:16:38,176 - testExample.py - test_baiDuSerach_csv - 124- INFO: test006:断言响应体字段值;期望结果:5;实际结果：0
2025-03-21 15:16:38,186 - testExample.py - test_baiDuSerach_csv - 129- INFO: test006:断言响应时间;期望结果:200;实际结果：124
2025-03-21 15:16:38,217 - Example.py - baiDuSerachToken - 49- INFO: 用例id：test007:接口名称：baiDuSerach;传递token：[[133]];传递参数：python7;用例备注：测试示例断言失败
2025-03-21 15:16:38,338 - testExample.py - test_baiDuSerach_csv - 119- INFO: test007:断言响应状态码;期望结果：200;实际结果：200
2025-03-21 15:16:38,346 - testExample.py - test_baiDuSerach_csv - 124- INFO: test007:断言响应体字段值;期望结果:6;实际结果：0
2025-03-21 15:16:38,353 - testExample.py - test_baiDuSerach_csv - 129- INFO: test007:断言响应时间;期望结果:200;实际结果：118
2025-03-21 15:16:38,381 - Example.py - baiDuSerachToken - 49- INFO: 用例id：test008:接口名称：baiDuSerach;传递token：[[133]];传递参数：python8;用例备注：测试示例断言失败
2025-03-21 15:16:38,506 - testExample.py - test_baiDuSerach_csv - 119- INFO: test008:断言响应状态码;期望结果：200;实际结果：200
2025-03-21 15:16:38,514 - testExample.py - test_baiDuSerach_csv - 124- INFO: test008:断言响应体字段值;期望结果:7;实际结果：0
2025-03-21 15:16:38,523 - testExample.py - test_baiDuSerach_csv - 129- INFO: test008:断言响应时间;期望结果:200;实际结果：122
2025-03-21 15:16:38,590 - Example.py - baiDuSerachToken - 49- INFO: 用例id：test009:接口名称：baiDuSerach;传递token：[[133]];传递参数：python9;用例备注：测试示例断言失败
2025-03-21 15:16:38,719 - testExample.py - test_baiDuSerach_csv - 119- INFO: test009:断言响应状态码;期望结果：200;实际结果：200
2025-03-21 15:16:38,727 - testExample.py - test_baiDuSerach_csv - 124- INFO: test009:断言响应体字段值;期望结果:8;实际结果：0
2025-03-21 15:16:38,735 - testExample.py - test_baiDuSerach_csv - 129- INFO: test009:断言响应时间;期望结果:200;实际结果：125
2025-03-21 15:16:38,764 - Example.py - baiDuSerachToken - 49- INFO: 用例id：test010:接口名称：baiDuSerach;传递token：[[133]];传递参数：python10;用例备注：测试示例断言失败
2025-03-21 15:16:38,889 - testExample.py - test_baiDuSerach_csv - 119- INFO: test010:断言响应状态码;期望结果：200;实际结果：200
2025-03-21 15:16:38,896 - testExample.py - test_baiDuSerach_csv - 124- INFO: test010:断言响应体字段值;期望结果:9;实际结果：0
2025-03-21 15:16:38,904 - testExample.py - test_baiDuSerach_csv - 129- INFO: test010:断言响应时间;期望结果:200;实际结果：120
2025-03-21 15:16:38,931 - Example.py - baiDuSerachToken - 49- INFO: 用例id：test011:接口名称：baiDuSerach;传递token：[[133]];传递参数：python11;用例备注：测试示例断言失败
2025-03-21 15:16:39,052 - testExample.py - test_baiDuSerach_csv - 119- INFO: test011:断言响应状态码;期望结果：200;实际结果：200
2025-03-21 15:16:39,060 - testExample.py - test_baiDuSerach_csv - 124- INFO: test011:断言响应体字段值;期望结果:10;实际结果：0
2025-03-21 15:16:39,068 - testExample.py - test_baiDuSerach_csv - 129- INFO: test011:断言响应时间;期望结果:200;实际结果：117
2025-03-21 15:16:39,095 - Example.py - baiDuSerachToken - 49- INFO: 用例id：test012:接口名称：baiDuSerach;传递token：[[133]];传递参数：python12;用例备注：测试示例断言失败
2025-03-21 15:16:39,219 - testExample.py - test_baiDuSerach_csv - 119- INFO: test012:断言响应状态码;期望结果：200;实际结果：200
2025-03-21 15:16:39,226 - testExample.py - test_baiDuSerach_csv - 124- INFO: test012:断言响应体字段值;期望结果:11;实际结果：0
2025-03-21 15:16:39,239 - testExample.py - test_baiDuSerach_csv - 129- INFO: test012:断言响应时间;期望结果:200;实际结果：119
2025-03-21 15:16:39,267 - Example.py - baiDuSerachToken - 49- INFO: 用例id：test013:接口名称：baiDuSerach;传递token：[[133]];传递参数：python13;用例备注：测试示例断言失败
2025-03-21 15:16:39,395 - testExample.py - test_baiDuSerach_csv - 119- INFO: test013:断言响应状态码;期望结果：200;实际结果：200
2025-03-21 15:16:39,402 - testExample.py - test_baiDuSerach_csv - 124- INFO: test013:断言响应体字段值;期望结果:12;实际结果：0
2025-03-21 15:16:39,410 - testExample.py - test_baiDuSerach_csv - 129- INFO: test013:断言响应时间;期望结果:200;实际结果：124
2025-03-21 15:16:39,438 - Example.py - baiDuSerachToken - 49- INFO: 用例id：test014:接口名称：baiDuSerach;传递token：[[133]];传递参数：python14;用例备注：测试示例断言失败
2025-03-21 15:16:39,565 - testExample.py - test_baiDuSerach_csv - 119- INFO: test014:断言响应状态码;期望结果：200;实际结果：200
2025-03-21 15:16:39,573 - testExample.py - test_baiDuSerach_csv - 124- INFO: test014:断言响应体字段值;期望结果:13;实际结果：0
2025-03-21 15:16:39,581 - testExample.py - test_baiDuSerach_csv - 129- INFO: test014:断言响应时间;期望结果:200;实际结果：123
2025-03-21 15:16:39,608 - Example.py - baiDuSerachToken - 49- INFO: 用例id：test015:接口名称：baiDuSerach;传递token：[[133]];传递参数：python15;用例备注：测试示例断言失败
2025-03-21 15:16:39,730 - testExample.py - test_baiDuSerach_csv - 119- INFO: test015:断言响应状态码;期望结果：200;实际结果：200
2025-03-21 15:16:39,739 - testExample.py - test_baiDuSerach_csv - 124- INFO: test015:断言响应体字段值;期望结果:14;实际结果：0
2025-03-21 15:16:39,746 - testExample.py - test_baiDuSerach_csv - 129- INFO: test015:断言响应时间;期望结果:200;实际结果：119
2025-03-21 15:16:39,774 - Example.py - baiDuSerachToken - 49- INFO: 用例id：test016:接口名称：baiDuSerach;传递token：[[133]];传递参数：python16;用例备注：测试示例断言失败
2025-03-21 15:16:39,893 - testExample.py - test_baiDuSerach_csv - 119- INFO: test016:断言响应状态码;期望结果：200;实际结果：200
2025-03-21 15:16:39,902 - testExample.py - test_baiDuSerach_csv - 124- INFO: test016:断言响应体字段值;期望结果:15;实际结果：0
2025-03-21 15:16:39,912 - testExample.py - test_baiDuSerach_csv - 129- INFO: test016:断言响应时间;期望结果:200;实际结果：116
2025-03-21 15:16:39,943 - Example.py - baiDuSerachToken - 49- INFO: 用例id：test017:接口名称：baiDuSerach;传递token：[[133]];传递参数：python17;用例备注：测试示例断言失败
2025-03-21 15:16:40,065 - testExample.py - test_baiDuSerach_csv - 119- INFO: test017:断言响应状态码;期望结果：200;实际结果：200
2025-03-21 15:16:40,073 - testExample.py - test_baiDuSerach_csv - 124- INFO: test017:断言响应体字段值;期望结果:16;实际结果：0
2025-03-21 15:16:40,081 - testExample.py - test_baiDuSerach_csv - 129- INFO: test017:断言响应时间;期望结果:200;实际结果：119
2025-03-21 15:16:40,108 - Example.py - baiDuSerachToken - 49- INFO: 用例id：test018:接口名称：baiDuSerach;传递token：[[133]];传递参数：python18;用例备注：测试示例断言失败
2025-03-21 15:16:40,241 - testExample.py - test_baiDuSerach_csv - 119- INFO: test018:断言响应状态码;期望结果：200;实际结果：200
2025-03-21 15:16:40,249 - testExample.py - test_baiDuSerach_csv - 124- INFO: test018:断言响应体字段值;期望结果:17;实际结果：0
2025-03-21 15:16:40,257 - testExample.py - test_baiDuSerach_csv - 129- INFO: test018:断言响应时间;期望结果:200;实际结果：130
2025-03-21 15:16:40,285 - Example.py - baiDuSerachToken - 49- INFO: 用例id：test019:接口名称：baiDuSerach;传递token：[[133]];传递参数：python19;用例备注：测试示例断言失败
2025-03-21 15:16:40,416 - testExample.py - test_baiDuSerach_csv - 119- INFO: test019:断言响应状态码;期望结果：200;实际结果：200
2025-03-21 15:16:40,424 - testExample.py - test_baiDuSerach_csv - 124- INFO: test019:断言响应体字段值;期望结果:18;实际结果：0
2025-03-21 15:16:40,432 - testExample.py - test_baiDuSerach_csv - 129- INFO: test019:断言响应时间;期望结果:200;实际结果：127
2025-03-21 15:16:40,459 - Example.py - baiDuSerachToken - 49- INFO: 用例id：test020:接口名称：baiDuSerach;传递token：[[133]];传递参数：python20;用例备注：测试示例断言失败
2025-03-21 15:16:40,579 - testExample.py - test_baiDuSerach_csv - 119- INFO: test020:断言响应状态码;期望结果：200;实际结果：200
2025-03-21 15:16:40,586 - testExample.py - test_baiDuSerach_csv - 124- INFO: test020:断言响应体字段值;期望结果:19;实际结果：0
2025-03-21 15:16:40,595 - testExample.py - test_baiDuSerach_csv - 129- INFO: test020:断言响应时间;期望结果:200;实际结果：117
2025-03-21 15:16:40,666 - Example.py - baiDuSerachToken - 49- INFO: 用例id：test021:接口名称：baiDuSerach;传递token：[[133]];传递参数：python21;用例备注：测试示例断言失败
2025-03-21 15:16:40,786 - testExample.py - test_baiDuSerach_csv - 119- INFO: test021:断言响应状态码;期望结果：200;实际结果：200
2025-03-21 15:16:40,794 - testExample.py - test_baiDuSerach_csv - 124- INFO: test021:断言响应体字段值;期望结果:20;实际结果：0
2025-03-21 15:16:40,802 - testExample.py - test_baiDuSerach_csv - 129- INFO: test021:断言响应时间;期望结果:200;实际结果：117
2025-03-21 15:16:40,829 - Example.py - baiDuSerachToken - 49- INFO: 用例id：test022:接口名称：baiDuSerach;传递token：[[133]];传递参数：python22;用例备注：测试示例断言失败
2025-03-21 15:16:40,955 - testExample.py - test_baiDuSerach_csv - 119- INFO: test022:断言响应状态码;期望结果：200;实际结果：200
2025-03-21 15:16:40,963 - testExample.py - test_baiDuSerach_csv - 124- INFO: test022:断言响应体字段值;期望结果:21;实际结果：0
2025-03-21 15:16:40,970 - testExample.py - test_baiDuSerach_csv - 129- INFO: test022:断言响应时间;期望结果:200;实际结果：122
2025-03-21 15:16:40,998 - Example.py - baiDuSerachToken - 49- INFO: 用例id：test023:接口名称：baiDuSerach;传递token：[[133]];传递参数：python23;用例备注：测试示例断言失败
2025-03-21 15:16:41,117 - testExample.py - test_baiDuSerach_csv - 119- INFO: test023:断言响应状态码;期望结果：200;实际结果：200
2025-03-21 15:16:41,124 - testExample.py - test_baiDuSerach_csv - 124- INFO: test023:断言响应体字段值;期望结果:22;实际结果：0
2025-03-21 15:16:41,132 - testExample.py - test_baiDuSerach_csv - 129- INFO: test023:断言响应时间;期望结果:200;实际结果：115
2025-03-21 15:16:41,159 - Example.py - baiDuSerachToken - 49- INFO: 用例id：test024:接口名称：baiDuSerach;传递token：[[133]];传递参数：python24;用例备注：测试示例断言失败
2025-03-21 15:16:41,286 - testExample.py - test_baiDuSerach_csv - 119- INFO: test024:断言响应状态码;期望结果：200;实际结果：200
2025-03-21 15:16:41,294 - testExample.py - test_baiDuSerach_csv - 124- INFO: test024:断言响应体字段值;期望结果:23;实际结果：0
2025-03-21 15:16:41,302 - testExample.py - test_baiDuSerach_csv - 129- INFO: test024:断言响应时间;期望结果:200;实际结果：123
2025-03-21 15:16:41,329 - Example.py - baiDuSerachToken - 49- INFO: 用例id：test025:接口名称：baiDuSerach;传递token：[[133]];传递参数：python25;用例备注：测试示例断言失败
2025-03-21 15:16:41,450 - testExample.py - test_baiDuSerach_csv - 119- INFO: test025:断言响应状态码;期望结果：200;实际结果：200
2025-03-21 15:16:41,458 - testExample.py - test_baiDuSerach_csv - 124- INFO: test025:断言响应体字段值;期望结果:24;实际结果：0
2025-03-21 15:16:41,466 - testExample.py - test_baiDuSerach_csv - 129- INFO: test025:断言响应时间;期望结果:200;实际结果：116
2025-03-21 15:16:41,495 - Example.py - baiDuSerachToken - 49- INFO: 用例id：test026:接口名称：baiDuSerach;传递token：[[133]];传递参数：python26;用例备注：测试示例断言失败
2025-03-21 15:16:41,630 - testExample.py - test_baiDuSerach_csv - 119- INFO: test026:断言响应状态码;期望结果：200;实际结果：200
2025-03-21 15:16:41,639 - testExample.py - test_baiDuSerach_csv - 124- INFO: test026:断言响应体字段值;期望结果:25;实际结果：0
2025-03-21 15:16:41,647 - testExample.py - test_baiDuSerach_csv - 129- INFO: test026:断言响应时间;期望结果:200;实际结果：131
2025-03-21 15:16:41,675 - Example.py - baiDuSerachToken - 49- INFO: 用例id：test027:接口名称：baiDuSerach;传递token：[[133]];传递参数：python27;用例备注：测试示例断言失败
2025-03-21 15:16:41,804 - testExample.py - test_baiDuSerach_csv - 119- INFO: test027:断言响应状态码;期望结果：200;实际结果：200
2025-03-21 15:16:41,812 - testExample.py - test_baiDuSerach_csv - 124- INFO: test027:断言响应体字段值;期望结果:26;实际结果：0
2025-03-21 15:16:41,820 - testExample.py - test_baiDuSerach_csv - 129- INFO: test027:断言响应时间;期望结果:200;实际结果：125
2025-03-21 15:16:41,846 - Example.py - baiDuSerachToken - 49- INFO: 用例id：test028:接口名称：baiDuSerach;传递token：[[133]];传递参数：python28;用例备注：测试示例断言失败
2025-03-21 15:16:41,972 - testExample.py - test_baiDuSerach_csv - 119- INFO: test028:断言响应状态码;期望结果：200;实际结果：200
2025-03-21 15:16:41,980 - testExample.py - test_baiDuSerach_csv - 124- INFO: test028:断言响应体字段值;期望结果:27;实际结果：0
2025-03-21 15:16:41,988 - testExample.py - test_baiDuSerach_csv - 129- INFO: test028:断言响应时间;期望结果:200;实际结果：122
2025-03-21 15:16:42,015 - Example.py - baiDuSerachToken - 49- INFO: 用例id：test029:接口名称：baiDuSerach;传递token：[[133]];传递参数：python29;用例备注：测试示例断言失败
2025-03-21 15:16:42,143 - testExample.py - test_baiDuSerach_csv - 119- INFO: test029:断言响应状态码;期望结果：200;实际结果：200
2025-03-21 15:16:42,150 - testExample.py - test_baiDuSerach_csv - 124- INFO: test029:断言响应体字段值;期望结果:28;实际结果：0
2025-03-21 15:16:42,157 - testExample.py - test_baiDuSerach_csv - 129- INFO: test029:断言响应时间;期望结果:200;实际结果：123
2025-03-21 15:16:42,186 - Example.py - baiDuSerachToken - 49- INFO: 用例id：test030:接口名称：baiDuSerach;传递token：[[133]];传递参数：python30;用例备注：测试示例断言失败
2025-03-21 15:16:42,314 - testExample.py - test_baiDuSerach_csv - 119- INFO: test030:断言响应状态码;期望结果：200;实际结果：200
2025-03-21 15:16:42,322 - testExample.py - test_baiDuSerach_csv - 124- INFO: test030:断言响应体字段值;期望结果:29;实际结果：0
2025-03-21 15:16:42,330 - testExample.py - test_baiDuSerach_csv - 129- INFO: test030:断言响应时间;期望结果:200;实际结果：124
2025-03-21 15:16:42,357 - Example.py - baiDuSerachToken - 49- INFO: 用例id：test031:接口名称：baiDuSerach;传递token：[[133]];传递参数：python31;用例备注：测试示例断言失败
2025-03-21 15:16:42,477 - testExample.py - test_baiDuSerach_csv - 119- INFO: test031:断言响应状态码;期望结果：200;实际结果：200
2025-03-21 15:16:42,484 - testExample.py - test_baiDuSerach_csv - 124- INFO: test031:断言响应体字段值;期望结果:30;实际结果：0
2025-03-21 15:16:42,491 - testExample.py - test_baiDuSerach_csv - 129- INFO: test031:断言响应时间;期望结果:200;实际结果：116
2025-03-21 15:16:42,522 - Example.py - baiDuSerachToken - 49- INFO: 用例id：test032:接口名称：baiDuSerach;传递token：[[133]];传递参数：python32;用例备注：测试示例断言失败
2025-03-21 15:16:42,644 - testExample.py - test_baiDuSerach_csv - 119- INFO: test032:断言响应状态码;期望结果：200;实际结果：200
2025-03-21 15:16:42,651 - testExample.py - test_baiDuSerach_csv - 124- INFO: test032:断言响应体字段值;期望结果:31;实际结果：0
2025-03-21 15:16:42,659 - testExample.py - test_baiDuSerach_csv - 129- INFO: test032:断言响应时间;期望结果:200;实际结果：118
2025-03-21 15:16:42,728 - Example.py - baiDuSerachToken - 49- INFO: 用例id：test033:接口名称：baiDuSerach;传递token：[[133]];传递参数：python33;用例备注：测试示例断言失败
2025-03-21 15:16:42,861 - testExample.py - test_baiDuSerach_csv - 119- INFO: test033:断言响应状态码;期望结果：200;实际结果：200
2025-03-21 15:16:42,870 - testExample.py - test_baiDuSerach_csv - 124- INFO: test033:断言响应体字段值;期望结果:32;实际结果：0
2025-03-21 15:16:42,879 - testExample.py - test_baiDuSerach_csv - 129- INFO: test033:断言响应时间;期望结果:200;实际结果：130
2025-03-21 15:16:42,910 - Example.py - baiDuSerachToken - 49- INFO: 用例id：test034:接口名称：baiDuSerach;传递token：[[133]];传递参数：python34;用例备注：测试示例断言失败
2025-03-21 15:16:43,039 - testExample.py - test_baiDuSerach_csv - 119- INFO: test034:断言响应状态码;期望结果：200;实际结果：200
2025-03-21 15:16:43,048 - testExample.py - test_baiDuSerach_csv - 124- INFO: test034:断言响应体字段值;期望结果:33;实际结果：0
2025-03-21 15:16:43,056 - testExample.py - test_baiDuSerach_csv - 129- INFO: test034:断言响应时间;期望结果:200;实际结果：125
2025-03-21 15:16:43,084 - Example.py - baiDuSerachToken - 49- INFO: 用例id：test035:接口名称：baiDuSerach;传递token：[[133]];传递参数：python35;用例备注：测试示例断言失败
2025-03-21 15:16:43,211 - testExample.py - test_baiDuSerach_csv - 119- INFO: test035:断言响应状态码;期望结果：200;实际结果：200
2025-03-21 15:16:43,219 - testExample.py - test_baiDuSerach_csv - 124- INFO: test035:断言响应体字段值;期望结果:34;实际结果：0
2025-03-21 15:16:43,227 - testExample.py - test_baiDuSerach_csv - 129- INFO: test035:断言响应时间;期望结果:200;实际结果：123
2025-03-21 15:16:43,255 - Example.py - baiDuSerachToken - 49- INFO: 用例id：test036:接口名称：baiDuSerach;传递token：[[133]];传递参数：python36;用例备注：测试示例断言失败
2025-03-21 15:16:43,374 - testExample.py - test_baiDuSerach_csv - 119- INFO: test036:断言响应状态码;期望结果：200;实际结果：200
2025-03-21 15:16:43,384 - testExample.py - test_baiDuSerach_csv - 124- INFO: test036:断言响应体字段值;期望结果:35;实际结果：0
2025-03-21 15:16:43,391 - testExample.py - test_baiDuSerach_csv - 129- INFO: test036:断言响应时间;期望结果:200;实际结果：116
2025-03-21 15:16:43,418 - Example.py - baiDuSerachToken - 49- INFO: 用例id：test037:接口名称：baiDuSerach;传递token：[[133]];传递参数：python37;用例备注：测试示例断言失败
2025-03-21 15:16:43,536 - testExample.py - test_baiDuSerach_csv - 119- INFO: test037:断言响应状态码;期望结果：200;实际结果：200
2025-03-21 15:16:43,544 - testExample.py - test_baiDuSerach_csv - 124- INFO: test037:断言响应体字段值;期望结果:36;实际结果：0
2025-03-21 15:16:43,553 - testExample.py - test_baiDuSerach_csv - 129- INFO: test037:断言响应时间;期望结果:200;实际结果：114
2025-03-21 15:16:43,580 - Example.py - baiDuSerachToken - 49- INFO: 用例id：test038:接口名称：baiDuSerach;传递token：[[133]];传递参数：python38;用例备注：测试示例断言失败
2025-03-21 15:16:43,708 - testExample.py - test_baiDuSerach_csv - 119- INFO: test038:断言响应状态码;期望结果：200;实际结果：200
2025-03-21 15:16:43,716 - testExample.py - test_baiDuSerach_csv - 124- INFO: test038:断言响应体字段值;期望结果:37;实际结果：0
2025-03-21 15:16:43,724 - testExample.py - test_baiDuSerach_csv - 129- INFO: test038:断言响应时间;期望结果:200;实际结果：125
2025-03-21 15:16:43,752 - Example.py - baiDuSerachToken - 49- INFO: 用例id：test039:接口名称：baiDuSerach;传递token：[[133]];传递参数：python39;用例备注：测试示例断言失败
2025-03-21 15:16:43,873 - testExample.py - test_baiDuSerach_csv - 119- INFO: test039:断言响应状态码;期望结果：200;实际结果：200
2025-03-21 15:16:43,881 - testExample.py - test_baiDuSerach_csv - 124- INFO: test039:断言响应体字段值;期望结果:38;实际结果：0
2025-03-21 15:16:43,889 - testExample.py - test_baiDuSerach_csv - 129- INFO: test039:断言响应时间;期望结果:200;实际结果：118
2025-03-21 15:16:43,915 - Example.py - baiDuSerachToken - 49- INFO: 用例id：test040:接口名称：baiDuSerach;传递token：[[133]];传递参数：python40;用例备注：测试示例断言失败
2025-03-21 15:16:44,037 - testExample.py - test_baiDuSerach_csv - 119- INFO: test040:断言响应状态码;期望结果：200;实际结果：200
2025-03-21 15:16:44,045 - testExample.py - test_baiDuSerach_csv - 124- INFO: test040:断言响应体字段值;期望结果:39;实际结果：0
2025-03-21 15:16:44,053 - testExample.py - test_baiDuSerach_csv - 129- INFO: test040:断言响应时间;期望结果:200;实际结果：118
2025-03-21 15:16:44,082 - Example.py - baiDuSerachToken - 49- INFO: 用例id：test041:接口名称：baiDuSerach;传递token：[[133]];传递参数：python41;用例备注：测试示例断言失败
2025-03-21 15:16:44,206 - testExample.py - test_baiDuSerach_csv - 119- INFO: test041:断言响应状态码;期望结果：200;实际结果：200
2025-03-21 15:16:44,214 - testExample.py - test_baiDuSerach_csv - 124- INFO: test041:断言响应体字段值;期望结果:40;实际结果：0
2025-03-21 15:16:44,222 - testExample.py - test_baiDuSerach_csv - 129- INFO: test041:断言响应时间;期望结果:200;实际结果：121
2025-03-21 15:16:44,251 - Example.py - baiDuSerachToken - 49- INFO: 用例id：test042:接口名称：baiDuSerach;传递token：[[133]];传递参数：python42;用例备注：测试示例断言失败
2025-03-21 15:16:44,373 - testExample.py - test_baiDuSerach_csv - 119- INFO: test042:断言响应状态码;期望结果：200;实际结果：200
2025-03-21 15:16:44,381 - testExample.py - test_baiDuSerach_csv - 124- INFO: test042:断言响应体字段值;期望结果:41;实际结果：0
2025-03-21 15:16:44,389 - testExample.py - test_baiDuSerach_csv - 129- INFO: test042:断言响应时间;期望结果:200;实际结果：119
2025-03-21 15:16:44,417 - Example.py - baiDuSerachToken - 49- INFO: 用例id：test043:接口名称：baiDuSerach;传递token：[[133]];传递参数：python43;用例备注：测试示例断言失败
2025-03-21 15:16:44,541 - testExample.py - test_baiDuSerach_csv - 119- INFO: test043:断言响应状态码;期望结果：200;实际结果：200
2025-03-21 15:16:44,548 - testExample.py - test_baiDuSerach_csv - 124- INFO: test043:断言响应体字段值;期望结果:42;实际结果：0
2025-03-21 15:16:44,555 - testExample.py - test_baiDuSerach_csv - 129- INFO: test043:断言响应时间;期望结果:200;实际结果：120
2025-03-21 15:16:44,586 - Example.py - baiDuSerachToken - 49- INFO: 用例id：test044:接口名称：baiDuSerach;传递token：[[133]];传递参数：python44;用例备注：测试示例断言失败
2025-03-21 15:16:44,711 - testExample.py - test_baiDuSerach_csv - 119- INFO: test044:断言响应状态码;期望结果：200;实际结果：200
2025-03-21 15:16:44,719 - testExample.py - test_baiDuSerach_csv - 124- INFO: test044:断言响应体字段值;期望结果:43;实际结果：0
2025-03-21 15:16:44,727 - testExample.py - test_baiDuSerach_csv - 129- INFO: test044:断言响应时间;期望结果:200;实际结果：121
2025-03-21 15:16:44,801 - Example.py - baiDuSerachToken - 49- INFO: 用例id：test045:接口名称：baiDuSerach;传递token：[[133]];传递参数：python45;用例备注：测试示例断言失败
2025-03-21 15:16:44,921 - testExample.py - test_baiDuSerach_csv - 119- INFO: test045:断言响应状态码;期望结果：200;实际结果：200
2025-03-21 15:16:44,929 - testExample.py - test_baiDuSerach_csv - 124- INFO: test045:断言响应体字段值;期望结果:44;实际结果：0
2025-03-21 15:16:44,938 - testExample.py - test_baiDuSerach_csv - 129- INFO: test045:断言响应时间;期望结果:200;实际结果：117
2025-03-21 15:16:44,966 - Example.py - baiDuSerachToken - 49- INFO: 用例id：test046:接口名称：baiDuSerach;传递token：[[133]];传递参数：python46;用例备注：测试示例断言失败
2025-03-21 15:16:45,090 - testExample.py - test_baiDuSerach_csv - 119- INFO: test046:断言响应状态码;期望结果：200;实际结果：200
2025-03-21 15:16:45,097 - testExample.py - test_baiDuSerach_csv - 124- INFO: test046:断言响应体字段值;期望结果:45;实际结果：0
2025-03-21 15:16:45,106 - testExample.py - test_baiDuSerach_csv - 129- INFO: test046:断言响应时间;期望结果:200;实际结果：119
2025-03-21 15:16:45,132 - Example.py - baiDuSerachToken - 49- INFO: 用例id：test047:接口名称：baiDuSerach;传递token：[[133]];传递参数：python47;用例备注：测试示例断言失败
2025-03-21 15:16:45,472 - testExample.py - test_baiDuSerach_csv - 119- INFO: test047:断言响应状态码;期望结果：200;实际结果：200
2025-03-21 15:16:45,479 - testExample.py - test_baiDuSerach_csv - 124- INFO: test047:断言响应体字段值;期望结果:46;实际结果：0
2025-03-21 15:16:45,487 - testExample.py - test_baiDuSerach_csv - 129- INFO: test047:断言响应时间;期望结果:200;实际结果：335
2025-03-21 15:16:45,515 - Example.py - baiDuSerachToken - 49- INFO: 用例id：test048:接口名称：baiDuSerach;传递token：[[133]];传递参数：python48;用例备注：测试示例断言失败
2025-03-21 15:16:45,636 - testExample.py - test_baiDuSerach_csv - 119- INFO: test048:断言响应状态码;期望结果：200;实际结果：200
2025-03-21 15:16:45,643 - testExample.py - test_baiDuSerach_csv - 124- INFO: test048:断言响应体字段值;期望结果:47;实际结果：0
2025-03-21 15:16:45,651 - testExample.py - test_baiDuSerach_csv - 129- INFO: test048:断言响应时间;期望结果:200;实际结果：117
2025-03-21 15:16:45,681 - Example.py - baiDuSerachToken - 49- INFO: 用例id：test049:接口名称：baiDuSerach;传递token：[[133]];传递参数：python49;用例备注：测试示例断言失败
2025-03-21 15:16:45,842 - testExample.py - test_baiDuSerach_csv - 119- INFO: test049:断言响应状态码;期望结果：200;实际结果：200
2025-03-21 15:16:45,849 - testExample.py - test_baiDuSerach_csv - 124- INFO: test049:断言响应体字段值;期望结果:48;实际结果：0
2025-03-21 15:16:45,858 - testExample.py - test_baiDuSerach_csv - 129- INFO: test049:断言响应时间;期望结果:200;实际结果：158
2025-03-21 15:16:45,885 - Example.py - baiDuSerachToken - 49- INFO: 用例id：test050:接口名称：baiDuSerach;传递token：[[133]];传递参数：python50;用例备注：测试示例断言失败
2025-03-21 15:16:46,011 - testExample.py - test_baiDuSerach_csv - 119- INFO: test050:断言响应状态码;期望结果：200;实际结果：200
2025-03-21 15:16:46,020 - testExample.py - test_baiDuSerach_csv - 124- INFO: test050:断言响应体字段值;期望结果:49;实际结果：0
2025-03-21 15:16:46,028 - testExample.py - test_baiDuSerach_csv - 129- INFO: test050:断言响应时间;期望结果:200;实际结果：123
2025-03-21 15:16:46,056 - Example.py - baiDuSerachToken - 49- INFO: 用例id：test051:接口名称：baiDuSerach;传递token：[[133]];传递参数：python51;用例备注：测试示例断言失败
2025-03-21 15:16:46,186 - testExample.py - test_baiDuSerach_csv - 119- INFO: test051:断言响应状态码;期望结果：200;实际结果：200
2025-03-21 15:16:46,195 - testExample.py - test_baiDuSerach_csv - 124- INFO: test051:断言响应体字段值;期望结果:50;实际结果：0
2025-03-21 15:16:46,205 - testExample.py - test_baiDuSerach_csv - 129- INFO: test051:断言响应时间;期望结果:200;实际结果：126
2025-03-21 15:16:46,237 - Example.py - baiDuSerachToken - 49- INFO: 用例id：test052:接口名称：baiDuSerach;传递token：[[133]];传递参数：python52;用例备注：测试示例断言失败
2025-03-21 15:16:46,367 - testExample.py - test_baiDuSerach_csv - 119- INFO: test052:断言响应状态码;期望结果：200;实际结果：200
2025-03-21 15:16:46,375 - testExample.py - test_baiDuSerach_csv - 124- INFO: test052:断言响应体字段值;期望结果:51;实际结果：0
2025-03-21 15:16:46,382 - testExample.py - test_baiDuSerach_csv - 129- INFO: test052:断言响应时间;期望结果:200;实际结果：126
2025-03-21 15:16:46,409 - Example.py - baiDuSerachToken - 49- INFO: 用例id：test053:接口名称：baiDuSerach;传递token：[[133]];传递参数：python53;用例备注：测试示例断言失败
2025-03-21 15:16:46,530 - testExample.py - test_baiDuSerach_csv - 119- INFO: test053:断言响应状态码;期望结果：200;实际结果：200
2025-03-21 15:16:46,538 - testExample.py - test_baiDuSerach_csv - 124- INFO: test053:断言响应体字段值;期望结果:52;实际结果：0
2025-03-21 15:16:46,545 - testExample.py - test_baiDuSerach_csv - 129- INFO: test053:断言响应时间;期望结果:200;实际结果：116
2025-03-21 15:16:46,574 - Example.py - baiDuSerachToken - 49- INFO: 用例id：test054:接口名称：baiDuSerach;传递token：[[133]];传递参数：python54;用例备注：测试示例断言失败
2025-03-21 15:16:46,893 - testExample.py - test_baiDuSerach_csv - 119- INFO: test054:断言响应状态码;期望结果：200;实际结果：200
2025-03-21 15:16:46,900 - testExample.py - test_baiDuSerach_csv - 124- INFO: test054:断言响应体字段值;期望结果:53;实际结果：0
2025-03-21 15:16:46,908 - testExample.py - test_baiDuSerach_csv - 129- INFO: test054:断言响应时间;期望结果:200;实际结果：315
2025-03-21 15:16:46,936 - Example.py - baiDuSerachToken - 49- INFO: 用例id：test055:接口名称：baiDuSerach;传递token：[[133]];传递参数：python55;用例备注：测试示例断言失败
2025-03-21 15:16:47,061 - testExample.py - test_baiDuSerach_csv - 119- INFO: test055:断言响应状态码;期望结果：200;实际结果：200
2025-03-21 15:16:47,069 - testExample.py - test_baiDuSerach_csv - 124- INFO: test055:断言响应体字段值;期望结果:54;实际结果：0
2025-03-21 15:16:47,078 - testExample.py - test_baiDuSerach_csv - 129- INFO: test055:断言响应时间;期望结果:200;实际结果：120
2025-03-21 15:16:47,105 - Example.py - baiDuSerachToken - 49- INFO: 用例id：test056:接口名称：baiDuSerach;传递token：[[133]];传递参数：python56;用例备注：测试示例断言失败
2025-03-21 15:16:47,238 - testExample.py - test_baiDuSerach_csv - 119- INFO: test056:断言响应状态码;期望结果：200;实际结果：200
2025-03-21 15:16:47,246 - testExample.py - test_baiDuSerach_csv - 124- INFO: test056:断言响应体字段值;期望结果:55;实际结果：0
2025-03-21 15:16:47,255 - testExample.py - test_baiDuSerach_csv - 129- INFO: test056:断言响应时间;期望结果:200;实际结果：129
2025-03-21 15:16:47,323 - Example.py - baiDuSerachToken - 49- INFO: 用例id：test057:接口名称：baiDuSerach;传递token：[[133]];传递参数：python57;用例备注：测试示例断言失败
2025-03-21 15:16:47,444 - testExample.py - test_baiDuSerach_csv - 119- INFO: test057:断言响应状态码;期望结果：200;实际结果：200
2025-03-21 15:16:47,451 - testExample.py - test_baiDuSerach_csv - 124- INFO: test057:断言响应体字段值;期望结果:56;实际结果：0
2025-03-21 15:16:47,460 - testExample.py - test_baiDuSerach_csv - 129- INFO: test057:断言响应时间;期望结果:200;实际结果：117
2025-03-21 15:16:47,487 - Example.py - baiDuSerachToken - 49- INFO: 用例id：test058:接口名称：baiDuSerach;传递token：[[133]];传递参数：python58;用例备注：测试示例断言失败
2025-03-21 15:16:47,609 - testExample.py - test_baiDuSerach_csv - 119- INFO: test058:断言响应状态码;期望结果：200;实际结果：200
2025-03-21 15:16:47,617 - testExample.py - test_baiDuSerach_csv - 124- INFO: test058:断言响应体字段值;期望结果:57;实际结果：0
2025-03-21 15:16:47,624 - testExample.py - test_baiDuSerach_csv - 129- INFO: test058:断言响应时间;期望结果:200;实际结果：118
2025-03-21 15:16:47,653 - Example.py - baiDuSerachToken - 49- INFO: 用例id：test059:接口名称：baiDuSerach;传递token：[[133]];传递参数：python59;用例备注：测试示例断言失败
2025-03-21 15:16:47,777 - testExample.py - test_baiDuSerach_csv - 119- INFO: test059:断言响应状态码;期望结果：200;实际结果：200
2025-03-21 15:16:47,785 - testExample.py - test_baiDuSerach_csv - 124- INFO: test059:断言响应体字段值;期望结果:58;实际结果：0
2025-03-21 15:16:47,793 - testExample.py - test_baiDuSerach_csv - 129- INFO: test059:断言响应时间;期望结果:200;实际结果：120
2025-03-21 15:16:47,820 - Example.py - baiDuSerachToken - 49- INFO: 用例id：test060:接口名称：baiDuSerach;传递token：[[133]];传递参数：python60;用例备注：测试示例断言失败
2025-03-21 15:16:47,949 - testExample.py - test_baiDuSerach_csv - 119- INFO: test060:断言响应状态码;期望结果：200;实际结果：200
2025-03-21 15:16:47,957 - testExample.py - test_baiDuSerach_csv - 124- INFO: test060:断言响应体字段值;期望结果:59;实际结果：0
2025-03-21 15:16:47,965 - testExample.py - test_baiDuSerach_csv - 129- INFO: test060:断言响应时间;期望结果:200;实际结果：125
2025-03-21 15:16:47,992 - Example.py - baiDuSerachToken - 49- INFO: 用例id：test061:接口名称：baiDuSerach;传递token：[[133]];传递参数：python61;用例备注：测试示例断言失败
2025-03-21 15:16:48,117 - testExample.py - test_baiDuSerach_csv - 119- INFO: test061:断言响应状态码;期望结果：200;实际结果：200
2025-03-21 15:16:48,124 - testExample.py - test_baiDuSerach_csv - 124- INFO: test061:断言响应体字段值;期望结果:60;实际结果：0
2025-03-21 15:16:48,132 - testExample.py - test_baiDuSerach_csv - 129- INFO: test061:断言响应时间;期望结果:200;实际结果：121
2025-03-21 15:16:48,161 - Example.py - baiDuSerachToken - 49- INFO: 用例id：test062:接口名称：baiDuSerach;传递token：[[133]];传递参数：python62;用例备注：测试示例断言失败
2025-03-21 15:16:48,283 - testExample.py - test_baiDuSerach_csv - 119- INFO: test062:断言响应状态码;期望结果：200;实际结果：200
2025-03-21 15:16:48,291 - testExample.py - test_baiDuSerach_csv - 124- INFO: test062:断言响应体字段值;期望结果:61;实际结果：0
2025-03-21 15:16:48,300 - testExample.py - test_baiDuSerach_csv - 129- INFO: test062:断言响应时间;期望结果:200;实际结果：119
2025-03-21 15:16:48,329 - Example.py - baiDuSerachToken - 49- INFO: 用例id：test063:接口名称：baiDuSerach;传递token：[[133]];传递参数：python63;用例备注：测试示例断言失败
2025-03-21 15:16:48,451 - testExample.py - test_baiDuSerach_csv - 119- INFO: test063:断言响应状态码;期望结果：200;实际结果：200
2025-03-21 15:16:48,459 - testExample.py - test_baiDuSerach_csv - 124- INFO: test063:断言响应体字段值;期望结果:62;实际结果：0
2025-03-21 15:16:48,467 - testExample.py - test_baiDuSerach_csv - 129- INFO: test063:断言响应时间;期望结果:200;实际结果：119
2025-03-21 15:16:48,494 - Example.py - baiDuSerachToken - 49- INFO: 用例id：test064:接口名称：baiDuSerach;传递token：[[133]];传递参数：python64;用例备注：测试示例断言失败
2025-03-21 15:16:48,619 - testExample.py - test_baiDuSerach_csv - 119- INFO: test064:断言响应状态码;期望结果：200;实际结果：200
2025-03-21 15:16:48,628 - testExample.py - test_baiDuSerach_csv - 124- INFO: test064:断言响应体字段值;期望结果:63;实际结果：0
2025-03-21 15:16:48,636 - testExample.py - test_baiDuSerach_csv - 129- INFO: test064:断言响应时间;期望结果:200;实际结果：122
2025-03-21 15:16:48,663 - Example.py - baiDuSerachToken - 49- INFO: 用例id：test065:接口名称：baiDuSerach;传递token：[[133]];传递参数：python65;用例备注：测试示例断言失败
2025-03-21 15:16:48,786 - testExample.py - test_baiDuSerach_csv - 119- INFO: test065:断言响应状态码;期望结果：200;实际结果：200
2025-03-21 15:16:48,794 - testExample.py - test_baiDuSerach_csv - 124- INFO: test065:断言响应体字段值;期望结果:64;实际结果：0
2025-03-21 15:16:48,803 - testExample.py - test_baiDuSerach_csv - 129- INFO: test065:断言响应时间;期望结果:200;实际结果：120
2025-03-21 15:16:48,831 - Example.py - baiDuSerachToken - 49- INFO: 用例id：test066:接口名称：baiDuSerach;传递token：[[133]];传递参数：python66;用例备注：测试示例断言失败
2025-03-21 15:16:48,970 - testExample.py - test_baiDuSerach_csv - 119- INFO: test066:断言响应状态码;期望结果：200;实际结果：200
2025-03-21 15:16:48,978 - testExample.py - test_baiDuSerach_csv - 124- INFO: test066:断言响应体字段值;期望结果:65;实际结果：0
2025-03-21 15:16:48,985 - testExample.py - test_baiDuSerach_csv - 129- INFO: test066:断言响应时间;期望结果:200;实际结果：136
2025-03-21 15:16:49,013 - Example.py - baiDuSerachToken - 49- INFO: 用例id：test067:接口名称：baiDuSerach;传递token：[[133]];传递参数：python67;用例备注：测试示例断言失败
2025-03-21 15:16:49,135 - testExample.py - test_baiDuSerach_csv - 119- INFO: test067:断言响应状态码;期望结果：200;实际结果：200
2025-03-21 15:16:49,143 - testExample.py - test_baiDuSerach_csv - 124- INFO: test067:断言响应体字段值;期望结果:66;实际结果：0
2025-03-21 15:16:49,151 - testExample.py - test_baiDuSerach_csv - 129- INFO: test067:断言响应时间;期望结果:200;实际结果：118
2025-03-21 15:16:49,178 - Example.py - baiDuSerachToken - 49- INFO: 用例id：test068:接口名称：baiDuSerach;传递token：[[133]];传递参数：python68;用例备注：测试示例断言失败
2025-03-21 15:16:49,302 - testExample.py - test_baiDuSerach_csv - 119- INFO: test068:断言响应状态码;期望结果：200;实际结果：200
2025-03-21 15:16:49,310 - testExample.py - test_baiDuSerach_csv - 124- INFO: test068:断言响应体字段值;期望结果:67;实际结果：0
2025-03-21 15:16:49,317 - testExample.py - test_baiDuSerach_csv - 129- INFO: test068:断言响应时间;期望结果:200;实际结果：120
2025-03-21 15:16:49,387 - Example.py - baiDuSerachToken - 49- INFO: 用例id：test069:接口名称：baiDuSerach;传递token：[[133]];传递参数：python69;用例备注：测试示例断言失败
2025-03-21 15:16:49,512 - testExample.py - test_baiDuSerach_csv - 119- INFO: test069:断言响应状态码;期望结果：200;实际结果：200
2025-03-21 15:16:49,520 - testExample.py - test_baiDuSerach_csv - 124- INFO: test069:断言响应体字段值;期望结果:68;实际结果：0
2025-03-21 15:16:49,528 - testExample.py - test_baiDuSerach_csv - 129- INFO: test069:断言响应时间;期望结果:200;实际结果：121
2025-03-21 15:16:49,556 - Example.py - baiDuSerachToken - 49- INFO: 用例id：test070:接口名称：baiDuSerach;传递token：[[133]];传递参数：python70;用例备注：测试示例断言失败
2025-03-21 15:16:49,676 - testExample.py - test_baiDuSerach_csv - 119- INFO: test070:断言响应状态码;期望结果：200;实际结果：200
2025-03-21 15:16:49,684 - testExample.py - test_baiDuSerach_csv - 124- INFO: test070:断言响应体字段值;期望结果:69;实际结果：0
2025-03-21 15:16:49,692 - testExample.py - test_baiDuSerach_csv - 129- INFO: test070:断言响应时间;期望结果:200;实际结果：117
