2025-03-21 15:55:34,124 - Example.py - baiDuSerach - 67- INFO: 用例id：test001:接口名称：baiDuSerach;传递token：None;传递参数：python1;用例备注：测试示例断言成功
2025-03-21 15:55:34,253 - testExample.py - test_baiDuSerach_sheetOne - 47- INFO: test001:断言响应状态码;期望结果：200;实际结果：200
2025-03-21 15:55:34,361 - testExample.py - test_baiDuSerach_sheetOne - 52- INFO: test001:断言响应体字段值;期望结果:0;实际结果：0
2025-03-21 15:55:34,368 - testExample.py - test_baiDuSerach_sheetOne - 57- INFO: test001:断言响应时间;期望结果:200;实际结果：124
2025-03-21 15:55:34,380 - Example.py - baiDuSerach - 67- INFO: 用例id：test002:接口名称：baiDuSerach;传递token：None;传递参数：python2;用例备注：
2025-03-21 15:55:34,501 - testExample.py - test_baiDuSerach_sheetOne - 47- INFO: test002:断言响应状态码;期望结果：200;实际结果：200
2025-03-21 15:55:34,509 - testExample.py - test_baiDuSerach_sheetOne - 52- INFO: test002:断言响应体字段值;期望结果:1;实际结果：0
2025-03-21 15:55:34,522 - testExample.py - test_baiDuSerach_sheetOne - 57- INFO: test002:断言响应时间;期望结果:200;实际结果：116
2025-03-21 15:55:34,557 - Example.py - baiDuSerach - 67- INFO: 用例id：test003:接口名称：baiDuSerach;传递token：None;传递参数：python3;用例备注：测试示例断言失败
2025-03-21 15:55:34,685 - testExample.py - test_baiDuSerach_sheetOne - 47- INFO: test003:断言响应状态码;期望结果：200;实际结果：200
2025-03-21 15:55:34,692 - testExample.py - test_baiDuSerach_sheetOne - 52- INFO: test003:断言响应体字段值;期望结果:2;实际结果：0
2025-03-21 15:55:34,702 - testExample.py - test_baiDuSerach_sheetOne - 57- INFO: test003:断言响应时间;期望结果:200;实际结果：124
2025-03-21 15:55:34,766 - Example.py - baiDuSerach - 67- INFO: 用例id：test004:接口名称：baiDuSerach;传递token：None;传递参数：python4;用例备注：测试示例断言失败
2025-03-21 15:55:35,011 - testExample.py - test_baiDuSerach_sheetOne - 47- INFO: test004:断言响应状态码;期望结果：200;实际结果：200
2025-03-21 15:55:35,020 - testExample.py - test_baiDuSerach_sheetOne - 52- INFO: test004:断言响应体字段值;期望结果:3;实际结果：0
2025-03-21 15:55:35,027 - testExample.py - test_baiDuSerach_sheetOne - 57- INFO: test004:断言响应时间;期望结果:200;实际结果：234
2025-03-21 15:55:35,055 - Example.py - baiDuSerach - 67- INFO: 用例id：test005:接口名称：baiDuSerach;传递token：None;传递参数：python5;用例备注：测试示例断言失败
2025-03-21 15:55:35,177 - testExample.py - test_baiDuSerach_sheetOne - 47- INFO: test005:断言响应状态码;期望结果：200;实际结果：200
2025-03-21 15:55:35,185 - testExample.py - test_baiDuSerach_sheetOne - 52- INFO: test005:断言响应体字段值;期望结果:4;实际结果：0
2025-03-21 15:55:35,193 - testExample.py - test_baiDuSerach_sheetOne - 57- INFO: test005:断言响应时间;期望结果:200;实际结果：118
2025-03-21 15:55:35,222 - Example.py - baiDuSerach - 67- INFO: 用例id：test006:接口名称：baiDuSerach;传递token：None;传递参数：python6;用例备注：测试示例断言失败
2025-03-21 15:55:35,354 - testExample.py - test_baiDuSerach_sheetOne - 47- INFO: test006:断言响应状态码;期望结果：200;实际结果：200
2025-03-21 15:55:35,364 - testExample.py - test_baiDuSerach_sheetOne - 52- INFO: test006:断言响应体字段值;期望结果:5;实际结果：0
2025-03-21 15:55:35,372 - testExample.py - test_baiDuSerach_sheetOne - 57- INFO: test006:断言响应时间;期望结果:200;实际结果：128
2025-03-21 15:55:35,400 - Example.py - baiDuSerach - 67- INFO: 用例id：test007:接口名称：baiDuSerach;传递token：None;传递参数：python7;用例备注：测试示例断言失败
2025-03-21 15:55:35,523 - testExample.py - test_baiDuSerach_sheetOne - 47- INFO: test007:断言响应状态码;期望结果：200;实际结果：200
2025-03-21 15:55:35,532 - testExample.py - test_baiDuSerach_sheetOne - 52- INFO: test007:断言响应体字段值;期望结果:6;实际结果：0
2025-03-21 15:55:35,540 - testExample.py - test_baiDuSerach_sheetOne - 57- INFO: test007:断言响应时间;期望结果:200;实际结果：120
2025-03-21 15:55:35,567 - Example.py - baiDuSerach - 67- INFO: 用例id：test008:接口名称：baiDuSerach;传递token：None;传递参数：python8;用例备注：测试示例断言失败
2025-03-21 15:55:35,689 - testExample.py - test_baiDuSerach_sheetOne - 47- INFO: test008:断言响应状态码;期望结果：200;实际结果：200
2025-03-21 15:55:35,697 - testExample.py - test_baiDuSerach_sheetOne - 52- INFO: test008:断言响应体字段值;期望结果:7;实际结果：0
2025-03-21 15:55:35,706 - testExample.py - test_baiDuSerach_sheetOne - 57- INFO: test008:断言响应时间;期望结果:200;实际结果：119
2025-03-21 15:55:35,735 - Example.py - baiDuSerach - 67- INFO: 用例id：test009:接口名称：baiDuSerach;传递token：None;传递参数：python9;用例备注：测试示例断言失败
2025-03-21 15:55:35,863 - testExample.py - test_baiDuSerach_sheetOne - 47- INFO: test009:断言响应状态码;期望结果：200;实际结果：200
2025-03-21 15:55:35,870 - testExample.py - test_baiDuSerach_sheetOne - 52- INFO: test009:断言响应体字段值;期望结果:8;实际结果：0
2025-03-21 15:55:35,878 - testExample.py - test_baiDuSerach_sheetOne - 57- INFO: test009:断言响应时间;期望结果:200;实际结果：124
2025-03-21 15:55:35,940 - Example.py - baiDuSerach - 67- INFO: 用例id：test010:接口名称：baiDuSerach;传递token：None;传递参数：python10;用例备注：测试示例断言失败
2025-03-21 15:55:36,061 - testExample.py - test_baiDuSerach_sheetOne - 47- INFO: test010:断言响应状态码;期望结果：200;实际结果：200
2025-03-21 15:55:36,069 - testExample.py - test_baiDuSerach_sheetOne - 52- INFO: test010:断言响应体字段值;期望结果:9;实际结果：0
2025-03-21 15:55:36,077 - testExample.py - test_baiDuSerach_sheetOne - 57- INFO: test010:断言响应时间;期望结果:200;实际结果：118
2025-03-21 15:55:36,105 - Example.py - baiDuSerach - 67- INFO: 用例id：test011:接口名称：baiDuSerach;传递token：None;传递参数：python11;用例备注：测试示例断言失败
2025-03-21 15:55:36,242 - testExample.py - test_baiDuSerach_sheetOne - 47- INFO: test011:断言响应状态码;期望结果：200;实际结果：200
2025-03-21 15:55:36,250 - testExample.py - test_baiDuSerach_sheetOne - 52- INFO: test011:断言响应体字段值;期望结果:10;实际结果：0
2025-03-21 15:55:36,258 - testExample.py - test_baiDuSerach_sheetOne - 57- INFO: test011:断言响应时间;期望结果:200;实际结果：134
2025-03-21 15:55:36,288 - Example.py - baiDuSerach - 67- INFO: 用例id：test012:接口名称：baiDuSerach;传递token：None;传递参数：python12;用例备注：测试示例断言失败
2025-03-21 15:55:36,408 - testExample.py - test_baiDuSerach_sheetOne - 47- INFO: test012:断言响应状态码;期望结果：200;实际结果：200
2025-03-21 15:55:36,416 - testExample.py - test_baiDuSerach_sheetOne - 52- INFO: test012:断言响应体字段值;期望结果:11;实际结果：0
2025-03-21 15:55:36,424 - testExample.py - test_baiDuSerach_sheetOne - 57- INFO: test012:断言响应时间;期望结果:200;实际结果：117
2025-03-21 15:55:36,451 - Example.py - baiDuSerach - 67- INFO: 用例id：test013:接口名称：baiDuSerach;传递token：None;传递参数：python13;用例备注：测试示例断言失败
2025-03-21 15:55:36,576 - testExample.py - test_baiDuSerach_sheetOne - 47- INFO: test013:断言响应状态码;期望结果：200;实际结果：200
2025-03-21 15:55:36,585 - testExample.py - test_baiDuSerach_sheetOne - 52- INFO: test013:断言响应体字段值;期望结果:12;实际结果：0
2025-03-21 15:55:36,592 - testExample.py - test_baiDuSerach_sheetOne - 57- INFO: test013:断言响应时间;期望结果:200;实际结果：121
2025-03-21 15:55:36,619 - Example.py - baiDuSerach - 67- INFO: 用例id：test014:接口名称：baiDuSerach;传递token：None;传递参数：python14;用例备注：测试示例断言失败
2025-03-21 15:55:36,743 - testExample.py - test_baiDuSerach_sheetOne - 47- INFO: test014:断言响应状态码;期望结果：200;实际结果：200
2025-03-21 15:55:36,752 - testExample.py - test_baiDuSerach_sheetOne - 52- INFO: test014:断言响应体字段值;期望结果:13;实际结果：0
2025-03-21 15:55:36,759 - testExample.py - test_baiDuSerach_sheetOne - 57- INFO: test014:断言响应时间;期望结果:200;实际结果：120
2025-03-21 15:55:36,788 - Example.py - baiDuSerach - 67- INFO: 用例id：test015:接口名称：baiDuSerach;传递token：None;传递参数：python15;用例备注：测试示例断言失败
2025-03-21 15:55:36,912 - testExample.py - test_baiDuSerach_sheetOne - 47- INFO: test015:断言响应状态码;期望结果：200;实际结果：200
2025-03-21 15:55:36,921 - testExample.py - test_baiDuSerach_sheetOne - 52- INFO: test015:断言响应体字段值;期望结果:14;实际结果：0
2025-03-21 15:55:36,928 - testExample.py - test_baiDuSerach_sheetOne - 57- INFO: test015:断言响应时间;期望结果:200;实际结果：120
2025-03-21 15:55:36,955 - Example.py - baiDuSerach - 67- INFO: 用例id：test016:接口名称：baiDuSerach;传递token：None;传递参数：python16;用例备注：测试示例断言失败
2025-03-21 15:55:37,087 - testExample.py - test_baiDuSerach_sheetOne - 47- INFO: test016:断言响应状态码;期望结果：200;实际结果：200
2025-03-21 15:55:37,095 - testExample.py - test_baiDuSerach_sheetOne - 52- INFO: test016:断言响应体字段值;期望结果:15;实际结果：0
2025-03-21 15:55:37,103 - testExample.py - test_baiDuSerach_sheetOne - 57- INFO: test016:断言响应时间;期望结果:200;实际结果：128
2025-03-21 15:55:37,130 - Example.py - baiDuSerach - 67- INFO: 用例id：test017:接口名称：baiDuSerach;传递token：None;传递参数：python17;用例备注：测试示例断言失败
2025-03-21 15:55:37,249 - testExample.py - test_baiDuSerach_sheetOne - 47- INFO: test017:断言响应状态码;期望结果：200;实际结果：200
2025-03-21 15:55:37,257 - testExample.py - test_baiDuSerach_sheetOne - 52- INFO: test017:断言响应体字段值;期望结果:16;实际结果：0
2025-03-21 15:55:37,264 - testExample.py - test_baiDuSerach_sheetOne - 57- INFO: test017:断言响应时间;期望结果:200;实际结果：115
2025-03-21 15:55:37,292 - Example.py - baiDuSerach - 67- INFO: 用例id：test018:接口名称：baiDuSerach;传递token：None;传递参数：python18;用例备注：测试示例断言失败
2025-03-21 15:55:37,421 - testExample.py - test_baiDuSerach_sheetOne - 47- INFO: test018:断言响应状态码;期望结果：200;实际结果：200
2025-03-21 15:55:37,428 - testExample.py - test_baiDuSerach_sheetOne - 52- INFO: test018:断言响应体字段值;期望结果:17;实际结果：0
2025-03-21 15:55:37,436 - testExample.py - test_baiDuSerach_sheetOne - 57- INFO: test018:断言响应时间;期望结果:200;实际结果：125
2025-03-21 15:55:37,463 - Example.py - baiDuSerach - 67- INFO: 用例id：test019:接口名称：baiDuSerach;传递token：None;传递参数：python19;用例备注：测试示例断言失败
2025-03-21 15:55:37,583 - testExample.py - test_baiDuSerach_sheetOne - 47- INFO: test019:断言响应状态码;期望结果：200;实际结果：200
2025-03-21 15:55:37,591 - testExample.py - test_baiDuSerach_sheetOne - 52- INFO: test019:断言响应体字段值;期望结果:18;实际结果：0
2025-03-21 15:55:37,599 - testExample.py - test_baiDuSerach_sheetOne - 57- INFO: test019:断言响应时间;期望结果:200;实际结果：117
2025-03-21 15:55:37,627 - Example.py - baiDuSerach - 67- INFO: 用例id：test020:接口名称：baiDuSerach;传递token：None;传递参数：python20;用例备注：测试示例断言失败
2025-03-21 15:55:37,749 - testExample.py - test_baiDuSerach_sheetOne - 47- INFO: test020:断言响应状态码;期望结果：200;实际结果：200
2025-03-21 15:55:37,758 - testExample.py - test_baiDuSerach_sheetOne - 52- INFO: test020:断言响应体字段值;期望结果:19;实际结果：0
2025-03-21 15:55:37,765 - testExample.py - test_baiDuSerach_sheetOne - 57- INFO: test020:断言响应时间;期望结果:200;实际结果：118
2025-03-21 15:55:37,794 - Example.py - baiDuSerach - 67- INFO: 用例id：test021:接口名称：baiDuSerach;传递token：None;传递参数：python21;用例备注：测试示例断言失败
2025-03-21 15:55:37,913 - testExample.py - test_baiDuSerach_sheetOne - 47- INFO: test021:断言响应状态码;期望结果：200;实际结果：200
2025-03-21 15:55:37,920 - testExample.py - test_baiDuSerach_sheetOne - 52- INFO: test021:断言响应体字段值;期望结果:20;实际结果：0
2025-03-21 15:55:37,929 - testExample.py - test_baiDuSerach_sheetOne - 57- INFO: test021:断言响应时间;期望结果:200;实际结果：116
2025-03-21 15:55:37,994 - Example.py - baiDuSerach - 67- INFO: 用例id：test022:接口名称：baiDuSerach;传递token：None;传递参数：python22;用例备注：测试示例断言失败
2025-03-21 15:55:38,127 - testExample.py - test_baiDuSerach_sheetOne - 47- INFO: test022:断言响应状态码;期望结果：200;实际结果：200
2025-03-21 15:55:38,135 - testExample.py - test_baiDuSerach_sheetOne - 52- INFO: test022:断言响应体字段值;期望结果:21;实际结果：0
2025-03-21 15:55:38,143 - testExample.py - test_baiDuSerach_sheetOne - 57- INFO: test022:断言响应时间;期望结果:200;实际结果：130
2025-03-21 15:55:38,171 - Example.py - baiDuSerach - 67- INFO: 用例id：test023:接口名称：baiDuSerach;传递token：None;传递参数：python23;用例备注：测试示例断言失败
2025-03-21 15:55:38,300 - testExample.py - test_baiDuSerach_sheetOne - 47- INFO: test023:断言响应状态码;期望结果：200;实际结果：200
2025-03-21 15:55:38,308 - testExample.py - test_baiDuSerach_sheetOne - 52- INFO: test023:断言响应体字段值;期望结果:22;实际结果：0
2025-03-21 15:55:38,316 - testExample.py - test_baiDuSerach_sheetOne - 57- INFO: test023:断言响应时间;期望结果:200;实际结果：125
2025-03-21 15:55:38,343 - Example.py - baiDuSerach - 67- INFO: 用例id：test024:接口名称：baiDuSerach;传递token：None;传递参数：python24;用例备注：测试示例断言失败
2025-03-21 15:55:38,461 - testExample.py - test_baiDuSerach_sheetOne - 47- INFO: test024:断言响应状态码;期望结果：200;实际结果：200
2025-03-21 15:55:38,471 - testExample.py - test_baiDuSerach_sheetOne - 52- INFO: test024:断言响应体字段值;期望结果:23;实际结果：0
2025-03-21 15:55:38,480 - testExample.py - test_baiDuSerach_sheetOne - 57- INFO: test024:断言响应时间;期望结果:200;实际结果：115
2025-03-21 15:55:38,511 - Example.py - baiDuSerach - 67- INFO: 用例id：test025:接口名称：baiDuSerach;传递token：None;传递参数：python25;用例备注：测试示例断言失败
2025-03-21 15:55:38,632 - testExample.py - test_baiDuSerach_sheetOne - 47- INFO: test025:断言响应状态码;期望结果：200;实际结果：200
2025-03-21 15:55:38,639 - testExample.py - test_baiDuSerach_sheetOne - 52- INFO: test025:断言响应体字段值;期望结果:24;实际结果：0
2025-03-21 15:55:38,647 - testExample.py - test_baiDuSerach_sheetOne - 57- INFO: test025:断言响应时间;期望结果:200;实际结果：117
2025-03-21 15:55:38,674 - Example.py - baiDuSerach - 67- INFO: 用例id：test026:接口名称：baiDuSerach;传递token：None;传递参数：python26;用例备注：测试示例断言失败
2025-03-21 15:55:38,804 - testExample.py - test_baiDuSerach_sheetOne - 47- INFO: test026:断言响应状态码;期望结果：200;实际结果：200
2025-03-21 15:55:38,812 - testExample.py - test_baiDuSerach_sheetOne - 52- INFO: test026:断言响应体字段值;期望结果:25;实际结果：0
2025-03-21 15:55:38,820 - testExample.py - test_baiDuSerach_sheetOne - 57- INFO: test026:断言响应时间;期望结果:200;实际结果：126
2025-03-21 15:55:38,848 - Example.py - baiDuSerach - 67- INFO: 用例id：test027:接口名称：baiDuSerach;传递token：None;传递参数：python27;用例备注：测试示例断言失败
2025-03-21 15:55:38,968 - testExample.py - test_baiDuSerach_sheetOne - 47- INFO: test027:断言响应状态码;期望结果：200;实际结果：200
2025-03-21 15:55:38,977 - testExample.py - test_baiDuSerach_sheetOne - 52- INFO: test027:断言响应体字段值;期望结果:26;实际结果：0
2025-03-21 15:55:38,985 - testExample.py - test_baiDuSerach_sheetOne - 57- INFO: test027:断言响应时间;期望结果:200;实际结果：117
2025-03-21 15:55:39,012 - Example.py - baiDuSerach - 67- INFO: 用例id：test028:接口名称：baiDuSerach;传递token：None;传递参数：python28;用例备注：测试示例断言失败
2025-03-21 15:55:39,139 - testExample.py - test_baiDuSerach_sheetOne - 47- INFO: test028:断言响应状态码;期望结果：200;实际结果：200
2025-03-21 15:55:39,146 - testExample.py - test_baiDuSerach_sheetOne - 52- INFO: test028:断言响应体字段值;期望结果:27;实际结果：0
2025-03-21 15:55:39,155 - testExample.py - test_baiDuSerach_sheetOne - 57- INFO: test028:断言响应时间;期望结果:200;实际结果：123
2025-03-21 15:55:39,182 - Example.py - baiDuSerach - 67- INFO: 用例id：test029:接口名称：baiDuSerach;传递token：None;传递参数：python29;用例备注：测试示例断言失败
2025-03-21 15:55:39,303 - testExample.py - test_baiDuSerach_sheetOne - 47- INFO: test029:断言响应状态码;期望结果：200;实际结果：200
2025-03-21 15:55:39,311 - testExample.py - test_baiDuSerach_sheetOne - 52- INFO: test029:断言响应体字段值;期望结果:28;实际结果：0
2025-03-21 15:55:39,318 - testExample.py - test_baiDuSerach_sheetOne - 57- INFO: test029:断言响应时间;期望结果:200;实际结果：118
2025-03-21 15:55:39,347 - Example.py - baiDuSerach - 67- INFO: 用例id：test030:接口名称：baiDuSerach;传递token：None;传递参数：python30;用例备注：测试示例断言失败
2025-03-21 15:55:39,473 - testExample.py - test_baiDuSerach_sheetOne - 47- INFO: test030:断言响应状态码;期望结果：200;实际结果：200
2025-03-21 15:55:39,480 - testExample.py - test_baiDuSerach_sheetOne - 52- INFO: test030:断言响应体字段值;期望结果:29;实际结果：0
2025-03-21 15:55:39,488 - testExample.py - test_baiDuSerach_sheetOne - 57- INFO: test030:断言响应时间;期望结果:200;实际结果：123
2025-03-21 15:55:39,516 - Example.py - baiDuSerach - 67- INFO: 用例id：test031:接口名称：baiDuSerach;传递token：None;传递参数：python31;用例备注：测试示例断言失败
2025-03-21 15:55:39,640 - testExample.py - test_baiDuSerach_sheetOne - 47- INFO: test031:断言响应状态码;期望结果：200;实际结果：200
2025-03-21 15:55:39,648 - testExample.py - test_baiDuSerach_sheetOne - 52- INFO: test031:断言响应体字段值;期望结果:30;实际结果：0
2025-03-21 15:55:39,656 - testExample.py - test_baiDuSerach_sheetOne - 57- INFO: test031:断言响应时间;期望结果:200;实际结果：121
2025-03-21 15:55:39,684 - Example.py - baiDuSerach - 67- INFO: 用例id：test032:接口名称：baiDuSerach;传递token：None;传递参数：python32;用例备注：测试示例断言失败
2025-03-21 15:55:39,813 - testExample.py - test_baiDuSerach_sheetOne - 47- INFO: test032:断言响应状态码;期望结果：200;实际结果：200
2025-03-21 15:55:39,822 - testExample.py - test_baiDuSerach_sheetOne - 52- INFO: test032:断言响应体字段值;期望结果:31;实际结果：0
2025-03-21 15:55:39,830 - testExample.py - test_baiDuSerach_sheetOne - 57- INFO: test032:断言响应时间;期望结果:200;实际结果：126
2025-03-21 15:55:39,857 - Example.py - baiDuSerach - 67- INFO: 用例id：test033:接口名称：baiDuSerach;传递token：None;传递参数：python33;用例备注：测试示例断言失败
2025-03-21 15:55:39,985 - testExample.py - test_baiDuSerach_sheetOne - 47- INFO: test033:断言响应状态码;期望结果：200;实际结果：200
2025-03-21 15:55:39,993 - testExample.py - test_baiDuSerach_sheetOne - 52- INFO: test033:断言响应体字段值;期望结果:32;实际结果：0
2025-03-21 15:55:40,001 - testExample.py - test_baiDuSerach_sheetOne - 57- INFO: test033:断言响应时间;期望结果:200;实际结果：125
2025-03-21 15:55:40,063 - Example.py - baiDuSerach - 67- INFO: 用例id：test034:接口名称：baiDuSerach;传递token：None;传递参数：python34;用例备注：测试示例断言失败
2025-03-21 15:55:40,184 - testExample.py - test_baiDuSerach_sheetOne - 47- INFO: test034:断言响应状态码;期望结果：200;实际结果：200
2025-03-21 15:55:40,192 - testExample.py - test_baiDuSerach_sheetOne - 52- INFO: test034:断言响应体字段值;期望结果:33;实际结果：0
2025-03-21 15:55:40,201 - testExample.py - test_baiDuSerach_sheetOne - 57- INFO: test034:断言响应时间;期望结果:200;实际结果：117
2025-03-21 15:55:40,228 - Example.py - baiDuSerach - 67- INFO: 用例id：test035:接口名称：baiDuSerach;传递token：None;传递参数：python35;用例备注：测试示例断言失败
2025-03-21 15:55:40,349 - testExample.py - test_baiDuSerach_sheetOne - 47- INFO: test035:断言响应状态码;期望结果：200;实际结果：200
2025-03-21 15:55:40,356 - testExample.py - test_baiDuSerach_sheetOne - 52- INFO: test035:断言响应体字段值;期望结果:34;实际结果：0
2025-03-21 15:55:40,365 - testExample.py - test_baiDuSerach_sheetOne - 57- INFO: test035:断言响应时间;期望结果:200;实际结果：117
2025-03-21 15:55:40,393 - Example.py - baiDuSerach - 67- INFO: 用例id：test036:接口名称：baiDuSerach;传递token：None;传递参数：python36;用例备注：测试示例断言失败
2025-03-21 15:55:40,512 - testExample.py - test_baiDuSerach_sheetOne - 47- INFO: test036:断言响应状态码;期望结果：200;实际结果：200
2025-03-21 15:55:40,520 - testExample.py - test_baiDuSerach_sheetOne - 52- INFO: test036:断言响应体字段值;期望结果:35;实际结果：0
2025-03-21 15:55:40,529 - testExample.py - test_baiDuSerach_sheetOne - 57- INFO: test036:断言响应时间;期望结果:200;实际结果：116
2025-03-21 15:55:40,556 - Example.py - baiDuSerach - 67- INFO: 用例id：test037:接口名称：baiDuSerach;传递token：None;传递参数：python37;用例备注：测试示例断言失败
2025-03-21 15:55:40,688 - testExample.py - test_baiDuSerach_sheetOne - 47- INFO: test037:断言响应状态码;期望结果：200;实际结果：200
2025-03-21 15:55:40,695 - testExample.py - test_baiDuSerach_sheetOne - 52- INFO: test037:断言响应体字段值;期望结果:36;实际结果：0
2025-03-21 15:55:40,704 - testExample.py - test_baiDuSerach_sheetOne - 57- INFO: test037:断言响应时间;期望结果:200;实际结果：128
2025-03-21 15:55:40,732 - Example.py - baiDuSerach - 67- INFO: 用例id：test038:接口名称：baiDuSerach;传递token：None;传递参数：python38;用例备注：测试示例断言失败
2025-03-21 15:55:40,857 - testExample.py - test_baiDuSerach_sheetOne - 47- INFO: test038:断言响应状态码;期望结果：200;实际结果：200
2025-03-21 15:55:40,866 - testExample.py - test_baiDuSerach_sheetOne - 52- INFO: test038:断言响应体字段值;期望结果:37;实际结果：0
2025-03-21 15:55:40,873 - testExample.py - test_baiDuSerach_sheetOne - 57- INFO: test038:断言响应时间;期望结果:200;实际结果：122
2025-03-21 15:55:40,901 - Example.py - baiDuSerach - 67- INFO: 用例id：test039:接口名称：baiDuSerach;传递token：None;传递参数：python39;用例备注：测试示例断言失败
2025-03-21 15:55:41,031 - testExample.py - test_baiDuSerach_sheetOne - 47- INFO: test039:断言响应状态码;期望结果：200;实际结果：200
2025-03-21 15:55:41,038 - testExample.py - test_baiDuSerach_sheetOne - 52- INFO: test039:断言响应体字段值;期望结果:38;实际结果：0
2025-03-21 15:55:41,046 - testExample.py - test_baiDuSerach_sheetOne - 57- INFO: test039:断言响应时间;期望结果:200;实际结果：127
2025-03-21 15:55:41,074 - Example.py - baiDuSerach - 67- INFO: 用例id：test040:接口名称：baiDuSerach;传递token：None;传递参数：python40;用例备注：测试示例断言失败
2025-03-21 15:55:41,195 - testExample.py - test_baiDuSerach_sheetOne - 47- INFO: test040:断言响应状态码;期望结果：200;实际结果：200
2025-03-21 15:55:41,203 - testExample.py - test_baiDuSerach_sheetOne - 52- INFO: test040:断言响应体字段值;期望结果:39;实际结果：0
2025-03-21 15:55:41,211 - testExample.py - test_baiDuSerach_sheetOne - 57- INFO: test040:断言响应时间;期望结果:200;实际结果：118
2025-03-21 15:55:41,239 - Example.py - baiDuSerach - 67- INFO: 用例id：test041:接口名称：baiDuSerach;传递token：None;传递参数：python41;用例备注：测试示例断言失败
2025-03-21 15:55:41,361 - testExample.py - test_baiDuSerach_sheetOne - 47- INFO: test041:断言响应状态码;期望结果：200;实际结果：200
2025-03-21 15:55:41,370 - testExample.py - test_baiDuSerach_sheetOne - 52- INFO: test041:断言响应体字段值;期望结果:40;实际结果：0
2025-03-21 15:55:41,377 - testExample.py - test_baiDuSerach_sheetOne - 57- INFO: test041:断言响应时间;期望结果:200;实际结果：119
2025-03-21 15:55:41,409 - Example.py - baiDuSerach - 67- INFO: 用例id：test042:接口名称：baiDuSerach;传递token：None;传递参数：python42;用例备注：测试示例断言失败
2025-03-21 15:55:41,539 - testExample.py - test_baiDuSerach_sheetOne - 47- INFO: test042:断言响应状态码;期望结果：200;实际结果：200
2025-03-21 15:55:41,547 - testExample.py - test_baiDuSerach_sheetOne - 52- INFO: test042:断言响应体字段值;期望结果:41;实际结果：0
2025-03-21 15:55:41,554 - testExample.py - test_baiDuSerach_sheetOne - 57- INFO: test042:断言响应时间;期望结果:200;实际结果：126
2025-03-21 15:55:41,581 - Example.py - baiDuSerach - 67- INFO: 用例id：test043:接口名称：baiDuSerach;传递token：None;传递参数：python43;用例备注：测试示例断言失败
2025-03-21 15:55:41,706 - testExample.py - test_baiDuSerach_sheetOne - 47- INFO: test043:断言响应状态码;期望结果：200;实际结果：200
2025-03-21 15:55:41,714 - testExample.py - test_baiDuSerach_sheetOne - 52- INFO: test043:断言响应体字段值;期望结果:42;实际结果：0
2025-03-21 15:55:41,722 - testExample.py - test_baiDuSerach_sheetOne - 57- INFO: test043:断言响应时间;期望结果:200;实际结果：121
2025-03-21 15:55:41,750 - Example.py - baiDuSerach - 67- INFO: 用例id：test044:接口名称：baiDuSerach;传递token：None;传递参数：python44;用例备注：测试示例断言失败
2025-03-21 15:55:41,877 - testExample.py - test_baiDuSerach_sheetOne - 47- INFO: test044:断言响应状态码;期望结果：200;实际结果：200
2025-03-21 15:55:41,884 - testExample.py - test_baiDuSerach_sheetOne - 52- INFO: test044:断言响应体字段值;期望结果:43;实际结果：0
2025-03-21 15:55:41,891 - testExample.py - test_baiDuSerach_sheetOne - 57- INFO: test044:断言响应时间;期望结果:200;实际结果：121
2025-03-21 15:55:41,920 - Example.py - baiDuSerach - 67- INFO: 用例id：test045:接口名称：baiDuSerach;传递token：None;传递参数：python45;用例备注：测试示例断言失败
2025-03-21 15:55:42,043 - testExample.py - test_baiDuSerach_sheetOne - 47- INFO: test045:断言响应状态码;期望结果：200;实际结果：200
2025-03-21 15:55:42,050 - testExample.py - test_baiDuSerach_sheetOne - 52- INFO: test045:断言响应体字段值;期望结果:44;实际结果：0
2025-03-21 15:55:42,058 - testExample.py - test_baiDuSerach_sheetOne - 57- INFO: test045:断言响应时间;期望结果:200;实际结果：119
2025-03-21 15:55:42,086 - Example.py - baiDuSerach - 67- INFO: 用例id：test046:接口名称：baiDuSerach;传递token：None;传递参数：python46;用例备注：测试示例断言失败
2025-03-21 15:55:42,212 - testExample.py - test_baiDuSerach_sheetOne - 47- INFO: test046:断言响应状态码;期望结果：200;实际结果：200
2025-03-21 15:55:42,220 - testExample.py - test_baiDuSerach_sheetOne - 52- INFO: test046:断言响应体字段值;期望结果:45;实际结果：0
2025-03-21 15:55:42,228 - testExample.py - test_baiDuSerach_sheetOne - 57- INFO: test046:断言响应时间;期望结果:200;实际结果：122
2025-03-21 15:55:42,291 - Example.py - baiDuSerach - 67- INFO: 用例id：test047:接口名称：baiDuSerach;传递token：None;传递参数：python47;用例备注：测试示例断言失败
2025-03-21 15:55:42,421 - testExample.py - test_baiDuSerach_sheetOne - 47- INFO: test047:断言响应状态码;期望结果：200;实际结果：200
2025-03-21 15:55:42,430 - testExample.py - test_baiDuSerach_sheetOne - 52- INFO: test047:断言响应体字段值;期望结果:46;实际结果：0
2025-03-21 15:55:42,437 - testExample.py - test_baiDuSerach_sheetOne - 57- INFO: test047:断言响应时间;期望结果:200;实际结果：127
2025-03-21 15:55:42,465 - Example.py - baiDuSerach - 67- INFO: 用例id：test048:接口名称：baiDuSerach;传递token：None;传递参数：python48;用例备注：测试示例断言失败
2025-03-21 15:55:42,599 - testExample.py - test_baiDuSerach_sheetOne - 47- INFO: test048:断言响应状态码;期望结果：200;实际结果：200
2025-03-21 15:55:42,607 - testExample.py - test_baiDuSerach_sheetOne - 52- INFO: test048:断言响应体字段值;期望结果:47;实际结果：0
2025-03-21 15:55:42,615 - testExample.py - test_baiDuSerach_sheetOne - 57- INFO: test048:断言响应时间;期望结果:200;实际结果：129
2025-03-21 15:55:42,643 - Example.py - baiDuSerach - 67- INFO: 用例id：test049:接口名称：baiDuSerach;传递token：None;传递参数：python49;用例备注：测试示例断言失败
2025-03-21 15:55:42,764 - testExample.py - test_baiDuSerach_sheetOne - 47- INFO: test049:断言响应状态码;期望结果：200;实际结果：200
2025-03-21 15:55:42,772 - testExample.py - test_baiDuSerach_sheetOne - 52- INFO: test049:断言响应体字段值;期望结果:48;实际结果：0
2025-03-21 15:55:42,779 - testExample.py - test_baiDuSerach_sheetOne - 57- INFO: test049:断言响应时间;期望结果:200;实际结果：117
2025-03-21 15:55:42,807 - Example.py - baiDuSerach - 67- INFO: 用例id：test050:接口名称：baiDuSerach;传递token：None;传递参数：python50;用例备注：测试示例断言失败
2025-03-21 15:55:42,933 - testExample.py - test_baiDuSerach_sheetOne - 47- INFO: test050:断言响应状态码;期望结果：200;实际结果：200
2025-03-21 15:55:42,942 - testExample.py - test_baiDuSerach_sheetOne - 52- INFO: test050:断言响应体字段值;期望结果:49;实际结果：0
2025-03-21 15:55:42,950 - testExample.py - test_baiDuSerach_sheetOne - 57- INFO: test050:断言响应时间;期望结果:200;实际结果：123
2025-03-21 15:55:42,980 - Example.py - baiDuSerach - 67- INFO: 用例id：test051:接口名称：baiDuSerach;传递token：None;传递参数：python51;用例备注：测试示例断言失败
2025-03-21 15:55:43,107 - testExample.py - test_baiDuSerach_sheetOne - 47- INFO: test051:断言响应状态码;期望结果：200;实际结果：200
2025-03-21 15:55:43,115 - testExample.py - test_baiDuSerach_sheetOne - 52- INFO: test051:断言响应体字段值;期望结果:50;实际结果：0
2025-03-21 15:55:43,124 - testExample.py - test_baiDuSerach_sheetOne - 57- INFO: test051:断言响应时间;期望结果:200;实际结果：123
2025-03-21 15:55:43,154 - Example.py - baiDuSerach - 67- INFO: 用例id：test052:接口名称：baiDuSerach;传递token：None;传递参数：python52;用例备注：测试示例断言失败
2025-03-21 15:55:43,272 - testExample.py - test_baiDuSerach_sheetOne - 47- INFO: test052:断言响应状态码;期望结果：200;实际结果：200
2025-03-21 15:55:43,280 - testExample.py - test_baiDuSerach_sheetOne - 52- INFO: test052:断言响应体字段值;期望结果:51;实际结果：0
2025-03-21 15:55:43,288 - testExample.py - test_baiDuSerach_sheetOne - 57- INFO: test052:断言响应时间;期望结果:200;实际结果：115
2025-03-21 15:55:43,316 - Example.py - baiDuSerach - 67- INFO: 用例id：test053:接口名称：baiDuSerach;传递token：None;传递参数：python53;用例备注：测试示例断言失败
2025-03-21 15:55:43,441 - testExample.py - test_baiDuSerach_sheetOne - 47- INFO: test053:断言响应状态码;期望结果：200;实际结果：200
2025-03-21 15:55:43,448 - testExample.py - test_baiDuSerach_sheetOne - 52- INFO: test053:断言响应体字段值;期望结果:52;实际结果：0
2025-03-21 15:55:43,457 - testExample.py - test_baiDuSerach_sheetOne - 57- INFO: test053:断言响应时间;期望结果:200;实际结果：121
2025-03-21 15:55:43,485 - Example.py - baiDuSerach - 67- INFO: 用例id：test054:接口名称：baiDuSerach;传递token：None;传递参数：python54;用例备注：测试示例断言失败
2025-03-21 15:55:43,610 - testExample.py - test_baiDuSerach_sheetOne - 47- INFO: test054:断言响应状态码;期望结果：200;实际结果：200
2025-03-21 15:55:43,618 - testExample.py - test_baiDuSerach_sheetOne - 52- INFO: test054:断言响应体字段值;期望结果:53;实际结果：0
2025-03-21 15:55:43,626 - testExample.py - test_baiDuSerach_sheetOne - 57- INFO: test054:断言响应时间;期望结果:200;实际结果：121
2025-03-21 15:55:43,653 - Example.py - baiDuSerach - 67- INFO: 用例id：test055:接口名称：baiDuSerach;传递token：None;传递参数：python55;用例备注：测试示例断言失败
2025-03-21 15:55:43,773 - testExample.py - test_baiDuSerach_sheetOne - 47- INFO: test055:断言响应状态码;期望结果：200;实际结果：200
2025-03-21 15:55:43,781 - testExample.py - test_baiDuSerach_sheetOne - 52- INFO: test055:断言响应体字段值;期望结果:54;实际结果：0
2025-03-21 15:55:43,789 - testExample.py - test_baiDuSerach_sheetOne - 57- INFO: test055:断言响应时间;期望结果:200;实际结果：116
2025-03-21 15:55:43,817 - Example.py - baiDuSerach - 67- INFO: 用例id：test056:接口名称：baiDuSerach;传递token：None;传递参数：python56;用例备注：测试示例断言失败
2025-03-21 15:55:43,937 - testExample.py - test_baiDuSerach_sheetOne - 47- INFO: test056:断言响应状态码;期望结果：200;实际结果：200
2025-03-21 15:55:43,944 - testExample.py - test_baiDuSerach_sheetOne - 52- INFO: test056:断言响应体字段值;期望结果:55;实际结果：0
2025-03-21 15:55:43,953 - testExample.py - test_baiDuSerach_sheetOne - 57- INFO: test056:断言响应时间;期望结果:200;实际结果：116
2025-03-21 15:55:43,980 - Example.py - baiDuSerach - 67- INFO: 用例id：test057:接口名称：baiDuSerach;传递token：None;传递参数：python57;用例备注：测试示例断言失败
2025-03-21 15:55:44,107 - testExample.py - test_baiDuSerach_sheetOne - 47- INFO: test057:断言响应状态码;期望结果：200;实际结果：200
2025-03-21 15:55:44,114 - testExample.py - test_baiDuSerach_sheetOne - 52- INFO: test057:断言响应体字段值;期望结果:56;实际结果：0
2025-03-21 15:55:44,121 - testExample.py - test_baiDuSerach_sheetOne - 57- INFO: test057:断言响应时间;期望结果:200;实际结果：122
2025-03-21 15:55:44,149 - Example.py - baiDuSerach - 67- INFO: 用例id：test058:接口名称：baiDuSerach;传递token：None;传递参数：python58;用例备注：测试示例断言失败
2025-03-21 15:55:44,287 - testExample.py - test_baiDuSerach_sheetOne - 47- INFO: test058:断言响应状态码;期望结果：200;实际结果：200
2025-03-21 15:55:44,295 - testExample.py - test_baiDuSerach_sheetOne - 52- INFO: test058:断言响应体字段值;期望结果:57;实际结果：0
2025-03-21 15:55:44,302 - testExample.py - test_baiDuSerach_sheetOne - 57- INFO: test058:断言响应时间;期望结果:200;实际结果：134
2025-03-21 15:55:44,366 - Example.py - baiDuSerach - 67- INFO: 用例id：test059:接口名称：baiDuSerach;传递token：None;传递参数：python59;用例备注：测试示例断言失败
2025-03-21 15:55:44,494 - testExample.py - test_baiDuSerach_sheetOne - 47- INFO: test059:断言响应状态码;期望结果：200;实际结果：200
2025-03-21 15:55:44,502 - testExample.py - test_baiDuSerach_sheetOne - 52- INFO: test059:断言响应体字段值;期望结果:58;实际结果：0
2025-03-21 15:55:44,509 - testExample.py - test_baiDuSerach_sheetOne - 57- INFO: test059:断言响应时间;期望结果:200;实际结果：124
2025-03-21 15:55:44,537 - Example.py - baiDuSerach - 67- INFO: 用例id：test060:接口名称：baiDuSerach;传递token：None;传递参数：python60;用例备注：测试示例断言失败
2025-03-21 15:55:44,655 - testExample.py - test_baiDuSerach_sheetOne - 47- INFO: test060:断言响应状态码;期望结果：200;实际结果：200
2025-03-21 15:55:44,662 - testExample.py - test_baiDuSerach_sheetOne - 52- INFO: test060:断言响应体字段值;期望结果:59;实际结果：0
2025-03-21 15:55:44,671 - testExample.py - test_baiDuSerach_sheetOne - 57- INFO: test060:断言响应时间;期望结果:200;实际结果：114
2025-03-21 15:55:44,698 - Example.py - baiDuSerach - 67- INFO: 用例id：test061:接口名称：baiDuSerach;传递token：None;传递参数：python61;用例备注：测试示例断言失败
2025-03-21 15:55:44,824 - testExample.py - test_baiDuSerach_sheetOne - 47- INFO: test061:断言响应状态码;期望结果：200;实际结果：200
2025-03-21 15:55:44,832 - testExample.py - test_baiDuSerach_sheetOne - 52- INFO: test061:断言响应体字段值;期望结果:60;实际结果：0
2025-03-21 15:55:44,840 - testExample.py - test_baiDuSerach_sheetOne - 57- INFO: test061:断言响应时间;期望结果:200;实际结果：123
2025-03-21 15:55:44,867 - Example.py - baiDuSerach - 67- INFO: 用例id：test062:接口名称：baiDuSerach;传递token：None;传递参数：python62;用例备注：测试示例断言失败
2025-03-21 15:55:44,994 - testExample.py - test_baiDuSerach_sheetOne - 47- INFO: test062:断言响应状态码;期望结果：200;实际结果：200
2025-03-21 15:55:45,002 - testExample.py - test_baiDuSerach_sheetOne - 52- INFO: test062:断言响应体字段值;期望结果:61;实际结果：0
2025-03-21 15:55:45,010 - testExample.py - test_baiDuSerach_sheetOne - 57- INFO: test062:断言响应时间;期望结果:200;实际结果：123
2025-03-21 15:55:45,037 - Example.py - baiDuSerach - 67- INFO: 用例id：test063:接口名称：baiDuSerach;传递token：None;传递参数：python63;用例备注：测试示例断言失败
2025-03-21 15:55:45,163 - testExample.py - test_baiDuSerach_sheetOne - 47- INFO: test063:断言响应状态码;期望结果：200;实际结果：200
2025-03-21 15:55:45,170 - testExample.py - test_baiDuSerach_sheetOne - 52- INFO: test063:断言响应体字段值;期望结果:62;实际结果：0
2025-03-21 15:55:45,179 - testExample.py - test_baiDuSerach_sheetOne - 57- INFO: test063:断言响应时间;期望结果:200;实际结果：122
2025-03-21 15:55:45,208 - Example.py - baiDuSerach - 67- INFO: 用例id：test064:接口名称：baiDuSerach;传递token：None;传递参数：python64;用例备注：测试示例断言失败
2025-03-21 15:55:45,334 - testExample.py - test_baiDuSerach_sheetOne - 47- INFO: test064:断言响应状态码;期望结果：200;实际结果：200
2025-03-21 15:55:45,341 - testExample.py - test_baiDuSerach_sheetOne - 52- INFO: test064:断言响应体字段值;期望结果:63;实际结果：0
2025-03-21 15:55:45,349 - testExample.py - test_baiDuSerach_sheetOne - 57- INFO: test064:断言响应时间;期望结果:200;实际结果：123
2025-03-21 15:55:45,377 - Example.py - baiDuSerach - 67- INFO: 用例id：test065:接口名称：baiDuSerach;传递token：None;传递参数：python65;用例备注：测试示例断言失败
2025-03-21 15:55:45,495 - testExample.py - test_baiDuSerach_sheetOne - 47- INFO: test065:断言响应状态码;期望结果：200;实际结果：200
2025-03-21 15:55:45,503 - testExample.py - test_baiDuSerach_sheetOne - 52- INFO: test065:断言响应体字段值;期望结果:64;实际结果：0
2025-03-21 15:55:45,511 - testExample.py - test_baiDuSerach_sheetOne - 57- INFO: test065:断言响应时间;期望结果:200;实际结果：115
2025-03-21 15:55:45,539 - Example.py - baiDuSerach - 67- INFO: 用例id：test066:接口名称：baiDuSerach;传递token：None;传递参数：python66;用例备注：测试示例断言失败
2025-03-21 15:55:46,679 - testExample.py - test_baiDuSerach_sheetOne - 47- INFO: test066:断言响应状态码;期望结果：200;实际结果：200
2025-03-21 15:55:46,688 - testExample.py - test_baiDuSerach_sheetOne - 52- INFO: test066:断言响应体字段值;期望结果:65;实际结果：0
2025-03-21 15:55:46,695 - testExample.py - test_baiDuSerach_sheetOne - 57- INFO: test066:断言响应时间;期望结果:200;实际结果：136
2025-03-21 15:55:46,724 - Example.py - baiDuSerach - 67- INFO: 用例id：test067:接口名称：baiDuSerach;传递token：None;传递参数：python67;用例备注：测试示例断言失败
2025-03-21 15:55:46,843 - testExample.py - test_baiDuSerach_sheetOne - 47- INFO: test067:断言响应状态码;期望结果：200;实际结果：200
2025-03-21 15:55:46,851 - testExample.py - test_baiDuSerach_sheetOne - 52- INFO: test067:断言响应体字段值;期望结果:66;实际结果：0
2025-03-21 15:55:46,859 - testExample.py - test_baiDuSerach_sheetOne - 57- INFO: test067:断言响应时间;期望结果:200;实际结果：116
2025-03-21 15:55:46,886 - Example.py - baiDuSerach - 67- INFO: 用例id：test068:接口名称：baiDuSerach;传递token：None;传递参数：python68;用例备注：测试示例断言失败
2025-03-21 15:55:47,003 - testExample.py - test_baiDuSerach_sheetOne - 47- INFO: test068:断言响应状态码;期望结果：200;实际结果：200
2025-03-21 15:55:47,011 - testExample.py - test_baiDuSerach_sheetOne - 52- INFO: test068:断言响应体字段值;期望结果:67;实际结果：0
2025-03-21 15:55:47,019 - testExample.py - test_baiDuSerach_sheetOne - 57- INFO: test068:断言响应时间;期望结果:200;实际结果：113
2025-03-21 15:55:47,046 - Example.py - baiDuSerach - 67- INFO: 用例id：test069:接口名称：baiDuSerach;传递token：None;传递参数：python69;用例备注：测试示例断言失败
2025-03-21 15:55:47,180 - testExample.py - test_baiDuSerach_sheetOne - 47- INFO: test069:断言响应状态码;期望结果：200;实际结果：200
2025-03-21 15:55:47,188 - testExample.py - test_baiDuSerach_sheetOne - 52- INFO: test069:断言响应体字段值;期望结果:68;实际结果：0
2025-03-21 15:55:47,196 - testExample.py - test_baiDuSerach_sheetOne - 57- INFO: test069:断言响应时间;期望结果:200;实际结果：130
2025-03-21 15:55:47,226 - Example.py - baiDuSerach - 67- INFO: 用例id：test070:接口名称：baiDuSerach;传递token：None;传递参数：python70;用例备注：测试示例断言失败
2025-03-21 15:55:47,345 - testExample.py - test_baiDuSerach_sheetOne - 47- INFO: test070:断言响应状态码;期望结果：200;实际结果：200
2025-03-21 15:55:47,354 - testExample.py - test_baiDuSerach_sheetOne - 52- INFO: test070:断言响应体字段值;期望结果:69;实际结果：0
2025-03-21 15:55:47,362 - testExample.py - test_baiDuSerach_sheetOne - 57- INFO: test070:断言响应时间;期望结果:200;实际结果：115
2025-03-21 15:55:47,430 - Example.py - baiDuSerachToken - 49- INFO: 用例id：1:接口名称：baiDuSerach;传递token：[[140]];传递参数：python12;用例备注：测试示例断言成功
2025-03-21 15:55:47,551 - testExample.py - test_baiDuSerach_sheetTwo - 83- INFO: 1:断言响应状态码;期望结果：200;实际结果：200
2025-03-21 15:55:47,559 - testExample.py - test_baiDuSerach_sheetTwo - 88- INFO: 1:断言响应体字段值;期望结果:0;实际结果：0
2025-03-21 15:55:47,566 - testExample.py - test_baiDuSerach_sheetTwo - 93- INFO: 1:断言响应时间;期望结果:200;实际结果：118
2025-03-21 15:55:47,576 - Example.py - baiDuSerachToken - 49- INFO: 用例id：2:接口名称：baiDuSerach;传递token：[[140]];传递参数：python22;用例备注：测试示例断言失败
2025-03-21 15:55:47,706 - testExample.py - test_baiDuSerach_sheetTwo - 83- INFO: 2:断言响应状态码;期望结果：200;实际结果：200
2025-03-21 15:55:47,714 - testExample.py - test_baiDuSerach_sheetTwo - 88- INFO: 2:断言响应体字段值;期望结果:1;实际结果：0
2025-03-21 15:55:47,722 - testExample.py - test_baiDuSerach_sheetTwo - 93- INFO: 2:断言响应时间;期望结果:200;实际结果：126
2025-03-21 15:55:47,749 - Example.py - baiDuSerachToken - 49- INFO: 用例id：3:接口名称：baiDuSerach;传递token：[[140]];传递参数：python32;用例备注：
2025-03-21 15:55:47,868 - testExample.py - test_baiDuSerach_sheetTwo - 83- INFO: 3:断言响应状态码;期望结果：200;实际结果：200
2025-03-21 15:55:47,877 - testExample.py - test_baiDuSerach_sheetTwo - 88- INFO: 3:断言响应体字段值;期望结果:2;实际结果：0
2025-03-21 15:55:47,884 - testExample.py - test_baiDuSerach_sheetTwo - 93- INFO: 3:断言响应时间;期望结果:201;实际结果：116
2025-03-21 15:55:47,912 - Example.py - baiDuSerachToken - 49- INFO: 用例id：4:接口名称：baiDuSerach;传递token：[[140]];传递参数：python33;用例备注：测试示例断言失败
2025-03-21 15:55:48,036 - testExample.py - test_baiDuSerach_sheetTwo - 83- INFO: 4:断言响应状态码;期望结果：200;实际结果：200
2025-03-21 15:55:48,044 - testExample.py - test_baiDuSerach_sheetTwo - 88- INFO: 4:断言响应体字段值;期望结果:3;实际结果：0
2025-03-21 15:55:48,052 - testExample.py - test_baiDuSerach_sheetTwo - 93- INFO: 4:断言响应时间;期望结果:202;实际结果：120
2025-03-21 15:55:48,079 - Example.py - baiDuSerachToken - 49- INFO: 用例id：5:接口名称：baiDuSerach;传递token：[[140]];传递参数：python34;用例备注：测试示例断言失败
2025-03-21 15:55:48,214 - testExample.py - test_baiDuSerach_sheetTwo - 83- INFO: 5:断言响应状态码;期望结果：200;实际结果：200
2025-03-21 15:55:48,222 - testExample.py - test_baiDuSerach_sheetTwo - 88- INFO: 5:断言响应体字段值;期望结果:4;实际结果：0
2025-03-21 15:55:48,231 - testExample.py - test_baiDuSerach_sheetTwo - 93- INFO: 5:断言响应时间;期望结果:203;实际结果：132
2025-03-21 15:55:48,261 - Example.py - baiDuSerachToken - 49- INFO: 用例id：6:接口名称：baiDuSerach;传递token：[[140]];传递参数：python35;用例备注：测试示例断言失败
2025-03-21 15:55:48,380 - testExample.py - test_baiDuSerach_sheetTwo - 83- INFO: 6:断言响应状态码;期望结果：200;实际结果：200
2025-03-21 15:55:48,389 - testExample.py - test_baiDuSerach_sheetTwo - 88- INFO: 6:断言响应体字段值;期望结果:5;实际结果：0
2025-03-21 15:55:48,396 - testExample.py - test_baiDuSerach_sheetTwo - 93- INFO: 6:断言响应时间;期望结果:204;实际结果：115
2025-03-21 15:55:48,424 - Example.py - baiDuSerachToken - 49- INFO: 用例id：7:接口名称：baiDuSerach;传递token：[[140]];传递参数：python36;用例备注：测试示例断言失败
2025-03-21 15:55:48,544 - testExample.py - test_baiDuSerach_sheetTwo - 83- INFO: 7:断言响应状态码;期望结果：200;实际结果：200
2025-03-21 15:55:48,551 - testExample.py - test_baiDuSerach_sheetTwo - 88- INFO: 7:断言响应体字段值;期望结果:6;实际结果：0
2025-03-21 15:55:48,559 - testExample.py - test_baiDuSerach_sheetTwo - 93- INFO: 7:断言响应时间;期望结果:205;实际结果：116
2025-03-21 15:55:48,588 - Example.py - baiDuSerachToken - 49- INFO: 用例id：8:接口名称：baiDuSerach;传递token：[[140]];传递参数：python37;用例备注：测试示例断言失败
2025-03-21 15:55:48,709 - testExample.py - test_baiDuSerach_sheetTwo - 83- INFO: 8:断言响应状态码;期望结果：200;实际结果：200
2025-03-21 15:55:48,717 - testExample.py - test_baiDuSerach_sheetTwo - 88- INFO: 8:断言响应体字段值;期望结果:7;实际结果：0
2025-03-21 15:55:48,725 - testExample.py - test_baiDuSerach_sheetTwo - 93- INFO: 8:断言响应时间;期望结果:206;实际结果：118
2025-03-21 15:55:48,753 - Example.py - baiDuSerachToken - 49- INFO: 用例id：9:接口名称：baiDuSerach;传递token：[[140]];传递参数：python38;用例备注：测试示例断言失败
2025-03-21 15:55:48,880 - testExample.py - test_baiDuSerach_sheetTwo - 83- INFO: 9:断言响应状态码;期望结果：200;实际结果：200
2025-03-21 15:55:48,888 - testExample.py - test_baiDuSerach_sheetTwo - 88- INFO: 9:断言响应体字段值;期望结果:8;实际结果：0
2025-03-21 15:55:48,895 - testExample.py - test_baiDuSerach_sheetTwo - 93- INFO: 9:断言响应时间;期望结果:207;实际结果：122
2025-03-21 15:55:48,923 - Example.py - baiDuSerachToken - 49- INFO: 用例id：10:接口名称：baiDuSerach;传递token：[[140]];传递参数：python39;用例备注：测试示例断言失败
2025-03-21 15:55:49,050 - testExample.py - test_baiDuSerach_sheetTwo - 83- INFO: 10:断言响应状态码;期望结果：200;实际结果：200
2025-03-21 15:55:49,057 - testExample.py - test_baiDuSerach_sheetTwo - 88- INFO: 10:断言响应体字段值;期望结果:9;实际结果：0
2025-03-21 15:55:49,065 - testExample.py - test_baiDuSerach_sheetTwo - 93- INFO: 10:断言响应时间;期望结果:208;实际结果：123
2025-03-21 15:55:49,093 - Example.py - baiDuSerachToken - 49- INFO: 用例id：11:接口名称：baiDuSerach;传递token：[[140]];传递参数：python40;用例备注：测试示例断言失败
2025-03-21 15:55:49,216 - testExample.py - test_baiDuSerach_sheetTwo - 83- INFO: 11:断言响应状态码;期望结果：200;实际结果：200
2025-03-21 15:55:49,224 - testExample.py - test_baiDuSerach_sheetTwo - 88- INFO: 11:断言响应体字段值;期望结果:10;实际结果：0
2025-03-21 15:55:49,232 - testExample.py - test_baiDuSerach_sheetTwo - 93- INFO: 11:断言响应时间;期望结果:209;实际结果：119
2025-03-21 15:55:49,259 - Example.py - baiDuSerachToken - 49- INFO: 用例id：12:接口名称：baiDuSerach;传递token：[[140]];传递参数：python41;用例备注：测试示例断言失败
2025-03-21 15:55:49,382 - testExample.py - test_baiDuSerach_sheetTwo - 83- INFO: 12:断言响应状态码;期望结果：200;实际结果：200
2025-03-21 15:55:49,390 - testExample.py - test_baiDuSerach_sheetTwo - 88- INFO: 12:断言响应体字段值;期望结果:11;实际结果：0
2025-03-21 15:55:49,397 - testExample.py - test_baiDuSerach_sheetTwo - 93- INFO: 12:断言响应时间;期望结果:210;实际结果：119
2025-03-21 15:55:49,425 - Example.py - baiDuSerachToken - 49- INFO: 用例id：13:接口名称：baiDuSerach;传递token：[[140]];传递参数：python42;用例备注：测试示例断言失败
2025-03-21 15:55:49,557 - testExample.py - test_baiDuSerach_sheetTwo - 83- INFO: 13:断言响应状态码;期望结果：200;实际结果：200
2025-03-21 15:55:49,565 - testExample.py - test_baiDuSerach_sheetTwo - 88- INFO: 13:断言响应体字段值;期望结果:12;实际结果：0
2025-03-21 15:55:49,573 - testExample.py - test_baiDuSerach_sheetTwo - 93- INFO: 13:断言响应时间;期望结果:211;实际结果：127
2025-03-21 15:55:49,639 - Example.py - baiDuSerachToken - 49- INFO: 用例id：14:接口名称：baiDuSerach;传递token：[[140]];传递参数：python43;用例备注：测试示例断言失败
2025-03-21 15:55:49,760 - testExample.py - test_baiDuSerach_sheetTwo - 83- INFO: 14:断言响应状态码;期望结果：200;实际结果：200
2025-03-21 15:55:49,768 - testExample.py - test_baiDuSerach_sheetTwo - 88- INFO: 14:断言响应体字段值;期望结果:13;实际结果：0
2025-03-21 15:55:49,776 - testExample.py - test_baiDuSerach_sheetTwo - 93- INFO: 14:断言响应时间;期望结果:212;实际结果：117
2025-03-21 15:55:49,804 - Example.py - baiDuSerachToken - 49- INFO: 用例id：15:接口名称：baiDuSerach;传递token：[[140]];传递参数：python44;用例备注：测试示例断言失败
2025-03-21 15:55:49,923 - testExample.py - test_baiDuSerach_sheetTwo - 83- INFO: 15:断言响应状态码;期望结果：200;实际结果：200
2025-03-21 15:55:49,932 - testExample.py - test_baiDuSerach_sheetTwo - 88- INFO: 15:断言响应体字段值;期望结果:14;实际结果：0
2025-03-21 15:55:49,941 - testExample.py - test_baiDuSerach_sheetTwo - 93- INFO: 15:断言响应时间;期望结果:213;实际结果：115
2025-03-21 15:55:49,971 - Example.py - baiDuSerachToken - 49- INFO: 用例id：16:接口名称：baiDuSerach;传递token：[[140]];传递参数：python45;用例备注：测试示例断言失败
2025-03-21 15:55:50,096 - testExample.py - test_baiDuSerach_sheetTwo - 83- INFO: 16:断言响应状态码;期望结果：200;实际结果：200
2025-03-21 15:55:50,104 - testExample.py - test_baiDuSerach_sheetTwo - 88- INFO: 16:断言响应体字段值;期望结果:15;实际结果：0
2025-03-21 15:55:50,112 - testExample.py - test_baiDuSerach_sheetTwo - 93- INFO: 16:断言响应时间;期望结果:214;实际结果：121
2025-03-21 15:55:50,140 - Example.py - baiDuSerachToken - 49- INFO: 用例id：17:接口名称：baiDuSerach;传递token：[[140]];传递参数：python46;用例备注：测试示例断言失败
2025-03-21 15:55:50,269 - testExample.py - test_baiDuSerach_sheetTwo - 83- INFO: 17:断言响应状态码;期望结果：200;实际结果：200
2025-03-21 15:55:50,276 - testExample.py - test_baiDuSerach_sheetTwo - 88- INFO: 17:断言响应体字段值;期望结果:16;实际结果：0
2025-03-21 15:55:50,284 - testExample.py - test_baiDuSerach_sheetTwo - 93- INFO: 17:断言响应时间;期望结果:215;实际结果：125
2025-03-21 15:55:50,312 - Example.py - baiDuSerachToken - 49- INFO: 用例id：18:接口名称：baiDuSerach;传递token：[[140]];传递参数：python47;用例备注：测试示例断言失败
2025-03-21 15:55:50,437 - testExample.py - test_baiDuSerach_sheetTwo - 83- INFO: 18:断言响应状态码;期望结果：200;实际结果：200
2025-03-21 15:55:50,444 - testExample.py - test_baiDuSerach_sheetTwo - 88- INFO: 18:断言响应体字段值;期望结果:17;实际结果：0
2025-03-21 15:55:50,453 - testExample.py - test_baiDuSerach_sheetTwo - 93- INFO: 18:断言响应时间;期望结果:216;实际结果：120
2025-03-21 15:55:50,480 - Example.py - baiDuSerachToken - 49- INFO: 用例id：19:接口名称：baiDuSerach;传递token：[[140]];传递参数：python48;用例备注：测试示例断言失败
2025-03-21 15:55:50,609 - testExample.py - test_baiDuSerach_sheetTwo - 83- INFO: 19:断言响应状态码;期望结果：200;实际结果：200
2025-03-21 15:55:50,618 - testExample.py - test_baiDuSerach_sheetTwo - 88- INFO: 19:断言响应体字段值;期望结果:18;实际结果：0
2025-03-21 15:55:50,627 - testExample.py - test_baiDuSerach_sheetTwo - 93- INFO: 19:断言响应时间;期望结果:217;实际结果：125
2025-03-21 15:55:50,656 - Example.py - baiDuSerachToken - 49- INFO: 用例id：20:接口名称：baiDuSerach;传递token：[[140]];传递参数：python49;用例备注：测试示例断言失败
2025-03-21 15:55:50,804 - testExample.py - test_baiDuSerach_sheetTwo - 83- INFO: 20:断言响应状态码;期望结果：200;实际结果：200
2025-03-21 15:55:50,813 - testExample.py - test_baiDuSerach_sheetTwo - 88- INFO: 20:断言响应体字段值;期望结果:19;实际结果：0
2025-03-21 15:55:50,821 - testExample.py - test_baiDuSerach_sheetTwo - 93- INFO: 20:断言响应时间;期望结果:218;实际结果：144
2025-03-21 15:55:50,849 - Example.py - baiDuSerachToken - 49- INFO: 用例id：21:接口名称：baiDuSerach;传递token：[[140]];传递参数：python50;用例备注：测试示例断言失败
2025-03-21 15:55:50,975 - testExample.py - test_baiDuSerach_sheetTwo - 83- INFO: 21:断言响应状态码;期望结果：200;实际结果：200
2025-03-21 15:55:50,982 - testExample.py - test_baiDuSerach_sheetTwo - 88- INFO: 21:断言响应体字段值;期望结果:20;实际结果：0
2025-03-21 15:55:50,990 - testExample.py - test_baiDuSerach_sheetTwo - 93- INFO: 21:断言响应时间;期望结果:219;实际结果：122
2025-03-21 15:55:51,023 - Example.py - baiDuSerachToken - 49- INFO: 用例id：22:接口名称：baiDuSerach;传递token：[[140]];传递参数：python51;用例备注：测试示例断言失败
2025-03-21 15:55:51,150 - testExample.py - test_baiDuSerach_sheetTwo - 83- INFO: 22:断言响应状态码;期望结果：200;实际结果：200
2025-03-21 15:55:51,158 - testExample.py - test_baiDuSerach_sheetTwo - 88- INFO: 22:断言响应体字段值;期望结果:21;实际结果：0
2025-03-21 15:55:51,166 - testExample.py - test_baiDuSerach_sheetTwo - 93- INFO: 22:断言响应时间;期望结果:220;实际结果：123
2025-03-21 15:55:51,193 - Example.py - baiDuSerachToken - 49- INFO: 用例id：23:接口名称：baiDuSerach;传递token：[[140]];传递参数：python52;用例备注：测试示例断言失败
2025-03-21 15:55:51,331 - testExample.py - test_baiDuSerach_sheetTwo - 83- INFO: 23:断言响应状态码;期望结果：200;实际结果：200
2025-03-21 15:55:51,338 - testExample.py - test_baiDuSerach_sheetTwo - 88- INFO: 23:断言响应体字段值;期望结果:22;实际结果：0
2025-03-21 15:55:51,346 - testExample.py - test_baiDuSerach_sheetTwo - 93- INFO: 23:断言响应时间;期望结果:221;实际结果：134
2025-03-21 15:55:51,373 - Example.py - baiDuSerachToken - 49- INFO: 用例id：24:接口名称：baiDuSerach;传递token：[[140]];传递参数：python53;用例备注：测试示例断言失败
2025-03-21 15:55:51,500 - testExample.py - test_baiDuSerach_sheetTwo - 83- INFO: 24:断言响应状态码;期望结果：200;实际结果：200
2025-03-21 15:55:51,508 - testExample.py - test_baiDuSerach_sheetTwo - 88- INFO: 24:断言响应体字段值;期望结果:23;实际结果：0
2025-03-21 15:55:51,516 - testExample.py - test_baiDuSerach_sheetTwo - 93- INFO: 24:断言响应时间;期望结果:222;实际结果：123
2025-03-21 15:55:51,550 - Example.py - baiDuSerachToken - 49- INFO: 用例id：25:接口名称：baiDuSerach;传递token：[[140]];传递参数：python54;用例备注：测试示例断言失败
2025-03-21 15:55:51,672 - testExample.py - test_baiDuSerach_sheetTwo - 83- INFO: 25:断言响应状态码;期望结果：200;实际结果：200
2025-03-21 15:55:51,679 - testExample.py - test_baiDuSerach_sheetTwo - 88- INFO: 25:断言响应体字段值;期望结果:24;实际结果：0
2025-03-21 15:55:51,687 - testExample.py - test_baiDuSerach_sheetTwo - 93- INFO: 25:断言响应时间;期望结果:223;实际结果：117
2025-03-21 15:55:51,755 - Example.py - baiDuSerachToken - 49- INFO: 用例id：26:接口名称：baiDuSerach;传递token：[[140]];传递参数：python55;用例备注：测试示例断言失败
2025-03-21 15:55:51,879 - testExample.py - test_baiDuSerach_sheetTwo - 83- INFO: 26:断言响应状态码;期望结果：200;实际结果：200
2025-03-21 15:55:51,887 - testExample.py - test_baiDuSerach_sheetTwo - 88- INFO: 26:断言响应体字段值;期望结果:25;实际结果：0
2025-03-21 15:55:51,894 - testExample.py - test_baiDuSerach_sheetTwo - 93- INFO: 26:断言响应时间;期望结果:224;实际结果：119
2025-03-21 15:55:51,922 - Example.py - baiDuSerachToken - 49- INFO: 用例id：27:接口名称：baiDuSerach;传递token：[[140]];传递参数：python56;用例备注：测试示例断言失败
2025-03-21 15:55:52,061 - testExample.py - test_baiDuSerach_sheetTwo - 83- INFO: 27:断言响应状态码;期望结果：200;实际结果：200
2025-03-21 15:55:52,070 - testExample.py - test_baiDuSerach_sheetTwo - 88- INFO: 27:断言响应体字段值;期望结果:26;实际结果：0
2025-03-21 15:55:52,080 - testExample.py - test_baiDuSerach_sheetTwo - 93- INFO: 27:断言响应时间;期望结果:225;实际结果：135
2025-03-21 15:55:52,109 - Example.py - baiDuSerachToken - 49- INFO: 用例id：28:接口名称：baiDuSerach;传递token：[[140]];传递参数：python57;用例备注：测试示例断言失败
2025-03-21 15:55:52,233 - testExample.py - test_baiDuSerach_sheetTwo - 83- INFO: 28:断言响应状态码;期望结果：200;实际结果：200
2025-03-21 15:55:52,241 - testExample.py - test_baiDuSerach_sheetTwo - 88- INFO: 28:断言响应体字段值;期望结果:27;实际结果：0
2025-03-21 15:55:52,249 - testExample.py - test_baiDuSerach_sheetTwo - 93- INFO: 28:断言响应时间;期望结果:226;实际结果：120
2025-03-21 15:55:52,277 - Example.py - baiDuSerachToken - 49- INFO: 用例id：29:接口名称：baiDuSerach;传递token：[[140]];传递参数：python58;用例备注：测试示例断言失败
2025-03-21 15:55:52,407 - testExample.py - test_baiDuSerach_sheetTwo - 83- INFO: 29:断言响应状态码;期望结果：200;实际结果：200
2025-03-21 15:55:52,415 - testExample.py - test_baiDuSerach_sheetTwo - 88- INFO: 29:断言响应体字段值;期望结果:28;实际结果：0
2025-03-21 15:55:52,423 - testExample.py - test_baiDuSerach_sheetTwo - 93- INFO: 29:断言响应时间;期望结果:227;实际结果：126
2025-03-21 15:55:52,451 - Example.py - baiDuSerachToken - 49- INFO: 用例id：30:接口名称：baiDuSerach;传递token：[[140]];传递参数：python59;用例备注：测试示例断言失败
2025-03-21 15:55:52,575 - testExample.py - test_baiDuSerach_sheetTwo - 83- INFO: 30:断言响应状态码;期望结果：200;实际结果：200
2025-03-21 15:55:52,583 - testExample.py - test_baiDuSerach_sheetTwo - 88- INFO: 30:断言响应体字段值;期望结果:29;实际结果：0
2025-03-21 15:55:52,591 - testExample.py - test_baiDuSerach_sheetTwo - 93- INFO: 30:断言响应时间;期望结果:228;实际结果：121
2025-03-21 15:55:52,618 - Example.py - baiDuSerachToken - 49- INFO: 用例id：test001:接口名称：baiDuSerach;传递token：[[140]];传递参数：python1;用例备注：测试示例断言成功
2025-03-21 15:55:52,747 - testExample.py - test_baiDuSerach_csv - 119- INFO: test001:断言响应状态码;期望结果：200;实际结果：200
2025-03-21 15:55:52,754 - testExample.py - test_baiDuSerach_csv - 124- INFO: test001:断言响应体字段值;期望结果:0;实际结果：0
2025-03-21 15:55:52,763 - testExample.py - test_baiDuSerach_csv - 129- INFO: test001:断言响应时间;期望结果:200;实际结果：125
2025-03-21 15:55:52,774 - Example.py - baiDuSerachToken - 49- INFO: 用例id：test002:接口名称：baiDuSerach;传递token：[[140]];传递参数：python2;用例备注：
2025-03-21 15:55:52,895 - testExample.py - test_baiDuSerach_csv - 119- INFO: test002:断言响应状态码;期望结果：200;实际结果：200
2025-03-21 15:55:52,903 - testExample.py - test_baiDuSerach_csv - 124- INFO: test002:断言响应体字段值;期望结果:1;实际结果：0
2025-03-21 15:55:52,911 - testExample.py - test_baiDuSerach_csv - 129- INFO: test002:断言响应时间;期望结果:200;实际结果：117
2025-03-21 15:55:52,938 - Example.py - baiDuSerachToken - 49- INFO: 用例id：test003:接口名称：baiDuSerach;传递token：[[140]];传递参数：python3;用例备注：测试示例断言失败
2025-03-21 15:55:53,060 - testExample.py - test_baiDuSerach_csv - 119- INFO: test003:断言响应状态码;期望结果：200;实际结果：200
2025-03-21 15:55:53,068 - testExample.py - test_baiDuSerach_csv - 124- INFO: test003:断言响应体字段值;期望结果:2;实际结果：0
2025-03-21 15:55:53,076 - testExample.py - test_baiDuSerach_csv - 129- INFO: test003:断言响应时间;期望结果:200;实际结果：118
2025-03-21 15:55:53,104 - Example.py - baiDuSerachToken - 49- INFO: 用例id：test004:接口名称：baiDuSerach;传递token：[[140]];传递参数：python4;用例备注：测试示例断言失败
2025-03-21 15:55:53,230 - testExample.py - test_baiDuSerach_csv - 119- INFO: test004:断言响应状态码;期望结果：200;实际结果：200
2025-03-21 15:55:53,238 - testExample.py - test_baiDuSerach_csv - 124- INFO: test004:断言响应体字段值;期望结果:3;实际结果：0
2025-03-21 15:55:53,245 - testExample.py - test_baiDuSerach_csv - 129- INFO: test004:断言响应时间;期望结果:200;实际结果：122
2025-03-21 15:55:53,273 - Example.py - baiDuSerachToken - 49- INFO: 用例id：test005:接口名称：baiDuSerach;传递token：[[140]];传递参数：python5;用例备注：测试示例断言失败
2025-03-21 15:55:53,398 - testExample.py - test_baiDuSerach_csv - 119- INFO: test005:断言响应状态码;期望结果：200;实际结果：200
2025-03-21 15:55:53,406 - testExample.py - test_baiDuSerach_csv - 124- INFO: test005:断言响应体字段值;期望结果:4;实际结果：0
2025-03-21 15:55:53,413 - testExample.py - test_baiDuSerach_csv - 129- INFO: test005:断言响应时间;期望结果:200;实际结果：122
2025-03-21 15:55:53,441 - Example.py - baiDuSerachToken - 49- INFO: 用例id：test006:接口名称：baiDuSerach;传递token：[[140]];传递参数：python6;用例备注：测试示例断言失败
2025-03-21 15:55:53,566 - testExample.py - test_baiDuSerach_csv - 119- INFO: test006:断言响应状态码;期望结果：200;实际结果：200
2025-03-21 15:55:53,574 - testExample.py - test_baiDuSerach_csv - 124- INFO: test006:断言响应体字段值;期望结果:5;实际结果：0
2025-03-21 15:55:53,582 - testExample.py - test_baiDuSerach_csv - 129- INFO: test006:断言响应时间;期望结果:200;实际结果：121
2025-03-21 15:55:53,610 - Example.py - baiDuSerachToken - 49- INFO: 用例id：test007:接口名称：baiDuSerach;传递token：[[140]];传递参数：python7;用例备注：测试示例断言失败
2025-03-21 15:55:53,732 - testExample.py - test_baiDuSerach_csv - 119- INFO: test007:断言响应状态码;期望结果：200;实际结果：200
2025-03-21 15:55:53,740 - testExample.py - test_baiDuSerach_csv - 124- INFO: test007:断言响应体字段值;期望结果:6;实际结果：0
2025-03-21 15:55:53,748 - testExample.py - test_baiDuSerach_csv - 129- INFO: test007:断言响应时间;期望结果:200;实际结果：119
2025-03-21 15:55:53,777 - Example.py - baiDuSerachToken - 49- INFO: 用例id：test008:接口名称：baiDuSerach;传递token：[[140]];传递参数：python8;用例备注：测试示例断言失败
2025-03-21 15:55:53,910 - testExample.py - test_baiDuSerach_csv - 119- INFO: test008:断言响应状态码;期望结果：200;实际结果：200
2025-03-21 15:55:53,918 - testExample.py - test_baiDuSerach_csv - 124- INFO: test008:断言响应体字段值;期望结果:7;实际结果：0
2025-03-21 15:55:53,925 - testExample.py - test_baiDuSerach_csv - 129- INFO: test008:断言响应时间;期望结果:200;实际结果：130
2025-03-21 15:55:53,993 - Example.py - baiDuSerachToken - 49- INFO: 用例id：test009:接口名称：baiDuSerach;传递token：[[140]];传递参数：python9;用例备注：测试示例断言失败
2025-03-21 15:55:54,124 - testExample.py - test_baiDuSerach_csv - 119- INFO: test009:断言响应状态码;期望结果：200;实际结果：200
2025-03-21 15:55:54,131 - testExample.py - test_baiDuSerach_csv - 124- INFO: test009:断言响应体字段值;期望结果:8;实际结果：0
2025-03-21 15:55:54,138 - testExample.py - test_baiDuSerach_csv - 129- INFO: test009:断言响应时间;期望结果:200;实际结果：126
2025-03-21 15:55:54,166 - Example.py - baiDuSerachToken - 49- INFO: 用例id：test010:接口名称：baiDuSerach;传递token：[[140]];传递参数：python10;用例备注：测试示例断言失败
2025-03-21 15:55:54,286 - testExample.py - test_baiDuSerach_csv - 119- INFO: test010:断言响应状态码;期望结果：200;实际结果：200
2025-03-21 15:55:54,294 - testExample.py - test_baiDuSerach_csv - 124- INFO: test010:断言响应体字段值;期望结果:9;实际结果：0
2025-03-21 15:55:54,302 - testExample.py - test_baiDuSerach_csv - 129- INFO: test010:断言响应时间;期望结果:200;实际结果：116
2025-03-21 15:55:54,330 - Example.py - baiDuSerachToken - 49- INFO: 用例id：test011:接口名称：baiDuSerach;传递token：[[140]];传递参数：python11;用例备注：测试示例断言失败
2025-03-21 15:55:54,450 - testExample.py - test_baiDuSerach_csv - 119- INFO: test011:断言响应状态码;期望结果：200;实际结果：200
2025-03-21 15:55:54,458 - testExample.py - test_baiDuSerach_csv - 124- INFO: test011:断言响应体字段值;期望结果:10;实际结果：0
2025-03-21 15:55:54,466 - testExample.py - test_baiDuSerach_csv - 129- INFO: test011:断言响应时间;期望结果:200;实际结果：117
2025-03-21 15:55:54,494 - Example.py - baiDuSerachToken - 49- INFO: 用例id：test012:接口名称：baiDuSerach;传递token：[[140]];传递参数：python12;用例备注：测试示例断言失败
2025-03-21 15:55:54,619 - testExample.py - test_baiDuSerach_csv - 119- INFO: test012:断言响应状态码;期望结果：200;实际结果：200
2025-03-21 15:55:54,627 - testExample.py - test_baiDuSerach_csv - 124- INFO: test012:断言响应体字段值;期望结果:11;实际结果：0
2025-03-21 15:55:54,635 - testExample.py - test_baiDuSerach_csv - 129- INFO: test012:断言响应时间;期望结果:200;实际结果：122
2025-03-21 15:55:54,663 - Example.py - baiDuSerachToken - 49- INFO: 用例id：test013:接口名称：baiDuSerach;传递token：[[140]];传递参数：python13;用例备注：测试示例断言失败
2025-03-21 15:55:54,785 - testExample.py - test_baiDuSerach_csv - 119- INFO: test013:断言响应状态码;期望结果：200;实际结果：200
2025-03-21 15:55:54,793 - testExample.py - test_baiDuSerach_csv - 124- INFO: test013:断言响应体字段值;期望结果:12;实际结果：0
2025-03-21 15:55:54,801 - testExample.py - test_baiDuSerach_csv - 129- INFO: test013:断言响应时间;期望结果:200;实际结果：118
2025-03-21 15:55:54,829 - Example.py - baiDuSerachToken - 49- INFO: 用例id：test014:接口名称：baiDuSerach;传递token：[[140]];传递参数：python14;用例备注：测试示例断言失败
2025-03-21 15:55:55,169 - testExample.py - test_baiDuSerach_csv - 119- INFO: test014:断言响应状态码;期望结果：200;实际结果：200
2025-03-21 15:55:55,178 - testExample.py - test_baiDuSerach_csv - 124- INFO: test014:断言响应体字段值;期望结果:13;实际结果：0
2025-03-21 15:55:55,185 - testExample.py - test_baiDuSerach_csv - 129- INFO: test014:断言响应时间;期望结果:200;实际结果：337
2025-03-21 15:55:55,218 - Example.py - baiDuSerachToken - 49- INFO: 用例id：test015:接口名称：baiDuSerach;传递token：[[140]];传递参数：python15;用例备注：测试示例断言失败
2025-03-21 15:55:55,342 - testExample.py - test_baiDuSerach_csv - 119- INFO: test015:断言响应状态码;期望结果：200;实际结果：200
2025-03-21 15:55:55,350 - testExample.py - test_baiDuSerach_csv - 124- INFO: test015:断言响应体字段值;期望结果:14;实际结果：0
2025-03-21 15:55:55,357 - testExample.py - test_baiDuSerach_csv - 129- INFO: test015:断言响应时间;期望结果:200;实际结果：120
2025-03-21 15:55:55,385 - Example.py - baiDuSerachToken - 49- INFO: 用例id：test016:接口名称：baiDuSerach;传递token：[[140]];传递参数：python16;用例备注：测试示例断言失败
2025-03-21 15:55:55,503 - testExample.py - test_baiDuSerach_csv - 119- INFO: test016:断言响应状态码;期望结果：200;实际结果：200
2025-03-21 15:55:55,511 - testExample.py - test_baiDuSerach_csv - 124- INFO: test016:断言响应体字段值;期望结果:15;实际结果：0
2025-03-21 15:55:55,519 - testExample.py - test_baiDuSerach_csv - 129- INFO: test016:断言响应时间;期望结果:200;实际结果：114
2025-03-21 15:55:55,546 - Example.py - baiDuSerachToken - 49- INFO: 用例id：test017:接口名称：baiDuSerach;传递token：[[140]];传递参数：python17;用例备注：测试示例断言失败
2025-03-21 15:55:55,669 - testExample.py - test_baiDuSerach_csv - 119- INFO: test017:断言响应状态码;期望结果：200;实际结果：200
2025-03-21 15:55:55,678 - testExample.py - test_baiDuSerach_csv - 124- INFO: test017:断言响应体字段值;期望结果:16;实际结果：0
2025-03-21 15:55:55,687 - testExample.py - test_baiDuSerach_csv - 129- INFO: test017:断言响应时间;期望结果:200;实际结果：119
2025-03-21 15:55:55,718 - Example.py - baiDuSerachToken - 49- INFO: 用例id：test018:接口名称：baiDuSerach;传递token：[[140]];传递参数：python18;用例备注：测试示例断言失败
2025-03-21 15:55:55,839 - testExample.py - test_baiDuSerach_csv - 119- INFO: test018:断言响应状态码;期望结果：200;实际结果：200
2025-03-21 15:55:55,846 - testExample.py - test_baiDuSerach_csv - 124- INFO: test018:断言响应体字段值;期望结果:17;实际结果：0
2025-03-21 15:55:55,854 - testExample.py - test_baiDuSerach_csv - 129- INFO: test018:断言响应时间;期望结果:200;实际结果：116
2025-03-21 15:55:55,881 - Example.py - baiDuSerachToken - 49- INFO: 用例id：test019:接口名称：baiDuSerach;传递token：[[140]];传递参数：python19;用例备注：测试示例断言失败
2025-03-21 15:55:56,012 - testExample.py - test_baiDuSerach_csv - 119- INFO: test019:断言响应状态码;期望结果：200;实际结果：200
2025-03-21 15:55:56,020 - testExample.py - test_baiDuSerach_csv - 124- INFO: test019:断言响应体字段值;期望结果:18;实际结果：0
2025-03-21 15:55:56,027 - testExample.py - test_baiDuSerach_csv - 129- INFO: test019:断言响应时间;期望结果:200;实际结果：127
2025-03-21 15:55:56,055 - Example.py - baiDuSerachToken - 49- INFO: 用例id：test020:接口名称：baiDuSerach;传递token：[[140]];传递参数：python20;用例备注：测试示例断言失败
2025-03-21 15:55:56,182 - testExample.py - test_baiDuSerach_csv - 119- INFO: test020:断言响应状态码;期望结果：200;实际结果：200
2025-03-21 15:55:56,189 - testExample.py - test_baiDuSerach_csv - 124- INFO: test020:断言响应体字段值;期望结果:19;实际结果：0
2025-03-21 15:55:56,197 - testExample.py - test_baiDuSerach_csv - 129- INFO: test020:断言响应时间;期望结果:200;实际结果：122
2025-03-21 15:55:56,269 - Example.py - baiDuSerachToken - 49- INFO: 用例id：test021:接口名称：baiDuSerach;传递token：[[140]];传递参数：python21;用例备注：测试示例断言失败
2025-03-21 15:55:56,395 - testExample.py - test_baiDuSerach_csv - 119- INFO: test021:断言响应状态码;期望结果：200;实际结果：200
2025-03-21 15:55:56,403 - testExample.py - test_baiDuSerach_csv - 124- INFO: test021:断言响应体字段值;期望结果:20;实际结果：0
2025-03-21 15:55:56,411 - testExample.py - test_baiDuSerach_csv - 129- INFO: test021:断言响应时间;期望结果:200;实际结果：123
2025-03-21 15:55:56,437 - Example.py - baiDuSerachToken - 49- INFO: 用例id：test022:接口名称：baiDuSerach;传递token：[[140]];传递参数：python22;用例备注：测试示例断言失败
2025-03-21 15:55:56,564 - testExample.py - test_baiDuSerach_csv - 119- INFO: test022:断言响应状态码;期望结果：200;实际结果：200
2025-03-21 15:55:56,572 - testExample.py - test_baiDuSerach_csv - 124- INFO: test022:断言响应体字段值;期望结果:21;实际结果：0
2025-03-21 15:55:56,580 - testExample.py - test_baiDuSerach_csv - 129- INFO: test022:断言响应时间;期望结果:200;实际结果：122
2025-03-21 15:55:56,607 - Example.py - baiDuSerachToken - 49- INFO: 用例id：test023:接口名称：baiDuSerach;传递token：[[140]];传递参数：python23;用例备注：测试示例断言失败
2025-03-21 15:55:56,731 - testExample.py - test_baiDuSerach_csv - 119- INFO: test023:断言响应状态码;期望结果：200;实际结果：200
2025-03-21 15:55:56,739 - testExample.py - test_baiDuSerach_csv - 124- INFO: test023:断言响应体字段值;期望结果:22;实际结果：0
2025-03-21 15:55:56,747 - testExample.py - test_baiDuSerach_csv - 129- INFO: test023:断言响应时间;期望结果:200;实际结果：120
2025-03-21 15:55:56,774 - Example.py - baiDuSerachToken - 49- INFO: 用例id：test024:接口名称：baiDuSerach;传递token：[[140]];传递参数：python24;用例备注：测试示例断言失败
2025-03-21 15:55:56,898 - testExample.py - test_baiDuSerach_csv - 119- INFO: test024:断言响应状态码;期望结果：200;实际结果：200
2025-03-21 15:55:56,906 - testExample.py - test_baiDuSerach_csv - 124- INFO: test024:断言响应体字段值;期望结果:23;实际结果：0
2025-03-21 15:55:56,914 - testExample.py - test_baiDuSerach_csv - 129- INFO: test024:断言响应时间;期望结果:200;实际结果：120
2025-03-21 15:55:56,941 - Example.py - baiDuSerachToken - 49- INFO: 用例id：test025:接口名称：baiDuSerach;传递token：[[140]];传递参数：python25;用例备注：测试示例断言失败
2025-03-21 15:55:57,065 - testExample.py - test_baiDuSerach_csv - 119- INFO: test025:断言响应状态码;期望结果：200;实际结果：200
2025-03-21 15:55:57,072 - testExample.py - test_baiDuSerach_csv - 124- INFO: test025:断言响应体字段值;期望结果:24;实际结果：0
2025-03-21 15:55:57,080 - testExample.py - test_baiDuSerach_csv - 129- INFO: test025:断言响应时间;期望结果:200;实际结果：119
2025-03-21 15:55:57,108 - Example.py - baiDuSerachToken - 49- INFO: 用例id：test026:接口名称：baiDuSerach;传递token：[[140]];传递参数：python26;用例备注：测试示例断言失败
2025-03-21 15:55:57,236 - testExample.py - test_baiDuSerach_csv - 119- INFO: test026:断言响应状态码;期望结果：200;实际结果：200
2025-03-21 15:55:57,245 - testExample.py - test_baiDuSerach_csv - 124- INFO: test026:断言响应体字段值;期望结果:25;实际结果：0
2025-03-21 15:55:57,253 - testExample.py - test_baiDuSerach_csv - 129- INFO: test026:断言响应时间;期望结果:200;实际结果：125
2025-03-21 15:55:57,282 - Example.py - baiDuSerachToken - 49- INFO: 用例id：test027:接口名称：baiDuSerach;传递token：[[140]];传递参数：python27;用例备注：测试示例断言失败
2025-03-21 15:55:57,403 - testExample.py - test_baiDuSerach_csv - 119- INFO: test027:断言响应状态码;期望结果：200;实际结果：200
2025-03-21 15:55:57,411 - testExample.py - test_baiDuSerach_csv - 124- INFO: test027:断言响应体字段值;期望结果:26;实际结果：0
2025-03-21 15:55:57,419 - testExample.py - test_baiDuSerach_csv - 129- INFO: test027:断言响应时间;期望结果:200;实际结果：116
2025-03-21 15:55:57,445 - Example.py - baiDuSerachToken - 49- INFO: 用例id：test028:接口名称：baiDuSerach;传递token：[[140]];传递参数：python28;用例备注：测试示例断言失败
2025-03-21 15:55:57,564 - testExample.py - test_baiDuSerach_csv - 119- INFO: test028:断言响应状态码;期望结果：200;实际结果：200
2025-03-21 15:55:57,571 - testExample.py - test_baiDuSerach_csv - 124- INFO: test028:断言响应体字段值;期望结果:27;实际结果：0
2025-03-21 15:55:57,579 - testExample.py - test_baiDuSerach_csv - 129- INFO: test028:断言响应时间;期望结果:200;实际结果：114
2025-03-21 15:55:57,607 - Example.py - baiDuSerachToken - 49- INFO: 用例id：test029:接口名称：baiDuSerach;传递token：[[140]];传递参数：python29;用例备注：测试示例断言失败
2025-03-21 15:55:57,738 - testExample.py - test_baiDuSerach_csv - 119- INFO: test029:断言响应状态码;期望结果：200;实际结果：200
2025-03-21 15:55:57,746 - testExample.py - test_baiDuSerach_csv - 124- INFO: test029:断言响应体字段值;期望结果:28;实际结果：0
2025-03-21 15:55:57,755 - testExample.py - test_baiDuSerach_csv - 129- INFO: test029:断言响应时间;期望结果:200;实际结果：128
2025-03-21 15:55:57,782 - Example.py - baiDuSerachToken - 49- INFO: 用例id：test030:接口名称：baiDuSerach;传递token：[[140]];传递参数：python30;用例备注：测试示例断言失败
2025-03-21 15:55:57,907 - testExample.py - test_baiDuSerach_csv - 119- INFO: test030:断言响应状态码;期望结果：200;实际结果：200
2025-03-21 15:55:57,914 - testExample.py - test_baiDuSerach_csv - 124- INFO: test030:断言响应体字段值;期望结果:29;实际结果：0
2025-03-21 15:55:57,922 - testExample.py - test_baiDuSerach_csv - 129- INFO: test030:断言响应时间;期望结果:200;实际结果：121
2025-03-21 15:55:57,949 - Example.py - baiDuSerachToken - 49- INFO: 用例id：test031:接口名称：baiDuSerach;传递token：[[140]];传递参数：python31;用例备注：测试示例断言失败
2025-03-21 15:55:58,069 - testExample.py - test_baiDuSerach_csv - 119- INFO: test031:断言响应状态码;期望结果：200;实际结果：200
2025-03-21 15:55:58,077 - testExample.py - test_baiDuSerach_csv - 124- INFO: test031:断言响应体字段值;期望结果:30;实际结果：0
2025-03-21 15:55:58,085 - testExample.py - test_baiDuSerach_csv - 129- INFO: test031:断言响应时间;期望结果:200;实际结果：116
2025-03-21 15:55:58,112 - Example.py - baiDuSerachToken - 49- INFO: 用例id：test032:接口名称：baiDuSerach;传递token：[[140]];传递参数：python32;用例备注：测试示例断言失败
2025-03-21 15:55:58,238 - testExample.py - test_baiDuSerach_csv - 119- INFO: test032:断言响应状态码;期望结果：200;实际结果：200
2025-03-21 15:55:58,247 - testExample.py - test_baiDuSerach_csv - 124- INFO: test032:断言响应体字段值;期望结果:31;实际结果：0
2025-03-21 15:55:58,254 - testExample.py - test_baiDuSerach_csv - 129- INFO: test032:断言响应时间;期望结果:200;实际结果：123
2025-03-21 15:55:58,324 - Example.py - baiDuSerachToken - 49- INFO: 用例id：test033:接口名称：baiDuSerach;传递token：[[140]];传递参数：python33;用例备注：测试示例断言失败
2025-03-21 15:55:58,444 - testExample.py - test_baiDuSerach_csv - 119- INFO: test033:断言响应状态码;期望结果：200;实际结果：200
2025-03-21 15:55:58,452 - testExample.py - test_baiDuSerach_csv - 124- INFO: test033:断言响应体字段值;期望结果:32;实际结果：0
2025-03-21 15:55:58,460 - testExample.py - test_baiDuSerach_csv - 129- INFO: test033:断言响应时间;期望结果:200;实际结果：117
2025-03-21 15:55:58,487 - Example.py - baiDuSerachToken - 49- INFO: 用例id：test034:接口名称：baiDuSerach;传递token：[[140]];传递参数：python34;用例备注：测试示例断言失败
2025-03-21 15:55:58,611 - testExample.py - test_baiDuSerach_csv - 119- INFO: test034:断言响应状态码;期望结果：200;实际结果：200
2025-03-21 15:55:58,619 - testExample.py - test_baiDuSerach_csv - 124- INFO: test034:断言响应体字段值;期望结果:33;实际结果：0
2025-03-21 15:55:58,627 - testExample.py - test_baiDuSerach_csv - 129- INFO: test034:断言响应时间;期望结果:200;实际结果：121
2025-03-21 15:55:58,655 - Example.py - baiDuSerachToken - 49- INFO: 用例id：test035:接口名称：baiDuSerach;传递token：[[140]];传递参数：python35;用例备注：测试示例断言失败
2025-03-21 15:55:58,781 - testExample.py - test_baiDuSerach_csv - 119- INFO: test035:断言响应状态码;期望结果：200;实际结果：200
2025-03-21 15:55:58,788 - testExample.py - test_baiDuSerach_csv - 124- INFO: test035:断言响应体字段值;期望结果:34;实际结果：0
2025-03-21 15:55:58,797 - testExample.py - test_baiDuSerach_csv - 129- INFO: test035:断言响应时间;期望结果:200;实际结果：122
2025-03-21 15:55:58,825 - Example.py - baiDuSerachToken - 49- INFO: 用例id：test036:接口名称：baiDuSerach;传递token：[[140]];传递参数：python36;用例备注：测试示例断言失败
2025-03-21 15:55:58,948 - testExample.py - test_baiDuSerach_csv - 119- INFO: test036:断言响应状态码;期望结果：200;实际结果：200
2025-03-21 15:55:58,955 - testExample.py - test_baiDuSerach_csv - 124- INFO: test036:断言响应体字段值;期望结果:35;实际结果：0
2025-03-21 15:55:58,964 - testExample.py - test_baiDuSerach_csv - 129- INFO: test036:断言响应时间;期望结果:200;实际结果：119
2025-03-21 15:55:58,992 - Example.py - baiDuSerachToken - 49- INFO: 用例id：test037:接口名称：baiDuSerach;传递token：[[140]];传递参数：python37;用例备注：测试示例断言失败
2025-03-21 15:55:59,115 - testExample.py - test_baiDuSerach_csv - 119- INFO: test037:断言响应状态码;期望结果：200;实际结果：200
2025-03-21 15:55:59,123 - testExample.py - test_baiDuSerach_csv - 124- INFO: test037:断言响应体字段值;期望结果:36;实际结果：0
2025-03-21 15:55:59,131 - testExample.py - test_baiDuSerach_csv - 129- INFO: test037:断言响应时间;期望结果:200;实际结果：119
2025-03-21 15:55:59,160 - Example.py - baiDuSerachToken - 49- INFO: 用例id：test038:接口名称：baiDuSerach;传递token：[[140]];传递参数：python38;用例备注：测试示例断言失败
2025-03-21 15:55:59,279 - testExample.py - test_baiDuSerach_csv - 119- INFO: test038:断言响应状态码;期望结果：200;实际结果：200
2025-03-21 15:55:59,288 - testExample.py - test_baiDuSerach_csv - 124- INFO: test038:断言响应体字段值;期望结果:37;实际结果：0
2025-03-21 15:55:59,295 - testExample.py - test_baiDuSerach_csv - 129- INFO: test038:断言响应时间;期望结果:200;实际结果：115
2025-03-21 15:55:59,323 - Example.py - baiDuSerachToken - 49- INFO: 用例id：test039:接口名称：baiDuSerach;传递token：[[140]];传递参数：python39;用例备注：测试示例断言失败
2025-03-21 15:55:59,443 - testExample.py - test_baiDuSerach_csv - 119- INFO: test039:断言响应状态码;期望结果：200;实际结果：200
2025-03-21 15:55:59,451 - testExample.py - test_baiDuSerach_csv - 124- INFO: test039:断言响应体字段值;期望结果:38;实际结果：0
2025-03-21 15:55:59,459 - testExample.py - test_baiDuSerach_csv - 129- INFO: test039:断言响应时间;期望结果:200;实际结果：117
2025-03-21 15:55:59,486 - Example.py - baiDuSerachToken - 49- INFO: 用例id：test040:接口名称：baiDuSerach;传递token：[[140]];传递参数：python40;用例备注：测试示例断言失败
2025-03-21 15:55:59,607 - testExample.py - test_baiDuSerach_csv - 119- INFO: test040:断言响应状态码;期望结果：200;实际结果：200
2025-03-21 15:55:59,614 - testExample.py - test_baiDuSerach_csv - 124- INFO: test040:断言响应体字段值;期望结果:39;实际结果：0
2025-03-21 15:55:59,623 - testExample.py - test_baiDuSerach_csv - 129- INFO: test040:断言响应时间;期望结果:200;实际结果：117
2025-03-21 15:55:59,651 - Example.py - baiDuSerachToken - 49- INFO: 用例id：test041:接口名称：baiDuSerach;传递token：[[140]];传递参数：python41;用例备注：测试示例断言失败
2025-03-21 15:55:59,774 - testExample.py - test_baiDuSerach_csv - 119- INFO: test041:断言响应状态码;期望结果：200;实际结果：200
2025-03-21 15:55:59,783 - testExample.py - test_baiDuSerach_csv - 124- INFO: test041:断言响应体字段值;期望结果:40;实际结果：0
2025-03-21 15:55:59,790 - testExample.py - test_baiDuSerach_csv - 129- INFO: test041:断言响应时间;期望结果:200;实际结果：119
2025-03-21 15:55:59,818 - Example.py - baiDuSerachToken - 49- INFO: 用例id：test042:接口名称：baiDuSerach;传递token：[[140]];传递参数：python42;用例备注：测试示例断言失败
2025-03-21 15:55:59,941 - testExample.py - test_baiDuSerach_csv - 119- INFO: test042:断言响应状态码;期望结果：200;实际结果：200
2025-03-21 15:55:59,949 - testExample.py - test_baiDuSerach_csv - 124- INFO: test042:断言响应体字段值;期望结果:41;实际结果：0
2025-03-21 15:55:59,957 - testExample.py - test_baiDuSerach_csv - 129- INFO: test042:断言响应时间;期望结果:200;实际结果：120
2025-03-21 15:55:59,985 - Example.py - baiDuSerachToken - 49- INFO: 用例id：test043:接口名称：baiDuSerach;传递token：[[140]];传递参数：python43;用例备注：测试示例断言失败
2025-03-21 15:56:00,109 - testExample.py - test_baiDuSerach_csv - 119- INFO: test043:断言响应状态码;期望结果：200;实际结果：200
2025-03-21 15:56:00,117 - testExample.py - test_baiDuSerach_csv - 124- INFO: test043:断言响应体字段值;期望结果:42;实际结果：0
2025-03-21 15:56:00,125 - testExample.py - test_baiDuSerach_csv - 129- INFO: test043:断言响应时间;期望结果:200;实际结果：120
2025-03-21 15:56:00,155 - Example.py - baiDuSerachToken - 49- INFO: 用例id：test044:接口名称：baiDuSerach;传递token：[[140]];传递参数：python44;用例备注：测试示例断言失败
2025-03-21 15:56:00,282 - testExample.py - test_baiDuSerach_csv - 119- INFO: test044:断言响应状态码;期望结果：200;实际结果：200
2025-03-21 15:56:00,289 - testExample.py - test_baiDuSerach_csv - 124- INFO: test044:断言响应体字段值;期望结果:43;实际结果：0
2025-03-21 15:56:00,297 - testExample.py - test_baiDuSerach_csv - 129- INFO: test044:断言响应时间;期望结果:200;实际结果：123
2025-03-21 15:56:00,371 - Example.py - baiDuSerachToken - 49- INFO: 用例id：test045:接口名称：baiDuSerach;传递token：[[140]];传递参数：python45;用例备注：测试示例断言失败
2025-03-21 15:56:00,498 - testExample.py - test_baiDuSerach_csv - 119- INFO: test045:断言响应状态码;期望结果：200;实际结果：200
2025-03-21 15:56:00,506 - testExample.py - test_baiDuSerach_csv - 124- INFO: test045:断言响应体字段值;期望结果:44;实际结果：0
2025-03-21 15:56:00,514 - testExample.py - test_baiDuSerach_csv - 129- INFO: test045:断言响应时间;期望结果:200;实际结果：122
2025-03-21 15:56:00,542 - Example.py - baiDuSerachToken - 49- INFO: 用例id：test046:接口名称：baiDuSerach;传递token：[[140]];传递参数：python46;用例备注：测试示例断言失败
2025-03-21 15:56:00,669 - testExample.py - test_baiDuSerach_csv - 119- INFO: test046:断言响应状态码;期望结果：200;实际结果：200
2025-03-21 15:56:00,677 - testExample.py - test_baiDuSerach_csv - 124- INFO: test046:断言响应体字段值;期望结果:45;实际结果：0
2025-03-21 15:56:00,685 - testExample.py - test_baiDuSerach_csv - 129- INFO: test046:断言响应时间;期望结果:200;实际结果：124
2025-03-21 15:56:00,713 - Example.py - baiDuSerachToken - 49- INFO: 用例id：test047:接口名称：baiDuSerach;传递token：[[140]];传递参数：python47;用例备注：测试示例断言失败
2025-03-21 15:56:00,857 - testExample.py - test_baiDuSerach_csv - 119- INFO: test047:断言响应状态码;期望结果：200;实际结果：200
2025-03-21 15:56:00,864 - testExample.py - test_baiDuSerach_csv - 124- INFO: test047:断言响应体字段值;期望结果:46;实际结果：0
2025-03-21 15:56:00,873 - testExample.py - test_baiDuSerach_csv - 129- INFO: test047:断言响应时间;期望结果:200;实际结果：140
2025-03-21 15:56:00,901 - Example.py - baiDuSerachToken - 49- INFO: 用例id：test048:接口名称：baiDuSerach;传递token：[[140]];传递参数：python48;用例备注：测试示例断言失败
2025-03-21 15:56:01,028 - testExample.py - test_baiDuSerach_csv - 119- INFO: test048:断言响应状态码;期望结果：200;实际结果：200
2025-03-21 15:56:01,035 - testExample.py - test_baiDuSerach_csv - 124- INFO: test048:断言响应体字段值;期望结果:47;实际结果：0
2025-03-21 15:56:01,042 - testExample.py - test_baiDuSerach_csv - 129- INFO: test048:断言响应时间;期望结果:200;实际结果：123
2025-03-21 15:56:01,071 - Example.py - baiDuSerachToken - 49- INFO: 用例id：test049:接口名称：baiDuSerach;传递token：[[140]];传递参数：python49;用例备注：测试示例断言失败
2025-03-21 15:56:01,210 - testExample.py - test_baiDuSerach_csv - 119- INFO: test049:断言响应状态码;期望结果：200;实际结果：200
2025-03-21 15:56:01,218 - testExample.py - test_baiDuSerach_csv - 124- INFO: test049:断言响应体字段值;期望结果:48;实际结果：0
2025-03-21 15:56:01,226 - testExample.py - test_baiDuSerach_csv - 129- INFO: test049:断言响应时间;期望结果:200;实际结果：135
2025-03-21 15:56:01,254 - Example.py - baiDuSerachToken - 49- INFO: 用例id：test050:接口名称：baiDuSerach;传递token：[[140]];传递参数：python50;用例备注：测试示例断言失败
2025-03-21 15:56:01,379 - testExample.py - test_baiDuSerach_csv - 119- INFO: test050:断言响应状态码;期望结果：200;实际结果：200
2025-03-21 15:56:01,387 - testExample.py - test_baiDuSerach_csv - 124- INFO: test050:断言响应体字段值;期望结果:49;实际结果：0
2025-03-21 15:56:01,396 - testExample.py - test_baiDuSerach_csv - 129- INFO: test050:断言响应时间;期望结果:200;实际结果：122
2025-03-21 15:56:01,423 - Example.py - baiDuSerachToken - 49- INFO: 用例id：test051:接口名称：baiDuSerach;传递token：[[140]];传递参数：python51;用例备注：测试示例断言失败
2025-03-21 15:56:01,546 - testExample.py - test_baiDuSerach_csv - 119- INFO: test051:断言响应状态码;期望结果：200;实际结果：200
2025-03-21 15:56:01,554 - testExample.py - test_baiDuSerach_csv - 124- INFO: test051:断言响应体字段值;期望结果:50;实际结果：0
2025-03-21 15:56:01,562 - testExample.py - test_baiDuSerach_csv - 129- INFO: test051:断言响应时间;期望结果:200;实际结果：120
2025-03-21 15:56:01,589 - Example.py - baiDuSerachToken - 49- INFO: 用例id：test052:接口名称：baiDuSerach;传递token：[[140]];传递参数：python52;用例备注：测试示例断言失败
2025-03-21 15:56:01,717 - testExample.py - test_baiDuSerach_csv - 119- INFO: test052:断言响应状态码;期望结果：200;实际结果：200
2025-03-21 15:56:01,726 - testExample.py - test_baiDuSerach_csv - 124- INFO: test052:断言响应体字段值;期望结果:51;实际结果：0
2025-03-21 15:56:01,733 - testExample.py - test_baiDuSerach_csv - 129- INFO: test052:断言响应时间;期望结果:200;实际结果：123
2025-03-21 15:56:01,763 - Example.py - baiDuSerachToken - 49- INFO: 用例id：test053:接口名称：baiDuSerach;传递token：[[140]];传递参数：python53;用例备注：测试示例断言失败
2025-03-21 15:56:01,884 - testExample.py - test_baiDuSerach_csv - 119- INFO: test053:断言响应状态码;期望结果：200;实际结果：200
2025-03-21 15:56:01,892 - testExample.py - test_baiDuSerach_csv - 124- INFO: test053:断言响应体字段值;期望结果:52;实际结果：0
2025-03-21 15:56:01,900 - testExample.py - test_baiDuSerach_csv - 129- INFO: test053:断言响应时间;期望结果:200;实际结果：117
2025-03-21 15:56:01,930 - Example.py - baiDuSerachToken - 49- INFO: 用例id：test054:接口名称：baiDuSerach;传递token：[[140]];传递参数：python54;用例备注：测试示例断言失败
2025-03-21 15:56:02,052 - testExample.py - test_baiDuSerach_csv - 119- INFO: test054:断言响应状态码;期望结果：200;实际结果：200
2025-03-21 15:56:02,059 - testExample.py - test_baiDuSerach_csv - 124- INFO: test054:断言响应体字段值;期望结果:53;实际结果：0
2025-03-21 15:56:02,068 - testExample.py - test_baiDuSerach_csv - 129- INFO: test054:断言响应时间;期望结果:200;实际结果：119
2025-03-21 15:56:02,095 - Example.py - baiDuSerachToken - 49- INFO: 用例id：test055:接口名称：baiDuSerach;传递token：[[140]];传递参数：python55;用例备注：测试示例断言失败
2025-03-21 15:56:02,213 - testExample.py - test_baiDuSerach_csv - 119- INFO: test055:断言响应状态码;期望结果：200;实际结果：200
2025-03-21 15:56:02,220 - testExample.py - test_baiDuSerach_csv - 124- INFO: test055:断言响应体字段值;期望结果:54;实际结果：0
2025-03-21 15:56:02,228 - testExample.py - test_baiDuSerach_csv - 129- INFO: test055:断言响应时间;期望结果:200;实际结果：114
2025-03-21 15:56:02,256 - Example.py - baiDuSerachToken - 49- INFO: 用例id：test056:接口名称：baiDuSerach;传递token：[[140]];传递参数：python56;用例备注：测试示例断言失败
2025-03-21 15:56:02,387 - testExample.py - test_baiDuSerach_csv - 119- INFO: test056:断言响应状态码;期望结果：200;实际结果：200
2025-03-21 15:56:02,395 - testExample.py - test_baiDuSerach_csv - 124- INFO: test056:断言响应体字段值;期望结果:55;实际结果：0
2025-03-21 15:56:02,403 - testExample.py - test_baiDuSerach_csv - 129- INFO: test056:断言响应时间;期望结果:200;实际结果：127
2025-03-21 15:56:02,475 - Example.py - baiDuSerachToken - 49- INFO: 用例id：test057:接口名称：baiDuSerach;传递token：[[140]];传递参数：python57;用例备注：测试示例断言失败
2025-03-21 15:56:02,599 - testExample.py - test_baiDuSerach_csv - 119- INFO: test057:断言响应状态码;期望结果：200;实际结果：200
2025-03-21 15:56:02,607 - testExample.py - test_baiDuSerach_csv - 124- INFO: test057:断言响应体字段值;期望结果:56;实际结果：0
2025-03-21 15:56:02,615 - testExample.py - test_baiDuSerach_csv - 129- INFO: test057:断言响应时间;期望结果:200;实际结果：119
2025-03-21 15:56:02,643 - Example.py - baiDuSerachToken - 49- INFO: 用例id：test058:接口名称：baiDuSerach;传递token：[[140]];传递参数：python58;用例备注：测试示例断言失败
2025-03-21 15:56:02,769 - testExample.py - test_baiDuSerach_csv - 119- INFO: test058:断言响应状态码;期望结果：200;实际结果：200
2025-03-21 15:56:02,778 - testExample.py - test_baiDuSerach_csv - 124- INFO: test058:断言响应体字段值;期望结果:57;实际结果：0
2025-03-21 15:56:02,787 - testExample.py - test_baiDuSerach_csv - 129- INFO: test058:断言响应时间;期望结果:200;实际结果：123
2025-03-21 15:56:02,819 - Example.py - baiDuSerachToken - 49- INFO: 用例id：test059:接口名称：baiDuSerach;传递token：[[140]];传递参数：python59;用例备注：测试示例断言失败
2025-03-21 15:56:02,940 - testExample.py - test_baiDuSerach_csv - 119- INFO: test059:断言响应状态码;期望结果：200;实际结果：200
2025-03-21 15:56:02,948 - testExample.py - test_baiDuSerach_csv - 124- INFO: test059:断言响应体字段值;期望结果:58;实际结果：0
2025-03-21 15:56:02,956 - testExample.py - test_baiDuSerach_csv - 129- INFO: test059:断言响应时间;期望结果:200;实际结果：118
2025-03-21 15:56:02,987 - Example.py - baiDuSerachToken - 49- INFO: 用例id：test060:接口名称：baiDuSerach;传递token：[[140]];传递参数：python60;用例备注：测试示例断言失败
2025-03-21 15:56:03,118 - testExample.py - test_baiDuSerach_csv - 119- INFO: test060:断言响应状态码;期望结果：200;实际结果：200
2025-03-21 15:56:03,126 - testExample.py - test_baiDuSerach_csv - 124- INFO: test060:断言响应体字段值;期望结果:59;实际结果：0
2025-03-21 15:56:03,134 - testExample.py - test_baiDuSerach_csv - 129- INFO: test060:断言响应时间;期望结果:200;实际结果：128
2025-03-21 15:56:03,161 - Example.py - baiDuSerachToken - 49- INFO: 用例id：test061:接口名称：baiDuSerach;传递token：[[140]];传递参数：python61;用例备注：测试示例断言失败
2025-03-21 15:56:03,285 - testExample.py - test_baiDuSerach_csv - 119- INFO: test061:断言响应状态码;期望结果：200;实际结果：200
2025-03-21 15:56:03,293 - testExample.py - test_baiDuSerach_csv - 124- INFO: test061:断言响应体字段值;期望结果:60;实际结果：0
2025-03-21 15:56:03,302 - testExample.py - test_baiDuSerach_csv - 129- INFO: test061:断言响应时间;期望结果:200;实际结果：120
2025-03-21 15:56:03,329 - Example.py - baiDuSerachToken - 49- INFO: 用例id：test062:接口名称：baiDuSerach;传递token：[[140]];传递参数：python62;用例备注：测试示例断言失败
2025-03-21 15:56:03,458 - testExample.py - test_baiDuSerach_csv - 119- INFO: test062:断言响应状态码;期望结果：200;实际结果：200
2025-03-21 15:56:03,466 - testExample.py - test_baiDuSerach_csv - 124- INFO: test062:断言响应体字段值;期望结果:61;实际结果：0
2025-03-21 15:56:03,474 - testExample.py - test_baiDuSerach_csv - 129- INFO: test062:断言响应时间;期望结果:200;实际结果：126
2025-03-21 15:56:03,502 - Example.py - baiDuSerachToken - 49- INFO: 用例id：test063:接口名称：baiDuSerach;传递token：[[140]];传递参数：python63;用例备注：测试示例断言失败
2025-03-21 15:56:03,621 - testExample.py - test_baiDuSerach_csv - 119- INFO: test063:断言响应状态码;期望结果：200;实际结果：200
2025-03-21 15:56:03,630 - testExample.py - test_baiDuSerach_csv - 124- INFO: test063:断言响应体字段值;期望结果:62;实际结果：0
2025-03-21 15:56:03,637 - testExample.py - test_baiDuSerach_csv - 129- INFO: test063:断言响应时间;期望结果:200;实际结果：116
2025-03-21 15:56:03,668 - Example.py - baiDuSerachToken - 49- INFO: 用例id：test064:接口名称：baiDuSerach;传递token：[[140]];传递参数：python64;用例备注：测试示例断言失败
2025-03-21 15:56:03,797 - testExample.py - test_baiDuSerach_csv - 119- INFO: test064:断言响应状态码;期望结果：200;实际结果：200
2025-03-21 15:56:03,807 - testExample.py - test_baiDuSerach_csv - 124- INFO: test064:断言响应体字段值;期望结果:63;实际结果：0
2025-03-21 15:56:03,815 - testExample.py - test_baiDuSerach_csv - 129- INFO: test064:断言响应时间;期望结果:200;实际结果：125
2025-03-21 15:56:03,847 - Example.py - baiDuSerachToken - 49- INFO: 用例id：test065:接口名称：baiDuSerach;传递token：[[140]];传递参数：python65;用例备注：测试示例断言失败
2025-03-21 15:56:03,965 - testExample.py - test_baiDuSerach_csv - 119- INFO: test065:断言响应状态码;期望结果：200;实际结果：200
2025-03-21 15:56:03,973 - testExample.py - test_baiDuSerach_csv - 124- INFO: test065:断言响应体字段值;期望结果:64;实际结果：0
2025-03-21 15:56:03,980 - testExample.py - test_baiDuSerach_csv - 129- INFO: test065:断言响应时间;期望结果:200;实际结果：115
2025-03-21 15:56:04,008 - Example.py - baiDuSerachToken - 49- INFO: 用例id：test066:接口名称：baiDuSerach;传递token：[[140]];传递参数：python66;用例备注：测试示例断言失败
2025-03-21 15:56:04,130 - testExample.py - test_baiDuSerach_csv - 119- INFO: test066:断言响应状态码;期望结果：200;实际结果：200
2025-03-21 15:56:04,139 - testExample.py - test_baiDuSerach_csv - 124- INFO: test066:断言响应体字段值;期望结果:65;实际结果：0
2025-03-21 15:56:04,146 - testExample.py - test_baiDuSerach_csv - 129- INFO: test066:断言响应时间;期望结果:200;实际结果：119
2025-03-21 15:56:04,174 - Example.py - baiDuSerachToken - 49- INFO: 用例id：test067:接口名称：baiDuSerach;传递token：[[140]];传递参数：python67;用例备注：测试示例断言失败
2025-03-21 15:56:04,298 - testExample.py - test_baiDuSerach_csv - 119- INFO: test067:断言响应状态码;期望结果：200;实际结果：200
2025-03-21 15:56:04,305 - testExample.py - test_baiDuSerach_csv - 124- INFO: test067:断言响应体字段值;期望结果:66;实际结果：0
2025-03-21 15:56:04,313 - testExample.py - test_baiDuSerach_csv - 129- INFO: test067:断言响应时间;期望结果:200;实际结果：121
2025-03-21 15:56:04,342 - Example.py - baiDuSerachToken - 49- INFO: 用例id：test068:接口名称：baiDuSerach;传递token：[[140]];传递参数：python68;用例备注：测试示例断言失败
2025-03-21 15:56:04,467 - testExample.py - test_baiDuSerach_csv - 119- INFO: test068:断言响应状态码;期望结果：200;实际结果：200
2025-03-21 15:56:04,476 - testExample.py - test_baiDuSerach_csv - 124- INFO: test068:断言响应体字段值;期望结果:67;实际结果：0
2025-03-21 15:56:04,483 - testExample.py - test_baiDuSerach_csv - 129- INFO: test068:断言响应时间;期望结果:200;实际结果：122
2025-03-21 15:56:04,556 - Example.py - baiDuSerachToken - 49- INFO: 用例id：test069:接口名称：baiDuSerach;传递token：[[140]];传递参数：python69;用例备注：测试示例断言失败
2025-03-21 15:56:04,686 - testExample.py - test_baiDuSerach_csv - 119- INFO: test069:断言响应状态码;期望结果：200;实际结果：200
2025-03-21 15:56:04,693 - testExample.py - test_baiDuSerach_csv - 124- INFO: test069:断言响应体字段值;期望结果:68;实际结果：0
2025-03-21 15:56:04,702 - testExample.py - test_baiDuSerach_csv - 129- INFO: test069:断言响应时间;期望结果:200;实际结果：126
2025-03-21 15:56:04,729 - Example.py - baiDuSerachToken - 49- INFO: 用例id：test070:接口名称：baiDuSerach;传递token：[[140]];传递参数：python70;用例备注：测试示例断言失败
2025-03-21 15:56:04,849 - testExample.py - test_baiDuSerach_csv - 119- INFO: test070:断言响应状态码;期望结果：200;实际结果：200
2025-03-21 15:56:04,856 - testExample.py - test_baiDuSerach_csv - 124- INFO: test070:断言响应体字段值;期望结果:69;实际结果：0
2025-03-21 15:56:04,864 - testExample.py - test_baiDuSerach_csv - 129- INFO: test070:断言响应时间;期望结果:200;实际结果：116
