2025-03-22 09:36:47,023 - Example.py - baiDuSerach - 67- INFO: 用例id：test001:接口名称：baiDuSerach;传递token：None;传递参数：python1;用例备注：测试示例断言成功
2025-03-22 09:36:47,150 - testExample.py - test_baiDuSerach_sheetOne - 51- INFO: test001:断言响应状态码;期望结果：200;实际结果：200
2025-03-22 09:36:47,240 - testExample.py - test_baiDuSerach_sheetOne - 56- INFO: test001:断言响应体字段值;期望结果:0;实际结果：0
2025-03-22 09:36:47,247 - testExample.py - test_baiDuSerach_sheetOne - 61- INFO: test001:断言响应时间;期望结果:200;实际结果：123
2025-03-22 09:36:47,258 - Example.py - baiDuSerach - 67- INFO: 用例id：test002:接口名称：baiDuSerach;传递token：None;传递参数：python2;用例备注：
2025-03-22 09:36:47,381 - testExample.py - test_baiDuSerach_sheetOne - 51- INFO: test002:断言响应状态码;期望结果：200;实际结果：200
2025-03-22 09:36:47,391 - testExample.py - test_baiDuSerach_sheetOne - 56- INFO: test002:断言响应体字段值;期望结果:1;实际结果：0
2025-03-22 09:36:47,399 - testExample.py - test_baiDuSerach_sheetOne - 61- INFO: test002:断言响应时间;期望结果:200;实际结果：117
2025-03-22 09:36:47,441 - Example.py - baiDuSerach - 67- INFO: 用例id：test003:接口名称：baiDuSerach;传递token：None;传递参数：python3;用例备注：测试示例断言失败
2025-03-22 09:36:47,565 - testExample.py - test_baiDuSerach_sheetOne - 51- INFO: test003:断言响应状态码;期望结果：200;实际结果：200
2025-03-22 09:36:47,574 - testExample.py - test_baiDuSerach_sheetOne - 56- INFO: test003:断言响应体字段值;期望结果:2;实际结果：0
2025-03-22 09:36:47,584 - testExample.py - test_baiDuSerach_sheetOne - 61- INFO: test003:断言响应时间;期望结果:200;实际结果：119
2025-03-22 09:36:47,629 - Example.py - baiDuSerach - 67- INFO: 用例id：test004:接口名称：baiDuSerach;传递token：None;传递参数：python4;用例备注：测试示例断言失败
2025-03-22 09:36:47,755 - testExample.py - test_baiDuSerach_sheetOne - 51- INFO: test004:断言响应状态码;期望结果：200;实际结果：200
2025-03-22 09:36:47,764 - testExample.py - test_baiDuSerach_sheetOne - 56- INFO: test004:断言响应体字段值;期望结果:3;实际结果：0
2025-03-22 09:36:47,773 - testExample.py - test_baiDuSerach_sheetOne - 61- INFO: test004:断言响应时间;期望结果:200;实际结果：123
2025-03-22 09:36:47,805 - Example.py - baiDuSerach - 67- INFO: 用例id：test005:接口名称：baiDuSerach;传递token：None;传递参数：python5;用例备注：测试示例断言失败
2025-03-22 09:36:47,929 - testExample.py - test_baiDuSerach_sheetOne - 51- INFO: test005:断言响应状态码;期望结果：200;实际结果：200
2025-03-22 09:36:47,937 - testExample.py - test_baiDuSerach_sheetOne - 56- INFO: test005:断言响应体字段值;期望结果:4;实际结果：0
2025-03-22 09:36:47,944 - testExample.py - test_baiDuSerach_sheetOne - 61- INFO: test005:断言响应时间;期望结果:200;实际结果：120
2025-03-22 09:36:47,974 - Example.py - baiDuSerach - 67- INFO: 用例id：test006:接口名称：baiDuSerach;传递token：None;传递参数：python6;用例备注：测试示例断言失败
2025-03-22 09:36:48,102 - testExample.py - test_baiDuSerach_sheetOne - 51- INFO: test006:断言响应状态码;期望结果：200;实际结果：200
2025-03-22 09:36:48,110 - testExample.py - test_baiDuSerach_sheetOne - 56- INFO: test006:断言响应体字段值;期望结果:5;实际结果：0
2025-03-22 09:36:48,118 - testExample.py - test_baiDuSerach_sheetOne - 61- INFO: test006:断言响应时间;期望结果:200;实际结果：125
2025-03-22 09:36:48,148 - Example.py - baiDuSerach - 67- INFO: 用例id：test007:接口名称：baiDuSerach;传递token：None;传递参数：python7;用例备注：测试示例断言失败
2025-03-22 09:36:48,281 - testExample.py - test_baiDuSerach_sheetOne - 51- INFO: test007:断言响应状态码;期望结果：200;实际结果：200
2025-03-22 09:36:48,289 - testExample.py - test_baiDuSerach_sheetOne - 56- INFO: test007:断言响应体字段值;期望结果:6;实际结果：0
2025-03-22 09:36:48,297 - testExample.py - test_baiDuSerach_sheetOne - 61- INFO: test007:断言响应时间;期望结果:200;实际结果：129
2025-03-22 09:36:48,336 - Example.py - baiDuSerach - 67- INFO: 用例id：test008:接口名称：baiDuSerach;传递token：None;传递参数：python8;用例备注：测试示例断言失败
2025-03-22 09:36:48,469 - testExample.py - test_baiDuSerach_sheetOne - 51- INFO: test008:断言响应状态码;期望结果：200;实际结果：200
2025-03-22 09:36:48,477 - testExample.py - test_baiDuSerach_sheetOne - 56- INFO: test008:断言响应体字段值;期望结果:7;实际结果：0
2025-03-22 09:36:48,487 - testExample.py - test_baiDuSerach_sheetOne - 61- INFO: test008:断言响应时间;期望结果:200;实际结果：130
2025-03-22 09:36:48,531 - Example.py - baiDuSerach - 67- INFO: 用例id：test009:接口名称：baiDuSerach;传递token：None;传递参数：python9;用例备注：测试示例断言失败
2025-03-22 09:36:48,671 - testExample.py - test_baiDuSerach_sheetOne - 51- INFO: test009:断言响应状态码;期望结果：200;实际结果：200
2025-03-22 09:36:48,679 - testExample.py - test_baiDuSerach_sheetOne - 56- INFO: test009:断言响应体字段值;期望结果:8;实际结果：0
2025-03-22 09:36:48,686 - testExample.py - test_baiDuSerach_sheetOne - 61- INFO: test009:断言响应时间;期望结果:200;实际结果：136
2025-03-22 09:36:48,752 - Example.py - baiDuSerach - 67- INFO: 用例id：test010:接口名称：baiDuSerach;传递token：None;传递参数：python10;用例备注：测试示例断言失败
2025-03-22 09:36:48,874 - testExample.py - test_baiDuSerach_sheetOne - 51- INFO: test010:断言响应状态码;期望结果：200;实际结果：200
2025-03-22 09:36:48,882 - testExample.py - test_baiDuSerach_sheetOne - 56- INFO: test010:断言响应体字段值;期望结果:9;实际结果：0
2025-03-22 09:36:48,889 - testExample.py - test_baiDuSerach_sheetOne - 61- INFO: test010:断言响应时间;期望结果:200;实际结果：118
2025-03-22 09:36:48,930 - Example.py - baiDuSerach - 67- INFO: 用例id：test011:接口名称：baiDuSerach;传递token：None;传递参数：python11;用例备注：测试示例断言失败
2025-03-22 09:36:49,053 - testExample.py - test_baiDuSerach_sheetOne - 51- INFO: test011:断言响应状态码;期望结果：200;实际结果：200
2025-03-22 09:36:49,063 - testExample.py - test_baiDuSerach_sheetOne - 56- INFO: test011:断言响应体字段值;期望结果:10;实际结果：0
2025-03-22 09:36:49,071 - testExample.py - test_baiDuSerach_sheetOne - 61- INFO: test011:断言响应时间;期望结果:200;实际结果：119
2025-03-22 09:36:49,102 - Example.py - baiDuSerach - 67- INFO: 用例id：test012:接口名称：baiDuSerach;传递token：None;传递参数：python12;用例备注：测试示例断言失败
2025-03-22 09:36:49,224 - testExample.py - test_baiDuSerach_sheetOne - 51- INFO: test012:断言响应状态码;期望结果：200;实际结果：200
2025-03-22 09:36:49,232 - testExample.py - test_baiDuSerach_sheetOne - 56- INFO: test012:断言响应体字段值;期望结果:11;实际结果：0
2025-03-22 09:36:49,240 - testExample.py - test_baiDuSerach_sheetOne - 61- INFO: test012:断言响应时间;期望结果:200;实际结果：119
2025-03-22 09:36:49,269 - Example.py - baiDuSerach - 67- INFO: 用例id：test013:接口名称：baiDuSerach;传递token：None;传递参数：python13;用例备注：测试示例断言失败
2025-03-22 09:36:49,403 - testExample.py - test_baiDuSerach_sheetOne - 51- INFO: test013:断言响应状态码;期望结果：200;实际结果：200
2025-03-22 09:36:49,414 - testExample.py - test_baiDuSerach_sheetOne - 56- INFO: test013:断言响应体字段值;期望结果:12;实际结果：0
2025-03-22 09:36:49,423 - testExample.py - test_baiDuSerach_sheetOne - 61- INFO: test013:断言响应时间;期望结果:200;实际结果：130
2025-03-22 09:36:49,456 - Example.py - baiDuSerach - 67- INFO: 用例id：test014:接口名称：baiDuSerach;传递token：None;传递参数：python14;用例备注：测试示例断言失败
2025-03-22 09:36:49,575 - testExample.py - test_baiDuSerach_sheetOne - 51- INFO: test014:断言响应状态码;期望结果：200;实际结果：200
2025-03-22 09:36:49,583 - testExample.py - test_baiDuSerach_sheetOne - 56- INFO: test014:断言响应体字段值;期望结果:13;实际结果：0
2025-03-22 09:36:49,590 - testExample.py - test_baiDuSerach_sheetOne - 61- INFO: test014:断言响应时间;期望结果:200;实际结果：114
2025-03-22 09:36:49,623 - Example.py - baiDuSerach - 67- INFO: 用例id：test015:接口名称：baiDuSerach;传递token：None;传递参数：python15;用例备注：测试示例断言失败
2025-03-22 09:36:49,745 - testExample.py - test_baiDuSerach_sheetOne - 51- INFO: test015:断言响应状态码;期望结果：200;实际结果：200
2025-03-22 09:36:49,752 - testExample.py - test_baiDuSerach_sheetOne - 56- INFO: test015:断言响应体字段值;期望结果:14;实际结果：0
2025-03-22 09:36:49,759 - testExample.py - test_baiDuSerach_sheetOne - 61- INFO: test015:断言响应时间;期望结果:200;实际结果：118
2025-03-22 09:36:49,789 - Example.py - baiDuSerach - 67- INFO: 用例id：test016:接口名称：baiDuSerach;传递token：None;传递参数：python16;用例备注：测试示例断言失败
2025-03-22 09:36:49,914 - testExample.py - test_baiDuSerach_sheetOne - 51- INFO: test016:断言响应状态码;期望结果：200;实际结果：200
2025-03-22 09:36:49,923 - testExample.py - test_baiDuSerach_sheetOne - 56- INFO: test016:断言响应体字段值;期望结果:15;实际结果：0
2025-03-22 09:36:49,931 - testExample.py - test_baiDuSerach_sheetOne - 61- INFO: test016:断言响应时间;期望结果:200;实际结果：122
2025-03-22 09:36:49,959 - Example.py - baiDuSerach - 67- INFO: 用例id：test017:接口名称：baiDuSerach;传递token：None;传递参数：python17;用例备注：测试示例断言失败
2025-03-22 09:36:50,079 - testExample.py - test_baiDuSerach_sheetOne - 51- INFO: test017:断言响应状态码;期望结果：200;实际结果：200
2025-03-22 09:36:50,086 - testExample.py - test_baiDuSerach_sheetOne - 56- INFO: test017:断言响应体字段值;期望结果:16;实际结果：0
2025-03-22 09:36:50,097 - testExample.py - test_baiDuSerach_sheetOne - 61- INFO: test017:断言响应时间;期望结果:200;实际结果：115
2025-03-22 09:36:50,130 - Example.py - baiDuSerach - 67- INFO: 用例id：test018:接口名称：baiDuSerach;传递token：None;传递参数：python18;用例备注：测试示例断言失败
2025-03-22 09:36:50,252 - testExample.py - test_baiDuSerach_sheetOne - 51- INFO: test018:断言响应状态码;期望结果：200;实际结果：200
2025-03-22 09:36:50,260 - testExample.py - test_baiDuSerach_sheetOne - 56- INFO: test018:断言响应体字段值;期望结果:17;实际结果：0
2025-03-22 09:36:50,267 - testExample.py - test_baiDuSerach_sheetOne - 61- INFO: test018:断言响应时间;期望结果:200;实际结果：119
2025-03-22 09:36:50,297 - Example.py - baiDuSerach - 67- INFO: 用例id：test019:接口名称：baiDuSerach;传递token：None;传递参数：python19;用例备注：测试示例断言失败
2025-03-22 09:36:50,416 - testExample.py - test_baiDuSerach_sheetOne - 51- INFO: test019:断言响应状态码;期望结果：200;实际结果：200
2025-03-22 09:36:50,425 - testExample.py - test_baiDuSerach_sheetOne - 56- INFO: test019:断言响应体字段值;期望结果:18;实际结果：0
2025-03-22 09:36:50,435 - testExample.py - test_baiDuSerach_sheetOne - 61- INFO: test019:断言响应时间;期望结果:200;实际结果：113
2025-03-22 09:36:50,466 - Example.py - baiDuSerach - 67- INFO: 用例id：test020:接口名称：baiDuSerach;传递token：None;传递参数：python20;用例备注：测试示例断言失败
2025-03-22 09:36:50,587 - testExample.py - test_baiDuSerach_sheetOne - 51- INFO: test020:断言响应状态码;期望结果：200;实际结果：200
2025-03-22 09:36:50,596 - testExample.py - test_baiDuSerach_sheetOne - 56- INFO: test020:断言响应体字段值;期望结果:19;实际结果：0
2025-03-22 09:36:50,607 - testExample.py - test_baiDuSerach_sheetOne - 61- INFO: test020:断言响应时间;期望结果:200;实际结果：119
2025-03-22 09:36:50,644 - Example.py - baiDuSerach - 67- INFO: 用例id：test021:接口名称：baiDuSerach;传递token：None;传递参数：python21;用例备注：测试示例断言失败
2025-03-22 09:36:50,775 - testExample.py - test_baiDuSerach_sheetOne - 51- INFO: test021:断言响应状态码;期望结果：200;实际结果：200
2025-03-22 09:36:50,783 - testExample.py - test_baiDuSerach_sheetOne - 56- INFO: test021:断言响应体字段值;期望结果:20;实际结果：0
2025-03-22 09:36:50,791 - testExample.py - test_baiDuSerach_sheetOne - 61- INFO: test021:断言响应时间;期望结果:200;实际结果：126
2025-03-22 09:36:50,852 - Example.py - baiDuSerach - 67- INFO: 用例id：test022:接口名称：baiDuSerach;传递token：None;传递参数：python22;用例备注：测试示例断言失败
2025-03-22 09:36:50,998 - testExample.py - test_baiDuSerach_sheetOne - 51- INFO: test022:断言响应状态码;期望结果：200;实际结果：200
2025-03-22 09:36:51,006 - testExample.py - test_baiDuSerach_sheetOne - 56- INFO: test022:断言响应体字段值;期望结果:21;实际结果：0
2025-03-22 09:36:51,014 - testExample.py - test_baiDuSerach_sheetOne - 61- INFO: test022:断言响应时间;期望结果:200;实际结果：142
2025-03-22 09:36:51,042 - Example.py - baiDuSerach - 67- INFO: 用例id：test023:接口名称：baiDuSerach;传递token：None;传递参数：python23;用例备注：测试示例断言失败
2025-03-22 09:36:51,168 - testExample.py - test_baiDuSerach_sheetOne - 51- INFO: test023:断言响应状态码;期望结果：200;实际结果：200
2025-03-22 09:36:51,175 - testExample.py - test_baiDuSerach_sheetOne - 56- INFO: test023:断言响应体字段值;期望结果:22;实际结果：0
2025-03-22 09:36:51,183 - testExample.py - test_baiDuSerach_sheetOne - 61- INFO: test023:断言响应时间;期望结果:200;实际结果：122
2025-03-22 09:36:51,216 - Example.py - baiDuSerach - 67- INFO: 用例id：test024:接口名称：baiDuSerach;传递token：None;传递参数：python24;用例备注：测试示例断言失败
2025-03-22 09:36:51,341 - testExample.py - test_baiDuSerach_sheetOne - 51- INFO: test024:断言响应状态码;期望结果：200;实际结果：200
2025-03-22 09:36:51,349 - testExample.py - test_baiDuSerach_sheetOne - 56- INFO: test024:断言响应体字段值;期望结果:23;实际结果：0
2025-03-22 09:36:51,356 - testExample.py - test_baiDuSerach_sheetOne - 61- INFO: test024:断言响应时间;期望结果:200;实际结果：121
2025-03-22 09:36:51,385 - Example.py - baiDuSerach - 67- INFO: 用例id：test025:接口名称：baiDuSerach;传递token：None;传递参数：python25;用例备注：测试示例断言失败
2025-03-22 09:36:51,515 - testExample.py - test_baiDuSerach_sheetOne - 51- INFO: test025:断言响应状态码;期望结果：200;实际结果：200
2025-03-22 09:36:51,523 - testExample.py - test_baiDuSerach_sheetOne - 56- INFO: test025:断言响应体字段值;期望结果:24;实际结果：0
2025-03-22 09:36:51,530 - testExample.py - test_baiDuSerach_sheetOne - 61- INFO: test025:断言响应时间;期望结果:200;实际结果：126
2025-03-22 09:36:51,560 - Example.py - baiDuSerach - 67- INFO: 用例id：test026:接口名称：baiDuSerach;传递token：None;传递参数：python26;用例备注：测试示例断言失败
2025-03-22 09:36:51,678 - testExample.py - test_baiDuSerach_sheetOne - 51- INFO: test026:断言响应状态码;期望结果：200;实际结果：200
2025-03-22 09:36:51,686 - testExample.py - test_baiDuSerach_sheetOne - 56- INFO: test026:断言响应体字段值;期望结果:25;实际结果：0
2025-03-22 09:36:51,693 - testExample.py - test_baiDuSerach_sheetOne - 61- INFO: test026:断言响应时间;期望结果:200;实际结果：114
2025-03-22 09:36:51,723 - Example.py - baiDuSerach - 67- INFO: 用例id：test027:接口名称：baiDuSerach;传递token：None;传递参数：python27;用例备注：测试示例断言失败
2025-03-22 09:36:51,846 - testExample.py - test_baiDuSerach_sheetOne - 51- INFO: test027:断言响应状态码;期望结果：200;实际结果：200
2025-03-22 09:36:51,854 - testExample.py - test_baiDuSerach_sheetOne - 56- INFO: test027:断言响应体字段值;期望结果:26;实际结果：0
2025-03-22 09:36:51,861 - testExample.py - test_baiDuSerach_sheetOne - 61- INFO: test027:断言响应时间;期望结果:200;实际结果：120
2025-03-22 09:36:51,892 - Example.py - baiDuSerach - 67- INFO: 用例id：test028:接口名称：baiDuSerach;传递token：None;传递参数：python28;用例备注：测试示例断言失败
2025-03-22 09:36:52,015 - testExample.py - test_baiDuSerach_sheetOne - 51- INFO: test028:断言响应状态码;期望结果：200;实际结果：200
2025-03-22 09:36:52,024 - testExample.py - test_baiDuSerach_sheetOne - 56- INFO: test028:断言响应体字段值;期望结果:27;实际结果：0
2025-03-22 09:36:52,031 - testExample.py - test_baiDuSerach_sheetOne - 61- INFO: test028:断言响应时间;期望结果:200;实际结果：119
2025-03-22 09:36:52,060 - Example.py - baiDuSerach - 67- INFO: 用例id：test029:接口名称：baiDuSerach;传递token：None;传递参数：python29;用例备注：测试示例断言失败
2025-03-22 09:36:52,186 - testExample.py - test_baiDuSerach_sheetOne - 51- INFO: test029:断言响应状态码;期望结果：200;实际结果：200
2025-03-22 09:36:52,194 - testExample.py - test_baiDuSerach_sheetOne - 56- INFO: test029:断言响应体字段值;期望结果:28;实际结果：0
2025-03-22 09:36:52,202 - testExample.py - test_baiDuSerach_sheetOne - 61- INFO: test029:断言响应时间;期望结果:200;实际结果：121
2025-03-22 09:36:52,232 - Example.py - baiDuSerach - 67- INFO: 用例id：test030:接口名称：baiDuSerach;传递token：None;传递参数：python30;用例备注：测试示例断言失败
2025-03-22 09:36:52,370 - testExample.py - test_baiDuSerach_sheetOne - 51- INFO: test030:断言响应状态码;期望结果：200;实际结果：200
2025-03-22 09:36:52,377 - testExample.py - test_baiDuSerach_sheetOne - 56- INFO: test030:断言响应体字段值;期望结果:29;实际结果：0
2025-03-22 09:36:52,385 - testExample.py - test_baiDuSerach_sheetOne - 61- INFO: test030:断言响应时间;期望结果:200;实际结果：134
2025-03-22 09:36:52,413 - Example.py - baiDuSerach - 67- INFO: 用例id：test031:接口名称：baiDuSerach;传递token：None;传递参数：python31;用例备注：测试示例断言失败
2025-03-22 09:36:52,540 - testExample.py - test_baiDuSerach_sheetOne - 51- INFO: test031:断言响应状态码;期望结果：200;实际结果：200
2025-03-22 09:36:52,547 - testExample.py - test_baiDuSerach_sheetOne - 56- INFO: test031:断言响应体字段值;期望结果:30;实际结果：0
2025-03-22 09:36:52,555 - testExample.py - test_baiDuSerach_sheetOne - 61- INFO: test031:断言响应时间;期望结果:200;实际结果：122
2025-03-22 09:36:52,584 - Example.py - baiDuSerach - 67- INFO: 用例id：test032:接口名称：baiDuSerach;传递token：None;传递参数：python32;用例备注：测试示例断言失败
2025-03-22 09:36:52,710 - testExample.py - test_baiDuSerach_sheetOne - 51- INFO: test032:断言响应状态码;期望结果：200;实际结果：200
2025-03-22 09:36:52,720 - testExample.py - test_baiDuSerach_sheetOne - 56- INFO: test032:断言响应体字段值;期望结果:31;实际结果：0
2025-03-22 09:36:52,728 - testExample.py - test_baiDuSerach_sheetOne - 61- INFO: test032:断言响应时间;期望结果:200;实际结果：123
2025-03-22 09:36:52,756 - Example.py - baiDuSerach - 67- INFO: 用例id：test033:接口名称：baiDuSerach;传递token：None;传递参数：python33;用例备注：测试示例断言失败
2025-03-22 09:36:52,879 - testExample.py - test_baiDuSerach_sheetOne - 51- INFO: test033:断言响应状态码;期望结果：200;实际结果：200
2025-03-22 09:36:52,886 - testExample.py - test_baiDuSerach_sheetOne - 56- INFO: test033:断言响应体字段值;期望结果:32;实际结果：0
2025-03-22 09:36:52,894 - testExample.py - test_baiDuSerach_sheetOne - 61- INFO: test033:断言响应时间;期望结果:200;实际结果：118
2025-03-22 09:36:52,965 - Example.py - baiDuSerach - 67- INFO: 用例id：test034:接口名称：baiDuSerach;传递token：None;传递参数：python34;用例备注：测试示例断言失败
2025-03-22 09:36:53,093 - testExample.py - test_baiDuSerach_sheetOne - 51- INFO: test034:断言响应状态码;期望结果：200;实际结果：200
2025-03-22 09:36:53,101 - testExample.py - test_baiDuSerach_sheetOne - 56- INFO: test034:断言响应体字段值;期望结果:33;实际结果：0
2025-03-22 09:36:53,109 - testExample.py - test_baiDuSerach_sheetOne - 61- INFO: test034:断言响应时间;期望结果:200;实际结果：124
2025-03-22 09:36:53,138 - Example.py - baiDuSerach - 67- INFO: 用例id：test035:接口名称：baiDuSerach;传递token：None;传递参数：python35;用例备注：测试示例断言失败
2025-03-22 09:36:53,259 - testExample.py - test_baiDuSerach_sheetOne - 51- INFO: test035:断言响应状态码;期望结果：200;实际结果：200
2025-03-22 09:36:53,266 - testExample.py - test_baiDuSerach_sheetOne - 56- INFO: test035:断言响应体字段值;期望结果:34;实际结果：0
2025-03-22 09:36:53,274 - testExample.py - test_baiDuSerach_sheetOne - 61- INFO: test035:断言响应时间;期望结果:200;实际结果：116
2025-03-22 09:36:53,304 - Example.py - baiDuSerach - 67- INFO: 用例id：test036:接口名称：baiDuSerach;传递token：None;传递参数：python36;用例备注：测试示例断言失败
2025-03-22 09:36:53,429 - testExample.py - test_baiDuSerach_sheetOne - 51- INFO: test036:断言响应状态码;期望结果：200;实际结果：200
2025-03-22 09:36:53,436 - testExample.py - test_baiDuSerach_sheetOne - 56- INFO: test036:断言响应体字段值;期望结果:35;实际结果：0
2025-03-22 09:36:53,445 - testExample.py - test_baiDuSerach_sheetOne - 61- INFO: test036:断言响应时间;期望结果:200;实际结果：121
2025-03-22 09:36:53,480 - Example.py - baiDuSerach - 67- INFO: 用例id：test037:接口名称：baiDuSerach;传递token：None;传递参数：python37;用例备注：测试示例断言失败
2025-03-22 09:36:53,602 - testExample.py - test_baiDuSerach_sheetOne - 51- INFO: test037:断言响应状态码;期望结果：200;实际结果：200
2025-03-22 09:36:53,610 - testExample.py - test_baiDuSerach_sheetOne - 56- INFO: test037:断言响应体字段值;期望结果:36;实际结果：0
2025-03-22 09:36:53,618 - testExample.py - test_baiDuSerach_sheetOne - 61- INFO: test037:断言响应时间;期望结果:200;实际结果：118
2025-03-22 09:36:53,648 - Example.py - baiDuSerach - 67- INFO: 用例id：test038:接口名称：baiDuSerach;传递token：None;传递参数：python38;用例备注：测试示例断言失败
2025-03-22 09:36:53,781 - testExample.py - test_baiDuSerach_sheetOne - 51- INFO: test038:断言响应状态码;期望结果：200;实际结果：200
2025-03-22 09:36:53,789 - testExample.py - test_baiDuSerach_sheetOne - 56- INFO: test038:断言响应体字段值;期望结果:37;实际结果：0
2025-03-22 09:36:53,797 - testExample.py - test_baiDuSerach_sheetOne - 61- INFO: test038:断言响应时间;期望结果:200;实际结果：128
2025-03-22 09:36:53,828 - Example.py - baiDuSerach - 67- INFO: 用例id：test039:接口名称：baiDuSerach;传递token：None;传递参数：python39;用例备注：测试示例断言失败
2025-03-22 09:36:53,949 - testExample.py - test_baiDuSerach_sheetOne - 51- INFO: test039:断言响应状态码;期望结果：200;实际结果：200
2025-03-22 09:36:53,957 - testExample.py - test_baiDuSerach_sheetOne - 56- INFO: test039:断言响应体字段值;期望结果:38;实际结果：0
2025-03-22 09:36:53,965 - testExample.py - test_baiDuSerach_sheetOne - 61- INFO: test039:断言响应时间;期望结果:200;实际结果：117
2025-03-22 09:36:53,997 - Example.py - baiDuSerach - 67- INFO: 用例id：test040:接口名称：baiDuSerach;传递token：None;传递参数：python40;用例备注：测试示例断言失败
2025-03-22 09:36:54,120 - testExample.py - test_baiDuSerach_sheetOne - 51- INFO: test040:断言响应状态码;期望结果：200;实际结果：200
2025-03-22 09:36:54,128 - testExample.py - test_baiDuSerach_sheetOne - 56- INFO: test040:断言响应体字段值;期望结果:39;实际结果：0
2025-03-22 09:36:54,135 - testExample.py - test_baiDuSerach_sheetOne - 61- INFO: test040:断言响应时间;期望结果:200;实际结果：120
2025-03-22 09:36:54,167 - Example.py - baiDuSerach - 67- INFO: 用例id：test041:接口名称：baiDuSerach;传递token：None;传递参数：python41;用例备注：测试示例断言失败
2025-03-22 09:36:54,289 - testExample.py - test_baiDuSerach_sheetOne - 51- INFO: test041:断言响应状态码;期望结果：200;实际结果：200
2025-03-22 09:36:54,298 - testExample.py - test_baiDuSerach_sheetOne - 56- INFO: test041:断言响应体字段值;期望结果:40;实际结果：0
2025-03-22 09:36:54,307 - testExample.py - test_baiDuSerach_sheetOne - 61- INFO: test041:断言响应时间;期望结果:200;实际结果：118
2025-03-22 09:36:54,342 - Example.py - baiDuSerach - 67- INFO: 用例id：test042:接口名称：baiDuSerach;传递token：None;传递参数：python42;用例备注：测试示例断言失败
2025-03-22 09:36:54,468 - testExample.py - test_baiDuSerach_sheetOne - 51- INFO: test042:断言响应状态码;期望结果：200;实际结果：200
2025-03-22 09:36:54,477 - testExample.py - test_baiDuSerach_sheetOne - 56- INFO: test042:断言响应体字段值;期望结果:41;实际结果：0
2025-03-22 09:36:54,489 - testExample.py - test_baiDuSerach_sheetOne - 61- INFO: test042:断言响应时间;期望结果:200;实际结果：122
2025-03-22 09:36:54,525 - Example.py - baiDuSerach - 67- INFO: 用例id：test043:接口名称：baiDuSerach;传递token：None;传递参数：python43;用例备注：测试示例断言失败
2025-03-22 09:36:54,649 - testExample.py - test_baiDuSerach_sheetOne - 51- INFO: test043:断言响应状态码;期望结果：200;实际结果：200
2025-03-22 09:36:54,656 - testExample.py - test_baiDuSerach_sheetOne - 56- INFO: test043:断言响应体字段值;期望结果:42;实际结果：0
2025-03-22 09:36:54,665 - testExample.py - test_baiDuSerach_sheetOne - 61- INFO: test043:断言响应时间;期望结果:200;实际结果：120
2025-03-22 09:36:54,698 - Example.py - baiDuSerach - 67- INFO: 用例id：test044:接口名称：baiDuSerach;传递token：None;传递参数：python44;用例备注：测试示例断言失败
2025-03-22 09:36:54,826 - testExample.py - test_baiDuSerach_sheetOne - 51- INFO: test044:断言响应状态码;期望结果：200;实际结果：200
2025-03-22 09:36:54,834 - testExample.py - test_baiDuSerach_sheetOne - 56- INFO: test044:断言响应体字段值;期望结果:43;实际结果：0
2025-03-22 09:36:54,843 - testExample.py - test_baiDuSerach_sheetOne - 61- INFO: test044:断言响应时间;期望结果:200;实际结果：122
2025-03-22 09:36:54,883 - Example.py - baiDuSerach - 67- INFO: 用例id：test045:接口名称：baiDuSerach;传递token：None;传递参数：python45;用例备注：测试示例断言失败
2025-03-22 09:36:55,014 - testExample.py - test_baiDuSerach_sheetOne - 51- INFO: test045:断言响应状态码;期望结果：200;实际结果：200
2025-03-22 09:36:55,021 - testExample.py - test_baiDuSerach_sheetOne - 56- INFO: test045:断言响应体字段值;期望结果:44;实际结果：0
2025-03-22 09:36:55,029 - testExample.py - test_baiDuSerach_sheetOne - 61- INFO: test045:断言响应时间;期望结果:200;实际结果：127
2025-03-22 09:36:55,099 - Example.py - baiDuSerach - 67- INFO: 用例id：test046:接口名称：baiDuSerach;传递token：None;传递参数：python46;用例备注：测试示例断言失败
2025-03-22 09:36:55,221 - testExample.py - test_baiDuSerach_sheetOne - 51- INFO: test046:断言响应状态码;期望结果：200;实际结果：200
2025-03-22 09:36:55,229 - testExample.py - test_baiDuSerach_sheetOne - 56- INFO: test046:断言响应体字段值;期望结果:45;实际结果：0
2025-03-22 09:36:55,237 - testExample.py - test_baiDuSerach_sheetOne - 61- INFO: test046:断言响应时间;期望结果:200;实际结果：119
2025-03-22 09:36:55,267 - Example.py - baiDuSerach - 67- INFO: 用例id：test047:接口名称：baiDuSerach;传递token：None;传递参数：python47;用例备注：测试示例断言失败
2025-03-22 09:36:55,387 - testExample.py - test_baiDuSerach_sheetOne - 51- INFO: test047:断言响应状态码;期望结果：200;实际结果：200
2025-03-22 09:36:55,395 - testExample.py - test_baiDuSerach_sheetOne - 56- INFO: test047:断言响应体字段值;期望结果:46;实际结果：0
2025-03-22 09:36:55,402 - testExample.py - test_baiDuSerach_sheetOne - 61- INFO: test047:断言响应时间;期望结果:200;实际结果：116
2025-03-22 09:36:55,431 - Example.py - baiDuSerach - 67- INFO: 用例id：test048:接口名称：baiDuSerach;传递token：None;传递参数：python48;用例备注：测试示例断言失败
2025-03-22 09:36:55,557 - testExample.py - test_baiDuSerach_sheetOne - 51- INFO: test048:断言响应状态码;期望结果：200;实际结果：200
2025-03-22 09:36:55,565 - testExample.py - test_baiDuSerach_sheetOne - 56- INFO: test048:断言响应体字段值;期望结果:47;实际结果：0
2025-03-22 09:36:55,572 - testExample.py - test_baiDuSerach_sheetOne - 61- INFO: test048:断言响应时间;期望结果:200;实际结果：122
2025-03-22 09:36:55,603 - Example.py - baiDuSerach - 67- INFO: 用例id：test049:接口名称：baiDuSerach;传递token：None;传递参数：python49;用例备注：测试示例断言失败
2025-03-22 09:36:55,732 - testExample.py - test_baiDuSerach_sheetOne - 51- INFO: test049:断言响应状态码;期望结果：200;实际结果：200
2025-03-22 09:36:55,740 - testExample.py - test_baiDuSerach_sheetOne - 56- INFO: test049:断言响应体字段值;期望结果:48;实际结果：0
2025-03-22 09:36:55,747 - testExample.py - test_baiDuSerach_sheetOne - 61- INFO: test049:断言响应时间;期望结果:200;实际结果：124
2025-03-22 09:36:55,776 - Example.py - baiDuSerach - 67- INFO: 用例id：test050:接口名称：baiDuSerach;传递token：None;传递参数：python50;用例备注：测试示例断言失败
2025-03-22 09:36:55,900 - testExample.py - test_baiDuSerach_sheetOne - 51- INFO: test050:断言响应状态码;期望结果：200;实际结果：200
2025-03-22 09:36:55,909 - testExample.py - test_baiDuSerach_sheetOne - 56- INFO: test050:断言响应体字段值;期望结果:49;实际结果：0
2025-03-22 09:36:55,916 - testExample.py - test_baiDuSerach_sheetOne - 61- INFO: test050:断言响应时间;期望结果:200;实际结果：121
2025-03-22 09:36:55,949 - Example.py - baiDuSerach - 67- INFO: 用例id：test051:接口名称：baiDuSerach;传递token：None;传递参数：python51;用例备注：测试示例断言失败
2025-03-22 09:36:56,073 - testExample.py - test_baiDuSerach_sheetOne - 51- INFO: test051:断言响应状态码;期望结果：200;实际结果：200
2025-03-22 09:36:56,081 - testExample.py - test_baiDuSerach_sheetOne - 56- INFO: test051:断言响应体字段值;期望结果:50;实际结果：0
2025-03-22 09:36:56,088 - testExample.py - test_baiDuSerach_sheetOne - 61- INFO: test051:断言响应时间;期望结果:200;实际结果：120
2025-03-22 09:36:56,116 - Example.py - baiDuSerach - 67- INFO: 用例id：test052:接口名称：baiDuSerach;传递token：None;传递参数：python52;用例备注：测试示例断言失败
2025-03-22 09:36:56,247 - testExample.py - test_baiDuSerach_sheetOne - 51- INFO: test052:断言响应状态码;期望结果：200;实际结果：200
2025-03-22 09:36:56,255 - testExample.py - test_baiDuSerach_sheetOne - 56- INFO: test052:断言响应体字段值;期望结果:51;实际结果：0
2025-03-22 09:36:56,262 - testExample.py - test_baiDuSerach_sheetOne - 61- INFO: test052:断言响应时间;期望结果:200;实际结果：127
2025-03-22 09:36:56,291 - Example.py - baiDuSerach - 67- INFO: 用例id：test053:接口名称：baiDuSerach;传递token：None;传递参数：python53;用例备注：测试示例断言失败
2025-03-22 09:36:56,423 - testExample.py - test_baiDuSerach_sheetOne - 51- INFO: test053:断言响应状态码;期望结果：200;实际结果：200
2025-03-22 09:36:56,430 - testExample.py - test_baiDuSerach_sheetOne - 56- INFO: test053:断言响应体字段值;期望结果:52;实际结果：0
2025-03-22 09:36:56,437 - testExample.py - test_baiDuSerach_sheetOne - 61- INFO: test053:断言响应时间;期望结果:200;实际结果：128
2025-03-22 09:36:56,469 - Example.py - baiDuSerach - 67- INFO: 用例id：test054:接口名称：baiDuSerach;传递token：None;传递参数：python54;用例备注：测试示例断言失败
2025-03-22 09:36:56,590 - testExample.py - test_baiDuSerach_sheetOne - 51- INFO: test054:断言响应状态码;期望结果：200;实际结果：200
2025-03-22 09:36:56,598 - testExample.py - test_baiDuSerach_sheetOne - 56- INFO: test054:断言响应体字段值;期望结果:53;实际结果：0
2025-03-22 09:36:56,607 - testExample.py - test_baiDuSerach_sheetOne - 61- INFO: test054:断言响应时间;期望结果:200;实际结果：116
2025-03-22 09:36:56,637 - Example.py - baiDuSerach - 67- INFO: 用例id：test055:接口名称：baiDuSerach;传递token：None;传递参数：python55;用例备注：测试示例断言失败
2025-03-22 09:36:56,762 - testExample.py - test_baiDuSerach_sheetOne - 51- INFO: test055:断言响应状态码;期望结果：200;实际结果：200
2025-03-22 09:36:56,770 - testExample.py - test_baiDuSerach_sheetOne - 56- INFO: test055:断言响应体字段值;期望结果:54;实际结果：0
2025-03-22 09:36:56,776 - testExample.py - test_baiDuSerach_sheetOne - 61- INFO: test055:断言响应时间;期望结果:200;实际结果：121
2025-03-22 09:36:56,805 - Example.py - baiDuSerach - 67- INFO: 用例id：test056:接口名称：baiDuSerach;传递token：None;传递参数：python56;用例备注：测试示例断言失败
2025-03-22 09:36:56,926 - testExample.py - test_baiDuSerach_sheetOne - 51- INFO: test056:断言响应状态码;期望结果：200;实际结果：200
2025-03-22 09:36:56,934 - testExample.py - test_baiDuSerach_sheetOne - 56- INFO: test056:断言响应体字段值;期望结果:55;实际结果：0
2025-03-22 09:36:56,942 - testExample.py - test_baiDuSerach_sheetOne - 61- INFO: test056:断言响应时间;期望结果:200;实际结果：118
2025-03-22 09:36:56,969 - Example.py - baiDuSerach - 67- INFO: 用例id：test057:接口名称：baiDuSerach;传递token：None;传递参数：python57;用例备注：测试示例断言失败
2025-03-22 09:36:57,094 - testExample.py - test_baiDuSerach_sheetOne - 51- INFO: test057:断言响应状态码;期望结果：200;实际结果：200
2025-03-22 09:36:57,102 - testExample.py - test_baiDuSerach_sheetOne - 56- INFO: test057:断言响应体字段值;期望结果:56;实际结果：0
2025-03-22 09:36:57,110 - testExample.py - test_baiDuSerach_sheetOne - 61- INFO: test057:断言响应时间;期望结果:200;实际结果：122
2025-03-22 09:36:57,172 - Example.py - baiDuSerach - 67- INFO: 用例id：test058:接口名称：baiDuSerach;传递token：None;传递参数：python58;用例备注：测试示例断言失败
2025-03-22 09:36:57,294 - testExample.py - test_baiDuSerach_sheetOne - 51- INFO: test058:断言响应状态码;期望结果：200;实际结果：200
2025-03-22 09:36:57,302 - testExample.py - test_baiDuSerach_sheetOne - 56- INFO: test058:断言响应体字段值;期望结果:57;实际结果：0
2025-03-22 09:36:57,308 - testExample.py - test_baiDuSerach_sheetOne - 61- INFO: test058:断言响应时间;期望结果:200;实际结果：117
2025-03-22 09:36:57,338 - Example.py - baiDuSerach - 67- INFO: 用例id：test059:接口名称：baiDuSerach;传递token：None;传递参数：python59;用例备注：测试示例断言失败
2025-03-22 09:36:57,468 - testExample.py - test_baiDuSerach_sheetOne - 51- INFO: test059:断言响应状态码;期望结果：200;实际结果：200
2025-03-22 09:36:57,476 - testExample.py - test_baiDuSerach_sheetOne - 56- INFO: test059:断言响应体字段值;期望结果:58;实际结果：0
2025-03-22 09:36:57,484 - testExample.py - test_baiDuSerach_sheetOne - 61- INFO: test059:断言响应时间;期望结果:200;实际结果：127
2025-03-22 09:36:57,516 - Example.py - baiDuSerach - 67- INFO: 用例id：test060:接口名称：baiDuSerach;传递token：None;传递参数：python60;用例备注：测试示例断言失败
2025-03-22 09:36:57,637 - testExample.py - test_baiDuSerach_sheetOne - 51- INFO: test060:断言响应状态码;期望结果：200;实际结果：200
2025-03-22 09:36:57,645 - testExample.py - test_baiDuSerach_sheetOne - 56- INFO: test060:断言响应体字段值;期望结果:59;实际结果：0
2025-03-22 09:36:57,653 - testExample.py - test_baiDuSerach_sheetOne - 61- INFO: test060:断言响应时间;期望结果:200;实际结果：118
2025-03-22 09:36:57,683 - Example.py - baiDuSerach - 67- INFO: 用例id：test061:接口名称：baiDuSerach;传递token：None;传递参数：python61;用例备注：测试示例断言失败
2025-03-22 09:36:57,806 - testExample.py - test_baiDuSerach_sheetOne - 51- INFO: test061:断言响应状态码;期望结果：200;实际结果：200
2025-03-22 09:36:57,814 - testExample.py - test_baiDuSerach_sheetOne - 56- INFO: test061:断言响应体字段值;期望结果:60;实际结果：0
2025-03-22 09:36:57,821 - testExample.py - test_baiDuSerach_sheetOne - 61- INFO: test061:断言响应时间;期望结果:200;实际结果：120
2025-03-22 09:36:57,850 - Example.py - baiDuSerach - 67- INFO: 用例id：test062:接口名称：baiDuSerach;传递token：None;传递参数：python62;用例备注：测试示例断言失败
2025-03-22 09:36:57,975 - testExample.py - test_baiDuSerach_sheetOne - 51- INFO: test062:断言响应状态码;期望结果：200;实际结果：200
2025-03-22 09:36:57,983 - testExample.py - test_baiDuSerach_sheetOne - 56- INFO: test062:断言响应体字段值;期望结果:61;实际结果：0
2025-03-22 09:36:57,990 - testExample.py - test_baiDuSerach_sheetOne - 61- INFO: test062:断言响应时间;期望结果:200;实际结果：121
2025-03-22 09:36:58,022 - Example.py - baiDuSerach - 67- INFO: 用例id：test063:接口名称：baiDuSerach;传递token：None;传递参数：python63;用例备注：测试示例断言失败
2025-03-22 09:36:58,143 - testExample.py - test_baiDuSerach_sheetOne - 51- INFO: test063:断言响应状态码;期望结果：200;实际结果：200
2025-03-22 09:36:58,150 - testExample.py - test_baiDuSerach_sheetOne - 56- INFO: test063:断言响应体字段值;期望结果:62;实际结果：0
2025-03-22 09:36:58,157 - testExample.py - test_baiDuSerach_sheetOne - 61- INFO: test063:断言响应时间;期望结果:200;实际结果：117
2025-03-22 09:36:58,190 - Example.py - baiDuSerach - 67- INFO: 用例id：test064:接口名称：baiDuSerach;传递token：None;传递参数：python64;用例备注：测试示例断言失败
2025-03-22 09:36:58,318 - testExample.py - test_baiDuSerach_sheetOne - 51- INFO: test064:断言响应状态码;期望结果：200;实际结果：200
2025-03-22 09:36:58,326 - testExample.py - test_baiDuSerach_sheetOne - 56- INFO: test064:断言响应体字段值;期望结果:63;实际结果：0
2025-03-22 09:36:58,334 - testExample.py - test_baiDuSerach_sheetOne - 61- INFO: test064:断言响应时间;期望结果:200;实际结果：125
2025-03-22 09:36:58,362 - Example.py - baiDuSerach - 67- INFO: 用例id：test065:接口名称：baiDuSerach;传递token：None;传递参数：python65;用例备注：测试示例断言失败
2025-03-22 09:36:58,481 - testExample.py - test_baiDuSerach_sheetOne - 51- INFO: test065:断言响应状态码;期望结果：200;实际结果：200
2025-03-22 09:36:58,490 - testExample.py - test_baiDuSerach_sheetOne - 56- INFO: test065:断言响应体字段值;期望结果:64;实际结果：0
2025-03-22 09:36:58,497 - testExample.py - test_baiDuSerach_sheetOne - 61- INFO: test065:断言响应时间;期望结果:200;实际结果：116
2025-03-22 09:36:58,528 - Example.py - baiDuSerach - 67- INFO: 用例id：test066:接口名称：baiDuSerach;传递token：None;传递参数：python66;用例备注：测试示例断言失败
2025-03-22 09:36:58,653 - testExample.py - test_baiDuSerach_sheetOne - 51- INFO: test066:断言响应状态码;期望结果：200;实际结果：200
2025-03-22 09:36:58,661 - testExample.py - test_baiDuSerach_sheetOne - 56- INFO: test066:断言响应体字段值;期望结果:65;实际结果：0
2025-03-22 09:36:58,668 - testExample.py - test_baiDuSerach_sheetOne - 61- INFO: test066:断言响应时间;期望结果:200;实际结果：121
2025-03-22 09:36:58,698 - Example.py - baiDuSerach - 67- INFO: 用例id：test067:接口名称：baiDuSerach;传递token：None;传递参数：python67;用例备注：测试示例断言失败
2025-03-22 09:36:58,822 - testExample.py - test_baiDuSerach_sheetOne - 51- INFO: test067:断言响应状态码;期望结果：200;实际结果：200
2025-03-22 09:36:58,829 - testExample.py - test_baiDuSerach_sheetOne - 56- INFO: test067:断言响应体字段值;期望结果:66;实际结果：0
2025-03-22 09:36:58,837 - testExample.py - test_baiDuSerach_sheetOne - 61- INFO: test067:断言响应时间;期望结果:200;实际结果：120
2025-03-22 09:36:58,865 - Example.py - baiDuSerach - 67- INFO: 用例id：test068:接口名称：baiDuSerach;传递token：None;传递参数：python68;用例备注：测试示例断言失败
2025-03-22 09:36:58,987 - testExample.py - test_baiDuSerach_sheetOne - 51- INFO: test068:断言响应状态码;期望结果：200;实际结果：200
2025-03-22 09:36:58,994 - testExample.py - test_baiDuSerach_sheetOne - 56- INFO: test068:断言响应体字段值;期望结果:67;实际结果：0
2025-03-22 09:36:59,002 - testExample.py - test_baiDuSerach_sheetOne - 61- INFO: test068:断言响应时间;期望结果:200;实际结果：118
2025-03-22 09:36:59,032 - Example.py - baiDuSerach - 67- INFO: 用例id：test069:接口名称：baiDuSerach;传递token：None;传递参数：python69;用例备注：测试示例断言失败
2025-03-22 09:36:59,155 - testExample.py - test_baiDuSerach_sheetOne - 51- INFO: test069:断言响应状态码;期望结果：200;实际结果：200
2025-03-22 09:36:59,162 - testExample.py - test_baiDuSerach_sheetOne - 56- INFO: test069:断言响应体字段值;期望结果:68;实际结果：0
2025-03-22 09:36:59,169 - testExample.py - test_baiDuSerach_sheetOne - 61- INFO: test069:断言响应时间;期望结果:200;实际结果：119
2025-03-22 09:36:59,234 - Example.py - baiDuSerach - 67- INFO: 用例id：test070:接口名称：baiDuSerach;传递token：None;传递参数：python70;用例备注：测试示例断言失败
2025-03-22 09:36:59,356 - testExample.py - test_baiDuSerach_sheetOne - 51- INFO: test070:断言响应状态码;期望结果：200;实际结果：200
2025-03-22 09:36:59,363 - testExample.py - test_baiDuSerach_sheetOne - 56- INFO: test070:断言响应体字段值;期望结果:69;实际结果：0
2025-03-22 09:36:59,370 - testExample.py - test_baiDuSerach_sheetOne - 61- INFO: test070:断言响应时间;期望结果:200;实际结果：118
2025-03-22 09:36:59,402 - Example.py - baiDuSerachToken - 49- INFO: 用例id：1:接口名称：baiDuSerach;传递token：[[130]];传递参数：python12;用例备注：测试示例断言成功
2025-03-22 09:36:59,525 - testExample.py - test_baiDuSerach_sheetTwo - 87- INFO: 1:断言响应状态码;期望结果：200;实际结果：200
2025-03-22 09:36:59,533 - testExample.py - test_baiDuSerach_sheetTwo - 92- INFO: 1:断言响应体字段值;期望结果:0;实际结果：0
2025-03-22 09:36:59,540 - testExample.py - test_baiDuSerach_sheetTwo - 97- INFO: 1:断言响应时间;期望结果:200;实际结果：119
2025-03-22 09:36:59,552 - Example.py - baiDuSerachToken - 49- INFO: 用例id：2:接口名称：baiDuSerach;传递token：[[130]];传递参数：python22;用例备注：测试示例断言失败
2025-03-22 09:36:59,677 - testExample.py - test_baiDuSerach_sheetTwo - 87- INFO: 2:断言响应状态码;期望结果：200;实际结果：200
2025-03-22 09:36:59,684 - testExample.py - test_baiDuSerach_sheetTwo - 92- INFO: 2:断言响应体字段值;期望结果:1;实际结果：0
2025-03-22 09:36:59,692 - testExample.py - test_baiDuSerach_sheetTwo - 97- INFO: 2:断言响应时间;期望结果:200;实际结果：122
2025-03-22 09:36:59,721 - Example.py - baiDuSerachToken - 49- INFO: 用例id：3:接口名称：baiDuSerach;传递token：[[130]];传递参数：python32;用例备注：
2025-03-22 09:36:59,846 - testExample.py - test_baiDuSerach_sheetTwo - 87- INFO: 3:断言响应状态码;期望结果：200;实际结果：200
2025-03-22 09:36:59,855 - testExample.py - test_baiDuSerach_sheetTwo - 92- INFO: 3:断言响应体字段值;期望结果:2;实际结果：0
2025-03-22 09:36:59,862 - testExample.py - test_baiDuSerach_sheetTwo - 97- INFO: 3:断言响应时间;期望结果:201;实际结果：123
2025-03-22 09:36:59,890 - Example.py - baiDuSerachToken - 49- INFO: 用例id：4:接口名称：baiDuSerach;传递token：[[130]];传递参数：python33;用例备注：测试示例断言失败
2025-03-22 09:37:00,015 - testExample.py - test_baiDuSerach_sheetTwo - 87- INFO: 4:断言响应状态码;期望结果：200;实际结果：200
2025-03-22 09:37:00,023 - testExample.py - test_baiDuSerach_sheetTwo - 92- INFO: 4:断言响应体字段值;期望结果:3;实际结果：0
2025-03-22 09:37:00,030 - testExample.py - test_baiDuSerach_sheetTwo - 97- INFO: 4:断言响应时间;期望结果:202;实际结果：121
2025-03-22 09:37:00,061 - Example.py - baiDuSerachToken - 49- INFO: 用例id：5:接口名称：baiDuSerach;传递token：[[130]];传递参数：python34;用例备注：测试示例断言失败
2025-03-22 09:37:00,178 - testExample.py - test_baiDuSerach_sheetTwo - 87- INFO: 5:断言响应状态码;期望结果：200;实际结果：200
2025-03-22 09:37:00,186 - testExample.py - test_baiDuSerach_sheetTwo - 92- INFO: 5:断言响应体字段值;期望结果:4;实际结果：0
2025-03-22 09:37:00,193 - testExample.py - test_baiDuSerach_sheetTwo - 97- INFO: 5:断言响应时间;期望结果:203;实际结果：114
2025-03-22 09:37:00,220 - Example.py - baiDuSerachToken - 49- INFO: 用例id：6:接口名称：baiDuSerach;传递token：[[130]];传递参数：python35;用例备注：测试示例断言失败
2025-03-22 09:37:00,350 - testExample.py - test_baiDuSerach_sheetTwo - 87- INFO: 6:断言响应状态码;期望结果：200;实际结果：200
2025-03-22 09:37:00,358 - testExample.py - test_baiDuSerach_sheetTwo - 92- INFO: 6:断言响应体字段值;期望结果:5;实际结果：0
2025-03-22 09:37:00,365 - testExample.py - test_baiDuSerach_sheetTwo - 97- INFO: 6:断言响应时间;期望结果:204;实际结果：126
2025-03-22 09:37:00,397 - Example.py - baiDuSerachToken - 49- INFO: 用例id：7:接口名称：baiDuSerach;传递token：[[130]];传递参数：python36;用例备注：测试示例断言失败
2025-03-22 09:37:00,520 - testExample.py - test_baiDuSerach_sheetTwo - 87- INFO: 7:断言响应状态码;期望结果：200;实际结果：200
2025-03-22 09:37:00,527 - testExample.py - test_baiDuSerach_sheetTwo - 92- INFO: 7:断言响应体字段值;期望结果:6;实际结果：0
2025-03-22 09:37:00,535 - testExample.py - test_baiDuSerach_sheetTwo - 97- INFO: 7:断言响应时间;期望结果:205;实际结果：118
2025-03-22 09:37:00,564 - Example.py - baiDuSerachToken - 49- INFO: 用例id：8:接口名称：baiDuSerach;传递token：[[130]];传递参数：python37;用例备注：测试示例断言失败
2025-03-22 09:37:00,689 - testExample.py - test_baiDuSerach_sheetTwo - 87- INFO: 8:断言响应状态码;期望结果：200;实际结果：200
2025-03-22 09:37:00,696 - testExample.py - test_baiDuSerach_sheetTwo - 92- INFO: 8:断言响应体字段值;期望结果:7;实际结果：0
2025-03-22 09:37:00,704 - testExample.py - test_baiDuSerach_sheetTwo - 97- INFO: 8:断言响应时间;期望结果:206;实际结果：121
2025-03-22 09:37:00,732 - Example.py - baiDuSerachToken - 49- INFO: 用例id：9:接口名称：baiDuSerach;传递token：[[130]];传递参数：python38;用例备注：测试示例断言失败
2025-03-22 09:37:00,860 - testExample.py - test_baiDuSerach_sheetTwo - 87- INFO: 9:断言响应状态码;期望结果：200;实际结果：200
2025-03-22 09:37:00,870 - testExample.py - test_baiDuSerach_sheetTwo - 92- INFO: 9:断言响应体字段值;期望结果:8;实际结果：0
2025-03-22 09:37:00,879 - testExample.py - test_baiDuSerach_sheetTwo - 97- INFO: 9:断言响应时间;期望结果:207;实际结果：125
2025-03-22 09:37:00,908 - Example.py - baiDuSerachToken - 49- INFO: 用例id：10:接口名称：baiDuSerach;传递token：[[130]];传递参数：python39;用例备注：测试示例断言失败
2025-03-22 09:37:01,028 - testExample.py - test_baiDuSerach_sheetTwo - 87- INFO: 10:断言响应状态码;期望结果：200;实际结果：200
2025-03-22 09:37:01,036 - testExample.py - test_baiDuSerach_sheetTwo - 92- INFO: 10:断言响应体字段值;期望结果:9;实际结果：0
2025-03-22 09:37:01,043 - testExample.py - test_baiDuSerach_sheetTwo - 97- INFO: 10:断言响应时间;期望结果:208;实际结果：117
2025-03-22 09:37:01,073 - Example.py - baiDuSerachToken - 49- INFO: 用例id：11:接口名称：baiDuSerach;传递token：[[130]];传递参数：python40;用例备注：测试示例断言失败
2025-03-22 09:37:01,203 - testExample.py - test_baiDuSerach_sheetTwo - 87- INFO: 11:断言响应状态码;期望结果：200;实际结果：200
2025-03-22 09:37:01,211 - testExample.py - test_baiDuSerach_sheetTwo - 92- INFO: 11:断言响应体字段值;期望结果:10;实际结果：0
2025-03-22 09:37:01,218 - testExample.py - test_baiDuSerach_sheetTwo - 97- INFO: 11:断言响应时间;期望结果:209;实际结果：127
2025-03-22 09:37:01,250 - Example.py - baiDuSerachToken - 49- INFO: 用例id：12:接口名称：baiDuSerach;传递token：[[130]];传递参数：python41;用例备注：测试示例断言失败
2025-03-22 09:37:01,370 - testExample.py - test_baiDuSerach_sheetTwo - 87- INFO: 12:断言响应状态码;期望结果：200;实际结果：200
2025-03-22 09:37:01,378 - testExample.py - test_baiDuSerach_sheetTwo - 92- INFO: 12:断言响应体字段值;期望结果:11;实际结果：0
2025-03-22 09:37:01,386 - testExample.py - test_baiDuSerach_sheetTwo - 97- INFO: 12:断言响应时间;期望结果:210;实际结果：117
2025-03-22 09:37:01,450 - Example.py - baiDuSerachToken - 49- INFO: 用例id：13:接口名称：baiDuSerach;传递token：[[130]];传递参数：python42;用例备注：测试示例断言失败
2025-03-22 09:37:01,583 - testExample.py - test_baiDuSerach_sheetTwo - 87- INFO: 13:断言响应状态码;期望结果：200;实际结果：200
2025-03-22 09:37:01,592 - testExample.py - test_baiDuSerach_sheetTwo - 92- INFO: 13:断言响应体字段值;期望结果:12;实际结果：0
2025-03-22 09:37:01,600 - testExample.py - test_baiDuSerach_sheetTwo - 97- INFO: 13:断言响应时间;期望结果:211;实际结果：128
2025-03-22 09:37:01,631 - Example.py - baiDuSerachToken - 49- INFO: 用例id：14:接口名称：baiDuSerach;传递token：[[130]];传递参数：python43;用例备注：测试示例断言失败
2025-03-22 09:37:01,756 - testExample.py - test_baiDuSerach_sheetTwo - 87- INFO: 14:断言响应状态码;期望结果：200;实际结果：200
2025-03-22 09:37:01,763 - testExample.py - test_baiDuSerach_sheetTwo - 92- INFO: 14:断言响应体字段值;期望结果:13;实际结果：0
2025-03-22 09:37:01,772 - testExample.py - test_baiDuSerach_sheetTwo - 97- INFO: 14:断言响应时间;期望结果:212;实际结果：121
2025-03-22 09:37:01,803 - Example.py - baiDuSerachToken - 49- INFO: 用例id：15:接口名称：baiDuSerach;传递token：[[130]];传递参数：python44;用例备注：测试示例断言失败
2025-03-22 09:37:01,930 - testExample.py - test_baiDuSerach_sheetTwo - 87- INFO: 15:断言响应状态码;期望结果：200;实际结果：200
2025-03-22 09:37:01,938 - testExample.py - test_baiDuSerach_sheetTwo - 92- INFO: 15:断言响应体字段值;期望结果:14;实际结果：0
2025-03-22 09:37:01,945 - testExample.py - test_baiDuSerach_sheetTwo - 97- INFO: 15:断言响应时间;期望结果:213;实际结果：123
2025-03-22 09:37:01,974 - Example.py - baiDuSerachToken - 49- INFO: 用例id：16:接口名称：baiDuSerach;传递token：[[130]];传递参数：python45;用例备注：测试示例断言失败
2025-03-22 09:37:02,097 - testExample.py - test_baiDuSerach_sheetTwo - 87- INFO: 16:断言响应状态码;期望结果：200;实际结果：200
2025-03-22 09:37:02,105 - testExample.py - test_baiDuSerach_sheetTwo - 92- INFO: 16:断言响应体字段值;期望结果:15;实际结果：0
2025-03-22 09:37:02,113 - testExample.py - test_baiDuSerach_sheetTwo - 97- INFO: 16:断言响应时间;期望结果:214;实际结果：119
2025-03-22 09:37:02,140 - Example.py - baiDuSerachToken - 49- INFO: 用例id：17:接口名称：baiDuSerach;传递token：[[130]];传递参数：python46;用例备注：测试示例断言失败
2025-03-22 09:37:02,266 - testExample.py - test_baiDuSerach_sheetTwo - 87- INFO: 17:断言响应状态码;期望结果：200;实际结果：200
2025-03-22 09:37:02,273 - testExample.py - test_baiDuSerach_sheetTwo - 92- INFO: 17:断言响应体字段值;期望结果:16;实际结果：0
2025-03-22 09:37:02,281 - testExample.py - test_baiDuSerach_sheetTwo - 97- INFO: 17:断言响应时间;期望结果:215;实际结果：121
2025-03-22 09:37:02,310 - Example.py - baiDuSerachToken - 49- INFO: 用例id：18:接口名称：baiDuSerach;传递token：[[130]];传递参数：python47;用例备注：测试示例断言失败
2025-03-22 09:37:02,433 - testExample.py - test_baiDuSerach_sheetTwo - 87- INFO: 18:断言响应状态码;期望结果：200;实际结果：200
2025-03-22 09:37:02,441 - testExample.py - test_baiDuSerach_sheetTwo - 92- INFO: 18:断言响应体字段值;期望结果:17;实际结果：0
2025-03-22 09:37:02,448 - testExample.py - test_baiDuSerach_sheetTwo - 97- INFO: 18:断言响应时间;期望结果:216;实际结果：120
2025-03-22 09:37:02,479 - Example.py - baiDuSerachToken - 49- INFO: 用例id：19:接口名称：baiDuSerach;传递token：[[130]];传递参数：python48;用例备注：测试示例断言失败
2025-03-22 09:37:02,597 - testExample.py - test_baiDuSerach_sheetTwo - 87- INFO: 19:断言响应状态码;期望结果：200;实际结果：200
2025-03-22 09:37:02,605 - testExample.py - test_baiDuSerach_sheetTwo - 92- INFO: 19:断言响应体字段值;期望结果:18;实际结果：0
2025-03-22 09:37:02,613 - testExample.py - test_baiDuSerach_sheetTwo - 97- INFO: 19:断言响应时间;期望结果:217;实际结果：115
2025-03-22 09:37:02,641 - Example.py - baiDuSerachToken - 49- INFO: 用例id：20:接口名称：baiDuSerach;传递token：[[130]];传递参数：python49;用例备注：测试示例断言失败
2025-03-22 09:37:02,772 - testExample.py - test_baiDuSerach_sheetTwo - 87- INFO: 20:断言响应状态码;期望结果：200;实际结果：200
2025-03-22 09:37:02,778 - testExample.py - test_baiDuSerach_sheetTwo - 92- INFO: 20:断言响应体字段值;期望结果:19;实际结果：0
2025-03-22 09:37:02,786 - testExample.py - test_baiDuSerach_sheetTwo - 97- INFO: 20:断言响应时间;期望结果:218;实际结果：126
2025-03-22 09:37:02,814 - Example.py - baiDuSerachToken - 49- INFO: 用例id：21:接口名称：baiDuSerach;传递token：[[130]];传递参数：python50;用例备注：测试示例断言失败
2025-03-22 09:37:02,943 - testExample.py - test_baiDuSerach_sheetTwo - 87- INFO: 21:断言响应状态码;期望结果：200;实际结果：200
2025-03-22 09:37:02,951 - testExample.py - test_baiDuSerach_sheetTwo - 92- INFO: 21:断言响应体字段值;期望结果:20;实际结果：0
2025-03-22 09:37:02,958 - testExample.py - test_baiDuSerach_sheetTwo - 97- INFO: 21:断言响应时间;期望结果:219;实际结果：124
2025-03-22 09:37:02,986 - Example.py - baiDuSerachToken - 49- INFO: 用例id：22:接口名称：baiDuSerach;传递token：[[130]];传递参数：python51;用例备注：测试示例断言失败
2025-03-22 09:37:03,114 - testExample.py - test_baiDuSerach_sheetTwo - 87- INFO: 22:断言响应状态码;期望结果：200;实际结果：200
2025-03-22 09:37:03,122 - testExample.py - test_baiDuSerach_sheetTwo - 92- INFO: 22:断言响应体字段值;期望结果:21;实际结果：0
2025-03-22 09:37:03,130 - testExample.py - test_baiDuSerach_sheetTwo - 97- INFO: 22:断言响应时间;期望结果:220;实际结果：124
2025-03-22 09:37:03,158 - Example.py - baiDuSerachToken - 49- INFO: 用例id：23:接口名称：baiDuSerach;传递token：[[130]];传递参数：python52;用例备注：测试示例断言失败
2025-03-22 09:37:03,282 - testExample.py - test_baiDuSerach_sheetTwo - 87- INFO: 23:断言响应状态码;期望结果：200;实际结果：200
2025-03-22 09:37:03,289 - testExample.py - test_baiDuSerach_sheetTwo - 92- INFO: 23:断言响应体字段值;期望结果:22;实际结果：0
2025-03-22 09:37:03,297 - testExample.py - test_baiDuSerach_sheetTwo - 97- INFO: 23:断言响应时间;期望结果:221;实际结果：121
2025-03-22 09:37:03,329 - Example.py - baiDuSerachToken - 49- INFO: 用例id：24:接口名称：baiDuSerach;传递token：[[130]];传递参数：python53;用例备注：测试示例断言失败
2025-03-22 09:37:03,453 - testExample.py - test_baiDuSerach_sheetTwo - 87- INFO: 24:断言响应状态码;期望结果：200;实际结果：200
2025-03-22 09:37:03,460 - testExample.py - test_baiDuSerach_sheetTwo - 92- INFO: 24:断言响应体字段值;期望结果:23;实际结果：0
2025-03-22 09:37:03,467 - testExample.py - test_baiDuSerach_sheetTwo - 97- INFO: 24:断言响应时间;期望结果:222;实际结果：120
2025-03-22 09:37:03,542 - Example.py - baiDuSerachToken - 49- INFO: 用例id：25:接口名称：baiDuSerach;传递token：[[130]];传递参数：python54;用例备注：测试示例断言失败
2025-03-22 09:37:03,678 - testExample.py - test_baiDuSerach_sheetTwo - 87- INFO: 25:断言响应状态码;期望结果：200;实际结果：200
2025-03-22 09:37:03,686 - testExample.py - test_baiDuSerach_sheetTwo - 92- INFO: 25:断言响应体字段值;期望结果:24;实际结果：0
2025-03-22 09:37:03,695 - testExample.py - test_baiDuSerach_sheetTwo - 97- INFO: 25:断言响应时间;期望结果:223;实际结果：131
2025-03-22 09:37:03,725 - Example.py - baiDuSerachToken - 49- INFO: 用例id：26:接口名称：baiDuSerach;传递token：[[130]];传递参数：python55;用例备注：测试示例断言失败
2025-03-22 09:37:03,853 - testExample.py - test_baiDuSerach_sheetTwo - 87- INFO: 26:断言响应状态码;期望结果：200;实际结果：200
2025-03-22 09:37:03,863 - testExample.py - test_baiDuSerach_sheetTwo - 92- INFO: 26:断言响应体字段值;期望结果:25;实际结果：0
2025-03-22 09:37:03,871 - testExample.py - test_baiDuSerach_sheetTwo - 97- INFO: 26:断言响应时间;期望结果:224;实际结果：123
2025-03-22 09:37:03,901 - Example.py - baiDuSerachToken - 49- INFO: 用例id：27:接口名称：baiDuSerach;传递token：[[130]];传递参数：python56;用例备注：测试示例断言失败
2025-03-22 09:37:04,029 - testExample.py - test_baiDuSerach_sheetTwo - 87- INFO: 27:断言响应状态码;期望结果：200;实际结果：200
2025-03-22 09:37:04,037 - testExample.py - test_baiDuSerach_sheetTwo - 92- INFO: 27:断言响应体字段值;期望结果:26;实际结果：0
2025-03-22 09:37:04,047 - testExample.py - test_baiDuSerach_sheetTwo - 97- INFO: 27:断言响应时间;期望结果:225;实际结果：125
2025-03-22 09:37:04,076 - Example.py - baiDuSerachToken - 49- INFO: 用例id：28:接口名称：baiDuSerach;传递token：[[130]];传递参数：python57;用例备注：测试示例断言失败
2025-03-22 09:37:04,205 - testExample.py - test_baiDuSerach_sheetTwo - 87- INFO: 28:断言响应状态码;期望结果：200;实际结果：200
2025-03-22 09:37:04,213 - testExample.py - test_baiDuSerach_sheetTwo - 92- INFO: 28:断言响应体字段值;期望结果:27;实际结果：0
2025-03-22 09:37:04,222 - testExample.py - test_baiDuSerach_sheetTwo - 97- INFO: 28:断言响应时间;期望结果:226;实际结果：125
2025-03-22 09:37:04,252 - Example.py - baiDuSerachToken - 49- INFO: 用例id：29:接口名称：baiDuSerach;传递token：[[130]];传递参数：python58;用例备注：测试示例断言失败
2025-03-22 09:37:04,374 - testExample.py - test_baiDuSerach_sheetTwo - 87- INFO: 29:断言响应状态码;期望结果：200;实际结果：200
2025-03-22 09:37:04,381 - testExample.py - test_baiDuSerach_sheetTwo - 92- INFO: 29:断言响应体字段值;期望结果:28;实际结果：0
2025-03-22 09:37:04,389 - testExample.py - test_baiDuSerach_sheetTwo - 97- INFO: 29:断言响应时间;期望结果:227;实际结果：118
2025-03-22 09:37:04,417 - Example.py - baiDuSerachToken - 49- INFO: 用例id：30:接口名称：baiDuSerach;传递token：[[130]];传递参数：python59;用例备注：测试示例断言失败
2025-03-22 09:37:04,542 - testExample.py - test_baiDuSerach_sheetTwo - 87- INFO: 30:断言响应状态码;期望结果：200;实际结果：200
2025-03-22 09:37:04,552 - testExample.py - test_baiDuSerach_sheetTwo - 92- INFO: 30:断言响应体字段值;期望结果:29;实际结果：0
2025-03-22 09:37:04,560 - testExample.py - test_baiDuSerach_sheetTwo - 97- INFO: 30:断言响应时间;期望结果:228;实际结果：122
2025-03-22 09:37:04,589 - Example.py - baiDuSerachToken - 49- INFO: 用例id：test001:接口名称：baiDuSerach;传递token：[[130]];传递参数：python1;用例备注：测试示例断言成功
2025-03-22 09:37:04,707 - testExample.py - test_baiDuSerach_csv - 123- INFO: test001:断言响应状态码;期望结果：200;实际结果：200
2025-03-22 09:37:04,715 - testExample.py - test_baiDuSerach_csv - 128- INFO: test001:断言响应体字段值;期望结果:0;实际结果：0
2025-03-22 09:37:04,722 - testExample.py - test_baiDuSerach_csv - 133- INFO: test001:断言响应时间;期望结果:200;实际结果：115
2025-03-22 09:37:04,734 - Example.py - baiDuSerachToken - 49- INFO: 用例id：test002:接口名称：baiDuSerach;传递token：[[130]];传递参数：python2;用例备注：
2025-03-22 09:37:04,861 - testExample.py - test_baiDuSerach_csv - 123- INFO: test002:断言响应状态码;期望结果：200;实际结果：200
2025-03-22 09:37:04,869 - testExample.py - test_baiDuSerach_csv - 128- INFO: test002:断言响应体字段值;期望结果:1;实际结果：0
2025-03-22 09:37:04,876 - testExample.py - test_baiDuSerach_csv - 133- INFO: test002:断言响应时间;期望结果:200;实际结果：124
2025-03-22 09:37:04,905 - Example.py - baiDuSerachToken - 49- INFO: 用例id：test003:接口名称：baiDuSerach;传递token：[[130]];传递参数：python3;用例备注：测试示例断言失败
2025-03-22 09:37:05,026 - testExample.py - test_baiDuSerach_csv - 123- INFO: test003:断言响应状态码;期望结果：200;实际结果：200
2025-03-22 09:37:05,033 - testExample.py - test_baiDuSerach_csv - 128- INFO: test003:断言响应体字段值;期望结果:2;实际结果：0
2025-03-22 09:37:05,042 - testExample.py - test_baiDuSerach_csv - 133- INFO: test003:断言响应时间;期望结果:200;实际结果：118
2025-03-22 09:37:05,073 - Example.py - baiDuSerachToken - 49- INFO: 用例id：test004:接口名称：baiDuSerach;传递token：[[130]];传递参数：python4;用例备注：测试示例断言失败
2025-03-22 09:37:05,196 - testExample.py - test_baiDuSerach_csv - 123- INFO: test004:断言响应状态码;期望结果：200;实际结果：200
2025-03-22 09:37:05,203 - testExample.py - test_baiDuSerach_csv - 128- INFO: test004:断言响应体字段值;期望结果:3;实际结果：0
2025-03-22 09:37:05,211 - testExample.py - test_baiDuSerach_csv - 133- INFO: test004:断言响应时间;期望结果:200;实际结果：119
2025-03-22 09:37:05,239 - Example.py - baiDuSerachToken - 49- INFO: 用例id：test005:接口名称：baiDuSerach;传递token：[[130]];传递参数：python5;用例备注：测试示例断言失败
2025-03-22 09:37:05,365 - testExample.py - test_baiDuSerach_csv - 123- INFO: test005:断言响应状态码;期望结果：200;实际结果：200
2025-03-22 09:37:05,373 - testExample.py - test_baiDuSerach_csv - 128- INFO: test005:断言响应体字段值;期望结果:4;实际结果：0
2025-03-22 09:37:05,381 - testExample.py - test_baiDuSerach_csv - 133- INFO: test005:断言响应时间;期望结果:200;实际结果：122
2025-03-22 09:37:05,414 - Example.py - baiDuSerachToken - 49- INFO: 用例id：test006:接口名称：baiDuSerach;传递token：[[130]];传递参数：python6;用例备注：测试示例断言失败
2025-03-22 09:37:05,537 - testExample.py - test_baiDuSerach_csv - 123- INFO: test006:断言响应状态码;期望结果：200;实际结果：200
2025-03-22 09:37:05,544 - testExample.py - test_baiDuSerach_csv - 128- INFO: test006:断言响应体字段值;期望结果:5;实际结果：0
2025-03-22 09:37:05,552 - testExample.py - test_baiDuSerach_csv - 133- INFO: test006:断言响应时间;期望结果:200;实际结果：118
2025-03-22 09:37:05,582 - Example.py - baiDuSerachToken - 49- INFO: 用例id：test007:接口名称：baiDuSerach;传递token：[[130]];传递参数：python7;用例备注：测试示例断言失败
2025-03-22 09:37:05,706 - testExample.py - test_baiDuSerach_csv - 123- INFO: test007:断言响应状态码;期望结果：200;实际结果：200
2025-03-22 09:37:05,713 - testExample.py - test_baiDuSerach_csv - 128- INFO: test007:断言响应体字段值;期望结果:6;实际结果：0
2025-03-22 09:37:05,721 - testExample.py - test_baiDuSerach_csv - 133- INFO: test007:断言响应时间;期望结果:200;实际结果：120
2025-03-22 09:37:05,749 - Example.py - baiDuSerachToken - 49- INFO: 用例id：test008:接口名称：baiDuSerach;传递token：[[130]];传递参数：python8;用例备注：测试示例断言失败
2025-03-22 09:37:05,882 - testExample.py - test_baiDuSerach_csv - 123- INFO: test008:断言响应状态码;期望结果：200;实际结果：200
2025-03-22 09:37:05,890 - testExample.py - test_baiDuSerach_csv - 128- INFO: test008:断言响应体字段值;期望结果:7;实际结果：0
2025-03-22 09:37:05,897 - testExample.py - test_baiDuSerach_csv - 133- INFO: test008:断言响应时间;期望结果:200;实际结果：129
2025-03-22 09:37:05,962 - Example.py - baiDuSerachToken - 49- INFO: 用例id：test009:接口名称：baiDuSerach;传递token：[[130]];传递参数：python9;用例备注：测试示例断言失败
2025-03-22 09:37:06,091 - testExample.py - test_baiDuSerach_csv - 123- INFO: test009:断言响应状态码;期望结果：200;实际结果：200
2025-03-22 09:37:06,100 - testExample.py - test_baiDuSerach_csv - 128- INFO: test009:断言响应体字段值;期望结果:8;实际结果：0
2025-03-22 09:37:06,107 - testExample.py - test_baiDuSerach_csv - 133- INFO: test009:断言响应时间;期望结果:200;实际结果：126
2025-03-22 09:37:06,135 - Example.py - baiDuSerachToken - 49- INFO: 用例id：test010:接口名称：baiDuSerach;传递token：[[130]];传递参数：python10;用例备注：测试示例断言失败
2025-03-22 09:37:06,258 - testExample.py - test_baiDuSerach_csv - 123- INFO: test010:断言响应状态码;期望结果：200;实际结果：200
2025-03-22 09:37:06,266 - testExample.py - test_baiDuSerach_csv - 128- INFO: test010:断言响应体字段值;期望结果:9;实际结果：0
2025-03-22 09:37:06,273 - testExample.py - test_baiDuSerach_csv - 133- INFO: test010:断言响应时间;期望结果:200;实际结果：119
2025-03-22 09:37:06,301 - Example.py - baiDuSerachToken - 49- INFO: 用例id：test011:接口名称：baiDuSerach;传递token：[[130]];传递参数：python11;用例备注：测试示例断言失败
2025-03-22 09:37:06,421 - testExample.py - test_baiDuSerach_csv - 123- INFO: test011:断言响应状态码;期望结果：200;实际结果：200
2025-03-22 09:37:06,432 - testExample.py - test_baiDuSerach_csv - 128- INFO: test011:断言响应体字段值;期望结果:10;实际结果：0
2025-03-22 09:37:06,439 - testExample.py - test_baiDuSerach_csv - 133- INFO: test011:断言响应时间;期望结果:200;实际结果：115
2025-03-22 09:37:06,468 - Example.py - baiDuSerachToken - 49- INFO: 用例id：test012:接口名称：baiDuSerach;传递token：[[130]];传递参数：python12;用例备注：测试示例断言失败
2025-03-22 09:37:06,587 - testExample.py - test_baiDuSerach_csv - 123- INFO: test012:断言响应状态码;期望结果：200;实际结果：200
2025-03-22 09:37:06,597 - testExample.py - test_baiDuSerach_csv - 128- INFO: test012:断言响应体字段值;期望结果:11;实际结果：0
2025-03-22 09:37:06,605 - testExample.py - test_baiDuSerach_csv - 133- INFO: test012:断言响应时间;期望结果:200;实际结果：116
2025-03-22 09:37:06,635 - Example.py - baiDuSerachToken - 49- INFO: 用例id：test013:接口名称：baiDuSerach;传递token：[[130]];传递参数：python13;用例备注：测试示例断言失败
2025-03-22 09:37:06,763 - testExample.py - test_baiDuSerach_csv - 123- INFO: test013:断言响应状态码;期望结果：200;实际结果：200
2025-03-22 09:37:06,771 - testExample.py - test_baiDuSerach_csv - 128- INFO: test013:断言响应体字段值;期望结果:12;实际结果：0
2025-03-22 09:37:06,777 - testExample.py - test_baiDuSerach_csv - 133- INFO: test013:断言响应时间;期望结果:200;实际结果：124
2025-03-22 09:37:06,806 - Example.py - baiDuSerachToken - 49- INFO: 用例id：test014:接口名称：baiDuSerach;传递token：[[130]];传递参数：python14;用例备注：测试示例断言失败
2025-03-22 09:37:06,930 - testExample.py - test_baiDuSerach_csv - 123- INFO: test014:断言响应状态码;期望结果：200;实际结果：200
2025-03-22 09:37:06,939 - testExample.py - test_baiDuSerach_csv - 128- INFO: test014:断言响应体字段值;期望结果:13;实际结果：0
2025-03-22 09:37:06,946 - testExample.py - test_baiDuSerach_csv - 133- INFO: test014:断言响应时间;期望结果:200;实际结果：121
2025-03-22 09:37:06,975 - Example.py - baiDuSerachToken - 49- INFO: 用例id：test015:接口名称：baiDuSerach;传递token：[[130]];传递参数：python15;用例备注：测试示例断言失败
2025-03-22 09:37:07,097 - testExample.py - test_baiDuSerach_csv - 123- INFO: test015:断言响应状态码;期望结果：200;实际结果：200
2025-03-22 09:37:07,104 - testExample.py - test_baiDuSerach_csv - 128- INFO: test015:断言响应体字段值;期望结果:14;实际结果：0
2025-03-22 09:37:07,112 - testExample.py - test_baiDuSerach_csv - 133- INFO: test015:断言响应时间;期望结果:200;实际结果：119
2025-03-22 09:37:07,140 - Example.py - baiDuSerachToken - 49- INFO: 用例id：test016:接口名称：baiDuSerach;传递token：[[130]];传递参数：python16;用例备注：测试示例断言失败
2025-03-22 09:37:07,269 - testExample.py - test_baiDuSerach_csv - 123- INFO: test016:断言响应状态码;期望结果：200;实际结果：200
2025-03-22 09:37:07,275 - testExample.py - test_baiDuSerach_csv - 128- INFO: test016:断言响应体字段值;期望结果:15;实际结果：0
2025-03-22 09:37:07,283 - testExample.py - test_baiDuSerach_csv - 133- INFO: test016:断言响应时间;期望结果:200;实际结果：124
2025-03-22 09:37:07,311 - Example.py - baiDuSerachToken - 49- INFO: 用例id：test017:接口名称：baiDuSerach;传递token：[[130]];传递参数：python17;用例备注：测试示例断言失败
2025-03-22 09:37:07,440 - testExample.py - test_baiDuSerach_csv - 123- INFO: test017:断言响应状态码;期望结果：200;实际结果：200
2025-03-22 09:37:07,448 - testExample.py - test_baiDuSerach_csv - 128- INFO: test017:断言响应体字段值;期望结果:16;实际结果：0
2025-03-22 09:37:07,456 - testExample.py - test_baiDuSerach_csv - 133- INFO: test017:断言响应时间;期望结果:200;实际结果：125
2025-03-22 09:37:07,484 - Example.py - baiDuSerachToken - 49- INFO: 用例id：test018:接口名称：baiDuSerach;传递token：[[130]];传递参数：python18;用例备注：测试示例断言失败
2025-03-22 09:37:07,606 - testExample.py - test_baiDuSerach_csv - 123- INFO: test018:断言响应状态码;期望结果：200;实际结果：200
2025-03-22 09:37:07,613 - testExample.py - test_baiDuSerach_csv - 128- INFO: test018:断言响应体字段值;期望结果:17;实际结果：0
2025-03-22 09:37:07,621 - testExample.py - test_baiDuSerach_csv - 133- INFO: test018:断言响应时间;期望结果:200;实际结果：118
2025-03-22 09:37:07,649 - Example.py - baiDuSerachToken - 49- INFO: 用例id：test019:接口名称：baiDuSerach;传递token：[[130]];传递参数：python19;用例备注：测试示例断言失败
2025-03-22 09:37:07,772 - testExample.py - test_baiDuSerach_csv - 123- INFO: test019:断言响应状态码;期望结果：200;实际结果：200
2025-03-22 09:37:07,779 - testExample.py - test_baiDuSerach_csv - 128- INFO: test019:断言响应体字段值;期望结果:18;实际结果：0
2025-03-22 09:37:07,787 - testExample.py - test_baiDuSerach_csv - 133- INFO: test019:断言响应时间;期望结果:200;实际结果：119
2025-03-22 09:37:07,815 - Example.py - baiDuSerachToken - 49- INFO: 用例id：test020:接口名称：baiDuSerach;传递token：[[130]];传递参数：python20;用例备注：测试示例断言失败
2025-03-22 09:37:07,933 - testExample.py - test_baiDuSerach_csv - 123- INFO: test020:断言响应状态码;期望结果：200;实际结果：200
2025-03-22 09:37:07,941 - testExample.py - test_baiDuSerach_csv - 128- INFO: test020:断言响应体字段值;期望结果:19;实际结果：0
2025-03-22 09:37:07,949 - testExample.py - test_baiDuSerach_csv - 133- INFO: test020:断言响应时间;期望结果:200;实际结果：115
2025-03-22 09:37:08,012 - Example.py - baiDuSerachToken - 49- INFO: 用例id：test021:接口名称：baiDuSerach;传递token：[[130]];传递参数：python21;用例备注：测试示例断言失败
2025-03-22 09:37:08,137 - testExample.py - test_baiDuSerach_csv - 123- INFO: test021:断言响应状态码;期望结果：200;实际结果：200
2025-03-22 09:37:08,144 - testExample.py - test_baiDuSerach_csv - 128- INFO: test021:断言响应体字段值;期望结果:20;实际结果：0
2025-03-22 09:37:08,152 - testExample.py - test_baiDuSerach_csv - 133- INFO: test021:断言响应时间;期望结果:200;实际结果：121
2025-03-22 09:37:08,182 - Example.py - baiDuSerachToken - 49- INFO: 用例id：test022:接口名称：baiDuSerach;传递token：[[130]];传递参数：python22;用例备注：测试示例断言失败
2025-03-22 09:37:08,300 - testExample.py - test_baiDuSerach_csv - 123- INFO: test022:断言响应状态码;期望结果：200;实际结果：200
2025-03-22 09:37:08,308 - testExample.py - test_baiDuSerach_csv - 128- INFO: test022:断言响应体字段值;期望结果:21;实际结果：0
2025-03-22 09:37:08,315 - testExample.py - test_baiDuSerach_csv - 133- INFO: test022:断言响应时间;期望结果:200;实际结果：115
2025-03-22 09:37:08,343 - Example.py - baiDuSerachToken - 49- INFO: 用例id：test023:接口名称：baiDuSerach;传递token：[[130]];传递参数：python23;用例备注：测试示例断言失败
2025-03-22 09:37:08,469 - testExample.py - test_baiDuSerach_csv - 123- INFO: test023:断言响应状态码;期望结果：200;实际结果：200
2025-03-22 09:37:08,476 - testExample.py - test_baiDuSerach_csv - 128- INFO: test023:断言响应体字段值;期望结果:22;实际结果：0
2025-03-22 09:37:08,484 - testExample.py - test_baiDuSerach_csv - 133- INFO: test023:断言响应时间;期望结果:200;实际结果：122
2025-03-22 09:37:08,514 - Example.py - baiDuSerachToken - 49- INFO: 用例id：test024:接口名称：baiDuSerach;传递token：[[130]];传递参数：python24;用例备注：测试示例断言失败
2025-03-22 09:37:08,636 - testExample.py - test_baiDuSerach_csv - 123- INFO: test024:断言响应状态码;期望结果：200;实际结果：200
2025-03-22 09:37:08,643 - testExample.py - test_baiDuSerach_csv - 128- INFO: test024:断言响应体字段值;期望结果:23;实际结果：0
2025-03-22 09:37:08,651 - testExample.py - test_baiDuSerach_csv - 133- INFO: test024:断言响应时间;期望结果:200;实际结果：118
2025-03-22 09:37:08,680 - Example.py - baiDuSerachToken - 49- INFO: 用例id：test025:接口名称：baiDuSerach;传递token：[[130]];传递参数：python25;用例备注：测试示例断言失败
2025-03-22 09:37:08,810 - testExample.py - test_baiDuSerach_csv - 123- INFO: test025:断言响应状态码;期望结果：200;实际结果：200
2025-03-22 09:37:08,820 - testExample.py - test_baiDuSerach_csv - 128- INFO: test025:断言响应体字段值;期望结果:24;实际结果：0
2025-03-22 09:37:08,829 - testExample.py - test_baiDuSerach_csv - 133- INFO: test025:断言响应时间;期望结果:200;实际结果：127
2025-03-22 09:37:08,860 - Example.py - baiDuSerachToken - 49- INFO: 用例id：test026:接口名称：baiDuSerach;传递token：[[130]];传递参数：python26;用例备注：测试示例断言失败
2025-03-22 09:37:08,982 - testExample.py - test_baiDuSerach_csv - 123- INFO: test026:断言响应状态码;期望结果：200;实际结果：200
2025-03-22 09:37:08,990 - testExample.py - test_baiDuSerach_csv - 128- INFO: test026:断言响应体字段值;期望结果:25;实际结果：0
2025-03-22 09:37:08,997 - testExample.py - test_baiDuSerach_csv - 133- INFO: test026:断言响应时间;期望结果:200;实际结果：119
2025-03-22 09:37:09,025 - Example.py - baiDuSerachToken - 49- INFO: 用例id：test027:接口名称：baiDuSerach;传递token：[[130]];传递参数：python27;用例备注：测试示例断言失败
2025-03-22 09:37:09,143 - testExample.py - test_baiDuSerach_csv - 123- INFO: test027:断言响应状态码;期望结果：200;实际结果：200
2025-03-22 09:37:09,150 - testExample.py - test_baiDuSerach_csv - 128- INFO: test027:断言响应体字段值;期望结果:26;实际结果：0
2025-03-22 09:37:09,159 - testExample.py - test_baiDuSerach_csv - 133- INFO: test027:断言响应时间;期望结果:200;实际结果：114
2025-03-22 09:37:09,187 - Example.py - baiDuSerachToken - 49- INFO: 用例id：test028:接口名称：baiDuSerach;传递token：[[130]];传递参数：python28;用例备注：测试示例断言失败
2025-03-22 09:37:09,309 - testExample.py - test_baiDuSerach_csv - 123- INFO: test028:断言响应状态码;期望结果：200;实际结果：200
2025-03-22 09:37:09,317 - testExample.py - test_baiDuSerach_csv - 128- INFO: test028:断言响应体字段值;期望结果:27;实际结果：0
2025-03-22 09:37:09,324 - testExample.py - test_baiDuSerach_csv - 133- INFO: test028:断言响应时间;期望结果:200;实际结果：118
2025-03-22 09:37:09,353 - Example.py - baiDuSerachToken - 49- INFO: 用例id：test029:接口名称：baiDuSerach;传递token：[[130]];传递参数：python29;用例备注：测试示例断言失败
2025-03-22 09:37:09,474 - testExample.py - test_baiDuSerach_csv - 123- INFO: test029:断言响应状态码;期望结果：200;实际结果：200
2025-03-22 09:37:09,482 - testExample.py - test_baiDuSerach_csv - 128- INFO: test029:断言响应体字段值;期望结果:28;实际结果：0
2025-03-22 09:37:09,491 - testExample.py - test_baiDuSerach_csv - 133- INFO: test029:断言响应时间;期望结果:200;实际结果：118
2025-03-22 09:37:09,519 - Example.py - baiDuSerachToken - 49- INFO: 用例id：test030:接口名称：baiDuSerach;传递token：[[130]];传递参数：python30;用例备注：测试示例断言失败
2025-03-22 09:37:09,646 - testExample.py - test_baiDuSerach_csv - 123- INFO: test030:断言响应状态码;期望结果：200;实际结果：200
2025-03-22 09:37:09,653 - testExample.py - test_baiDuSerach_csv - 128- INFO: test030:断言响应体字段值;期望结果:29;实际结果：0
2025-03-22 09:37:09,660 - testExample.py - test_baiDuSerach_csv - 133- INFO: test030:断言响应时间;期望结果:200;实际结果：123
2025-03-22 09:37:09,688 - Example.py - baiDuSerachToken - 49- INFO: 用例id：test031:接口名称：baiDuSerach;传递token：[[130]];传递参数：python31;用例备注：测试示例断言失败
2025-03-22 09:37:09,816 - testExample.py - test_baiDuSerach_csv - 123- INFO: test031:断言响应状态码;期望结果：200;实际结果：200
2025-03-22 09:37:09,824 - testExample.py - test_baiDuSerach_csv - 128- INFO: test031:断言响应体字段值;期望结果:30;实际结果：0
2025-03-22 09:37:09,838 - testExample.py - test_baiDuSerach_csv - 133- INFO: test031:断言响应时间;期望结果:200;实际结果：124
2025-03-22 09:37:09,867 - Example.py - baiDuSerachToken - 49- INFO: 用例id：test032:接口名称：baiDuSerach;传递token：[[130]];传递参数：python32;用例备注：测试示例断言失败
2025-03-22 09:37:09,987 - testExample.py - test_baiDuSerach_csv - 123- INFO: test032:断言响应状态码;期望结果：200;实际结果：200
2025-03-22 09:37:09,995 - testExample.py - test_baiDuSerach_csv - 128- INFO: test032:断言响应体字段值;期望结果:31;实际结果：0
2025-03-22 09:37:10,002 - testExample.py - test_baiDuSerach_csv - 133- INFO: test032:断言响应时间;期望结果:200;实际结果：117
2025-03-22 09:37:10,069 - Example.py - baiDuSerachToken - 49- INFO: 用例id：test033:接口名称：baiDuSerach;传递token：[[130]];传递参数：python33;用例备注：测试示例断言失败
2025-03-22 09:37:10,195 - testExample.py - test_baiDuSerach_csv - 123- INFO: test033:断言响应状态码;期望结果：200;实际结果：200
2025-03-22 09:37:10,202 - testExample.py - test_baiDuSerach_csv - 128- INFO: test033:断言响应体字段值;期望结果:32;实际结果：0
2025-03-22 09:37:10,210 - testExample.py - test_baiDuSerach_csv - 133- INFO: test033:断言响应时间;期望结果:200;实际结果：123
2025-03-22 09:37:10,239 - Example.py - baiDuSerachToken - 49- INFO: 用例id：test034:接口名称：baiDuSerach;传递token：[[130]];传递参数：python34;用例备注：测试示例断言失败
2025-03-22 09:37:10,363 - testExample.py - test_baiDuSerach_csv - 123- INFO: test034:断言响应状态码;期望结果：200;实际结果：200
2025-03-22 09:37:10,371 - testExample.py - test_baiDuSerach_csv - 128- INFO: test034:断言响应体字段值;期望结果:33;实际结果：0
2025-03-22 09:37:10,378 - testExample.py - test_baiDuSerach_csv - 133- INFO: test034:断言响应时间;期望结果:200;实际结果：120
2025-03-22 09:37:10,406 - Example.py - baiDuSerachToken - 49- INFO: 用例id：test035:接口名称：baiDuSerach;传递token：[[130]];传递参数：python35;用例备注：测试示例断言失败
2025-03-22 09:37:10,532 - testExample.py - test_baiDuSerach_csv - 123- INFO: test035:断言响应状态码;期望结果：200;实际结果：200
2025-03-22 09:37:10,540 - testExample.py - test_baiDuSerach_csv - 128- INFO: test035:断言响应体字段值;期望结果:34;实际结果：0
2025-03-22 09:37:10,547 - testExample.py - test_baiDuSerach_csv - 133- INFO: test035:断言响应时间;期望结果:200;实际结果：122
2025-03-22 09:37:10,574 - Example.py - baiDuSerachToken - 49- INFO: 用例id：test036:接口名称：baiDuSerach;传递token：[[130]];传递参数：python36;用例备注：测试示例断言失败
2025-03-22 09:37:10,696 - testExample.py - test_baiDuSerach_csv - 123- INFO: test036:断言响应状态码;期望结果：200;实际结果：200
2025-03-22 09:37:10,704 - testExample.py - test_baiDuSerach_csv - 128- INFO: test036:断言响应体字段值;期望结果:35;实际结果：0
2025-03-22 09:37:10,712 - testExample.py - test_baiDuSerach_csv - 133- INFO: test036:断言响应时间;期望结果:200;实际结果：118
2025-03-22 09:37:10,741 - Example.py - baiDuSerachToken - 49- INFO: 用例id：test037:接口名称：baiDuSerach;传递token：[[130]];传递参数：python37;用例备注：测试示例断言失败
2025-03-22 09:37:10,861 - testExample.py - test_baiDuSerach_csv - 123- INFO: test037:断言响应状态码;期望结果：200;实际结果：200
2025-03-22 09:37:10,869 - testExample.py - test_baiDuSerach_csv - 128- INFO: test037:断言响应体字段值;期望结果:36;实际结果：0
2025-03-22 09:37:10,876 - testExample.py - test_baiDuSerach_csv - 133- INFO: test037:断言响应时间;期望结果:200;实际结果：116
2025-03-22 09:37:10,909 - Example.py - baiDuSerachToken - 49- INFO: 用例id：test038:接口名称：baiDuSerach;传递token：[[130]];传递参数：python38;用例备注：测试示例断言失败
2025-03-22 09:37:11,031 - testExample.py - test_baiDuSerach_csv - 123- INFO: test038:断言响应状态码;期望结果：200;实际结果：200
2025-03-22 09:37:11,038 - testExample.py - test_baiDuSerach_csv - 128- INFO: test038:断言响应体字段值;期望结果:37;实际结果：0
2025-03-22 09:37:11,046 - testExample.py - test_baiDuSerach_csv - 133- INFO: test038:断言响应时间;期望结果:200;实际结果：117
2025-03-22 09:37:11,073 - Example.py - baiDuSerachToken - 49- INFO: 用例id：test039:接口名称：baiDuSerach;传递token：[[130]];传递参数：python39;用例备注：测试示例断言失败
2025-03-22 09:37:11,205 - testExample.py - test_baiDuSerach_csv - 123- INFO: test039:断言响应状态码;期望结果：200;实际结果：200
2025-03-22 09:37:11,212 - testExample.py - test_baiDuSerach_csv - 128- INFO: test039:断言响应体字段值;期望结果:38;实际结果：0
2025-03-22 09:37:11,220 - testExample.py - test_baiDuSerach_csv - 133- INFO: test039:断言响应时间;期望结果:200;实际结果：127
2025-03-22 09:37:11,249 - Example.py - baiDuSerachToken - 49- INFO: 用例id：test040:接口名称：baiDuSerach;传递token：[[130]];传递参数：python40;用例备注：测试示例断言失败
2025-03-22 09:37:11,372 - testExample.py - test_baiDuSerach_csv - 123- INFO: test040:断言响应状态码;期望结果：200;实际结果：200
2025-03-22 09:37:11,379 - testExample.py - test_baiDuSerach_csv - 128- INFO: test040:断言响应体字段值;期望结果:39;实际结果：0
2025-03-22 09:37:11,386 - testExample.py - test_baiDuSerach_csv - 133- INFO: test040:断言响应时间;期望结果:200;实际结果：119
2025-03-22 09:37:11,415 - Example.py - baiDuSerachToken - 49- INFO: 用例id：test041:接口名称：baiDuSerach;传递token：[[130]];传递参数：python41;用例备注：测试示例断言失败
2025-03-22 09:37:11,535 - testExample.py - test_baiDuSerach_csv - 123- INFO: test041:断言响应状态码;期望结果：200;实际结果：200
2025-03-22 09:37:11,542 - testExample.py - test_baiDuSerach_csv - 128- INFO: test041:断言响应体字段值;期望结果:40;实际结果：0
2025-03-22 09:37:11,550 - testExample.py - test_baiDuSerach_csv - 133- INFO: test041:断言响应时间;期望结果:200;实际结果：116
2025-03-22 09:37:11,577 - Example.py - baiDuSerachToken - 49- INFO: 用例id：test042:接口名称：baiDuSerach;传递token：[[130]];传递参数：python42;用例备注：测试示例断言失败
2025-03-22 09:37:11,706 - testExample.py - test_baiDuSerach_csv - 123- INFO: test042:断言响应状态码;期望结果：200;实际结果：200
2025-03-22 09:37:11,714 - testExample.py - test_baiDuSerach_csv - 128- INFO: test042:断言响应体字段值;期望结果:41;实际结果：0
2025-03-22 09:37:11,721 - testExample.py - test_baiDuSerach_csv - 133- INFO: test042:断言响应时间;期望结果:200;实际结果：126
2025-03-22 09:37:11,749 - Example.py - baiDuSerachToken - 49- INFO: 用例id：test043:接口名称：baiDuSerach;传递token：[[130]];传递参数：python43;用例备注：测试示例断言失败
2025-03-22 09:37:11,872 - testExample.py - test_baiDuSerach_csv - 123- INFO: test043:断言响应状态码;期望结果：200;实际结果：200
2025-03-22 09:37:11,880 - testExample.py - test_baiDuSerach_csv - 128- INFO: test043:断言响应体字段值;期望结果:42;实际结果：0
2025-03-22 09:37:11,887 - testExample.py - test_baiDuSerach_csv - 133- INFO: test043:断言响应时间;期望结果:200;实际结果：120
2025-03-22 09:37:11,916 - Example.py - baiDuSerachToken - 49- INFO: 用例id：test044:接口名称：baiDuSerach;传递token：[[130]];传递参数：python44;用例备注：测试示例断言失败
2025-03-22 09:37:12,040 - testExample.py - test_baiDuSerach_csv - 123- INFO: test044:断言响应状态码;期望结果：200;实际结果：200
2025-03-22 09:37:12,048 - testExample.py - test_baiDuSerach_csv - 128- INFO: test044:断言响应体字段值;期望结果:43;实际结果：0
2025-03-22 09:37:12,056 - testExample.py - test_baiDuSerach_csv - 133- INFO: test044:断言响应时间;期望结果:200;实际结果：121
2025-03-22 09:37:12,137 - Example.py - baiDuSerachToken - 49- INFO: 用例id：test045:接口名称：baiDuSerach;传递token：[[130]];传递参数：python45;用例备注：测试示例断言失败
2025-03-22 09:37:12,258 - testExample.py - test_baiDuSerach_csv - 123- INFO: test045:断言响应状态码;期望结果：200;实际结果：200
2025-03-22 09:37:12,266 - testExample.py - test_baiDuSerach_csv - 128- INFO: test045:断言响应体字段值;期望结果:44;实际结果：0
2025-03-22 09:37:12,273 - testExample.py - test_baiDuSerach_csv - 133- INFO: test045:断言响应时间;期望结果:200;实际结果：118
2025-03-22 09:37:12,302 - Example.py - baiDuSerachToken - 49- INFO: 用例id：test046:接口名称：baiDuSerach;传递token：[[130]];传递参数：python46;用例备注：测试示例断言失败
2025-03-22 09:37:12,425 - testExample.py - test_baiDuSerach_csv - 123- INFO: test046:断言响应状态码;期望结果：200;实际结果：200
2025-03-22 09:37:12,433 - testExample.py - test_baiDuSerach_csv - 128- INFO: test046:断言响应体字段值;期望结果:45;实际结果：0
2025-03-22 09:37:12,440 - testExample.py - test_baiDuSerach_csv - 133- INFO: test046:断言响应时间;期望结果:200;实际结果：120
2025-03-22 09:37:12,468 - Example.py - baiDuSerachToken - 49- INFO: 用例id：test047:接口名称：baiDuSerach;传递token：[[130]];传递参数：python47;用例备注：测试示例断言失败
2025-03-22 09:37:12,594 - testExample.py - test_baiDuSerach_csv - 123- INFO: test047:断言响应状态码;期望结果：200;实际结果：200
2025-03-22 09:37:12,606 - testExample.py - test_baiDuSerach_csv - 128- INFO: test047:断言响应体字段值;期望结果:46;实际结果：0
2025-03-22 09:37:12,614 - testExample.py - test_baiDuSerach_csv - 133- INFO: test047:断言响应时间;期望结果:200;实际结果：122
2025-03-22 09:37:12,644 - Example.py - baiDuSerachToken - 49- INFO: 用例id：test048:接口名称：baiDuSerach;传递token：[[130]];传递参数：python48;用例备注：测试示例断言失败
2025-03-22 09:37:12,779 - testExample.py - test_baiDuSerach_csv - 123- INFO: test048:断言响应状态码;期望结果：200;实际结果：200
2025-03-22 09:37:12,786 - testExample.py - test_baiDuSerach_csv - 128- INFO: test048:断言响应体字段值;期望结果:47;实际结果：0
2025-03-22 09:37:12,794 - testExample.py - test_baiDuSerach_csv - 133- INFO: test048:断言响应时间;期望结果:200;实际结果：131
2025-03-22 09:37:12,822 - Example.py - baiDuSerachToken - 49- INFO: 用例id：test049:接口名称：baiDuSerach;传递token：[[130]];传递参数：python49;用例备注：测试示例断言失败
2025-03-22 09:37:12,945 - testExample.py - test_baiDuSerach_csv - 123- INFO: test049:断言响应状态码;期望结果：200;实际结果：200
2025-03-22 09:37:12,953 - testExample.py - test_baiDuSerach_csv - 128- INFO: test049:断言响应体字段值;期望结果:48;实际结果：0
2025-03-22 09:37:12,961 - testExample.py - test_baiDuSerach_csv - 133- INFO: test049:断言响应时间;期望结果:200;实际结果：119
2025-03-22 09:37:12,990 - Example.py - baiDuSerachToken - 49- INFO: 用例id：test050:接口名称：baiDuSerach;传递token：[[130]];传递参数：python50;用例备注：测试示例断言失败
2025-03-22 09:37:13,115 - testExample.py - test_baiDuSerach_csv - 123- INFO: test050:断言响应状态码;期望结果：200;实际结果：200
2025-03-22 09:37:13,122 - testExample.py - test_baiDuSerach_csv - 128- INFO: test050:断言响应体字段值;期望结果:49;实际结果：0
2025-03-22 09:37:13,130 - testExample.py - test_baiDuSerach_csv - 133- INFO: test050:断言响应时间;期望结果:200;实际结果：121
2025-03-22 09:37:13,158 - Example.py - baiDuSerachToken - 49- INFO: 用例id：test051:接口名称：baiDuSerach;传递token：[[130]];传递参数：python51;用例备注：测试示例断言失败
2025-03-22 09:37:13,288 - testExample.py - test_baiDuSerach_csv - 123- INFO: test051:断言响应状态码;期望结果：200;实际结果：200
2025-03-22 09:37:13,295 - testExample.py - test_baiDuSerach_csv - 128- INFO: test051:断言响应体字段值;期望结果:50;实际结果：0
2025-03-22 09:37:13,303 - testExample.py - test_baiDuSerach_csv - 133- INFO: test051:断言响应时间;期望结果:200;实际结果：126
2025-03-22 09:37:13,331 - Example.py - baiDuSerachToken - 49- INFO: 用例id：test052:接口名称：baiDuSerach;传递token：[[130]];传递参数：python52;用例备注：测试示例断言失败
2025-03-22 09:37:13,460 - testExample.py - test_baiDuSerach_csv - 123- INFO: test052:断言响应状态码;期望结果：200;实际结果：200
2025-03-22 09:37:13,468 - testExample.py - test_baiDuSerach_csv - 128- INFO: test052:断言响应体字段值;期望结果:51;实际结果：0
2025-03-22 09:37:13,476 - testExample.py - test_baiDuSerach_csv - 133- INFO: test052:断言响应时间;期望结果:200;实际结果：125
2025-03-22 09:37:13,507 - Example.py - baiDuSerachToken - 49- INFO: 用例id：test053:接口名称：baiDuSerach;传递token：[[130]];传递参数：python53;用例备注：测试示例断言失败
2025-03-22 09:37:13,630 - testExample.py - test_baiDuSerach_csv - 123- INFO: test053:断言响应状态码;期望结果：200;实际结果：200
2025-03-22 09:37:13,637 - testExample.py - test_baiDuSerach_csv - 128- INFO: test053:断言响应体字段值;期望结果:52;实际结果：0
2025-03-22 09:37:13,645 - testExample.py - test_baiDuSerach_csv - 133- INFO: test053:断言响应时间;期望结果:200;实际结果：118
2025-03-22 09:37:13,672 - Example.py - baiDuSerachToken - 49- INFO: 用例id：test054:接口名称：baiDuSerach;传递token：[[130]];传递参数：python54;用例备注：测试示例断言失败
2025-03-22 09:37:13,797 - testExample.py - test_baiDuSerach_csv - 123- INFO: test054:断言响应状态码;期望结果：200;实际结果：200
2025-03-22 09:37:13,804 - testExample.py - test_baiDuSerach_csv - 128- INFO: test054:断言响应体字段值;期望结果:53;实际结果：0
2025-03-22 09:37:13,813 - testExample.py - test_baiDuSerach_csv - 133- INFO: test054:断言响应时间;期望结果:200;实际结果：121
2025-03-22 09:37:13,845 - Example.py - baiDuSerachToken - 49- INFO: 用例id：test055:接口名称：baiDuSerach;传递token：[[130]];传递参数：python55;用例备注：测试示例断言失败
2025-03-22 09:37:13,969 - testExample.py - test_baiDuSerach_csv - 123- INFO: test055:断言响应状态码;期望结果：200;实际结果：200
2025-03-22 09:37:13,977 - testExample.py - test_baiDuSerach_csv - 128- INFO: test055:断言响应体字段值;期望结果:54;实际结果：0
2025-03-22 09:37:13,984 - testExample.py - test_baiDuSerach_csv - 133- INFO: test055:断言响应时间;期望结果:200;实际结果：120
2025-03-22 09:37:14,012 - Example.py - baiDuSerachToken - 49- INFO: 用例id：test056:接口名称：baiDuSerach;传递token：[[130]];传递参数：python56;用例备注：测试示例断言失败
2025-03-22 09:37:14,135 - testExample.py - test_baiDuSerach_csv - 123- INFO: test056:断言响应状态码;期望结果：200;实际结果：200
2025-03-22 09:37:14,142 - testExample.py - test_baiDuSerach_csv - 128- INFO: test056:断言响应体字段值;期望结果:55;实际结果：0
2025-03-22 09:37:14,149 - testExample.py - test_baiDuSerach_csv - 133- INFO: test056:断言响应时间;期望结果:200;实际结果：118
2025-03-22 09:37:14,216 - Example.py - baiDuSerachToken - 49- INFO: 用例id：test057:接口名称：baiDuSerach;传递token：[[130]];传递参数：python57;用例备注：测试示例断言失败
2025-03-22 09:37:14,346 - testExample.py - test_baiDuSerach_csv - 123- INFO: test057:断言响应状态码;期望结果：200;实际结果：200
2025-03-22 09:37:14,354 - testExample.py - test_baiDuSerach_csv - 128- INFO: test057:断言响应体字段值;期望结果:56;实际结果：0
2025-03-22 09:37:14,361 - testExample.py - test_baiDuSerach_csv - 133- INFO: test057:断言响应时间;期望结果:200;实际结果：126
2025-03-22 09:37:14,389 - Example.py - baiDuSerachToken - 49- INFO: 用例id：test058:接口名称：baiDuSerach;传递token：[[130]];传递参数：python58;用例备注：测试示例断言失败
2025-03-22 09:37:14,511 - testExample.py - test_baiDuSerach_csv - 123- INFO: test058:断言响应状态码;期望结果：200;实际结果：200
2025-03-22 09:37:14,518 - testExample.py - test_baiDuSerach_csv - 128- INFO: test058:断言响应体字段值;期望结果:57;实际结果：0
2025-03-22 09:37:14,526 - testExample.py - test_baiDuSerach_csv - 133- INFO: test058:断言响应时间;期望结果:200;实际结果：118
2025-03-22 09:37:14,554 - Example.py - baiDuSerachToken - 49- INFO: 用例id：test059:接口名称：baiDuSerach;传递token：[[130]];传递参数：python59;用例备注：测试示例断言失败
2025-03-22 09:37:14,671 - testExample.py - test_baiDuSerach_csv - 123- INFO: test059:断言响应状态码;期望结果：200;实际结果：200
2025-03-22 09:37:14,679 - testExample.py - test_baiDuSerach_csv - 128- INFO: test059:断言响应体字段值;期望结果:58;实际结果：0
2025-03-22 09:37:14,687 - testExample.py - test_baiDuSerach_csv - 133- INFO: test059:断言响应时间;期望结果:200;实际结果：114
2025-03-22 09:37:14,715 - Example.py - baiDuSerachToken - 49- INFO: 用例id：test060:接口名称：baiDuSerach;传递token：[[130]];传递参数：python60;用例备注：测试示例断言失败
2025-03-22 09:37:14,840 - testExample.py - test_baiDuSerach_csv - 123- INFO: test060:断言响应状态码;期望结果：200;实际结果：200
2025-03-22 09:37:14,848 - testExample.py - test_baiDuSerach_csv - 128- INFO: test060:断言响应体字段值;期望结果:59;实际结果：0
2025-03-22 09:37:14,855 - testExample.py - test_baiDuSerach_csv - 133- INFO: test060:断言响应时间;期望结果:200;实际结果：121
2025-03-22 09:37:14,884 - Example.py - baiDuSerachToken - 49- INFO: 用例id：test061:接口名称：baiDuSerach;传递token：[[130]];传递参数：python61;用例备注：测试示例断言失败
2025-03-22 09:37:15,004 - testExample.py - test_baiDuSerach_csv - 123- INFO: test061:断言响应状态码;期望结果：200;实际结果：200
2025-03-22 09:37:15,013 - testExample.py - test_baiDuSerach_csv - 128- INFO: test061:断言响应体字段值;期望结果:60;实际结果：0
2025-03-22 09:37:15,021 - testExample.py - test_baiDuSerach_csv - 133- INFO: test061:断言响应时间;期望结果:200;实际结果：116
2025-03-22 09:37:15,050 - Example.py - baiDuSerachToken - 49- INFO: 用例id：test062:接口名称：baiDuSerach;传递token：[[130]];传递参数：python62;用例备注：测试示例断言失败
2025-03-22 09:37:15,178 - testExample.py - test_baiDuSerach_csv - 123- INFO: test062:断言响应状态码;期望结果：200;实际结果：200
2025-03-22 09:37:15,186 - testExample.py - test_baiDuSerach_csv - 128- INFO: test062:断言响应体字段值;期望结果:61;实际结果：0
2025-03-22 09:37:15,194 - testExample.py - test_baiDuSerach_csv - 133- INFO: test062:断言响应时间;期望结果:200;实际结果：124
2025-03-22 09:37:15,223 - Example.py - baiDuSerachToken - 49- INFO: 用例id：test063:接口名称：baiDuSerach;传递token：[[130]];传递参数：python63;用例备注：测试示例断言失败
2025-03-22 09:37:15,345 - testExample.py - test_baiDuSerach_csv - 123- INFO: test063:断言响应状态码;期望结果：200;实际结果：200
2025-03-22 09:37:15,352 - testExample.py - test_baiDuSerach_csv - 128- INFO: test063:断言响应体字段值;期望结果:62;实际结果：0
2025-03-22 09:37:15,360 - testExample.py - test_baiDuSerach_csv - 133- INFO: test063:断言响应时间;期望结果:200;实际结果：117
2025-03-22 09:37:15,387 - Example.py - baiDuSerachToken - 49- INFO: 用例id：test064:接口名称：baiDuSerach;传递token：[[130]];传递参数：python64;用例备注：测试示例断言失败
2025-03-22 09:37:15,507 - testExample.py - test_baiDuSerach_csv - 123- INFO: test064:断言响应状态码;期望结果：200;实际结果：200
2025-03-22 09:37:15,515 - testExample.py - test_baiDuSerach_csv - 128- INFO: test064:断言响应体字段值;期望结果:63;实际结果：0
2025-03-22 09:37:15,522 - testExample.py - test_baiDuSerach_csv - 133- INFO: test064:断言响应时间;期望结果:200;实际结果：116
2025-03-22 09:37:15,549 - Example.py - baiDuSerachToken - 49- INFO: 用例id：test065:接口名称：baiDuSerach;传递token：[[130]];传递参数：python65;用例备注：测试示例断言失败
2025-03-22 09:37:15,681 - testExample.py - test_baiDuSerach_csv - 123- INFO: test065:断言响应状态码;期望结果：200;实际结果：200
2025-03-22 09:37:15,689 - testExample.py - test_baiDuSerach_csv - 128- INFO: test065:断言响应体字段值;期望结果:64;实际结果：0
2025-03-22 09:37:15,696 - testExample.py - test_baiDuSerach_csv - 133- INFO: test065:断言响应时间;期望结果:200;实际结果：128
2025-03-22 09:37:15,725 - Example.py - baiDuSerachToken - 49- INFO: 用例id：test066:接口名称：baiDuSerach;传递token：[[130]];传递参数：python66;用例备注：测试示例断言失败
2025-03-22 09:37:15,852 - testExample.py - test_baiDuSerach_csv - 123- INFO: test066:断言响应状态码;期望结果：200;实际结果：200
2025-03-22 09:37:15,859 - testExample.py - test_baiDuSerach_csv - 128- INFO: test066:断言响应体字段值;期望结果:65;实际结果：0
2025-03-22 09:37:15,866 - testExample.py - test_baiDuSerach_csv - 133- INFO: test066:断言响应时间;期望结果:200;实际结果：123
2025-03-22 09:37:15,896 - Example.py - baiDuSerachToken - 49- INFO: 用例id：test067:接口名称：baiDuSerach;传递token：[[130]];传递参数：python67;用例备注：测试示例断言失败
2025-03-22 09:37:16,022 - testExample.py - test_baiDuSerach_csv - 123- INFO: test067:断言响应状态码;期望结果：200;实际结果：200
2025-03-22 09:37:16,030 - testExample.py - test_baiDuSerach_csv - 128- INFO: test067:断言响应体字段值;期望结果:66;实际结果：0
2025-03-22 09:37:16,037 - testExample.py - test_baiDuSerach_csv - 133- INFO: test067:断言响应时间;期望结果:200;实际结果：122
2025-03-22 09:37:16,068 - Example.py - baiDuSerachToken - 49- INFO: 用例id：test068:接口名称：baiDuSerach;传递token：[[130]];传递参数：python68;用例备注：测试示例断言失败
2025-03-22 09:37:16,195 - testExample.py - test_baiDuSerach_csv - 123- INFO: test068:断言响应状态码;期望结果：200;实际结果：200
2025-03-22 09:37:16,202 - testExample.py - test_baiDuSerach_csv - 128- INFO: test068:断言响应体字段值;期望结果:67;实际结果：0
2025-03-22 09:37:16,209 - testExample.py - test_baiDuSerach_csv - 133- INFO: test068:断言响应时间;期望结果:200;实际结果：122
2025-03-22 09:37:16,274 - Example.py - baiDuSerachToken - 49- INFO: 用例id：test069:接口名称：baiDuSerach;传递token：[[130]];传递参数：python69;用例备注：测试示例断言失败
2025-03-22 09:37:16,395 - testExample.py - test_baiDuSerach_csv - 123- INFO: test069:断言响应状态码;期望结果：200;实际结果：200
2025-03-22 09:37:16,402 - testExample.py - test_baiDuSerach_csv - 128- INFO: test069:断言响应体字段值;期望结果:68;实际结果：0
2025-03-22 09:37:16,410 - testExample.py - test_baiDuSerach_csv - 133- INFO: test069:断言响应时间;期望结果:200;实际结果：116
2025-03-22 09:37:16,438 - Example.py - baiDuSerachToken - 49- INFO: 用例id：test070:接口名称：baiDuSerach;传递token：[[130]];传递参数：python70;用例备注：测试示例断言失败
2025-03-22 09:37:16,567 - testExample.py - test_baiDuSerach_csv - 123- INFO: test070:断言响应状态码;期望结果：200;实际结果：200
2025-03-22 09:37:16,575 - testExample.py - test_baiDuSerach_csv - 128- INFO: test070:断言响应体字段值;期望结果:69;实际结果：0
2025-03-22 09:37:16,583 - testExample.py - test_baiDuSerach_csv - 133- INFO: test070:断言响应时间;期望结果:200;实际结果：126
